Component: ARM Compiler 5.06 update 4 (build 422) Tool: armlink [4d35d2]

==============================================================================

Section Cross References

    main.o(i.display_task) refers to main.o(i.show_inform) for show_inform
    main.o(i.display_task) refers to os_task.o(i.OSTaskSuspend) for OSTaskSuspend
    main.o(i.display_task) refers to os_time.o(i.OSTimeDlyHMSM) for OSTimeDlyHMSM
    main.o(i.key_task) refers to key.o(i.KEY_Scan) for KEY_Scan
    main.o(i.key_task) refers to lcd.o(i.LCD_ShowString) for LCD_ShowString
    main.o(i.key_task) refers to os_time.o(i.OSTimeDlyHMSM) for OSTimeDlyHMSM
    main.o(i.main) refers to sys.o(i.Stm32_Clock_Init) for Stm32_Clock_Init
    main.o(i.main) refers to stm32f4xx_hal.o(i.HAL_Init) for HAL_Init
    main.o(i.main) refers to delay.o(i.delay_init) for delay_init
    main.o(i.main) refers to usart.o(i.uart_init) for uart_init
    main.o(i.main) refers to led.o(i.LED_Init) for LED_Init
    main.o(i.main) refers to key.o(i.KEY_Init) for KEY_Init
    main.o(i.main) refers to sdram.o(i.SDRAM_Init) for SDRAM_Init
    main.o(i.main) refers to lcd.o(i.LCD_Init) for LCD_Init
    main.o(i.main) refers to pcf8574.o(i.PCF8574_Init) for PCF8574_Init
    main.o(i.main) refers to malloc.o(i.my_mem_init) for my_mem_init
    main.o(i.main) refers to lcd.o(i.LCD_ShowString) for LCD_ShowString
    main.o(i.main) refers to os_core.o(i.OSInit) for OSInit
    main.o(i.main) refers to delay.o(i.delay_ms) for delay_ms
    main.o(i.main) refers to lcd.o(i.LCD_Fill) for LCD_Fill
    main.o(i.main) refers to lwip_comm.o(i.lwip_comm_init) for lwip_comm_init
    main.o(i.main) refers to tcp_server_demo.o(i.openbci_init) for openbci_init
    main.o(i.main) refers to os_task.o(i.OSTaskCreate) for OSTaskCreate
    main.o(i.main) refers to os_core.o(i.OSStart) for OSStart
    main.o(i.main) refers to usmart_config.o(.data) for usmart_dev
    main.o(i.main) refers to lcd.o(.data) for POINT_COLOR
    main.o(i.main) refers to main.o(.bss) for START_TASK_STK
    main.o(i.main) refers to main.o(i.start_task) for start_task
    main.o(i.show_inform) refers to _printf_percent.o(.ARM.Collect$$_printf_percent$$00000000) for _printf_percent
    main.o(i.show_inform) refers to _printf_d.o(.ARM.Collect$$_printf_percent$$00000009) for _printf_d
    main.o(i.show_inform) refers to _printf_dec.o(.text) for _printf_int_dec
    main.o(i.show_inform) refers to noretval__2sprintf.o(.text) for __2sprintf
    main.o(i.show_inform) refers to lcd.o(i.LCD_ShowString) for LCD_ShowString
    main.o(i.show_inform) refers to lwip_comm.o(.bss) for lwipdev
    main.o(i.show_inform) refers to lcd.o(.data) for POINT_COLOR
    main.o(i.start_task) refers to os_core.o(i.OSStatInit) for OSStatInit
    main.o(i.start_task) refers to os_cpu_a.o(.text) for OS_CPU_SR_Save
    main.o(i.start_task) refers to os_task.o(i.OSTaskCreate) for OSTaskCreate
    main.o(i.start_task) refers to os_task.o(i.OSTaskSuspend) for OSTaskSuspend
    main.o(i.start_task) refers to main.o(.bss) for LED_TASK_STK
    main.o(i.start_task) refers to ads1299.o(i.led_task) for led_task
    main.o(i.start_task) refers to main.o(i.key_task) for key_task
    main.o(i.start_task) refers to main.o(i.display_task) for display_task
    system_stm32f4xx.o(i.SystemCoreClockUpdate) refers to system_stm32f4xx.o(.data) for SystemCoreClock
    startup_stm32f429xx.o(STACK) refers (Special) to heapauxi.o(.text) for __use_two_region_memory
    startup_stm32f429xx.o(HEAP) refers (Special) to heapauxi.o(.text) for __use_two_region_memory
    startup_stm32f429xx.o(RESET) refers (Special) to heapauxi.o(.text) for __use_two_region_memory
    startup_stm32f429xx.o(RESET) refers to startup_stm32f429xx.o(STACK) for __initial_sp
    startup_stm32f429xx.o(RESET) refers to startup_stm32f429xx.o(.text) for Reset_Handler
    startup_stm32f429xx.o(RESET) refers to stm32f4xx_it.o(i.NMI_Handler) for NMI_Handler
    startup_stm32f429xx.o(RESET) refers to stm32f4xx_it.o(i.HardFault_Handler) for HardFault_Handler
    startup_stm32f429xx.o(RESET) refers to stm32f4xx_it.o(i.MemManage_Handler) for MemManage_Handler
    startup_stm32f429xx.o(RESET) refers to stm32f4xx_it.o(i.BusFault_Handler) for BusFault_Handler
    startup_stm32f429xx.o(RESET) refers to stm32f4xx_it.o(i.UsageFault_Handler) for UsageFault_Handler
    startup_stm32f429xx.o(RESET) refers to stm32f4xx_it.o(i.SVC_Handler) for SVC_Handler
    startup_stm32f429xx.o(RESET) refers to stm32f4xx_it.o(i.DebugMon_Handler) for DebugMon_Handler
    startup_stm32f429xx.o(RESET) refers to os_cpu_a.o(.text) for PendSV_Handler
    startup_stm32f429xx.o(RESET) refers to delay.o(i.SysTick_Handler) for SysTick_Handler
    startup_stm32f429xx.o(RESET) refers to timer.o(i.TIM3_IRQHandler) for TIM3_IRQHandler
    startup_stm32f429xx.o(RESET) refers to usmart.o(i.TIM4_IRQHandler) for TIM4_IRQHandler
    startup_stm32f429xx.o(RESET) refers to usart.o(i.USART1_IRQHandler) for USART1_IRQHandler
[...]
    udp_new                                  0x080172b9   Thumb Code    28  udp.o(i.udp_new)
    udp_recv                                 0x0801732d   Thumb Code     6  udp.o(i.udp_recv)
    udp_remove                               0x08017335   Thumb Code    60  udp.o(i.udp_remove)
    usmart_cmd_rec                           0x08017375   Thumb Code   170  usmart.o(i.usmart_cmd_rec)
    usmart_exe                               0x08017425   Thumb Code   632  usmart.o(i.usmart_exe)
    usmart_get_aparm                         0x080176f9   Thumb Code   200  usmart_str.o(i.usmart_get_aparm)
    usmart_get_cmdname                       0x080177c1   Thumb Code    54  usmart_str.o(i.usmart_get_cmdname)
    usmart_get_fname                         0x080177f9   Thumb Code   440  usmart_str.o(i.usmart_get_fname)
    usmart_get_fparam                        0x080179b9   Thumb Code   262  usmart_str.o(i.usmart_get_fparam)
    usmart_get_parmpos                       0x08017ac5   Thumb Code    26  usmart_str.o(i.usmart_get_parmpos)
    usmart_get_runtime                       0x08017ae5   Thumb Code    58  usmart.o(i.usmart_get_runtime)
    usmart_init                              0x08017b29   Thumb Code    36  usmart.o(i.usmart_init)
    usmart_pow                               0x08017b51   Thumb Code    22  usmart_str.o(i.usmart_pow)
    usmart_reset_runtime                     0x08017b69   Thumb Code    44  usmart.o(i.usmart_reset_runtime)
    usmart_scan                              0x08017b9d   Thumb Code   120  usmart.o(i.usmart_scan)
    usmart_search_nextc                      0x08017c59   Thumb Code    22  usmart_str.o(i.usmart_search_nextc)
    usmart_str2num                           0x08017c6f   Thumb Code   202  usmart_str.o(i.usmart_str2num)
    usmart_strcmp                            0x08017d39   Thumb Code    34  usmart_str.o(i.usmart_strcmp)
    usmart_strcopy                           0x08017d5b   Thumb Code    22  usmart_str.o(i.usmart_strcopy)
    usmart_strlen                            0x08017d71   Thumb Code    24  usmart_str.o(i.usmart_strlen)
    usmart_sys_cmd_exe                       0x08017d89   Thumb Code  1554  usmart.o(i.usmart_sys_cmd_exe)
    write_addr                               0x0801846d   Thumb Code     4  usmart.o(i.write_addr)
    __aeabi_d2uiz                            0x08018471   Thumb Code     0  dfixu.o(x$fpl$dfixu)
    _dfixu                                   0x08018471   Thumb Code    90  dfixu.o(x$fpl$dfixu)
    __aeabi_ui2d                             0x080184cb   Thumb Code     0  dflt_clz.o(x$fpl$dfltu)
    _dfltu                                   0x080184cb   Thumb Code    38  dflt_clz.o(x$fpl$dfltu)
    __aeabi_dmul                             0x080184f1   Thumb Code     0  dmul.o(x$fpl$dmul)
    _dmul                                    0x080184f1   Thumb Code   332  dmul.o(x$fpl$dmul)
    __fpl_dnaninf                            0x08018645   Thumb Code   156  dnaninf.o(x$fpl$dnaninf)
    __fpl_dretinf                            0x080186e1   Thumb Code    12  dretinf.o(x$fpl$dretinf)
    _fp_init                                 0x080186ed   Thumb Code    10  fpinit.o(x$fpl$fpinit)
    __fplib_config_fpu_vfp                   0x080186f5   Thumb Code     0  fpinit.o(x$fpl$fpinit)
    __fplib_config_pureend_doubles           0x080186f5   Thumb Code     0  fpinit.o(x$fpl$fpinit)
    APBAHBPrescTable                         0x080186f6   Data          16  stm32f4xx_hal_rcc.o(.constdata)
    __I$use$fp                               0x080186f6   Number         0  usenofp.o(x$fpl$usenofp)
    asc2_1206                                0x08018706   Data        1140  lcd.o(.constdata)
    asc2_1608                                0x08018b7a   Data        1520  lcd.o(.constdata)
    asc2_2412                                0x0801916a   Data        3420  lcd.o(.constdata)
    asc2_3216                                0x08019ec6   Data       12160  lcd.o(.constdata)
    OV5640_jpeg_reg_tbl                      0x0801ce46   Data         164  ov5640.o(.constdata)
    ov5640_rgb565_reg_tbl                    0x0801ceea   Data         180  ov5640.o(.constdata)
    ov5640_uxga_init_reg_tbl                 0x0801cf9e   Data         828  ov5640.o(.constdata)
    OV5640_AF_Config                         0x0801d2da   Data        4077  ov5640.o(.constdata)
    memtblsize                               0x0801e354   Data          12  malloc.o(.constdata)
    memblksize                               0x0801e360   Data          12  malloc.o(.constdata)
    memsize                                  0x0801e36c   Data          12  malloc.o(.constdata)
    ethbroadcast                             0x0801e378   Data           6  etharp.o(.constdata)
    ethzero                                  0x0801e37e   Data           6  etharp.o(.constdata)
    ip_addr_any                              0x0801e384   Data           4  ip_addr.o(.constdata)
    ip_addr_broadcast                        0x0801e388   Data           4  ip_addr.o(.constdata)
    tcp_state_str                            0x0801e3c4   Data          44  tcp.o(.constdata)
    tcp_backoff                              0x0801e3f0   Data          13  tcp.o(.constdata)
    tcp_persist_backoff                      0x0801e3fd   Data           7  tcp.o(.constdata)
    tcp_pcb_lists                            0x0801e404   Data          16  tcp.o(.constdata)
    pvNullPointer                            0x0801e414   Data           4  sys_arch.o(.constdata)
    OSUnMapTbl                               0x0801e418   Data         256  os_core.o(.constdata)
    Region$$Table$$Base                      0x0801e874   Number         0  anon$$obj.o(Region$$Table)
    Region$$Table$$Limit                     0x0801e894   Number         0  anon$$obj.o(Region$$Table)
    mem3base                                 0x10000000   Data       61440  malloc.o(.ARM.__AT_0x10000000)
    mem3mapbase                              0x1000f000   Data        3840  malloc.o(.ARM.__AT_0x1000F000)
    Sem_Task_LED2                            0x20000000   Data           4  main.o(.data)
    SystemCoreClock                          0x20000004   Data           4  system_stm32f4xx.o(.data)
    AHBPrescTable                            0x20000008   Data          16  system_stm32f4xx.o(.data)
    __stdout                                 0x20000024   Data           4  usart.o(.data)
    USART_RX_STA                             0x20000028   Data           2  usart.o(.data)
    aRxBuffer                                0x2000002a   Data           1  usart.o(.data)
    POINT_COLOR                              0x2000002c   Data           4  lcd.o(.data)
    BACK_COLOR                               0x20000030   Data           4  lcd.o(.data)
    ltdc_framebuf                            0x20000034   Data           8  ltdc.o(.data)
    DMARxDscrTab                             0x2000003c   Data           4  lan8720.o(.data)
    DMATxDscrTab                             0x20000040   Data           4  lan8720.o(.data)
    Rx_Buff                                  0x20000044   Data           4  lan8720.o(.data)
    Tx_Buff                                  0x20000048   Data           4  lan8720.o(.data)
    ov_frame                                 0x2000004c   Data           1  dcmi.o(.data)
    dcmi_rx_callback                         0x20000050   Data           4  dcmi.o(.data)
    check                                    0x20000054   Data           1  ads1299.o(.data)
    TxData0                                  0x20000055   Data           4  ads1299.o(.data)
    RxData                                   0x20000059   Data           4  ads1299.o(.data)
    Flag_adc                                 0x2000005d   Data           1  ads1299.o(.data)
    stat                                     0x20000060   Data           4  ads1299.o(.data)
    index1                                   0x20000064   Data           1  ads1299.o(.data)
    res3                                     0x20000065   Data           1  ads1299.o(.data)
    err                                      0x20000066   Data           1  ads1299.o(.data)
    t                                        0x20000067   Data           1  ads1299.o(.data)
    sys_cmd_tab                              0x20000068   Data          28  usmart.o(.data)
    usmart_nametab                           0x20000084   Data          80  usmart_config.o(.data)
    usmart_dev                               0x200000d4   Data         244  usmart_config.o(.data)
    mallco_dev                               0x200001c8   Data          36  malloc.o(.data)
    TCPIP_THREAD_TASK_STK                    0x200001ec   Data           4  lwip_comm.o(.data)
    LWIP_DHCP_TASK_STK                       0x200001f0   Data           4  lwip_comm.o(.data)
    tcp_server_sendbuf                       0x200001f4   Data           4  tcp_server_demo.o(.data)
    tcp_server_flag                          0x200001f8   Data           1  tcp_server_demo.o(.data)
    Num                                      0x200001f9   Data           1  tcp_server_demo.o(.data)
    newconn                                  0x200001fc   Data           4  tcp_server_demo.o(.data)
    netcam_line_buf0                         0x20000200   Data           4  tcp_server_demo.o(.data)
    netcam_line_buf1                         0x20000204   Data           4  tcp_server_demo.o(.data)
    netcamfifordpos                          0x20000208   Data           2  tcp_server_demo.o(.data)
    netcamfifowrpos                          0x2000020a   Data           2  tcp_server_demo.o(.data)
    netcamfifobuf                            0x2000020c   Data           4  tcp_server_demo.o(.data)
    current_netif                            0x20000218   Data           4  ip.o(.data)
    current_header                           0x2000021c   Data           4  ip.o(.data)
    current_iphdr_src                        0x20000220   Data           4  ip.o(.data)
    current_iphdr_dest                       0x20000224   Data           4  ip.o(.data)
    ram_heap                                 0x20000234   Data           4  mem.o(.data)
    memp_memory                              0x20000280   Data           4  memp.o(.data)
    netif_list                               0x20000284   Data           4  netif.o(.data)
    netif_default                            0x20000288   Data           4  netif.o(.data)
    tcp_ticks                                0x20000298   Data           4  tcp.o(.data)
    tcp_bound_pcbs                           0x2000029c   Data           4  tcp.o(.data)
    tcp_listen_pcbs                          0x200002a0   Data           4  tcp.o(.data)
    tcp_active_pcbs                          0x200002a4   Data           4  tcp.o(.data)
    tcp_tw_pcbs                              0x200002a8   Data           4  tcp.o(.data)
    tcp_tmp_pcb                              0x200002ac   Data           4  tcp.o(.data)
    tcp_active_pcbs_changed                  0x200002b0   Data           1  tcp.o(.data)
    tcp_input_pcb                            0x200002d4   Data           4  tcp_in.o(.data)
    udp_pcbs                                 0x200002e4   Data           4  udp.o(.data)
    OSCtxSwCtr                               0x200002f4   Data           4  os_core.o(.data)
    OSEventFreeList                          0x200002f8   Data           4  os_core.o(.data)
    OSFlagFreeList                           0x200002fc   Data           4  os_core.o(.data)
    OSCPUUsage                               0x20000300   Data           1  os_core.o(.data)
    OSIdleCtrMax                             0x20000304   Data           4  os_core.o(.data)
    OSIdleCtrRun                             0x20000308   Data           4  os_core.o(.data)
    OSStatRdy                                0x2000030c   Data           1  os_core.o(.data)
    OSIntNesting                             0x2000030d   Data           1  os_core.o(.data)
    OSLockNesting                            0x2000030e   Data           1  os_core.o(.data)
    OSPrioCur                                0x2000030f   Data           1  os_core.o(.data)
    OSPrioHighRdy                            0x20000310   Data           1  os_core.o(.data)
    OSRdyGrp                                 0x20000311   Data           1  os_core.o(.data)
    OSRdyTbl                                 0x20000312   Data           8  os_core.o(.data)
    OSRunning                                0x2000031a   Data           1  os_core.o(.data)
    OSTaskCtr                                0x2000031b   Data           1  os_core.o(.data)
    OSIdleCtr                                0x2000031c   Data           4  os_core.o(.data)
    OSTCBCur                                 0x20000320   Data           4  os_core.o(.data)
    OSTCBFreeList                            0x20000324   Data           4  os_core.o(.data)
    OSTCBHighRdy                             0x20000328   Data           4  os_core.o(.data)
    OSTCBList                                0x2000032c   Data           4  os_core.o(.data)
    OSTickStepState                          0x20000330   Data           1  os_core.o(.data)
    OSQFreeList                              0x20000334   Data           4  os_core.o(.data)
    OSTaskRegNextAvailID                     0x20000338   Data           1  os_core.o(.data)
    OSTime                                   0x2000033c   Data           4  os_core.o(.data)
    OS_CPU_ExceptStkBase                     0x20000340   Data           4  os_cpu_c.o(.data)
    KEY_TASK_STK                             0x20000344   Data         512  main.o(.bss)
    DISPLAY_TASK_STK                         0x20000544   Data         512  main.o(.bss)
    LED_TASK_STK                             0x20000744   Data         256  main.o(.bss)
    START_TASK_STK                           0x20000844   Data         512  main.o(.bss)
    USART_RX_BUF                             0x20000a44   Data         200  usart.o(.bss)
    UART1_Handler                            0x20000b0c   Data          64  usart.o(.bss)
    SRAM_Handler                             0x20000b4c   Data          80  lcd.o(.bss)
    lcddev                                   0x20000b9c   Data          14  lcd.o(.bss)
    SDRAM_Handler                            0x20000bac   Data          52  sdram.o(.bss)
    LTDC_Handler                             0x20000be0   Data         168  ltdc.o(.bss)
    DMA2D_Handler                            0x20000c88   Data          64  ltdc.o(.bss)
    lcdltdc                                  0x20000cc8   Data          32  ltdc.o(.bss)
    ETH_Handler                              0x20000ce8   Data          72  lan8720.o(.bss)
    TIM3_Handler                             0x20000d30   Data          60  timer.o(.bss)
    DCMI_Handler                             0x20000d6c   Data          64  dcmi.o(.bss)
    DMADMCI_Handler                          0x20000dac   Data          88  dcmi.o(.bss)
    TxData1                                  0x20000e04   Data          24  ads1299.o(.bss)
    adc_buf2                                 0x20000e1c   Data          99  ads1299.o(.bss)
    buf1                                     0x20000e80   Data          12  ads1299.o(.bss)
    p                                        0x20000e8c   Data          18  ads1299.o(.bss)
    SPI5_Handler                             0x20000ea0   Data          88  spi.o(.bss)
    SPI2_Handler                             0x20000ef8   Data          88  spi.o(.bss)
    TIM4_Handler                             0x20000f50   Data          60  usmart.o(.bss)
    mem1base                                 0x20000fa0   Data       102400  malloc.o(.bss)
    mem1mapbase                              0x20019fa0   Data        6400  malloc.o(.bss)
    lwipdev                                  0x2001b8a0   Data          23  lwip_comm.o(.bss)
    lwip_netif                               0x2001b8b8   Data          48  lwip_comm.o(.bss)
    tcp_server_recvbuf                       0x2001b8e8   Data        2000  tcp_server_demo.o(.bss)
    OPENBCI_TASK_STK                         0x2001c0b8   Data        1200  tcp_server_demo.o(.bss)
    OSEventTbl                               0x2001c67c   Data         480  os_core.o(.bss)
    OSFlagTbl                                0x2001c85c   Data          80  os_core.o(.bss)
    OSTaskStatStk                            0x2001c8ac   Data         512  os_core.o(.bss)
    OSTaskIdleStk                            0x2001caac   Data         512  os_core.o(.bss)
    OSTCBPrioTbl                             0x2001ccac   Data         256  os_core.o(.bss)
    OSTCBTbl                                 0x2001cdac   Data        1936  os_core.o(.bss)
    OSQTbl                                   0x2001d53c   Data         240  os_core.o(.bss)
    OS_CPU_ExceptStk                         0x2001d62c   Data         512  os_cpu_c.o(.bss)
    __libspace_start                         0x2001d82c   Data          96  libspace.o(.bss)
    __temporary_stack_top$libspace           0x2001d88c   Data           0  libspace.o(.bss)
    ltdc_lcd_framebuf                        0xc0000000   Data       2048000  ltdc.o(.ARM.__AT_0xC0000000)
    mem2base                                 0xc01f4000   Data       29605888  malloc.o(.ARM.__AT_0xC01F4000)
    mem2mapbase                              0xc1e30000   Data       1850368  malloc.o(.ARM.__AT_0xC1E30000)



==============================================================================

Memory Map of the image

  Image Entry point : 0x080001ad

  Load Region LR_IROM1 (Base: 0x08000000, Size: 0x0001ebd8, Max: 0x00100000, ABSOLUTE, COMPRESSED[0x0001e978])

    Execution Region ER_IROM1 (Base: 0x08000000, Size: 0x0001e894, Max: 0x00100000, ABSOLUTE)

    Base Addr    Size         Type   Attr      Idx    E Section Name        Object

    0x08000000   0x000001ac   Data   RO          605    RESET               startup_stm32f429xx.o
    0x080001ac   0x00000008   Code   RO        10227  * !!!main             c_w.l(__main.o)
    0x080001b4   0x00000034   Code   RO        10436    !!!scatter          c_w.l(__scatter.o)
    0x080001e8   0x0000005a   Code   RO        10434    !!dczerorl2         c_w.l(__dczerorl2.o)
    0x08000242   0x00000002   PAD
    0x08000244   0x0000001c   Code   RO        10438    !!handler_zi        c_w.l(__scatter_zi.o)
    0x08000260   0x00000000   Code   RO        10210    .ARM.Collect$$_printf_percent$$00000000  c_w.l(_printf_percent.o)
    0x08000260   0x00000006   Code   RO        10208    .ARM.Collect$$_printf_percent$$00000009  c_w.l(_printf_d.o)
    0x08000266   0x00000006   Code   RO        10209    .ARM.Collect$$_printf_percent$$0000000A  c_w.l(_printf_u.o)
    0x0800026c   0x00000006   Code   RO        10207    .ARM.Collect$$_printf_percent$$0000000C  c_w.l(_printf_x.o)
    0x08000272   0x00000006   Code   RO        10205    .ARM.Collect$$_printf_percent$$00000013  c_w.l(_printf_c.o)
    0x08000278   0x00000006   Code   RO        10206    .ARM.Collect$$_printf_percent$$00000014  c_w.l(_printf_s.o)
    0x0800027e   0x00000004   Code   RO        10263    .ARM.Collect$$_printf_percent$$00000017  c_w.l(_printf_percent_end.o)
    0x08000282   0x00000002   Code   RO        10358    .ARM.Collect$$libinit$$00000000  c_w.l(libinit.o)
    0x08000284   0x00000004   Code   RO        10298    .ARM.Collect$$libinit$$00000001  c_w.l(libinit2.o)
    0x08000288   0x00000000   Code   RO        10301    .ARM.Collect$$libinit$$00000004  c_w.l(libinit2.o)
    0x08000288   0x00000000   Code   RO        10304    .ARM.Collect$$libinit$$0000000A  c_w.l(libinit2.o)
    0x08000288   0x00000000   Code   RO        10306    .ARM.Collect$$libinit$$0000000C  c_w.l(libinit2.o)
    0x08000288   0x00000000   Code   RO        10308    .ARM.Collect$$libinit$$0000000E  c_w.l(libinit2.o)
    0x08000288   0x00000000   Code   RO        10311    .ARM.Collect$$libinit$$00000011  c_w.l(libinit2.o)
    0x08000288   0x00000000   Code   RO        10313    .ARM.Collect$$libinit$$00000013  c_w.l(libinit2.o)
    0x08000288   0x00000000   Code   RO        10315    .ARM.Collect$$libinit$$00000015  c_w.l(libinit2.o)
    0x08000288   0x00000000   Code   RO        10317    .ARM.Collect$$libinit$$00000017  c_w.l(libinit2.o)
    0x08000288   0x00000000   Code   RO        10319    .ARM.Collect$$libinit$$00000019  c_w.l(libinit2.o)
    0x08000288   0x00000000   Code   RO        10321    .ARM.Collect$$libinit$$0000001B  c_w.l(libinit2.o)
    0x08000288   0x00000000   Code   RO        10323    .ARM.Collect$$libinit$$0000001D  c_w.l(libinit2.o)
    0x08000288   0x00000000   Code   RO        10325    .ARM.Collect$$libinit$$0000001F  c_w.l(libinit2.o)
    0x08000288   0x00000000   Code   RO        10327    .ARM.Collect$$libinit$$00000021  c_w.l(libinit2.o)
    0x08000288   0x00000000   Code   RO        10329    .ARM.Collect$$libinit$$00000023  c_w.l(libinit2.o)
    0x08000288   0x00000000   Code   RO        10331    .ARM.Collect$$libinit$$00000025  c_w.l(libinit2.o)
    0x08000288   0x00000000   Code   RO        10335    .ARM.Collect$$libinit$$0000002C  c_w.l(libinit2.o)
    0x08000288   0x00000000   Code   RO        10337    .ARM.Collect$$libinit$$0000002E  c_w.l(libinit2.o)
    0x08000288   0x00000000   Code   RO        10339    .ARM.Collect$$libinit$$00000030  c_w.l(libinit2.o)
    0x08000288   0x00000000   Code   RO        10341    .ARM.Collect$$libinit$$00000032  c_w.l(libinit2.o)
    0x08000288   0x00000002   Code   RO        10342    .ARM.Collect$$libinit$$00000033  c_w.l(libinit2.o)
    0x0800028a   0x00000002   Code   RO        10401    .ARM.Collect$$libshutdown$$00000000  c_w.l(libshutdown.o)
    0x0800028c   0x00000000   Code   RO        10417    .ARM.Collect$$libshutdown$$00000002  c_w.l(libshutdown2.o)
    0x0800028c   0x00000000   Code   RO        10419    .ARM.Collect$$libshutdown$$00000004  c_w.l(libshutdown2.o)
    0x0800028c   0x00000000   Code   RO        10422    .ARM.Collect$$libshutdown$$00000007  c_w.l(libshutdown2.o)
    0x0800028c   0x00000000   Code   RO        10425    .ARM.Collect$$libshutdown$$0000000A  c_w.l(libshutdown2.o)
    0x0800028c   0x00000000   Code   RO        10427    .ARM.Collect$$libshutdown$$0000000C  c_w.l(libshutdown2.o)
    0x0800028c   0x00000000   Code   RO        10430    .ARM.Collect$$libshutdown$$0000000F  c_w.l(libshutdown2.o)
    0x0800028c   0x00000002   Code   RO        10431    .ARM.Collect$$libshutdown$$00000010  c_w.l(libshutdown2.o)
    0x0800028e   0x00000000   Code   RO        10243    .ARM.Collect$$rtentry$$00000000  c_w.l(__rtentry.o)
    0x0800028e   0x00000000   Code   RO        10276    .ARM.Collect$$rtentry$$00000002  c_w.l(__rtentry2.o)
    0x0800028e   0x00000006   Code   RO        10288    .ARM.Collect$$rtentry$$00000004  c_w.l(__rtentry4.o)
    0x08000294   0x00000000   Code   RO        10278    .ARM.Collect$$rtentry$$00000009  c_w.l(__rtentry2.o)
    0x08000294   0x00000004   Code   RO        10279    .ARM.Collect$$rtentry$$0000000A  c_w.l(__rtentry2.o)
    0x08000298   0x00000000   Code   RO        10281    .ARM.Collect$$rtentry$$0000000C  c_w.l(__rtentry2.o)
    0x08000298   0x00000008   Code   RO        10282    .ARM.Collect$$rtentry$$0000000D  c_w.l(__rtentry2.o)
    0x080002a0   0x00000002   Code   RO        10361    .ARM.Collect$$rtexit$$00000000  c_w.l(rtexit.o)
    0x080002a2   0x00000000   Code   RO        10376    .ARM.Collect$$rtexit$$00000002  c_w.l(rtexit2.o)
    0x080002a2   0x00000004   Code   RO        10377    .ARM.Collect$$rtexit$$00000003  c_w.l(rtexit2.o)
    0x080002a6   0x00000006   Code   RO        10378    .ARM.Collect$$rtexit$$00000004  c_w.l(rtexit2.o)
    0x080002ac   0x00000010   Code   RO         4204    .emb_text           sys.o
    0x080002bc   0x00000068   Code   RO          606    .text               startup_stm32f429xx.o
    0x08000324   0x000000dc   Code   RO        10071    .text               os_cpu_a.o
    0x08000400   0x00000002   Code   RO        10142    .text               c_w.l(use_no_semi_2.o)
    0x08000402   0x00000002   PAD
    0x08000404   0x00000018   Code   RO        10152    .text               c_w.l(noretval__2printf.o)
    0x0800041c   0x00000028   Code   RO        10154    .text               c_w.l(noretval__2sprintf.o)
    0x08000444   0x0000004e   Code   RO        10158    .text               c_w.l(_printf_pad.o)
    0x08000492   0x00000052   Code   RO        10160    .text               c_w.l(_printf_str.o)
    0x080004e4   0x00000078   Code   RO        10162    .text               c_w.l(_printf_dec.o)
    0x0800055c   0x00000058   Code   RO        10167    .text               c_w.l(_printf_hex_int.o)
    0x080005b4   0x00000188   Code   RO        10202    .text               c_w.l(__printf_flags_ss_wp.o)
    0x0800073c   0x00000058   Code   RO        10211    .text               c_w.l(memcmp.o)
    0x08000794   0x0000008a   Code   RO        10215    .text               c_w.l(rt_memcpy_v6.o)
    0x0800081e   0x00000064   Code   RO        10217    .text               c_w.l(rt_memcpy_w.o)
    0x08000882   0x0000004e   Code   RO        10221    .text               c_w.l(rt_memclr_w.o)
    0x080008d0   0x00000080   Code   RO        10223    .text               c_w.l(strcmpv7m.o)
    0x08000950   0x00000006   Code   RO        10225    .text               c_w.l(heapauxi.o)
    0x08000956   0x00000002   Code   RO        10241    .text               c_w.l(use_no_semi.o)
    0x08000958   0x000000b2   Code   RO        10253    .text               c_w.l(_printf_intcommon.o)
    0x08000a0a   0x00000002   PAD
    0x08000a0c   0x00000030   Code   RO        10255    .text               c_w.l(_printf_char_common.o)
    0x08000a3c   0x0000000a   Code   RO        10257    .text               c_w.l(_sputc.o)
    0x08000a46   0x0000002c   Code   RO        10259    .text               c_w.l(_printf_char.o)
    0x08000a72   0x00000002   PAD
    0x08000a74   0x00000024   Code   RO        10261    .text               c_w.l(_printf_char_file.o)
    0x08000a98   0x00000008   Code   RO        10272    .text               c_w.l(libspace.o)
    0x08000aa0   0x00000008   Code   RO        10294    .text               c_w.l(ferror.o)
    0x08000aa8   0x0000004a   Code   RO        10343    .text               c_w.l(sys_stackheap_outer.o)
    0x08000af2   0x00000012   Code   RO        10345    .text               c_w.l(exit.o)
    0x08000b04   0x0000003c   Code   RO         5282    i.ADS1299_CHANGE_CHANEL  ads1299.o
    0x08000b40   0x0000008c   Code   RO         5283    i.ADS1299_Check     ads1299.o
    0x08000bcc   0x00000028   Code   RO         5284    i.ADS1299_Command   ads1299.o
    0x08000bf4   0x0000006c   Code   RO         5285    i.ADS1299_IT        ads1299.o
    0x08000c60   0x0000017c   Code   RO         5286    i.ADS1299_Init      ads1299.o
    0x08000ddc   0x00000040   Code   RO         5288    i.ADS1299_PREGS     ads1299.o
    0x08000e1c   0x0000002c   Code   RO         5291    i.ADS1299_SDATAC    ads1299.o
    0x08000e48   0x00000038   Code   RO         5292    i.ADS1299_WREG      ads1299.o
    0x08000e80   0x00000002   Code   RO        10077    i.App_TCBInitHook   app_hooks.o
    0x08000e82   0x00000002   Code   RO        10078    i.App_TaskCreateHook  app_hooks.o
    0x08000e84   0x00000002   Code   RO        10079    i.App_TaskDelHook   app_hooks.o
    0x08000e86   0x00000002   Code   RO        10080    i.App_TaskIdleHook  app_hooks.o
    0x08000e88   0x00000002   Code   RO        10081    i.App_TaskReturnHook  app_hooks.o
    0x08000e8a   0x00000002   Code   RO        10082    i.App_TaskStatHook  app_hooks.o
    0x08000e8c   0x00000002   Code   RO        10083    i.App_TaskSwHook    app_hooks.o
    0x08000e8e   0x00000002   Code   RO        10084    i.App_TimeTickHook  app_hooks.o
    0x08000e90   0x00000004   Code   RO          400    i.BusFault_Handler  stm32f4xx_it.o
    0x08000e94   0x00000010   Code   RO         4992    i.DCMI_IRQHandler   dcmi.o
    0x08000ea4   0x000000b4   Code   RO         4997    i.DMA2_Stream1_IRQHandler  dcmi.o
    0x08000f58   0x00000002   Code   RO          401    i.DebugMon_Handler  stm32f4xx_it.o
    0x08000f5a   0x00000016   Code   RO         3558    i.ETH_DMAReceptionEnable  stm32f4xx_hal_eth.o
    0x08000f70   0x00000016   Code   RO         3560    i.ETH_DMATransmissionEnable  stm32f4xx_hal_eth.o
    0x08000f86   0x00000038   Code   RO         3561    i.ETH_FlushTransmitFIFO  stm32f4xx_hal_eth.o
    0x08000fbe   0x00000024   Code   RO         4861    i.ETH_GetRxPktSize  lan8720.o
    0x08000fe2   0x00000002   PAD
    0x08000fe4   0x0000003c   Code   RO         4862    i.ETH_IRQHandler    lan8720.o
    0x08001020   0x00000034   Code   RO         3562    i.ETH_MACAddressConfig  stm32f4xx_hal_eth.o
    0x08001054   0x00000244   Code   RO         3563    i.ETH_MACDMAConfig  stm32f4xx_hal_eth.o
    0x08001298   0x00000028   Code   RO         3565    i.ETH_MACReceptionEnable  stm32f4xx_hal_eth.o
    0x080012c0   0x00000028   Code   RO         3567    i.ETH_MACTransmissionEnable  stm32f4xx_hal_eth.o
    0x080012e8   0x00000054   Code   RO         4864    i.ETH_Mem_Malloc    lan8720.o
    0x0800133c   0x00000024   Code   RO         5293    i.EXTI15_10_IRQHandler  ads1299.o
    0x08001360   0x00000048   Code   RO         2775    i.FMC_NORSRAM_Extended_Timing_Init  stm32f4xx_ll_fmc.o
    0x080013a8   0x00000080   Code   RO         2776    i.FMC_NORSRAM_Init  stm32f4xx_ll_fmc.o
    0x08001428   0x0000005e   Code   RO         2777    i.FMC_NORSRAM_Timing_Init  stm32f4xx_ll_fmc.o
    0x08001486   0x00000074   Code   RO         2787    i.FMC_SDRAM_Init    stm32f4xx_ll_fmc.o
    0x080014fa   0x0000000e   Code   RO         2788    i.FMC_SDRAM_ProgramRefreshRate  stm32f4xx_ll_fmc.o
    0x08001508   0x00000052   Code   RO         2789    i.FMC_SDRAM_SendCommand  stm32f4xx_ll_fmc.o
    0x0800155a   0x00000098   Code   RO         2791    i.FMC_SDRAM_Timing_Init  stm32f4xx_ll_fmc.o
    0x080015f2   0x00000002   Code   RO         3756    i.HAL_DCMI_ErrorCallback  stm32f4xx_hal_dcmi.o
    0x080015f4   0x00000038   Code   RO         4998    i.HAL_DCMI_FrameEventCallback  dcmi.o
    0x0800162c   0x00000130   Code   RO         3760    i.HAL_DCMI_IRQHandler  stm32f4xx_hal_dcmi.o
    0x0800175c   0x00000002   Code   RO         3762    i.HAL_DCMI_LineEventCallback  stm32f4xx_hal_dcmi.o
    0x0800175e   0x00000002   Code   RO         3767    i.HAL_DCMI_VsyncEventCallback  stm32f4xx_hal_dcmi.o
    0x08001760   0x0000005e   Code   RO         1765    i.HAL_DMA_Abort     stm32f4xx_hal_dma.o
    0x080017be   0x0000001a   Code   RO          620    i.HAL_Delay         stm32f4xx_hal.o
    0x080017d8   0x0000008c   Code   RO         3570    i.HAL_ETH_DMARxDescListInit  stm32f4xx_hal_eth.o
    0x08001864   0x00000084   Code   RO         3571    i.HAL_ETH_DMATxDescListInit  stm32f4xx_hal_eth.o
    0x080018e8   0x000000b2   Code   RO         3574    i.HAL_ETH_GetReceivedFrame  stm32f4xx_hal_eth.o
    0x0800199a   0x00000002   PAD
    0x0800199c   0x00000244   Code   RO         3578    i.HAL_ETH_Init      stm32f4xx_hal_eth.o
    0x08001be0   0x0000014c   Code   RO         4865    i.HAL_ETH_MspInit   lan8720.o
    0x08001d2c   0x00000090   Code   RO         3581    i.HAL_ETH_ReadPHYRegister  stm32f4xx_hal_eth.o
    0x08001dbc   0x00000052   Code   RO         3583    i.HAL_ETH_Start     stm32f4xx_hal_eth.o
    0x08001e0e   0x0000013e   Code   RO         3585    i.HAL_ETH_TransmitFrame  stm32f4xx_hal_eth.o
    0x08001f4c   0x00000090   Code   RO         3587    i.HAL_ETH_WritePHYRegister  stm32f4xx_hal_eth.o
    0x08001fdc   0x0000021c   Code   RO          902    i.HAL_GPIO_Init     stm32f4xx_hal_gpio.o
    0x080021f8   0x00000010   Code   RO          904    i.HAL_GPIO_ReadPin  stm32f4xx_hal_gpio.o
    0x08002208   0x0000000c   Code   RO          906    i.HAL_GPIO_WritePin  stm32f4xx_hal_gpio.o
    0x08002214   0x0000000c   Code   RO          628    i.HAL_GetTick       stm32f4xx_hal.o
    0x08002220   0x00000010   Code   RO          629    i.HAL_IncTick       stm32f4xx_hal.o
    0x08002230   0x0000003c   Code   RO          630    i.HAL_Init          stm32f4xx_hal.o
    0x0800226c   0x00000024   Code   RO          631    i.HAL_InitTick      stm32f4xx_hal.o
    0x08002290   0x0000005e   Code   RO         3225    i.HAL_LTDC_ConfigLayer  stm32f4xx_hal_ltdc.o
    0x080022ee   0x00000002   PAD
    0x080022f0   0x00000128   Code   RO         3237    i.HAL_LTDC_Init     stm32f4xx_hal_ltdc.o
    0x08002418   0x0000015c   Code   RO         4631    i.HAL_LTDC_MspInit  ltdc.o
    0x08002574   0x0000006c   Code   RO         3246    i.HAL_LTDC_SetWindowPosition  stm32f4xx_hal_ltdc.o
    0x080025e0   0x00000074   Code   RO         3247    i.HAL_LTDC_SetWindowSize  stm32f4xx_hal_ltdc.o
    0x08002654   0x0000000a   Code   RO          633    i.HAL_MspInit       stm32f4xx_hal.o
    0x0800265e   0x0000001a   Code   RO          774    i.HAL_NVIC_EnableIRQ  stm32f4xx_hal_cortex.o
    0x08002678   0x0000007c   Code   RO          780    i.HAL_NVIC_SetPriority  stm32f4xx_hal_cortex.o
    0x080026f4   0x00000028   Code   RO          781    i.HAL_NVIC_SetPriorityGrouping  stm32f4xx_hal_cortex.o
    0x0800271c   0x000000a4   Code   RO         1091    i.HAL_PWREx_EnableOverDrive  stm32f4xx_hal_pwr_ex.o
    0x080027c0   0x00000368   Code   RO         1263    i.HAL_RCCEx_PeriphCLKConfig  stm32f4xx_hal_rcc_ex.o
    0x08002b28   0x000002b0   Code   RO         1158    i.HAL_RCC_ClockConfig  stm32f4xx_hal_rcc.o
    0x08002dd8   0x00000038   Code   RO         1163    i.HAL_RCC_GetHCLKFreq  stm32f4xx_hal_rcc.o
    0x08002e10   0x0000002c   Code   RO         1165    i.HAL_RCC_GetPCLK1Freq  stm32f4xx_hal_rcc.o
    0x08002e3c   0x0000002c   Code   RO         1166    i.HAL_RCC_GetPCLK2Freq  stm32f4xx_hal_rcc.o
    0x08002e68   0x000000b4   Code   RO         1167    i.HAL_RCC_GetSysClockFreq  stm32f4xx_hal_rcc.o
    0x08002f1c   0x00000408   Code   RO         1170    i.HAL_RCC_OscConfig  stm32f4xx_hal_rcc.o
    0x08003324   0x00000040   Code   RO         3073    i.HAL_SDRAM_Init    stm32f4xx_hal_sdram.o
    0x08003364   0x00000134   Code   RO         4579    i.HAL_SDRAM_MspInit  sdram.o
    0x08003498   0x00000028   Code   RO         3076    i.HAL_SDRAM_ProgramRefreshRate  stm32f4xx_hal_sdram.o
    0x080034c0   0x0000003a   Code   RO         3082    i.HAL_SDRAM_SendCommand  stm32f4xx_hal_sdram.o
    0x080034fa   0x00000088   Code   RO         3906    i.HAL_SPI_Init      stm32f4xx_hal_spi.o
    0x08003582   0x00000002   PAD
    0x08003584   0x000000d4   Code   RO         5402    i.HAL_SPI_MspInit   spi.o
    0x08003658   0x00000352   Code   RO         3915    i.HAL_SPI_TransmitReceive  stm32f4xx_hal_spi.o
    0x080039aa   0x00000058   Code   RO         2951    i.HAL_SRAM_Init     stm32f4xx_hal_sram.o
    0x08003a02   0x00000002   PAD
    0x08003a04   0x000000a4   Code   RO         4352    i.HAL_SRAM_MspInit  lcd.o
    0x08003aa8   0x00000028   Code   RO          783    i.HAL_SYSTICK_CLKSourceConfig  stm32f4xx_hal_cortex.o
    0x08003ad0   0x00000034   Code   RO          785    i.HAL_SYSTICK_Config  stm32f4xx_hal_cortex.o
    0x08003b04   0x00000002   Code   RO         2528    i.HAL_TIMEx_BreakCallback  stm32f4xx_hal_tim_ex.o
    0x08003b06   0x00000002   Code   RO         2529    i.HAL_TIMEx_CommutationCallback  stm32f4xx_hal_tim_ex.o
    0x08003b08   0x00000034   Code   RO         1889    i.HAL_TIM_Base_Init  stm32f4xx_hal_tim.o
    0x08003b3c   0x0000003c   Code   RO         4945    i.HAL_TIM_Base_MspInit  timer.o
    0x08003b78   0x0000001e   Code   RO         1894    i.HAL_TIM_Base_Start_IT  stm32f4xx_hal_tim.o
    0x08003b96   0x00000002   Code   RO         1918    i.HAL_TIM_IC_CaptureCallback  stm32f4xx_hal_tim.o
    0x08003b98   0x00000196   Code   RO         1931    i.HAL_TIM_IRQHandler  stm32f4xx_hal_tim.o
    0x08003d2e   0x00000002   Code   RO         1934    i.HAL_TIM_OC_DelayElapsedCallback  stm32f4xx_hal_tim.o
    0x08003d30   0x00000002   Code   RO         1961    i.HAL_TIM_PWM_PulseFinishedCallback  stm32f4xx_hal_tim.o
    0x08003d32   0x00000002   Code   RO         4946    i.HAL_TIM_PeriodElapsedCallback  timer.o
    0x08003d34   0x00000002   Code   RO         1972    i.HAL_TIM_TriggerCallback  stm32f4xx_hal_tim.o
    0x08003d36   0x00000002   Code   RO         1310    i.HAL_UART_ErrorCallback  stm32f4xx_hal_uart.o
    0x08003d38   0x00000008   Code   RO         1312    i.HAL_UART_GetState  stm32f4xx_hal_uart.o
    0x08003d40   0x00000130   Code   RO         1313    i.HAL_UART_IRQHandler  stm32f4xx_hal_uart.o
    0x08003e70   0x0000006e   Code   RO         1314    i.HAL_UART_Init     stm32f4xx_hal_uart.o
    0x08003ede   0x00000002   PAD
    0x08003ee0   0x0000009c   Code   RO         4232    i.HAL_UART_MspInit  usart.o
    0x08003f7c   0x00000086   Code   RO         1319    i.HAL_UART_Receive_IT  stm32f4xx_hal_uart.o
    0x08004002   0x00000002   PAD
    0x08004004   0x00000088   Code   RO         4233    i.HAL_UART_RxCpltCallback  usart.o
    0x0800408c   0x00000002   Code   RO         1325    i.HAL_UART_TxCpltCallback  stm32f4xx_hal_uart.o
    0x0800408e   0x00000004   Code   RO          402    i.HardFault_Handler  stm32f4xx_it.o
    0x08004092   0x00000002   PAD
    0x08004094   0x00000050   Code   RO         4747    i.IIC_Ack           myiic.o
    0x080040e4   0x0000005c   Code   RO         4748    i.IIC_Init          myiic.o
    0x08004140   0x00000050   Code   RO         4749    i.IIC_NAck          myiic.o
    0x08004190   0x0000006c   Code   RO         4750    i.IIC_Read_Byte     myiic.o
    0x080041fc   0x00000068   Code   RO         4751    i.IIC_Send_Byte     myiic.o
    0x08004264   0x0000004c   Code   RO         4752    i.IIC_Start         myiic.o
    0x080042b0   0x0000004c   Code   RO         4753    i.IIC_Stop          myiic.o
    0x080042fc   0x00000060   Code   RO         4754    i.IIC_Wait_Ack      myiic.o
    0x0800435c   0x000000b4   Code   RO         4321    i.KEY_Init          key.o
    0x08004410   0x000000a0   Code   RO         4322    i.KEY_Scan          key.o
    0x080044b0   0x0000009c   Code   RO         4867    i.LAN8720_Init      lan8720.o
    0x0800454c   0x00000048   Code   RO         4354    i.LCD_Clear         lcd.o
    0x08004594   0x00000180   Code   RO         4358    i.LCD_Display_Dir   lcd.o
    0x08004714   0x00000124   Code   RO         4363    i.LCD_Fast_DrawPoint  lcd.o
    0x08004838   0x00000070   Code   RO         4364    i.LCD_Fill          lcd.o
    0x080048a8   0x00002464   Code   RO         4365    i.LCD_Init          lcd.o
    0x08006d0c   0x00000014   Code   RO         4367    i.LCD_RD_DATA       lcd.o
    0x08006d20   0x00000060   Code   RO         4370    i.LCD_SSD_BackLightSet  lcd.o
    0x08006d80   0x00000274   Code   RO         4371    i.LCD_Scan_Dir      lcd.o
    0x08006ff4   0x00000138   Code   RO         4372    i.LCD_SetCursor     lcd.o
    0x0800712c   0x0000013c   Code   RO         4374    i.LCD_ShowChar      lcd.o
    0x08007268   0x00000066   Code   RO         4376    i.LCD_ShowString    lcd.o
    0x080072ce   0x00000002   PAD
    0x080072d0   0x00000018   Code   RO         4378    i.LCD_WR_DATA       lcd.o
    0x080072e8   0x00000018   Code   RO         4379    i.LCD_WR_REG        lcd.o
    0x08007300   0x00000014   Code   RO         4381    i.LCD_WriteRAM_Prepare  lcd.o
    0x08007314   0x00000010   Code   RO         4382    i.LCD_WriteReg      lcd.o
    0x08007324   0x0000005c   Code   RO         4297    i.LED_Init          led.o
    0x08007380   0x00000024   Code   RO         4632    i.LTDC_Clear        ltdc.o
    0x080073a4   0x00000026   Code   RO         4633    i.LTDC_Clk_Set      ltdc.o
    0x080073ca   0x00000002   PAD
    0x080073cc   0x0000002c   Code   RO         4635    i.LTDC_Display_Dir  ltdc.o
    0x080073f8   0x00000050   Code   RO         4636    i.LTDC_Draw_Point   ltdc.o
    0x08007448   0x00000148   Code   RO         4637    i.LTDC_Fill         ltdc.o
    0x08007590   0x00000238   Code   RO         4638    i.LTDC_Init         ltdc.o
    0x080077c8   0x0000007c   Code   RO         4639    i.LTDC_Layer_Parameter_Config  ltdc.o
    0x08007844   0x00000030   Code   RO         4641    i.LTDC_Layer_Window_Config  ltdc.o
    0x08007874   0x000000d0   Code   RO         4642    i.LTDC_PanelID_Read  ltdc.o
    0x08007944   0x0000000c   Code   RO         4644    i.LTDC_Select_Layer  ltdc.o
    0x08007950   0x00000212   Code   RO         3248    i.LTDC_SetConfig    stm32f4xx_hal_ltdc.o
    0x08007b62   0x00000004   Code   RO          403    i.MemManage_Handler  stm32f4xx_it.o
    0x08007b66   0x00000002   Code   RO          404    i.NMI_Handler       stm32f4xx_it.o
    0x08007b68   0x00000010   Code   RO          787    i.NVIC_GetPriorityGrouping  stm32f4xx_hal_cortex.o
    0x08007b78   0x00000028   Code   RO          788    i.NVIC_SetPriority  stm32f4xx_hal_cortex.o
    0x08007ba0   0x00000058   Code   RO         9295    i.OSEventNameSet    os_core.o
    0x08007bf8   0x0000002c   Code   RO         9297    i.OSInit            os_core.o
    0x08007c24   0x00000030   Code   RO         9967    i.OSInitHookBegin   os_cpu_c.o
    0x08007c54   0x00000002   Code   RO         9968    i.OSInitHookEnd     os_cpu_c.o
    0x08007c56   0x00000002   PAD
    0x08007c58   0x00000024   Code   RO         9298    i.OSIntEnter        os_core.o
    0x08007c7c   0x00000090   Code   RO         9299    i.OSIntExit         os_core.o
    0x08007d0c   0x000000a0   Code   RO         9695    i.OSQCreate         os_q.o
    0x08007dac   0x00000104   Code   RO         9696    i.OSQDel            os_q.o
    0x08007eb0   0x00000124   Code   RO         9698    i.OSQPend           os_q.o
    0x08007fd4   0x00000072   Code   RO         9700    i.OSQPost           os_q.o
    0x08008046   0x00000062   Code   RO         9703    i.OSQQuery          os_q.o
    0x080080a8   0x00000040   Code   RO         9300    i.OSSchedLock       os_core.o
    0x080080e8   0x00000060   Code   RO         9301    i.OSSchedUnlock     os_core.o
    0x08008148   0x00000054   Code   RO         9767    i.OSSemCreate       os_sem.o
    0x0800819c   0x000000e0   Code   RO         9768    i.OSSemDel          os_sem.o
    0x0800827c   0x000000f0   Code   RO         9769    i.OSSemPend         os_sem.o
    0x0800836c   0x00000058   Code   RO         9771    i.OSSemPost         os_sem.o
    0x080083c4   0x0000004c   Code   RO         9772    i.OSSemQuery        os_sem.o
    0x08008410   0x00000048   Code   RO         9302    i.OSStart           os_core.o
    0x08008458   0x0000004c   Code   RO         9303    i.OSStatInit        os_core.o
    0x080084a4   0x0000000c   Code   RO         9969    i.OSTCBInitHook     os_cpu_c.o
    0x080084b0   0x000000a0   Code   RO         9821    i.OSTaskCreate      os_task.o
    0x08008550   0x000000b8   Code   RO         9822    i.OSTaskCreateExt   os_task.o
    0x08008608   0x0000000c   Code   RO         9970    i.OSTaskCreateHook  os_cpu_c.o
    0x08008614   0x00000160   Code   RO         9823    i.OSTaskDel         os_task.o
    0x08008774   0x0000000c   Code   RO         9971    i.OSTaskDelHook     os_cpu_c.o
    0x08008780   0x00000008   Code   RO         9972    i.OSTaskIdleHook    os_cpu_c.o
    0x08008788   0x00000070   Code   RO         9826    i.OSTaskNameSet     os_task.o
    0x080087f8   0x0000000c   Code   RO         9973    i.OSTaskReturnHook  os_cpu_c.o
    0x08008804   0x00000008   Code   RO         9974    i.OSTaskStatHook    os_cpu_c.o
    0x0800880c   0x00000088   Code   RO         9832    i.OSTaskStkChk      os_task.o
    0x08008894   0x00000228   Code   RO         9975    i.OSTaskStkInit     os_cpu_c.o
    0x08008abc   0x000000a8   Code   RO         9833    i.OSTaskSuspend     os_task.o
    0x08008b64   0x0000003c   Code   RO         9976    i.OSTaskSwHook      os_cpu_c.o
    0x08008ba0   0x00000078   Code   RO         9922    i.OSTimeDly         os_time.o
    0x08008c18   0x00000060   Code   RO         9923    i.OSTimeDlyHMSM     os_time.o
    0x08008c78   0x0000001c   Code   RO         9925    i.OSTimeGet         os_time.o
    0x08008c94   0x000000ec   Code   RO         9304    i.OSTimeTick        os_core.o
    0x08008d80   0x00000008   Code   RO         9977    i.OSTimeTickHook    os_cpu_c.o
    0x08008d88   0x00000002   Code   RO         9306    i.OS_Dummy          os_core.o
    0x08008d8a   0x00000002   PAD
    0x08008d8c   0x00000090   Code   RO         9307    i.OS_EventTaskRdy   os_core.o
    0x08008e1c   0x0000002e   Code   RO         9308    i.OS_EventTaskRemove  os_core.o
    0x08008e4a   0x0000003a   Code   RO         9309    i.OS_EventTaskRemoveMulti  os_core.o
    0x08008e84   0x0000007c   Code   RO         9310    i.OS_EventTaskWait  os_core.o
    0x08008f00   0x0000001c   Code   RO         9312    i.OS_EventWaitListInit  os_core.o
    0x08008f1c   0x00000058   Code   RO         9515    i.OS_FlagInit       os_flag.o
    0x08008f74   0x00000024   Code   RO         9517    i.OS_FlagUnlink     os_flag.o
    0x08008f98   0x00000060   Code   RO         9313    i.OS_InitEventList  os_core.o
    0x08008ff8   0x0000005c   Code   RO         9314    i.OS_InitMisc       os_core.o
    0x08009054   0x00000044   Code   RO         9315    i.OS_InitRdyList    os_core.o
    0x08009098   0x00000080   Code   RO         9316    i.OS_InitTCBList    os_core.o
    0x08009118   0x00000050   Code   RO         9317    i.OS_InitTaskIdle   os_core.o
    0x08009168   0x00000050   Code   RO         9318    i.OS_InitTaskStat   os_core.o
    0x080091b8   0x00000012   Code   RO         9319    i.OS_MemClr         os_core.o
    0x080091ca   0x00000002   PAD
    0x080091cc   0x00000050   Code   RO         9704    i.OS_QInit          os_q.o
    0x0800921c   0x00000074   Code   RO         9321    i.OS_Sched          os_core.o
    0x08009290   0x0000002c   Code   RO         9322    i.OS_SchedNew       os_core.o
    0x080092bc   0x00000140   Code   RO         9324    i.OS_TCBInit        os_core.o
    0x080093fc   0x00000028   Code   RO         9325    i.OS_TaskIdle       os_core.o
    0x08009424   0x00000018   Code   RO         9834    i.OS_TaskReturn     os_task.o
    0x0800943c   0x000000a0   Code   RO         9326    i.OS_TaskStat       os_core.o
    0x080094dc   0x0000003c   Code   RO         9327    i.OS_TaskStatStkChk  os_core.o
    0x08009518   0x0000001a   Code   RO         9835    i.OS_TaskStkClr     os_task.o
    0x08009532   0x0000005a   Code   RO         5075    i.OV5640_Brightness  ov5640.o
    0x0800958c   0x00000078   Code   RO         5077    i.OV5640_Contrast   ov5640.o
    0x08009604   0x000000a0   Code   RO         5078    i.OV5640_Exposure   ov5640.o
    0x080096a4   0x0000003c   Code   RO         5089    i.OV5640_RD_Reg     ov5640.o
    0x080096e0   0x0000007a   Code   RO         5091    i.OV5640_Sharpness  ov5640.o
    0x0800975a   0x0000003c   Code   RO         5094    i.OV5640_WR_Reg     ov5640.o
    0x08009796   0x00000002   PAD
    0x08009798   0x0000006c   Code   RO         4813    i.PCF8574_Init      pcf8574.o
    0x08009804   0x00000022   Code   RO         4815    i.PCF8574_ReadOneByte  pcf8574.o
    0x08009826   0x00000026   Code   RO         4816    i.PCF8574_WriteBit  pcf8574.o
    0x0800984c   0x00000028   Code   RO         4817    i.PCF8574_WriteOneByte  pcf8574.o
    0x08009874   0x000000d0   Code   RO         5295    i.Recev_Data        ads1299.o
    0x08009944   0x0000000a   Code   RO         5222    i.SCCB_Delay        sccb.o
    0x0800994e   0x00000002   PAD
    0x08009950   0x00000038   Code   RO         5224    i.SCCB_No_Ack       sccb.o
    0x08009988   0x0000006c   Code   RO         5225    i.SCCB_RD_Byte      sccb.o
    0x080099f4   0x00000030   Code   RO         5226    i.SCCB_Start        sccb.o
    0x08009a24   0x0000002c   Code   RO         5227    i.SCCB_Stop         sccb.o
    0x08009a50   0x000000a0   Code   RO         5228    i.SCCB_WR_Byte      sccb.o
    0x08009af0   0x000000ac   Code   RO         4580    i.SDRAM_Init        sdram.o
    0x08009b9c   0x00000048   Code   RO         4581    i.SDRAM_Send_Cmd    sdram.o
    0x08009be4   0x00000054   Code   RO         5403    i.SPI2_Init         spi.o
    0x08009c38   0x00000020   Code   RO         5404    i.SPI2_ReadWriteByte  spi.o
    0x08009c58   0x00000048   Code   RO         5405    i.SPI2_SetSpeed     spi.o
    0x08009ca0   0x00000114   Code   RO         3937    i.SPI_WaitOnFlagUntilTimeout  stm32f4xx_hal_spi.o
    0x08009db4   0x00000002   Code   RO          405    i.SVC_Handler       stm32f4xx_it.o
    0x08009db6   0x00000002   PAD
    0x08009db8   0x000000b8   Code   RO         4205    i.Stm32_Clock_Init  sys.o
    0x08009e70   0x00000020   Code   RO         4142    i.SysTick_Handler   delay.o
    0x08009e90   0x00000064   Code   RO          471    i.SystemInit        system_stm32f4xx.o
    0x08009ef4   0x00000010   Code   RO         4947    i.TIM3_IRQHandler   timer.o
    0x08009f04   0x00000044   Code   RO         5468    i.TIM4_IRQHandler   usmart.o
    0x08009f48   0x000000e4   Code   RO         1973    i.TIM_Base_SetConfig  stm32f4xx_hal_tim.o
    0x0800a02c   0x00000060   Code   RO         5469    i.Timer4_Init       usmart.o
    0x0800a08c   0x00000030   Code   RO         1332    i.UART_EndTransmit_IT  stm32f4xx_hal_uart.o
    0x0800a0bc   0x000000bc   Code   RO         1333    i.UART_Receive_IT   stm32f4xx_hal_uart.o
    0x0800a178   0x00000224   Code   RO         1334    i.UART_SetConfig    stm32f4xx_hal_uart.o
    0x0800a39c   0x00000070   Code   RO         1335    i.UART_Transmit_IT  stm32f4xx_hal_uart.o
    0x0800a40c   0x00000058   Code   RO         4234    i.USART1_IRQHandler  usart.o
    0x0800a464   0x00000004   Code   RO          406    i.UsageFault_Handler  stm32f4xx_it.o
    0x0800a468   0x0000000e   Code   RO        10195    i._is_digit         c_w.l(__printf_wp.o)
    0x0800a476   0x00000004   Code   RO         4235    i._sys_exit         usart.o
    0x0800a47a   0x000000b0   Code   RO         7901    i.accept_function   api_msg.o
    0x0800a52a   0x00000002   PAD
    0x0800a52c   0x00000020   Code   RO         7459    i.arp_timer         timers.o
    0x0800a54c   0x00000044   Code   RO         4143    i.delay_init        delay.o
    0x0800a590   0x00000050   Code   RO         4144    i.delay_ms          delay.o
    0x0800a5e0   0x00000008   Code   RO         4145    i.delay_osschedlock  delay.o
    0x0800a5e8   0x00000008   Code   RO         4146    i.delay_osschedunlock  delay.o
    0x0800a5f0   0x0000000c   Code   RO         4147    i.delay_ostimedly   delay.o
    0x0800a5fc   0x00000058   Code   RO         4148    i.delay_us          delay.o
    0x0800a654   0x0000001e   Code   RO            4    i.display_task      main.o
    0x0800a672   0x00000074   Code   RO         7902    i.do_bind           api_msg.o
    0x0800a6e6   0x00000002   PAD
    0x0800a6e8   0x00000140   Code   RO         7903    i.do_close          api_msg.o
    0x0800a828   0x000002b4   Code   RO         7904    i.do_close_internal  api_msg.o
    0x0800aadc   0x000001d4   Code   RO         7907    i.do_delconn        api_msg.o
    0x0800acb0   0x00000130   Code   RO         7909    i.do_getaddr        api_msg.o
    0x0800ade0   0x000000cc   Code   RO         7910    i.do_listen         api_msg.o
    0x0800aeac   0x00000020   Code   RO         7911    i.do_newconn        api_msg.o
    0x0800aecc   0x00000048   Code   RO         7912    i.do_recv           api_msg.o
    0x0800af14   0x00000124   Code   RO         7914    i.do_write          api_msg.o
    0x0800b038   0x000002e4   Code   RO         7915    i.do_writemore      api_msg.o
    0x0800b31c   0x0000019c   Code   RO         7916    i.err_tcp           api_msg.o
    0x0800b4b8   0x000001c0   Code   RO         5960    i.etharp_arp_input  etharp.o
    0x0800b678   0x000002f0   Code   RO         5963    i.etharp_find_entry  etharp.o
    0x0800b968   0x00000078   Code   RO         5964    i.etharp_free_entry  etharp.o
    0x0800b9e0   0x00000208   Code   RO         5965    i.etharp_output     etharp.o
    0x0800bbe8   0x00000114   Code   RO         5966    i.etharp_output_to_arp_index  etharp.o
    0x0800bcfc   0x00000278   Code   RO         5967    i.etharp_query      etharp.o
    0x0800bf74   0x0000019c   Code   RO         5968    i.etharp_raw        etharp.o
    0x0800c110   0x00000030   Code   RO         5969    i.etharp_request    etharp.o
    0x0800c140   0x000000b0   Code   RO         5970    i.etharp_send_ip    etharp.o
    0x0800c1f0   0x00000094   Code   RO         5971    i.etharp_tmr        etharp.o
    0x0800c284   0x00000158   Code   RO         5972    i.etharp_update_arp_entry  etharp.o
    0x0800c3dc   0x00000144   Code   RO         5973    i.ethernet_input    etharp.o
    0x0800c520   0x000000a4   Code   RO         6073    i.ethernetif_init   ethernetif.o
    0x0800c5c4   0x00000030   Code   RO         6074    i.ethernetif_input  ethernetif.o
    0x0800c5f4   0x0000001c   Code   RO         4236    i.fputc             usart.o
    0x0800c610   0x00000098   Code   RO         5879    i.hardware_init     tcp_server_demo.o
    0x0800c6a8   0x00000012   Code   RO         6154    i.icmp_dest_unreach  icmp.o
    0x0800c6ba   0x00000002   PAD
    0x0800c6bc   0x00000334   Code   RO         6155    i.icmp_input        icmp.o
    0x0800c9f0   0x00000120   Code   RO         6156    i.icmp_send_response  icmp.o
    0x0800cb10   0x00000012   Code   RO         6157    i.icmp_time_exceeded  icmp.o
    0x0800cb22   0x00000014   Code   RO         6237    i.inet_chksum       inet_chksum.o
    0x0800cb36   0x00000056   Code   RO         6238    i.inet_chksum_pbuf  inet_chksum.o
    0x0800cb8c   0x0000004e   Code   RO         6348    i.ip4_addr_isbroadcast  ip_addr.o
    0x0800cbda   0x00000002   PAD
    0x0800cbdc   0x0000023c   Code   RO         6416    i.ip_frag           ip_frag.o
    0x0800ce18   0x0000000a   Code   RO         6417    i.ip_frag_alloc_pbuf_custom_ref  ip_frag.o
    0x0800ce22   0x00000002   PAD
    0x0800ce24   0x0000008c   Code   RO         6418    i.ip_frag_free_pbuf_custom_ref  ip_frag.o
    0x0800ceb0   0x000001c8   Code   RO         6284    i.ip_input          ip.o
    0x0800d078   0x000000b4   Code   RO         6285    i.ip_output         ip.o
    0x0800d12c   0x00000190   Code   RO         6286    i.ip_output_if      ip.o
    0x0800d2bc   0x000001a4   Code   RO         6419    i.ip_reass          ip_frag.o
    0x0800d460   0x00000310   Code   RO         6420    i.ip_reass_chain_frag_into_datagram_and_validate  ip_frag.o
    0x0800d770   0x000000b8   Code   RO         6421    i.ip_reass_dequeue_datagram  ip_frag.o
    0x0800d828   0x00000058   Code   RO         6422    i.ip_reass_enqueue_new_datagram  ip_frag.o
    0x0800d880   0x000001cc   Code   RO         6423    i.ip_reass_free_complete_datagram  ip_frag.o
    0x0800da4c   0x0000007c   Code   RO         6424    i.ip_reass_remove_oldest_datagram  ip_frag.o
    0x0800dac8   0x00000020   Code   RO         7460    i.ip_reass_timer    timers.o
    0x0800dae8   0x0000003c   Code   RO         6425    i.ip_reass_tmr      ip_frag.o
    0x0800db24   0x00000058   Code   RO         6287    i.ip_route          ip.o
    0x0800db7c   0x000000bc   Code   RO         6426    i.ipfrag_free_pbuf_custom  ip_frag.o
    0x0800dc38   0x000000c8   Code   RO            5    i.key_task          main.o
    0x0800dd00   0x00000034   Code   RO         5296    i.led_task          ads1299.o
    0x0800dd34   0x00000088   Code   RO         6075    i.low_level_init    ethernetif.o
    0x0800ddbc   0x00000108   Code   RO         6076    i.low_level_input   ethernetif.o
    0x0800dec4   0x000000f0   Code   RO         6077    i.low_level_output  ethernetif.o
    0x0800dfb4   0x00000060   Code   RO         5750    i.lwip_comm_default_ip_set  lwip_comm.o
    0x0800e014   0x00000200   Code   RO         5751    i.lwip_comm_init    lwip_comm.o
    0x0800e214   0x0000003c   Code   RO         5752    i.lwip_comm_mem_free  lwip_comm.o
    0x0800e250   0x00000074   Code   RO         5753    i.lwip_comm_mem_malloc  lwip_comm.o
    0x0800e2c4   0x0000001a   Code   RO         6494    i.lwip_htonl        def.o
    0x0800e2de   0x0000000c   Code   RO         6495    i.lwip_htons        def.o
    0x0800e2ea   0x00000024   Code   RO         6572    i.lwip_init         init.o
    0x0800e30e   0x0000000c   Code   RO         6496    i.lwip_ntohl        def.o
    0x0800e31a   0x0000000c   Code   RO         6497    i.lwip_ntohs        def.o
    0x0800e326   0x00000002   PAD
    0x0800e328   0x00000010   Code   RO         5754    i.lwip_pkt_handle   lwip_comm.o
    0x0800e338   0x00000002   Code   RO         8227    i.lwip_socket_init  sockets.o
    0x0800e33a   0x0000005e   Code   RO         6241    i.lwip_standard_chksum  inet_chksum.o
    0x0800e398   0x00000190   Code   RO            6    i.main              main.o
    0x0800e528   0x00000168   Code   RO         6612    i.mem_free          mem.o
    0x0800e690   0x000000f4   Code   RO         6613    i.mem_init          mem.o
    0x0800e784   0x00000288   Code   RO         6614    i.mem_malloc        mem.o
    0x0800ea0c   0x000001ec   Code   RO         6615    i.mem_trim          mem.o
    0x0800ebf8   0x000000c0   Code   RO         6667    i.memp_free         memp.o
    0x0800ecb8   0x00000008   Code   RO         6668    i.memp_get_memorysize  memp.o
    0x0800ecc0   0x00000068   Code   RO         6669    i.memp_init         memp.o
    0x0800ed28   0x00000100   Code   RO         6670    i.memp_malloc       memp.o
    0x0800ee28   0x0000006c   Code   RO         5666    i.my_mem_free       malloc.o
    0x0800ee94   0x0000002c   Code   RO         5667    i.my_mem_init       malloc.o
    0x0800eec0   0x000000a8   Code   RO         5668    i.my_mem_malloc     malloc.o
    0x0800ef68   0x00000040   Code   RO         5669    i.my_mem_perused    malloc.o
    0x0800efa8   0x00000024   Code   RO         5670    i.myfree            malloc.o
    0x0800efcc   0x00000028   Code   RO         5671    i.mymalloc          malloc.o
    0x0800eff4   0x00000014   Code   RO         5673    i.mymemset          malloc.o
    0x0800f008   0x00000020   Code   RO         8092    i.netbuf_delete     netbuf.o
    0x0800f028   0x00000010   Code   RO         5880    i.netcam_fifo_read  tcp_server_demo.o
    0x0800f038   0x00000054   Code   RO         5881    i.netcam_fifo_write  tcp_server_demo.o
    0x0800f08c   0x000001ac   Code   RO         7758    i.netconn_accept    api_lib.o
    0x0800f238   0x00000128   Code   RO         7917    i.netconn_alloc     api_msg.o
    0x0800f360   0x000000d8   Code   RO         7759    i.netconn_bind      api_lib.o
    0x0800f438   0x0000000e   Code   RO         7760    i.netconn_close     api_lib.o
    0x0800f446   0x00000002   PAD
    0x0800f448   0x000000d0   Code   RO         7761    i.netconn_close_shutdown  api_lib.o
    0x0800f518   0x00000028   Code   RO         7763    i.netconn_delete    api_lib.o
    0x0800f540   0x0000014c   Code   RO         7918    i.netconn_drain     api_msg.o
    0x0800f68c   0x0000017c   Code   RO         7919    i.netconn_free      api_msg.o
    0x0800f808   0x00000158   Code   RO         7765    i.netconn_getaddr   api_lib.o
    0x0800f960   0x000000d0   Code   RO         7766    i.netconn_listen_with_backlog  api_lib.o
    0x0800fa30   0x00000198   Code   RO         7767    i.netconn_new_with_proto_and_callback  api_lib.o
    0x0800fbc8   0x000001c0   Code   RO         7768    i.netconn_recv      api_lib.o
    0x0800fd88   0x0000022c   Code   RO         7769    i.netconn_recv_data  api_lib.o
    0x0800ffb4   0x00000164   Code   RO         7775    i.netconn_write_partly  api_lib.o
    0x08010118   0x00000104   Code   RO         6730    i.netif_add         netif.o
    0x0801021c   0x00000002   Code   RO         6732    i.netif_init        netif.o
    0x0801021e   0x00000028   Code   RO         6734    i.netif_set_addr    netif.o
    0x08010246   0x00000002   PAD
    0x08010248   0x00000010   Code   RO         6735    i.netif_set_default  netif.o
    0x08010258   0x00000010   Code   RO         6737    i.netif_set_gw      netif.o
    0x08010268   0x00000084   Code   RO         6738    i.netif_set_ipaddr  netif.o
    0x080102ec   0x00000010   Code   RO         6741    i.netif_set_netmask  netif.o
    0x080102fc   0x00000036   Code   RO         6742    i.netif_set_up      netif.o
    0x08010332   0x00000002   PAD
    0x08010334   0x00000030   Code   RO         5882    i.netmem_free       tcp_server_demo.o
    0x08010364   0x00000050   Code   RO         5883    i.netmem_malloc     tcp_server_demo.o
    0x080103b4   0x00000028   Code   RO         5884    i.openbci_init      tcp_server_demo.o
    0x080103dc   0x00000230   Code   RO         5885    i.openbci_task      tcp_server_demo.o
    0x0801060c   0x0000041c   Code   RO         6836    i.pbuf_alloc        pbuf.o
    0x08010a28   0x00000108   Code   RO         6837    i.pbuf_alloced_custom  pbuf.o
    0x08010b30   0x00000148   Code   RO         6838    i.pbuf_cat          pbuf.o
    0x08010c78   0x00000012   Code   RO         6840    i.pbuf_clen         pbuf.o
    0x08010c8a   0x00000002   PAD
    0x08010c8c   0x00000238   Code   RO         6842    i.pbuf_copy         pbuf.o
    0x08010ec4   0x0000014c   Code   RO         6843    i.pbuf_copy_partial  pbuf.o
    0x08011010   0x000001c0   Code   RO         6845    i.pbuf_free         pbuf.o
    0x080111d0   0x00000154   Code   RO         6847    i.pbuf_header       pbuf.o
    0x08011324   0x000001c4   Code   RO         6850    i.pbuf_realloc      pbuf.o
    0x080114e8   0x0000001a   Code   RO         6851    i.pbuf_ref          pbuf.o
    0x08011502   0x00000002   PAD
    0x08011504   0x0000012c   Code   RO         7920    i.pcb_new           api_msg.o
    0x08011630   0x000001b4   Code   RO         6616    i.plug_holes        mem.o
    0x080117e4   0x000000e4   Code   RO         7921    i.poll_tcp          api_msg.o
    0x080118c8   0x00000010   Code   RO         6962    i.raw_bind          raw.o
    0x080118d8   0x00000074   Code   RO         6964    i.raw_input         raw.o
    0x0801194c   0x00000034   Code   RO         6965    i.raw_new           raw.o
    0x08011980   0x00000006   Code   RO         6966    i.raw_recv          raw.o
    0x08011986   0x00000002   PAD
    0x08011988   0x00000040   Code   RO         6967    i.raw_remove        raw.o
    0x080119c8   0x00000006   Code   RO         5470    i.read_addr         usmart.o
    0x080119ce   0x00000002   PAD
    0x080119d0   0x0000009c   Code   RO         7922    i.recv_raw          api_msg.o
    0x08011a6c   0x00000188   Code   RO         7923    i.recv_tcp          api_msg.o
    0x08011bf4   0x00000180   Code   RO         7924    i.recv_udp          api_msg.o
    0x08011d74   0x000000e0   Code   RO         7925    i.sent_tcp          api_msg.o
    0x08011e54   0x00000044   Code   RO         7926    i.setup_tcp         api_msg.o
    0x08011e98   0x00000108   Code   RO            7    i.show_inform       main.o
    0x08011fa0   0x0000005c   Code   RO            8    i.start_task        main.o
    0x08011ffc   0x000000f4   Code   RO         7619    i.sys_arch_mbox_fetch  sys_arch.o
    0x080120f0   0x00000012   Code   RO         7620    i.sys_arch_mbox_tryfetch  sys_arch.o
    0x08012102   0x00000064   Code   RO         7621    i.sys_arch_sem_wait  sys_arch.o
    0x08012166   0x00000002   Code   RO         7622    i.sys_init          sys_arch.o
    0x08012168   0x00000084   Code   RO         7623    i.sys_mbox_free     sys_arch.o
    0x080121ec   0x000000bc   Code   RO         7624    i.sys_mbox_new      sys_arch.o
    0x080122a8   0x00000020   Code   RO         7625    i.sys_mbox_post     sys_arch.o
    0x080122c8   0x00000006   Code   RO         7626    i.sys_mbox_set_invalid  sys_arch.o
    0x080122ce   0x00000002   PAD
    0x080122d0   0x00000024   Code   RO         7627    i.sys_mbox_trypost  sys_arch.o
    0x080122f4   0x00000038   Code   RO         7628    i.sys_mbox_valid    sys_arch.o
    0x0801232c   0x00000084   Code   RO         7631    i.sys_sem_free      sys_arch.o
    0x080123b0   0x000000a0   Code   RO         7632    i.sys_sem_new       sys_arch.o
    0x08012450   0x00000006   Code   RO         7633    i.sys_sem_set_invalid  sys_arch.o
    0x08012456   0x0000000c   Code   RO         7634    i.sys_sem_signal    sys_arch.o
    0x08012462   0x00000016   Code   RO         7635    i.sys_sem_valid     sys_arch.o
    0x08012478   0x00000058   Code   RO         7636    i.sys_thread_new    sys_arch.o
    0x080124d0   0x00000148   Code   RO         7461    i.sys_timeout       timers.o
    0x08012618   0x00000024   Code   RO         7462    i.sys_timeouts_init  timers.o
    0x0801263c   0x00000088   Code   RO         7463    i.sys_timeouts_mbox_fetch  timers.o
    0x080126c4   0x00000060   Code   RO         7464    i.sys_untimeout     timers.o
    0x08012724   0x00000134   Code   RO         7048    i.tcp_abandon       tcp.o
    0x08012858   0x0000000e   Code   RO         7049    i.tcp_abort         tcp.o
    0x08012866   0x00000004   Code   RO         7050    i.tcp_accept        tcp.o
    0x0801286a   0x00000008   Code   RO         7051    i.tcp_accept_null   tcp.o
    0x08012872   0x00000002   PAD
    0x08012874   0x000000c4   Code   RO         7052    i.tcp_alloc         tcp.o
    0x08012938   0x00000004   Code   RO         7053    i.tcp_arg           tcp.o
    0x0801293c   0x00000128   Code   RO         7054    i.tcp_bind          tcp.o
    0x08012a64   0x0000001c   Code   RO         7055    i.tcp_close         tcp.o
    0x08012a80   0x0000024c   Code   RO         7056    i.tcp_close_shutdown  tcp.o
    0x08012ccc   0x000000b8   Code   RO         7349    i.tcp_create_segment  tcp_out.o
    0x08012d84   0x0000002e   Code   RO         7059    i.tcp_eff_send_mss  tcp.o
    0x08012db2   0x00000002   PAD
    0x08012db4   0x000002a4   Code   RO         7350    i.tcp_enqueue_flags  tcp_out.o
    0x08013058   0x000000a0   Code   RO         7060    i.tcp_err           tcp.o
    0x080130f8   0x00000080   Code   RO         7061    i.tcp_fasttmr       tcp.o
    0x08013178   0x00000002   Code   RO         7062    i.tcp_init          tcp.o
    0x0801317a   0x00000002   PAD
    0x0801317c   0x000006b8   Code   RO         7289    i.tcp_input         tcp_in.o
    0x08013834   0x00000054   Code   RO         7351    i.tcp_keepalive     tcp_out.o
    0x08013888   0x00000058   Code   RO         7063    i.tcp_kill_prio     tcp.o
    0x080138e0   0x00000040   Code   RO         7064    i.tcp_kill_timewait  tcp.o
    0x08013920   0x0000013c   Code   RO         7290    i.tcp_listen_input  tcp_in.o
    0x08013a5c   0x00000160   Code   RO         7065    i.tcp_listen_with_backlog  tcp.o
    0x08013bbc   0x0000000a   Code   RO         7066    i.tcp_new           tcp.o
    0x08013bc6   0x00000002   PAD
    0x08013bc8   0x00000068   Code   RO         7067    i.tcp_new_port      tcp.o
    0x08013c30   0x0000001c   Code   RO         7068    i.tcp_next_iss      tcp.o
    0x08013c4c   0x00000284   Code   RO         7352    i.tcp_output        tcp_out.o
    0x08013ed0   0x00000118   Code   RO         7353    i.tcp_output_alloc_header  tcp_out.o
    0x08013fe8   0x000000d8   Code   RO         7354    i.tcp_output_segment  tcp_out.o
    0x080140c0   0x000000d0   Code   RO         7291    i.tcp_parseopt      tcp_in.o
    0x08014190   0x000000f8   Code   RO         7355    i.tcp_pbuf_prealloc  tcp_out.o
    0x08014288   0x00000058   Code   RO         7069    i.tcp_pcb_purge     tcp.o
    0x080142e0   0x00000140   Code   RO         7070    i.tcp_pcb_remove    tcp.o
    0x08014420   0x000000a0   Code   RO         7071    i.tcp_poll          tcp.o
    0x080144c0   0x00000698   Code   RO         7292    i.tcp_process       tcp_in.o
    0x08014b58   0x00000094   Code   RO         7072    i.tcp_process_refused_data  tcp.o
    0x08014bec   0x00000924   Code   RO         7293    i.tcp_receive       tcp_in.o
    0x08015510   0x000000a0   Code   RO         7073    i.tcp_recv          tcp.o
    0x080155b0   0x0000002e   Code   RO         7074    i.tcp_recv_null     tcp.o
    0x080155de   0x00000002   PAD
    0x080155e0   0x0000011c   Code   RO         7075    i.tcp_recved        tcp.o
    0x080156fc   0x0000005a   Code   RO         7356    i.tcp_rexmit        tcp_out.o
    0x08015756   0x00000078   Code   RO         7357    i.tcp_rexmit_fast   tcp_out.o
    0x080157ce   0x0000003a   Code   RO         7358    i.tcp_rexmit_rto    tcp_out.o
    0x08015808   0x00000120   Code   RO         7359    i.tcp_rst           tcp_out.o
    0x08015928   0x0000001a   Code   RO         7076    i.tcp_seg_free      tcp.o
    0x08015942   0x00000018   Code   RO         7077    i.tcp_segs_free     tcp.o
    0x0801595a   0x00000056   Code   RO         7360    i.tcp_send_empty_ack  tcp_out.o
    0x080159b0   0x0000004a   Code   RO         7361    i.tcp_send_fin      tcp_out.o
    0x080159fa   0x00000002   PAD
    0x080159fc   0x000000a0   Code   RO         7078    i.tcp_sent          tcp.o
    0x08015a9c   0x00000062   Code   RO         7080    i.tcp_shutdown      tcp.o
    0x08015afe   0x00000002   PAD
    0x08015b00   0x000005f0   Code   RO         7081    i.tcp_slowtmr       tcp.o
    0x080160f0   0x00000038   Code   RO         7465    i.tcp_timer_needed  timers.o
    0x08016128   0x000000ac   Code   RO         7294    i.tcp_timewait_input  tcp_in.o
    0x080161d4   0x00000024   Code   RO         7082    i.tcp_tmr           tcp.o
    0x080161f8   0x000000d4   Code   RO         7083    i.tcp_update_rcv_ann_wnd  tcp.o
    0x080162cc   0x0000071c   Code   RO         7362    i.tcp_write         tcp_out.o
    0x080169e8   0x00000184   Code   RO         7363    i.tcp_write_checks  tcp_out.o
    0x08016b6c   0x000000b4   Code   RO         7364    i.tcp_zero_window_probe  tcp_out.o
    0x08016c20   0x00000040   Code   RO         8396    i.tcpip_apimsg      tcpip.o
    0x08016c60   0x000000dc   Code   RO         8400    i.tcpip_init        tcpip.o
    0x08016d3c   0x0000004c   Code   RO         8401    i.tcpip_input       tcpip.o
    0x08016d88   0x00000038   Code   RO         7466    i.tcpip_tcp_timer   timers.o
    0x08016dc0   0x00000164   Code   RO         8402    i.tcpip_thread      tcpip.o
    0x08016f24   0x00000038   Code   RO         4237    i.uart_init         usart.o
    0x08016f5c   0x0000010c   Code   RO         7524    i.udp_bind          udp.o
    0x08017068   0x00000002   Code   RO         7527    i.udp_init          udp.o
    0x0801706a   0x00000002   PAD
    0x0801706c   0x0000024c   Code   RO         7528    i.udp_input         udp.o
    0x080172b8   0x0000001c   Code   RO         7529    i.udp_new           udp.o
    0x080172d4   0x00000058   Code   RO         7530    i.udp_new_port      udp.o
    0x0801732c   0x00000006   Code   RO         7531    i.udp_recv          udp.o
    0x08017332   0x00000002   PAD
    0x08017334   0x00000040   Code   RO         7532    i.udp_remove        udp.o
    0x08017374   0x000000b0   Code   RO         5471    i.usmart_cmd_rec    usmart.o
    0x08017424   0x000002d4   Code   RO         5472    i.usmart_exe        usmart.o
    0x080176f8   0x000000c8   Code   RO         5557    i.usmart_get_aparm  usmart_str.o
    0x080177c0   0x00000036   Code   RO         5558    i.usmart_get_cmdname  usmart_str.o
    0x080177f6   0x00000002   PAD
    0x080177f8   0x000001c0   Code   RO         5559    i.usmart_get_fname  usmart_str.o
    0x080179b8   0x0000010c   Code   RO         5560    i.usmart_get_fparam  usmart_str.o
    0x08017ac4   0x00000020   Code   RO         5561    i.usmart_get_parmpos  usmart_str.o
    0x08017ae4   0x00000044   Code   RO         5473    i.usmart_get_runtime  usmart.o
    0x08017b28   0x00000028   Code   RO         5474    i.usmart_init       usmart.o
    0x08017b50   0x00000016   Code   RO         5562    i.usmart_pow        usmart_str.o
    0x08017b66   0x00000002   PAD
    0x08017b68   0x00000034   Code   RO         5475    i.usmart_reset_runtime  usmart.o
    0x08017b9c   0x000000bc   Code   RO         5476    i.usmart_scan       usmart.o
    0x08017c58   0x00000016   Code   RO         5563    i.usmart_search_nextc  usmart_str.o
    0x08017c6e   0x000000ca   Code   RO         5564    i.usmart_str2num    usmart_str.o
    0x08017d38   0x00000022   Code   RO         5565    i.usmart_strcmp     usmart_str.o
    0x08017d5a   0x00000016   Code   RO         5566    i.usmart_strcopy    usmart_str.o
    0x08017d70   0x00000018   Code   RO         5567    i.usmart_strlen     usmart_str.o
    0x08017d88   0x000006e4   Code   RO         5477    i.usmart_sys_cmd_exe  usmart.o
    0x0801846c   0x00000004   Code   RO         5478    i.write_addr        usmart.o
    0x08018470   0x0000005a   Code   RO        10229    x$fpl$dfixu         fz_wm.l(dfixu.o)
    0x080184ca   0x00000026   Code   RO        10233    x$fpl$dfltu         fz_wm.l(dflt_clz.o)
    0x080184f0   0x00000154   Code   RO        10239    x$fpl$dmul          fz_wm.l(dmul.o)
    0x08018644   0x0000009c   Code   RO        10267    x$fpl$dnaninf       fz_wm.l(dnaninf.o)
    0x080186e0   0x0000000c   Code   RO        10269    x$fpl$dretinf       fz_wm.l(dretinf.o)
    0x080186ec   0x0000000a   Code   RO        10359    x$fpl$fpinit        fz_wm.l(fpinit.o)
    0x080186f6   0x00000000   Code   RO        10271    x$fpl$usenofp       fz_wm.l(usenofp.o)
    0x080186f6   0x00000010   Data   RO         1171    .constdata          stm32f4xx_hal_rcc.o
    0x08018706   0x00004740   Data   RO         4385    .constdata          lcd.o
    0x0801ce46   0x0000150d   Data   RO         5095    .constdata          ov5640.o
    0x0801e353   0x00000001   PAD
    0x0801e354   0x00000024   Data   RO         5680    .constdata          malloc.o
    0x0801e378   0x0000000c   Data   RO         5975    .constdata          etharp.o
    0x0801e384   0x00000008   Data   RO         6355    .constdata          ip_addr.o
    0x0801e38c   0x00000038   Data   RO         6672    .constdata          memp.o
    0x0801e3c4   0x00000050   Data   RO         7084    .constdata          tcp.o
    0x0801e414   0x00000004   Data   RO         7637    .constdata          sys_arch.o
    0x0801e418   0x00000100   Data   RO         9329    .constdata          os_core.o
    0x0801e518   0x00000028   Data   RO        10168    .constdata          c_w.l(_printf_hex_int.o)
    0x0801e540   0x00000011   Data   RO        10203    .constdata          c_w.l(__printf_flags_ss_wp.o)
    0x0801e551   0x00000003   PAD
    0x0801e554   0x00000028   Data   RO         5480    .conststring        usmart.o
    0x0801e57c   0x0000014a   Data   RO         5641    .conststring        usmart_config.o
    0x0801e6c6   0x00000002   PAD
    0x0801e6c8   0x00000044   Data   RO         5976    .conststring        etharp.o
    0x0801e70c   0x000000a0   Data   RO         6673    .conststring        memp.o
    0x0801e7ac   0x0000006d   Data   RO         7085    .conststring        tcp.o
    0x0801e819   0x00000003   PAD
    0x0801e81c   0x00000055   Data   RO         7365    .conststring        tcp_out.o
    0x0801e871   0x00000003   PAD
    0x0801e874   0x00000020   Data   RO        10432    Region$$Table       anon$$obj.o


    Execution Region RW_IRAM1 (Base: 0x20000000, Size: 0x0001de90, Max: 0x00030000, ABSOLUTE, COMPRESSED[0x000000e4])

    Base Addr    Size         Type   Attr      Idx    E Section Name        Object

    0x20000000   0x00000004   Data   RW           10    .data               main.o
    0x20000004   0x00000014   Data   RW          472    .data               system_stm32f4xx.o
    0x20000018   0x00000004   Data   RW          636    .data               stm32f4xx_hal.o
    0x2000001c   0x00000006   Data   RW         4149    .data               delay.o
    0x20000022   0x00000002   PAD
    0x20000024   0x00000007   Data   RW         4239    .data               usart.o
    0x2000002b   0x00000001   Data   RW         4323    .data               key.o
    0x2000002c   0x00000008   Data   RW         4386    .data               lcd.o
    0x20000034   0x00000008   Data   RW         4648    .data               ltdc.o
    0x2000003c   0x00000010   Data   RW         4871    .data               lan8720.o
    0x2000004c   0x00000008   Data   RW         5001    .data               dcmi.o
    0x20000054   0x00000014   Data   RW         5298    .data               ads1299.o
    0x20000068   0x0000001c   Data   RW         5481    .data               usmart.o
    0x20000084   0x00000144   Data   RW         5642    .data               usmart_config.o
    0x200001c8   0x00000024   Data   RW         5681    .data               malloc.o
    0x200001ec   0x00000008   Data   RW         5756    .data               lwip_comm.o
    0x200001f4   0x00000022   Data   RW         5888    .data               tcp_server_demo.o
    0x20000216   0x00000001   Data   RW         5977    .data               etharp.o
    0x20000217   0x00000001   PAD
    0x20000218   0x00000012   Data   RW         6288    .data               ip.o
    0x2000022a   0x00000002   PAD
    0x2000022c   0x00000006   Data   RW         6427    .data               ip_frag.o
    0x20000232   0x00000002   PAD
    0x20000234   0x00000014   Data   RW         6617    .data               mem.o
    0x20000248   0x0000003c   Data   RW         6674    .data               memp.o
    0x20000284   0x00000009   Data   RW         6743    .data               netif.o
    0x2000028d   0x00000003   PAD
    0x20000290   0x00000004   Data   RW         6970    .data               raw.o
    0x20000294   0x00000024   Data   RW         7086    .data               tcp.o
    0x200002b8   0x00000020   Data   RW         7296    .data               tcp_in.o
    0x200002d8   0x00000008   Data   RW         7467    .data               timers.o
    0x200002e0   0x00000008   Data   RW         7536    .data               udp.o
    0x200002e8   0x0000000c   Data   RW         8406    .data               tcpip.o
    0x200002f4   0x0000004c   Data   RW         9330    .data               os_core.o
    0x20000340   0x00000004   Data   RW         9981    .data               os_cpu_c.o
    0x20000344   0x00000700   Zero   RW            9    .bss                main.o
    0x20000a44   0x00000108   Zero   RW         4238    .bss                usart.o
    0x20000b4c   0x0000005e   Zero   RW         4384    .bss                lcd.o
    0x20000baa   0x00000002   PAD
    0x20000bac   0x00000034   Zero   RW         4582    .bss                sdram.o
    0x20000be0   0x00000108   Zero   RW         4647    .bss                ltdc.o
    0x20000ce8   0x00000048   Zero   RW         4870    .bss                lan8720.o
    0x20000d30   0x0000003c   Zero   RW         4949    .bss                timer.o
    0x20000d6c   0x00000098   Zero   RW         5000    .bss                dcmi.o
    0x20000e04   0x0000009a   Zero   RW         5297    .bss                ads1299.o
    0x20000e9e   0x00000002   PAD
    0x20000ea0   0x000000b0   Zero   RW         5409    .bss                spi.o
    0x20000f50   0x0000003c   Zero   RW         5479    .bss                usmart.o
    0x20000f8c   0x00000014   PAD
    0x20000fa0   0x0001a900   Zero   RW         5679    .bss                malloc.o
    0x2001b8a0   0x00000048   Zero   RW         5755    .bss                lwip_comm.o
    0x2001b8e8   0x00000c80   Zero   RW         5887    .bss                tcp_server_demo.o
    0x2001c568   0x000000c8   Zero   RW         5974    .bss                etharp.o
    0x2001c630   0x00000038   Zero   RW         6671    .bss                memp.o
    0x2001c668   0x00000014   Zero   RW         7295    .bss                tcp_in.o
    0x2001c67c   0x00000fb0   Zero   RW         9328    .bss                os_core.o
    0x2001d62c   0x00000200   Zero   RW         9980    .bss                os_cpu_c.o
    0x2001d82c   0x00000060   Zero   RW        10273    .bss                c_w.l(libspace.o)
    0x2001d88c   0x00000004   PAD
    0x2001d890   0x00000200   Zero   RW          604    HEAP                startup_stm32f429xx.o
    0x2001da90   0x00000400   Zero   RW          603    STACK               startup_stm32f429xx.o



  Load Region LR$$.ARM.__AT_0x10000000 (Base: 0x10000000, Size: 0x00000000, Max: 0x0000f000, ABSOLUTE)

    Execution Region ER$$.ARM.__AT_0x10000000 (Base: 0x10000000, Size: 0x0000f000, Max: 0x0000f000, ABSOLUTE, UNINIT)

    Base Addr    Size         Type   Attr      Idx    E Section Name        Object

    0x10000000   0x0000f000   Zero   RW         5675    .ARM.__AT_0x10000000  malloc.o



  Load Region LR$$.ARM.__AT_0x1000F000 (Base: 0x1000f000, Size: 0x00000000, Max: 0x00000f00, ABSOLUTE)

    Execution Region ER$$.ARM.__AT_0x1000F000 (Base: 0x1000f000, Size: 0x00000f00, Max: 0x00000f00, ABSOLUTE, UNINIT)

    Base Addr    Size         Type   Attr      Idx    E Section Name        Object

    0x1000f000   0x00000f00   Zero   RW         5676    .ARM.__AT_0x1000F000  malloc.o



  Load Region LR$$.ARM.__AT_0xC0000000 (Base: 0xc0000000, Size: 0x00000000, Max: 0x001f4000, ABSOLUTE)

    Execution Region ER$$.ARM.__AT_0xC0000000 (Base: 0xc0000000, Size: 0x001f4000, Max: 0x001f4000, ABSOLUTE, UNINIT)

    Base Addr    Size         Type   Attr      Idx    E Section Name        Object

    0xc0000000   0x001f4000   Zero   RW         4646    .ARM.__AT_0xC0000000  ltdc.o



  Load Region LR$$.ARM.__AT_0xC01F4000 (Base: 0xc01f4000, Size: 0x00000000, Max: 0x01c3c000, ABSOLUTE)

    Execution Region ER$$.ARM.__AT_0xC01F4000 (Base: 0xc01f4000, Size: 0x01c3c000, Max: 0x01c3c000, ABSOLUTE, UNINIT)

    Base Addr    Size         Type   Attr      Idx    E Section Name        Object

    0xc01f4000   0x01c3c000   Zero   RW         5677    .ARM.__AT_0xC01F4000  malloc.o



  Load Region LR$$.ARM.__AT_0xC1E30000 (Base: 0xc1e30000, Size: 0x00000000, Max: 0x001c3c00, ABSOLUTE)

    Execution Region ER$$.ARM.__AT_0xC1E30000 (Base: 0xc1e30000, Size: 0x001c3c00, Max: 0x001c3c00, ABSOLUTE, UNINIT)

    Base Addr    Size         Type   Attr      Idx    E Section Name        Object

    0xc1e30000   0x001c3c00   Zero   RW         5678    .ARM.__AT_0xC1E30000  malloc.o


==============================================================================

Image component sizes


      Code (inc. data)   RO Data    RW Data    ZI Data      Debug   Object Name

      1188        132          0         20        154       7872   ads1299.o
      3226       1488          0          0          0      19136   api_lib.o
      6588       2490          0          0          0      17224   api_msg.o
        16          0          0          0          0       3932   app_hooks.o
       252         36          0          8        152       2367   dcmi.o
        62          0          0          0          0       2196   def.o
       296         32          0          6          0       3981   delay.o
      4200       1318         80          1        200      13481   etharp.o
       852        144          0          0          0       6792   ethernetif.o
      1144        456          0          0          0       3878   icmp.o
       200          0          0          0          0       2697   inet_chksum.o
        36          0          0          0          0        520   init.o
      1124        274          0         18          0       8025   ip.o
        78          0          8          0          0       6806   ip_addr.o
      3030        954          0          6          0      10628   ip_frag.o
       340         34          0          1          0       1674   key.o
       668         58          0         16         72       4066   lan8720.o
     11898        210      18240          8         94      18974   lcd.o
        92         10          0          0          0        835   led.o
      1834        124          0          8    2048264       9622   ltdc.o
       800        260          0          8         72      24639   lwip_comm.o
       986        306          0          4       1792     505931   main.o
       480         54         36         36   31630336       6334   malloc.o
      2180        938          0         20          0       5405   mem.o
       560        288        216         60         56       4078   memp.o
       712        114          0          0          0       4782   myiic.o
        32          0          0          0          0        996   netbuf.o
       536        128          0          9          0       7542   netif.o
      2560        432        256         76       4016      25528   os_core.o
       220         36          0          0          0        556   os_cpu_a.o
       734        130          0          4        512      15899   os_cpu_c.o
       124         14          0          0          0       1282   os_flag.o
      1004         54          0          0          0       5579   os_q.o
       712         38          0          0          0       4446   os_sem.o
      1162        116          0          0          0       7108   os_task.o
       244         34          0          0          0       2040   os_time.o
       612         14       5389          0          0       5465   ov5640.o
      3828       1630          0          0          0       9502   pbuf.o
       220         10          0          0          0       2759   pcf8574.o
       254         24          0          4          0       3877   raw.o
       426         52          0          0          0       3250   sccb.o
       552         40          0          0         52       2926   sdram.o
         2          0          0          0          0        483   sockets.o
       400         30          0          0        176       2887   spi.o
       104         34        428          0       1536        984   startup_stm32f429xx.o
       160         16          0          4          0       4680   stm32f4xx_hal.o
       338         22          0          0          0      31313   stm32f4xx_hal_cortex.o
       310          0          0          0          0       2886   stm32f4xx_hal_dcmi.o
        94          0          0          0          0       1212   stm32f4xx_hal_dma.o
      2530         46          0          0          0      12431   stm32f4xx_hal_eth.o
       568         54          0          0          0       3051   stm32f4xx_hal_gpio.o
      1144          6          0          0          0       4613   stm32f4xx_hal_ltdc.o
       164         12          0          0          0       1256   stm32f4xx_hal_pwr_ex.o
      2044         66         16          0          0       5923   stm32f4xx_hal_rcc.o
       872         24          0          0          0       1540   stm32f4xx_hal_rcc_ex.o
       162          0          0          0          0       2692   stm32f4xx_hal_sdram.o
      1262          0          0          0          0       3577   stm32f4xx_hal_spi.o
        88          0          0          0          0       1184   stm32f4xx_hal_sram.o
       724         44          0          0          0       5615   stm32f4xx_hal_tim.o
         4          0          0          0          0       1550   stm32f4xx_hal_tim_ex.o
      1456         10          0          0          0       7531   stm32f4xx_hal_uart.o
        22          0          0          0          0       3047   stm32f4xx_it.o
       658         12          0          0          0       5796   stm32f4xx_ll_fmc.o
       200          8          0          0          0       1691   sys.o
      1234        450          4          0          0      11461   sys_arch.o
       100         18          0         20          0       1005   system_stm32f4xx.o
      5710       1968        189         36          0      32749   tcp.o
      6444       1182          0         32         20      16915   tcp_in.o
      5436       1514         85          0          0      15687   tcp_out.o
       980        244          0         34       3200      14069   tcp_server_demo.o
       716        288          0         12          0       8718   tcpip.o
        78         12          0          0         60       2116   timer.o
       772        218          0          8          0       5999   timers.o
      1044        244          0          8          0       7007   udp.o
       468         60          0          7        264       5389   usart.o
      3186       1338         40         28         60       7727   usmart.o
         0          0        330        324          0       1500   usmart_config.o
      1328         20          0          0          0       8673   usmart_str.o

    ----------------------------------------------------------------------
     96946      20412      25358        836   33691112    1039587   Object Totals
         0          0         32          0          0          0   (incl. Generated)
        82          0          9         10         24          0   (incl. Padding)

    ----------------------------------------------------------------------

      Code (inc. data)   RO Data    RW Data    ZI Data      Debug   Library Member Name

        90          0          0          0          0          0   __dczerorl2.o
         8          0          0          0          0         68   __main.o
       392          4         17          0          0         92   __printf_flags_ss_wp.o
        14          0          0          0          0         68   __printf_wp.o
         0          0          0          0          0          0   __rtentry.o
        12          0          0          0          0          0   __rtentry2.o
         6          0          0          0          0          0   __rtentry4.o
        52          8          0          0          0          0   __scatter.o
        28          0          0          0          0          0   __scatter_zi.o
         6          0          0          0          0          0   _printf_c.o
        44          0          0          0          0        108   _printf_char.o
        48          6          0          0          0         96   _printf_char_common.o
        36          4          0          0          0         80   _printf_char_file.o
         6          0          0          0          0          0   _printf_d.o
       120         16          0          0          0         92   _printf_dec.o
        88          4         40          0          0         88   _printf_hex_int.o
       178          0          0          0          0         88   _printf_intcommon.o
        78          0          0          0          0        108   _printf_pad.o
         0          0          0          0          0          0   _printf_percent.o
         4          0          0          0          0          0   _printf_percent_end.o
         6          0          0          0          0          0   _printf_s.o
        82          0          0          0          0         80   _printf_str.o
         6          0          0          0          0          0   _printf_u.o
         6          0          0          0          0          0   _printf_x.o
        10          0          0          0          0         68   _sputc.o
        18          0          0          0          0         80   exit.o
         8          0          0          0          0         68   ferror.o
         6          0          0          0          0        152   heapauxi.o
         2          0          0          0          0          0   libinit.o
         6          0          0          0          0          0   libinit2.o
         2          0          0          0          0          0   libshutdown.o
         2          0          0          0          0          0   libshutdown2.o
         8          4          0          0         96         68   libspace.o
        88          0          0          0          0         76   memcmp.o
        24          4          0          0          0         84   noretval__2printf.o
        40          6          0          0          0         84   noretval__2sprintf.o
        78          0          0          0          0         80   rt_memclr_w.o
       138          0          0          0          0         68   rt_memcpy_v6.o
       100          0          0          0          0         80   rt_memcpy_w.o
         2          0          0          0          0          0   rtexit.o
        10          0          0          0          0          0   rtexit2.o
       128          0          0          0          0         68   strcmpv7m.o
        74          0          0          0          0         80   sys_stackheap_outer.o
         2          0          0          0          0         68   use_no_semi.o
         2          0          0          0          0         68   use_no_semi_2.o
        90          4          0          0          0        140   dfixu.o
        38          0          0          0          0        116   dflt_clz.o
       340         12          0          0          0        152   dmul.o
       156          4          0          0          0        140   dnaninf.o
        12          0          0          0          0        116   dretinf.o
        10          0          0          0          0        116   fpinit.o
         0          0          0          0          0          0   usenofp.o

    ----------------------------------------------------------------------
      2712         76         60          0        100       2940   Library Totals
         8          0          3          0          4          0   (incl. Padding)

    ----------------------------------------------------------------------

      Code (inc. data)   RO Data    RW Data    ZI Data      Debug   Library Name

      2058         56         57          0         96       2160   c_w.l
       646         20          0          0          0        780   fz_wm.l

    ----------------------------------------------------------------------
      2712         76         60          0        100       2940   Library Totals

    ----------------------------------------------------------------------

==============================================================================


      Code (inc. data)   RO Data    RW Data    ZI Data      Debug   

     99658      20488      25418        836   33691212     990883   Grand Totals
     99658      20488      25418        228   33691212     990883   ELF Image Totals (compressed)
     99658      20488      25418        228          0          0   ROM Totals

==============================================================================

    Total RO  Size (Code + RO Data)               125076 ( 122.14kB)
    Total RW  Size (RW Data + ZI Data)          33692048 (32902.39kB)
    Total ROM Size (Code + RO Data + RW Data)     125304 ( 122.37kB)

==============================================================================

