<html>
<body>
<pre>
<h1>礦ision Build Log</h1>
<h2>Tool Versions:</h2>
IDE-Version: μVision V5.23.0.0
Copyright (C) 2017 ARM Ltd and ARM Germany GmbH. All rights reserved.
License Information: jsh jsh, weihai, LIC=Y2BMM-XHYGT-TJX6H-WUDJQ-7BGKP-DHEZH
 
Tool Versions:
Toolchain:       MDK-ARM Professional  Version: 5.23
Toolchain Path:  C:\Keil_v5\ARM\ARMCC\Bin
C Compiler:      Armcc.exe V5.06 update 4 (build 422)
Assembler:       Armasm.exe V5.06 update 4 (build 422)
Linker/Locator:  ArmLink.exe V5.06 update 4 (build 422)
Library Manager: ArmAr.exe V5.06 update 4 (build 422)
Hex Converter:   FromElf.exe V5.06 update 4 (build 422)
CPU DLL:         SARMCM3.DLL V5.23
Dialog DLL:      DCM.DLL V1.15.0.0
Target DLL:      STLink\ST-LINKIII-KEIL_SWO.dll V2.0.18.0
Dialog DLL:      TCM.DLL V1.27.0.0
 
<h2>Project:</h2>
C:\Users\jsh\Desktop\项目管理\脑电采集\下位机\stm32f407\USER\openbci_V1.1sigle.uvprojx
Project File Date:  10/12/2019

<h2>Output:</h2>
*** Using Compiler 'V5.06 update 4 (build 422)', folder: 'C:\Keil_v5\ARM\ARMCC\Bin'
Build target 'NETWORK'
compiling main.c...
compiling spi.c...
compiling ads1299.c...
compiling tcp_server_demo.c...
..\LWIP\lwip_app\tcp_server_demo\tcp_server_demo.c(170): warning:  #177-D: variable "t"  was declared but never referenced
      u16 t=0;
..\LWIP\lwip_app\tcp_server_demo\tcp_server_demo.c(592): warning:  #223-D: function "ADS1299_SDATAC" declared implicitly
  			ADS1299_SDATAC();//退出连续读数模式，以便进行寄存器的设置
..\LWIP\lwip_app\tcp_server_demo\tcp_server_demo.c(47): warning:  #550-D: variable "Ad_Flag"  was set but never used
  static u8 Ad_Flag;
..\LWIP\lwip_app\tcp_server_demo\tcp_server_demo.c: 3 warnings, 0 errors
linking...
Program Size: Code=42220 RO-data=892 RW-data=436 ZI-data=242052  
FromELF: creating hex file...
"..\OBJ\Tempate.axf" - 0 Error(s), 3 Warning(s).

<h2>Collection of Component include folders:</h2>
  .\RTE\_NETWORK
  C:\Keil_v5\ARM\PACK\Keil\STM32F4xx_DFP\2.11.0\Drivers\CMSIS\Device\ST\STM32F4xx\Include

<h2>Collection of Component Files used:</h2>
Build Time Elapsed:  00:00:24
</pre>
</body>
</html>
