Component: ARM Compiler 5.06 update 4 (build 422) Tool: armlink [4d35d2]

==============================================================================

Section Cross References

    main.o(i.main) refers to sys.o(i.Stm32_Clock_Init) for Stm32_Clock_Init
    main.o(i.main) refers to stm32f4xx_hal.o(i.HAL_Init) for HAL_Init
    main.o(i.main) refers to delay.o(i.delay_init) for delay_init
    main.o(i.main) refers to usart.o(i.uart_init) for uart_init
    main.o(i.main) refers to sdram.o(i.SDRAM_Init) for SDRAM_Init
    main.o(i.main) refers to myiic.o(i.IIC_Init) for IIC_Init
    main.o(i.main) refers to ads1299.o(i.ADS1299_Init) for ADS1299_Init
    main.o(i.main) refers to malloc.o(i.my_mem_init) for my_mem_init
    main.o(i.main) refers to timer.o(i.TIM3_Init) for TIM3_Init
    main.o(i.main) refers to delay.o(i.delay_ms) for delay_ms
    main.o(i.main) refers to lwip_comm.o(i.lwip_comm_init) for lwip_comm_init
    main.o(i.main) refers to ad5933.o(i.wendu) for wendu
    main.o(i.main) refers to ad5933.o(i.AD5933_Start) for AD5933_Start
    main.o(i.main) refers to ad5933.o(i.AD5933_RES) for AD5933_RES
    main.o(i.main) refers to usmart_config.o(.data) for usmart_dev
    main.o(i.main) refers to main.o(.data) for .data
    stm32f4xx_it.o(i.SysTick_Handler) refers to stm32f4xx_hal.o(i.HAL_IncTick) for HAL_IncTick
    system_stm32f4xx.o(i.SystemCoreClockUpdate) refers to system_stm32f4xx.o(.data) for .data
    startup_stm32f429xx.o(RESET) refers to startup_stm32f429xx.o(STACK) for __initial_sp
    startup_stm32f429xx.o(RESET) refers to startup_stm32f429xx.o(.text) for Reset_Handler
    startup_stm32f429xx.o(RESET) refers to stm32f4xx_it.o(i.NMI_Handler) for NMI_Handler
    startup_stm32f429xx.o(RESET) refers to stm32f4xx_it.o(i.HardFault_Handler) for HardFault_Handler
    startup_stm32f429xx.o(RESET) refers to stm32f4xx_it.o(i.MemManage_Handler) for MemManage_Handler
    startup_stm32f429xx.o(RESET) refers to stm32f4xx_it.o(i.BusFault_Handler) for BusFault_Handler
    startup_stm32f429xx.o(RESET) refers to stm32f4xx_it.o(i.UsageFault_Handler) for UsageFault_Handler
    startup_stm32f429xx.o(RESET) refers to stm32f4xx_it.o(i.SVC_Handler) for SVC_Handler
    startup_stm32f429xx.o(RESET) refers to stm32f4xx_it.o(i.DebugMon_Handler) for DebugMon_Handler
    startup_stm32f429xx.o(RESET) refers to stm32f4xx_it.o(i.PendSV_Handler) for PendSV_Handler
    startup_stm32f429xx.o(RESET) refers to stm32f4xx_it.o(i.SysTick_Handler) for SysTick_Handler
    startup_stm32f429xx.o(RESET) refers to ads1299.o(i.EXTI4_IRQHandler) for EXTI4_IRQHandler
    startup_stm32f429xx.o(RESET) refers to spi.o(i.DMA1_Stream3_IRQHandler) for DMA1_Stream3_IRQHandler
    startup_stm32f429xx.o(RESET) refers to timer.o(i.TIM3_IRQHandler) for TIM3_IRQHandler
    startup_stm32f429xx.o(RESET) refers to usmart.o(i.TIM4_IRQHandler) for TIM4_IRQHandler
    startup_stm32f429xx.o(RESET) refers to usart.o(i.USART1_IRQHandler) for USART1_IRQHandler
    startup_stm32f429xx.o(RESET) refers to lan8720.o(i.ETH_IRQHandler) for ETH_IRQHandler
    startup_stm32f429xx.o(.text) refers to system_stm32f4xx.o(i.SystemInit) for SystemInit
    startup_stm32f429xx.o(.text) refers to entry.o(.ARM.Collect$$$$00000000) for __main
    stm32f4xx_hal.o(i.HAL_DeInit) refers to stm32f4xx_hal.o(i.HAL_MspDeInit) for HAL_MspDeInit
    stm32f4xx_hal.o(i.HAL_Delay) refers to stm32f4xx_hal.o(i.HAL_GetTick) for HAL_GetTick
    stm32f4xx_hal.o(i.HAL_GetTick) refers to stm32f4xx_hal.o(.data) for .data
    stm32f4xx_hal.o(i.HAL_IncTick) refers to stm32f4xx_hal.o(.data) for .data
    stm32f4xx_hal.o(i.HAL_Init) refers to stm32f4xx_hal_cortex.o(i.HAL_NVIC_SetPriorityGrouping) for HAL_NVIC_SetPriorityGrouping
    stm32f4xx_hal.o(i.HAL_Init) refers to stm32f4xx_hal.o(i.HAL_InitTick) for HAL_InitTick
    stm32f4xx_hal.o(i.HAL_Init) refers to stm32f4xx_hal.o(i.HAL_MspInit) for HAL_MspInit
    stm32f4xx_hal.o(i.HAL_InitTick) refers to stm32f4xx_hal_rcc.o(i.HAL_RCC_GetHCLKFreq) for HAL_RCC_GetHCLKFreq
    stm32f4xx_hal.o(i.HAL_InitTick) refers to stm32f4xx_hal_cortex.o(i.HAL_SYSTICK_Config) for HAL_SYSTICK_Config
    stm32f4xx_hal.o(i.HAL_InitTick) refers to stm32f4xx_hal_cortex.o(i.HAL_NVIC_SetPriority) for HAL_NVIC_SetPriority
    stm32f4xx_hal_cortex.o(i.HAL_NVIC_SetPriority) refers to stm32f4xx_hal_cortex.o(i.NVIC_SetPriority) for NVIC_SetPriority
    stm32f4xx_hal_cortex.o(i.HAL_SYSTICK_Config) refers to stm32f4xx_hal_cortex.o(i.NVIC_SetPriority) for NVIC_SetPriority
    stm32f4xx_hal_cortex.o(i.HAL_SYSTICK_IRQHandler) refers to stm32f4xx_hal_cortex.o(i.HAL_SYSTICK_Callback) for HAL_SYSTICK_Callback
    stm32f4xx_hal_gpio.o(i.HAL_GPIO_EXTI_IRQHandler) refers to ads1299.o(i.HAL_GPIO_EXTI_Callback) for HAL_GPIO_EXTI_Callback
    stm32f4xx_hal_pwr.o(i.HAL_PWR_PVD_IRQHandler) refers to stm32f4xx_hal_pwr.o(i.HAL_PWR_PVDCallback) for HAL_PWR_PVDCallback
    stm32f4xx_hal_pwr_ex.o(i.HAL_PWREx_ControlVoltageScaling) refers to stm32f4xx_hal.o(i.HAL_GetTick) for HAL_GetTick
[...]
    __ARM_use_no_argv                        0x00000000   Number         0  main.o ABSOLUTE
    _printf_a                                0x00000000   Number         0  stubs.o ABSOLUTE
    _printf_c                                0x00000000   Number         0  stubs.o ABSOLUTE
    _printf_charcount                        0x00000000   Number         0  stubs.o ABSOLUTE
    _printf_d                                0x00000000   Number         0  stubs.o ABSOLUTE
    _printf_e                                0x00000000   Number         0  stubs.o ABSOLUTE
    _printf_f                                0x00000000   Number         0  stubs.o ABSOLUTE
    _printf_flags                            0x00000000   Number         0  stubs.o ABSOLUTE
    _printf_fp_dec                           0x00000000   Number         0  stubs.o ABSOLUTE
    _printf_fp_hex                           0x00000000   Number         0  stubs.o ABSOLUTE
    _printf_g                                0x00000000   Number         0  stubs.o ABSOLUTE
    _printf_i                                0x00000000   Number         0  stubs.o ABSOLUTE
    _printf_int_dec                          0x00000000   Number         0  stubs.o ABSOLUTE
    _printf_l                                0x00000000   Number         0  stubs.o ABSOLUTE
    _printf_lc                               0x00000000   Number         0  stubs.o ABSOLUTE
    _printf_ll                               0x00000000   Number         0  stubs.o ABSOLUTE
    _printf_lld                              0x00000000   Number         0  stubs.o ABSOLUTE
    _printf_lli                              0x00000000   Number         0  stubs.o ABSOLUTE
    _printf_llo                              0x00000000   Number         0  stubs.o ABSOLUTE
    _printf_llu                              0x00000000   Number         0  stubs.o ABSOLUTE
    _printf_llx                              0x00000000   Number         0  stubs.o ABSOLUTE
    _printf_longlong_dec                     0x00000000   Number         0  stubs.o ABSOLUTE
    _printf_longlong_hex                     0x00000000   Number         0  stubs.o ABSOLUTE
    _printf_longlong_oct                     0x00000000   Number         0  stubs.o ABSOLUTE
    _printf_ls                               0x00000000   Number         0  stubs.o ABSOLUTE
    _printf_mbtowc                           0x00000000   Number         0  stubs.o ABSOLUTE
    _printf_n                                0x00000000   Number         0  stubs.o ABSOLUTE
    _printf_o                                0x00000000   Number         0  stubs.o ABSOLUTE
    _printf_p                                0x00000000   Number         0  stubs.o ABSOLUTE
    _printf_percent                          0x00000000   Number         0  stubs.o ABSOLUTE
    _printf_pre_padding                      0x00000000   Number         0  stubs.o ABSOLUTE
    _printf_return_value                     0x00000000   Number         0  stubs.o ABSOLUTE
    _printf_s                                0x00000000   Number         0  stubs.o ABSOLUTE
    _printf_sizespec                         0x00000000   Number         0  stubs.o ABSOLUTE
    _printf_str                              0x00000000   Number         0  stubs.o ABSOLUTE
    _printf_truncate_signed                  0x00000000   Number         0  stubs.o ABSOLUTE
    _printf_truncate_unsigned                0x00000000   Number         0  stubs.o ABSOLUTE
    _printf_u                                0x00000000   Number         0  stubs.o ABSOLUTE
    _printf_wc                               0x00000000   Number         0  stubs.o ABSOLUTE
    _printf_wctomb                           0x00000000   Number         0  stubs.o ABSOLUTE
    _printf_widthprec                        0x00000000   Number         0  stubs.o ABSOLUTE
    _printf_x                                0x00000000   Number         0  stubs.o ABSOLUTE
    __cpp_initialize__aeabi_                  - Undefined Weak Reference
    __cxa_finalize                            - Undefined Weak Reference
    _clock_init                               - Undefined Weak Reference
    _microlib_exit                            - Undefined Weak Reference
    __Vectors_Size                           0x000001ac   Number         0  startup_stm32f429xx.o ABSOLUTE
    __Vectors                                0x08000000   Data           4  startup_stm32f429xx.o(RESET)
    __Vectors_End                            0x080001ac   Data           0  startup_stm32f429xx.o(RESET)
    __main                                   0x080001ad   Thumb Code     0  entry.o(.ARM.Collect$$$$00000000)
    _main_stk                                0x080001ad   Thumb Code     0  entry2.o(.ARM.Collect$$$$00000001)
    _main_scatterload                        0x080001b1   Thumb Code     0  entry5.o(.ARM.Collect$$$$00000004)
    __main_after_scatterload                 0x080001b5   Thumb Code     0  entry5.o(.ARM.Collect$$$$00000004)
    _main_clock                              0x080001b5   Thumb Code     0  entry7b.o(.ARM.Collect$$$$00000008)
    _main_cpp_init                           0x080001b5   Thumb Code     0  entry8b.o(.ARM.Collect$$$$0000000A)
    _main_init                               0x080001b5   Thumb Code     0  entry9a.o(.ARM.Collect$$$$0000000B)
    __rt_final_cpp                           0x080001bd   Thumb Code     0  entry10a.o(.ARM.Collect$$$$0000000D)
    __rt_final_exit                          0x080001bd   Thumb Code     0  entry11a.o(.ARM.Collect$$$$0000000F)
    WFI_SET                                  0x080001c1   Thumb Code     2  sys.o(.emb_text)
    INTX_DISABLE                             0x080001c3   Thumb Code     4  sys.o(.emb_text)
    INTX_ENABLE                              0x080001c7   Thumb Code     4  sys.o(.emb_text)
    MSR_MSP                                  0x080001cb   Thumb Code     6  sys.o(.emb_text)
    Reset_Handler                            0x080001d1   Thumb Code     8  startup_stm32f429xx.o(.text)
    ADC_IRQHandler                           0x080001eb   Thumb Code     0  startup_stm32f429xx.o(.text)
    CAN1_RX0_IRQHandler                      0x080001eb   Thumb Code     0  startup_stm32f429xx.o(.text)
    CAN1_RX1_IRQHandler                      0x080001eb   Thumb Code     0  startup_stm32f429xx.o(.text)
    CAN1_SCE_IRQHandler                      0x080001eb   Thumb Code     0  startup_stm32f429xx.o(.text)
    CAN1_TX_IRQHandler                       0x080001eb   Thumb Code     0  startup_stm32f429xx.o(.text)
    CAN2_RX0_IRQHandler                      0x080001eb   Thumb Code     0  startup_stm32f429xx.o(.text)
    CAN2_RX1_IRQHandler                      0x080001eb   Thumb Code     0  startup_stm32f429xx.o(.text)
    CAN2_SCE_IRQHandler                      0x080001eb   Thumb Code     0  startup_stm32f429xx.o(.text)
    CAN2_TX_IRQHandler                       0x080001eb   Thumb Code     0  startup_stm32f429xx.o(.text)
    DCMI_IRQHandler                          0x080001eb   Thumb Code     0  startup_stm32f429xx.o(.text)
    DMA1_Stream0_IRQHandler                  0x080001eb   Thumb Code     0  startup_stm32f429xx.o(.text)
    DMA1_Stream1_IRQHandler                  0x080001eb   Thumb Code     0  startup_stm32f429xx.o(.text)
    DMA1_Stream2_IRQHandler                  0x080001eb   Thumb Code     0  startup_stm32f429xx.o(.text)
    DMA1_Stream4_IRQHandler                  0x080001eb   Thumb Code     0  startup_stm32f429xx.o(.text)
    DMA1_Stream5_IRQHandler                  0x080001eb   Thumb Code     0  startup_stm32f429xx.o(.text)
    DMA1_Stream6_IRQHandler                  0x080001eb   Thumb Code     0  startup_stm32f429xx.o(.text)
    DMA1_Stream7_IRQHandler                  0x080001eb   Thumb Code     0  startup_stm32f429xx.o(.text)
    DMA2D_IRQHandler                         0x080001eb   Thumb Code     0  startup_stm32f429xx.o(.text)
    DMA2_Stream0_IRQHandler                  0x080001eb   Thumb Code     0  startup_stm32f429xx.o(.text)
    DMA2_Stream1_IRQHandler                  0x080001eb   Thumb Code     0  startup_stm32f429xx.o(.text)
    DMA2_Stream2_IRQHandler                  0x080001eb   Thumb Code     0  startup_stm32f429xx.o(.text)
    DMA2_Stream3_IRQHandler                  0x080001eb   Thumb Code     0  startup_stm32f429xx.o(.text)
    DMA2_Stream4_IRQHandler                  0x080001eb   Thumb Code     0  startup_stm32f429xx.o(.text)
    DMA2_Stream5_IRQHandler                  0x080001eb   Thumb Code     0  startup_stm32f429xx.o(.text)
    DMA2_Stream6_IRQHandler                  0x080001eb   Thumb Code     0  startup_stm32f429xx.o(.text)
    DMA2_Stream7_IRQHandler                  0x080001eb   Thumb Code     0  startup_stm32f429xx.o(.text)
    ETH_WKUP_IRQHandler                      0x080001eb   Thumb Code     0  startup_stm32f429xx.o(.text)
    EXTI0_IRQHandler                         0x080001eb   Thumb Code     0  startup_stm32f429xx.o(.text)
    EXTI15_10_IRQHandler                     0x080001eb   Thumb Code     0  startup_stm32f429xx.o(.text)
    EXTI1_IRQHandler                         0x080001eb   Thumb Code     0  startup_stm32f429xx.o(.text)
    EXTI2_IRQHandler                         0x080001eb   Thumb Code     0  startup_stm32f429xx.o(.text)
    EXTI3_IRQHandler                         0x080001eb   Thumb Code     0  startup_stm32f429xx.o(.text)
    EXTI9_5_IRQHandler                       0x080001eb   Thumb Code     0  startup_stm32f429xx.o(.text)
    FLASH_IRQHandler                         0x080001eb   Thumb Code     0  startup_stm32f429xx.o(.text)
    FMC_IRQHandler                           0x080001eb   Thumb Code     0  startup_stm32f429xx.o(.text)
    FPU_IRQHandler                           0x080001eb   Thumb Code     0  startup_stm32f429xx.o(.text)
    HASH_RNG_IRQHandler                      0x080001eb   Thumb Code     0  startup_stm32f429xx.o(.text)
    I2C1_ER_IRQHandler                       0x080001eb   Thumb Code     0  startup_stm32f429xx.o(.text)
    I2C1_EV_IRQHandler                       0x080001eb   Thumb Code     0  startup_stm32f429xx.o(.text)
    I2C2_ER_IRQHandler                       0x080001eb   Thumb Code     0  startup_stm32f429xx.o(.text)
    I2C2_EV_IRQHandler                       0x080001eb   Thumb Code     0  startup_stm32f429xx.o(.text)
    I2C3_ER_IRQHandler                       0x080001eb   Thumb Code     0  startup_stm32f429xx.o(.text)
    I2C3_EV_IRQHandler                       0x080001eb   Thumb Code     0  startup_stm32f429xx.o(.text)
    LTDC_ER_IRQHandler                       0x080001eb   Thumb Code     0  startup_stm32f429xx.o(.text)
    LTDC_IRQHandler                          0x080001eb   Thumb Code     0  startup_stm32f429xx.o(.text)
    OTG_FS_IRQHandler                        0x080001eb   Thumb Code     0  startup_stm32f429xx.o(.text)
    OTG_FS_WKUP_IRQHandler                   0x080001eb   Thumb Code     0  startup_stm32f429xx.o(.text)
    OTG_HS_EP1_IN_IRQHandler                 0x080001eb   Thumb Code     0  startup_stm32f429xx.o(.text)
    OTG_HS_EP1_OUT_IRQHandler                0x080001eb   Thumb Code     0  startup_stm32f429xx.o(.text)
    OTG_HS_IRQHandler                        0x080001eb   Thumb Code     0  startup_stm32f429xx.o(.text)
    OTG_HS_WKUP_IRQHandler                   0x080001eb   Thumb Code     0  startup_stm32f429xx.o(.text)
    PVD_IRQHandler                           0x080001eb   Thumb Code     0  startup_stm32f429xx.o(.text)
    RCC_IRQHandler                           0x080001eb   Thumb Code     0  startup_stm32f429xx.o(.text)
    RTC_Alarm_IRQHandler                     0x080001eb   Thumb Code     0  startup_stm32f429xx.o(.text)
    RTC_WKUP_IRQHandler                      0x080001eb   Thumb Code     0  startup_stm32f429xx.o(.text)
    SAI1_IRQHandler                          0x080001eb   Thumb Code     0  startup_stm32f429xx.o(.text)
    SDIO_IRQHandler                          0x080001eb   Thumb Code     0  startup_stm32f429xx.o(.text)
    SPI1_IRQHandler                          0x080001eb   Thumb Code     0  startup_stm32f429xx.o(.text)
    SPI2_IRQHandler                          0x080001eb   Thumb Code     0  startup_stm32f429xx.o(.text)
    SPI3_IRQHandler                          0x080001eb   Thumb Code     0  startup_stm32f429xx.o(.text)
    SPI4_IRQHandler                          0x080001eb   Thumb Code     0  startup_stm32f429xx.o(.text)
    SPI5_IRQHandler                          0x080001eb   Thumb Code     0  startup_stm32f429xx.o(.text)
    SPI6_IRQHandler                          0x080001eb   Thumb Code     0  startup_stm32f429xx.o(.text)
    TAMP_STAMP_IRQHandler                    0x080001eb   Thumb Code     0  startup_stm32f429xx.o(.text)
    TIM1_BRK_TIM9_IRQHandler                 0x080001eb   Thumb Code     0  startup_stm32f429xx.o(.text)
    TIM1_CC_IRQHandler                       0x080001eb   Thumb Code     0  startup_stm32f429xx.o(.text)
    TIM1_TRG_COM_TIM11_IRQHandler            0x080001eb   Thumb Code     0  startup_stm32f429xx.o(.text)
    TIM1_UP_TIM10_IRQHandler                 0x080001eb   Thumb Code     0  startup_stm32f429xx.o(.text)
    TIM2_IRQHandler                          0x080001eb   Thumb Code     0  startup_stm32f429xx.o(.text)
    TIM5_IRQHandler                          0x080001eb   Thumb Code     0  startup_stm32f429xx.o(.text)
    TIM6_DAC_IRQHandler                      0x080001eb   Thumb Code     0  startup_stm32f429xx.o(.text)
    TIM7_IRQHandler                          0x080001eb   Thumb Code     0  startup_stm32f429xx.o(.text)
    TIM8_BRK_TIM12_IRQHandler                0x080001eb   Thumb Code     0  startup_stm32f429xx.o(.text)
    TIM8_CC_IRQHandler                       0x080001eb   Thumb Code     0  startup_stm32f429xx.o(.text)
    TIM8_TRG_COM_TIM14_IRQHandler            0x080001eb   Thumb Code     0  startup_stm32f429xx.o(.text)
    TIM8_UP_TIM13_IRQHandler                 0x080001eb   Thumb Code     0  startup_stm32f429xx.o(.text)
    UART4_IRQHandler                         0x080001eb   Thumb Code     0  startup_stm32f429xx.o(.text)
    UART5_IRQHandler                         0x080001eb   Thumb Code     0  startup_stm32f429xx.o(.text)
    UART7_IRQHandler                         0x080001eb   Thumb Code     0  startup_stm32f429xx.o(.text)
    UART8_IRQHandler                         0x080001eb   Thumb Code     0  startup_stm32f429xx.o(.text)
    USART2_IRQHandler                        0x080001eb   Thumb Code     0  startup_stm32f429xx.o(.text)
    USART3_IRQHandler                        0x080001eb   Thumb Code     0  startup_stm32f429xx.o(.text)
    USART6_IRQHandler                        0x080001eb   Thumb Code     0  startup_stm32f429xx.o(.text)
    WWDG_IRQHandler                          0x080001eb   Thumb Code     0  startup_stm32f429xx.o(.text)
    __aeabi_memcpy                           0x080001f5   Thumb Code    36  memcpya.o(.text)
    __aeabi_memcpy4                          0x080001f5   Thumb Code     0  memcpya.o(.text)
    __aeabi_memcpy8                          0x080001f5   Thumb Code     0  memcpya.o(.text)
    __aeabi_memset                           0x08000219   Thumb Code    14  memseta.o(.text)
    __aeabi_memset4                          0x08000219   Thumb Code     0  memseta.o(.text)
    __aeabi_memset8                          0x08000219   Thumb Code     0  memseta.o(.text)
    __aeabi_memclr                           0x08000227   Thumb Code     4  memseta.o(.text)
    __aeabi_memclr4                          0x08000227   Thumb Code     0  memseta.o(.text)
    __aeabi_memclr8                          0x08000227   Thumb Code     0  memseta.o(.text)
    _memset$wrapper                          0x0800022b   Thumb Code    18  memseta.o(.text)
    memcmp                                   0x0800023d   Thumb Code    26  memcmp.o(.text)
    __aeabi_i2d                              0x08000257   Thumb Code    34  dflti.o(.text)
    __aeabi_d2uiz                            0x08000279   Thumb Code    50  dfixui.o(.text)
    __aeabi_uldivmod                         0x080002ab   Thumb Code    98  uldiv.o(.text)
    __aeabi_llsr                             0x0800030d   Thumb Code    32  llushr.o(.text)
    _ll_ushift_r                             0x0800030d   Thumb Code     0  llushr.o(.text)
    __I$use$fp                               0x0800032d   Thumb Code     0  iusefp.o(.text)
    _double_round                            0x0800032d   Thumb Code    30  depilogue.o(.text)
    _double_epilogue                         0x0800034b   Thumb Code   156  depilogue.o(.text)
    _dsqrt                                   0x080003e7   Thumb Code   162  dsqrt.o(.text)
    __scatterload                            0x08000489   Thumb Code    28  init.o(.text)
    __scatterload_rt2                        0x08000489   Thumb Code     0  init.o(.text)
    __aeabi_llsl                             0x080004ad   Thumb Code    30  llshl.o(.text)
    __semihosting_library_function           0x080004ad   Thumb Code     0  semi.o(.text)
    _ll_shift_l                              0x080004ad   Thumb Code     0  llshl.o(.text)
    __I$use$semihosting$fputc                0x080004cb   Thumb Code     0  iusesemip.o(.text)
    __decompress                             0x080004cb   Thumb Code     0  __dczerorl2.o(.text)
    __decompress1                            0x080004cb   Thumb Code    86  __dczerorl2.o(.text)
    AD5933_RES                               0x08000521   Thumb Code   126  ad5933.o(i.AD5933_RES)
    AD5933_Read_Byte                         0x080005a5   Thumb Code    36  ad5933.o(i.AD5933_Read_Byte)
    AD5933_Set_Point                         0x080005c9   Thumb Code    46  ad5933.o(i.AD5933_Set_Point)
    AD5933_Start                             0x080005f7   Thumb Code   192  ad5933.o(i.AD5933_Start)
    AD5933_WRITE_COMMAND                     0x080006b7   Thumb Code    74  ad5933.o(i.AD5933_WRITE_COMMAND)
    ADS1299_CHANGE_CHANEL                    0x08000701   Thumb Code    40  ads1299.o(i.ADS1299_CHANGE_CHANEL)
    ADS1299_Init                             0x0800072d   Thumb Code   260  ads1299.o(i.ADS1299_Init)
    BusFault_Handler                         0x0800084d   Thumb Code     2  stm32f4xx_it.o(i.BusFault_Handler)
    DMA1_Stream3_IRQHandler                  0x08000851   Thumb Code   112  spi.o(i.DMA1_Stream3_IRQHandler)
    DebugMon_Handler                         0x080008d1   Thumb Code     2  stm32f4xx_it.o(i.DebugMon_Handler)
    ETH_GetRxPktSize                         0x08000901   Thumb Code    30  lan8720.o(i.ETH_GetRxPktSize)
    ETH_IRQHandler                           0x08000921   Thumb Code    38  lan8720.o(i.ETH_IRQHandler)
    ETH_Mem_Malloc                           0x08000a71   Thumb Code    54  lan8720.o(i.ETH_Mem_Malloc)
    EXTI4_IRQHandler                         0x08000aad   Thumb Code    14  ads1299.o(i.EXTI4_IRQHandler)
    FMC_SDRAM_Init                           0x08000ac1   Thumb Code    76  stm32f4xx_ll_fmc.o(i.FMC_SDRAM_Init)
    FMC_SDRAM_ProgramRefreshRate             0x08000b0d   Thumb Code    12  stm32f4xx_ll_fmc.o(i.FMC_SDRAM_ProgramRefreshRate)
    FMC_SDRAM_SendCommand                    0x08000b19   Thumb Code    72  stm32f4xx_ll_fmc.o(i.FMC_SDRAM_SendCommand)
    FMC_SDRAM_Timing_Init                    0x08000b61   Thumb Code   124  stm32f4xx_ll_fmc.o(i.FMC_SDRAM_Timing_Init)
    HAL_DMA_Abort                            0x08000bdd   Thumb Code    82  stm32f4xx_hal_dma.o(i.HAL_DMA_Abort)
    HAL_Delay                                0x08000c2f   Thumb Code    22  stm32f4xx_hal.o(i.HAL_Delay)
    HAL_ETH_DMARxDescListInit                0x08000c45   Thumb Code   114  stm32f4xx_hal_eth.o(i.HAL_ETH_DMARxDescListInit)
    HAL_ETH_DMATxDescListInit                0x08000cb7   Thumb Code   120  stm32f4xx_hal_eth.o(i.HAL_ETH_DMATxDescListInit)
    HAL_ETH_GetReceivedFrame                 0x08000d2f   Thumb Code   122  stm32f4xx_hal_eth.o(i.HAL_ETH_GetReceivedFrame)
    HAL_ETH_Init                             0x08000da9   Thumb Code   396  stm32f4xx_hal_eth.o(i.HAL_ETH_Init)
    HAL_ETH_MspInit                          0x08000f5d   Thumb Code   206  lan8720.o(i.HAL_ETH_MspInit)
    HAL_ETH_ReadPHYRegister                  0x08001041   Thumb Code   134  stm32f4xx_hal_eth.o(i.HAL_ETH_ReadPHYRegister)
    HAL_ETH_Start                            0x080010c7   Thumb Code   132  stm32f4xx_hal_eth.o(i.HAL_ETH_Start)
    HAL_ETH_TransmitFrame                    0x0800114b   Thumb Code   264  stm32f4xx_hal_eth.o(i.HAL_ETH_TransmitFrame)
    HAL_ETH_WritePHYRegister                 0x08001253   Thumb Code   118  stm32f4xx_hal_eth.o(i.HAL_ETH_WritePHYRegister)
    HAL_GPIO_Init                            0x080012c9   Thumb Code   422  stm32f4xx_hal_gpio.o(i.HAL_GPIO_Init)
    HAL_GPIO_WritePin                        0x080014a5   Thumb Code    10  stm32f4xx_hal_gpio.o(i.HAL_GPIO_WritePin)
    HAL_GetTick                              0x080014b1   Thumb Code     6  stm32f4xx_hal.o(i.HAL_GetTick)
    HAL_IncTick                              0x080014bd   Thumb Code    10  stm32f4xx_hal.o(i.HAL_IncTick)
    HAL_Init                                 0x080014cd   Thumb Code    48  stm32f4xx_hal.o(i.HAL_Init)
    HAL_InitTick                             0x08001501   Thumb Code    34  stm32f4xx_hal.o(i.HAL_InitTick)
    HAL_MspInit                              0x08001523   Thumb Code     8  stm32f4xx_hal.o(i.HAL_MspInit)
    HAL_NVIC_EnableIRQ                       0x0800152b   Thumb Code    22  stm32f4xx_hal_cortex.o(i.HAL_NVIC_EnableIRQ)
    HAL_NVIC_SetPriority                     0x08001541   Thumb Code    60  stm32f4xx_hal_cortex.o(i.HAL_NVIC_SetPriority)
    HAL_NVIC_SetPriorityGrouping             0x08001581   Thumb Code    26  stm32f4xx_hal_cortex.o(i.HAL_NVIC_SetPriorityGrouping)
    HAL_PWREx_EnableOverDrive                0x080015a5   Thumb Code   122  stm32f4xx_hal_pwr_ex.o(i.HAL_PWREx_EnableOverDrive)
    HAL_RCC_ClockConfig                      0x0800162d   Thumb Code   512  stm32f4xx_hal_rcc.o(i.HAL_RCC_ClockConfig)
    HAL_RCC_GetHCLKFreq                      0x08001835   Thumb Code    38  stm32f4xx_hal_rcc.o(i.HAL_RCC_GetHCLKFreq)
    HAL_RCC_GetPCLK1Freq                     0x08001869   Thumb Code    36  stm32f4xx_hal_rcc.o(i.HAL_RCC_GetPCLK1Freq)
    HAL_RCC_GetPCLK2Freq                     0x08001895   Thumb Code    36  stm32f4xx_hal_rcc.o(i.HAL_RCC_GetPCLK2Freq)
    HAL_RCC_GetSysClockFreq                  0x080018c1   Thumb Code   104  stm32f4xx_hal_rcc.o(i.HAL_RCC_GetSysClockFreq)
    HAL_RCC_OscConfig                        0x08001935   Thumb Code   774  stm32f4xx_hal_rcc.o(i.HAL_RCC_OscConfig)
    HAL_SDRAM_Init                           0x08001c51   Thumb Code    66  stm32f4xx_hal_sdram.o(i.HAL_SDRAM_Init)
    HAL_SDRAM_MspInit                        0x08001c95   Thumb Code   194  sdram.o(i.HAL_SDRAM_MspInit)
    HAL_SDRAM_ProgramRefreshRate             0x08001d71   Thumb Code    34  stm32f4xx_hal_sdram.o(i.HAL_SDRAM_ProgramRefreshRate)
    HAL_SDRAM_SendCommand                    0x08001d93   Thumb Code    46  stm32f4xx_hal_sdram.o(i.HAL_SDRAM_SendCommand)
    HAL_SPI_DMAStop                          0x08001dc1   Thumb Code    50  stm32f4xx_hal_spi.o(i.HAL_SPI_DMAStop)
    HAL_SPI_Init                             0x08001df3   Thumb Code   132  stm32f4xx_hal_spi.o(i.HAL_SPI_Init)
    HAL_SPI_MspInit                          0x08001e79   Thumb Code   128  spi.o(i.HAL_SPI_MspInit)
    HAL_SPI_TransmitReceive                  0x08001f05   Thumb Code   682  stm32f4xx_hal_spi.o(i.HAL_SPI_TransmitReceive)
    HAL_SYSTICK_CLKSourceConfig              0x080021af   Thumb Code    24  stm32f4xx_hal_cortex.o(i.HAL_SYSTICK_CLKSourceConfig)
    HAL_SYSTICK_Config                       0x080021c7   Thumb Code    40  stm32f4xx_hal_cortex.o(i.HAL_SYSTICK_Config)
    HAL_TIMEx_BreakCallback                  0x080021ef   Thumb Code     2  stm32f4xx_hal_tim_ex.o(i.HAL_TIMEx_BreakCallback)
    HAL_TIMEx_CommutationCallback            0x080021f1   Thumb Code     2  stm32f4xx_hal_tim_ex.o(i.HAL_TIMEx_CommutationCallback)
    HAL_TIM_Base_Init                        0x080021f3   Thumb Code    54  stm32f4xx_hal_tim.o(i.HAL_TIM_Base_Init)
    HAL_TIM_Base_MspInit                     0x08002229   Thumb Code    50  timer.o(i.HAL_TIM_Base_MspInit)
    HAL_TIM_Base_Start_IT                    0x08002265   Thumb Code    24  stm32f4xx_hal_tim.o(i.HAL_TIM_Base_Start_IT)
    HAL_TIM_IC_CaptureCallback               0x0800227d   Thumb Code     2  stm32f4xx_hal_tim.o(i.HAL_TIM_IC_CaptureCallback)
    HAL_TIM_IRQHandler                       0x0800227f   Thumb Code   358  stm32f4xx_hal_tim.o(i.HAL_TIM_IRQHandler)
    HAL_TIM_OC_DelayElapsedCallback          0x080023e5   Thumb Code     2  stm32f4xx_hal_tim.o(i.HAL_TIM_OC_DelayElapsedCallback)
    HAL_TIM_PWM_PulseFinishedCallback        0x080023e7   Thumb Code     2  stm32f4xx_hal_tim.o(i.HAL_TIM_PWM_PulseFinishedCallback)
    HAL_TIM_PeriodElapsedCallback            0x080023e9   Thumb Code    16  timer.o(i.HAL_TIM_PeriodElapsedCallback)
    HAL_TIM_TriggerCallback                  0x08002401   Thumb Code     2  stm32f4xx_hal_tim.o(i.HAL_TIM_TriggerCallback)
    HAL_UART_ErrorCallback                   0x08002403   Thumb Code     2  stm32f4xx_hal_uart.o(i.HAL_UART_ErrorCallback)
    HAL_UART_GetState                        0x08002405   Thumb Code     6  stm32f4xx_hal_uart.o(i.HAL_UART_GetState)
    HAL_UART_IRQHandler                      0x0800240b   Thumb Code   244  stm32f4xx_hal_uart.o(i.HAL_UART_IRQHandler)
    HAL_UART_Init                            0x080024ff   Thumb Code    94  stm32f4xx_hal_uart.o(i.HAL_UART_Init)
    HAL_UART_MspInit                         0x0800255d   Thumb Code   112  usart.o(i.HAL_UART_MspInit)
    HAL_UART_Receive_IT                      0x080025d9   Thumb Code   104  stm32f4xx_hal_uart.o(i.HAL_UART_Receive_IT)
    HAL_UART_RxCpltCallback                  0x08002641   Thumb Code    76  usart.o(i.HAL_UART_RxCpltCallback)
    HAL_UART_TxCpltCallback                  0x08002699   Thumb Code     2  stm32f4xx_hal_uart.o(i.HAL_UART_TxCpltCallback)
    HardFault_Handler                        0x0800269b   Thumb Code     2  stm32f4xx_it.o(i.HardFault_Handler)
    IIC_Ack                                  0x0800269d   Thumb Code    56  myiic.o(i.IIC_Ack)
    IIC_Init                                 0x080026dd   Thumb Code    60  myiic.o(i.IIC_Init)
    IIC_NAck                                 0x08002725   Thumb Code    56  myiic.o(i.IIC_NAck)
    IIC_Read_Byte                            0x08002765   Thumb Code    96  myiic.o(i.IIC_Read_Byte)
    IIC_Send_Byte                            0x080027cd   Thumb Code    86  myiic.o(i.IIC_Send_Byte)
    IIC_Start                                0x0800282d   Thumb Code    56  myiic.o(i.IIC_Start)
    IIC_Stop                                 0x0800286d   Thumb Code    58  myiic.o(i.IIC_Stop)
    IIC_Wait_Ack                             0x080028b1   Thumb Code    70  myiic.o(i.IIC_Wait_Ack)
    LAN8720_Init                             0x08002901   Thumb Code   172  lan8720.o(i.LAN8720_Init)
    MemManage_Handler                        0x080029c1   Thumb Code     2  stm32f4xx_it.o(i.MemManage_Handler)
    NMI_Handler                              0x080029c3   Thumb Code     2  stm32f4xx_it.o(i.NMI_Handler)
    PendSV_Handler                           0x080029e5   Thumb Code     2  stm32f4xx_it.o(i.PendSV_Handler)
    Recev_Data                               0x080029e9   Thumb Code   128  ads1299.o(i.Recev_Data)
    SDRAM_Init                               0x08002a7d   Thumb Code   148  sdram.o(i.SDRAM_Init)
    SDRAM_Send_Cmd                           0x08002b19   Thumb Code    48  sdram.o(i.SDRAM_Send_Cmd)
    SPI2_Init                                0x08002b4d   Thumb Code    70  spi.o(i.SPI2_Init)
    SPI2_ReadWriteByte                       0x08002b9d   Thumb Code    28  spi.o(i.SPI2_ReadWriteByte)
    SPI2_SetSpeed                            0x08002bbd   Thumb Code    46  spi.o(i.SPI2_SetSpeed)
    SVC_Handler                              0x08002c8f   Thumb Code     2  stm32f4xx_it.o(i.SVC_Handler)
    Stm32_Clock_Init                         0x08002c91   Thumb Code   122  sys.o(i.Stm32_Clock_Init)
    SysTick_Handler                          0x08002d15   Thumb Code     4  stm32f4xx_it.o(i.SysTick_Handler)
    SystemInit                               0x08002d19   Thumb Code    66  system_stm32f4xx.o(i.SystemInit)
    TIM3_IRQHandler                          0x08002d6d   Thumb Code     6  timer.o(i.TIM3_IRQHandler)
    TIM3_Init                                0x08002d79   Thumb Code    34  timer.o(i.TIM3_Init)
    TIM4_IRQHandler                          0x08002da5   Thumb Code    44  usmart.o(i.TIM4_IRQHandler)
    TIM_Base_SetConfig                       0x08002dd9   Thumb Code   148  stm32f4xx_hal_tim.o(i.TIM_Base_SetConfig)
    Timer4_Init                              0x08002e99   Thumb Code    72  usmart.o(i.Timer4_Init)
    USART1_IRQHandler                        0x08003171   Thumb Code    56  usart.o(i.USART1_IRQHandler)
    UsageFault_Handler                       0x080031b5   Thumb Code     2  stm32f4xx_it.o(i.UsageFault_Handler)
    __0printf$8                              0x080031b9   Thumb Code    22  printf8.o(i.__0printf$8)
    __1printf$8                              0x080031b9   Thumb Code     0  printf8.o(i.__0printf$8)
    __2printf                                0x080031b9   Thumb Code     0  printf8.o(i.__0printf$8)
    __hardfp_sqrt                            0x080031d9   Thumb Code   122  sqrt.o(i.__hardfp_sqrt)
    __scatterload_copy                       0x08003253   Thumb Code    14  handlers.o(i.__scatterload_copy)
    __scatterload_null                       0x08003261   Thumb Code     2  handlers.o(i.__scatterload_null)
    __scatterload_zeroinit                   0x08003263   Thumb Code    14  handlers.o(i.__scatterload_zeroinit)
    __set_errno                              0x08003271   Thumb Code     6  errno.o(i.__set_errno)
    delay_init                               0x080036fd   Thumb Code    16  delay.o(i.delay_init)
    delay_ms                                 0x08003711   Thumb Code    26  delay.o(i.delay_ms)
    delay_us                                 0x0800372d   Thumb Code    48  delay.o(i.delay_us)
    etharp_output                            0x08003b15   Thumb Code   290  etharp.o(i.etharp_output)
    etharp_query                             0x08003da1   Thumb Code   292  etharp.o(i.etharp_query)
    etharp_request                           0x080040dd   Thumb Code    32  etharp.o(i.etharp_request)
    etharp_tmr                               0x080041a1   Thumb Code    66  etharp.o(i.etharp_tmr)
    ethernet_input                           0x080042f9   Thumb Code   154  etharp.o(i.ethernet_input)
    ethernetif_init                          0x08004411   Thumb Code    48  ethernetif.o(i.ethernetif_init)
    ethernetif_input                         0x080044ad   Thumb Code    38  ethernetif.o(i.ethernetif_input)
    fputc                                    0x080044d3   Thumb Code    18  fputc.o(i.fputc)
    icmp_dest_unreach                        0x080044e5   Thumb Code     8  icmp.o(i.icmp_dest_unreach)
    icmp_input                               0x080044ed   Thumb Code   310  icmp.o(i.icmp_input)
    icmp_time_exceeded                       0x08004865   Thumb Code     8  icmp.o(i.icmp_time_exceeded)
    inet_chksum                              0x0800486d   Thumb Code    12  inet_chksum.o(i.inet_chksum)
    inet_chksum_pbuf                         0x08004879   Thumb Code    72  inet_chksum.o(i.inet_chksum_pbuf)
    ip4_addr_isbroadcast                     0x080048c1   Thumb Code    46  ip_addr.o(i.ip4_addr_isbroadcast)
    ip_frag                                  0x080048f1   Thumb Code   378  ip_frag.o(i.ip_frag)
    ip_input                                 0x08004b6d   Thumb Code   326  ip.o(i.ip_input)
    ip_output                                0x08004cbd   Thumb Code    72  ip.o(i.ip_output)
    ip_output_if                             0x08004d65   Thumb Code   208  ip.o(i.ip_output_if)
    ip_reass                                 0x08004ec9   Thumb Code   414  ip_frag.o(i.ip_reass)
    ip_reass_tmr                             0x080055a1   Thumb Code    40  ip_frag.o(i.ip_reass_tmr)
    ip_route                                 0x080055cd   Thumb Code    54  ip.o(i.ip_route)
    lwip_comm_default_ip_set                 0x08005879   Thumb Code    74  lwip_comm.o(i.lwip_comm_default_ip_set)
    lwip_comm_init                           0x080058c9   Thumb Code   144  lwip_comm.o(i.lwip_comm_init)
    lwip_comm_mem_malloc                     0x08005965   Thumb Code    36  lwip_comm.o(i.lwip_comm_mem_malloc)
    lwip_htonl                               0x08005991   Thumb Code     4  def.o(i.lwip_htonl)
    lwip_htons                               0x08005995   Thumb Code     4  def.o(i.lwip_htons)
    lwip_init                                0x08005999   Thumb Code    30  init.o(i.lwip_init)
    lwip_ntohl                               0x080059b7   Thumb Code     4  def.o(i.lwip_ntohl)
    lwip_ntohs                               0x080059bb   Thumb Code     4  def.o(i.lwip_ntohs)
    lwip_pkt_handle                          0x080059c1   Thumb Code     6  lwip_comm.o(i.lwip_pkt_handle)
    main                                     0x08005a25   Thumb Code   122  main.o(i.main)
    mem_free                                 0x08005aa9   Thumb Code   110  mem.o(i.mem_free)
    mem_init                                 0x08005bbd   Thumb Code    44  mem.o(i.mem_init)
    mem_malloc                               0x08005bed   Thumb Code   258  mem.o(i.mem_malloc)
    mem_trim                                 0x08005de5   Thumb Code   240  mem.o(i.mem_trim)
    memp_free                                0x08005f61   Thumb Code    40  memp.o(i.memp_free)
    memp_get_memorysize                      0x08005ffd   Thumb Code     6  memp.o(i.memp_get_memorysize)
    memp_init                                0x08006005   Thumb Code    80  memp.o(i.memp_init)
    memp_malloc                              0x08006061   Thumb Code    62  memp.o(i.memp_malloc)
    my_mem_free                              0x08006139   Thumb Code    80  malloc.o(i.my_mem_free)
    my_mem_init                              0x08006191   Thumb Code    36  malloc.o(i.my_mem_init)
    my_mem_malloc                            0x080061bd   Thumb Code   128  malloc.o(i.my_mem_malloc)
    my_mem_perused                           0x08006245   Thumb Code    50  malloc.o(i.my_mem_perused)
    myfree                                   0x08006281   Thumb Code    20  malloc.o(i.myfree)
    mymalloc                                 0x08006299   Thumb Code    28  malloc.o(i.mymalloc)
    mymemset                                 0x080062b9   Thumb Code    12  malloc.o(i.mymemset)
    netcam_fifo_write                        0x080062c5   Thumb Code    52  tcp_server_demo.o(i.netcam_fifo_write)
    netif_add                                0x080062fd   Thumb Code    94  netif.o(i.netif_add)
    netif_init                               0x080063c9   Thumb Code     2  netif.o(i.netif_init)
    netif_set_addr                           0x080063cb   Thumb Code    32  netif.o(i.netif_set_addr)
    netif_set_default                        0x080063ed   Thumb Code     6  netif.o(i.netif_set_default)
    netif_set_gw                             0x080063f9   Thumb Code     8  netif.o(i.netif_set_gw)
    netif_set_ipaddr                         0x08006401   Thumb Code    96  netif.o(i.netif_set_ipaddr)
    netif_set_netmask                        0x08006469   Thumb Code     8  netif.o(i.netif_set_netmask)
    netif_set_up                             0x08006471   Thumb Code    32  netif.o(i.netif_set_up)
    pbuf_alloc                               0x08006491   Thumb Code   460  pbuf.o(i.pbuf_alloc)
    pbuf_alloced_custom                      0x080067ed   Thumb Code   100  pbuf.o(i.pbuf_alloced_custom)
    pbuf_cat                                 0x080068c5   Thumb Code    96  pbuf.o(i.pbuf_cat)
    pbuf_clen                                0x080069ed   Thumb Code    18  pbuf.o(i.pbuf_clen)
    pbuf_copy                                0x08006a01   Thumb Code   240  pbuf.o(i.pbuf_copy)
    pbuf_copy_partial                        0x08006be1   Thumb Code   126  pbuf.o(i.pbuf_copy_partial)
    pbuf_free                                0x08006cf5   Thumb Code   170  pbuf.o(i.pbuf_free)
    pbuf_header                              0x08006e51   Thumb Code   138  pbuf.o(i.pbuf_header)
    pbuf_realloc                             0x08006f69   Thumb Code   186  pbuf.o(i.pbuf_realloc)
    pbuf_ref                                 0x080070f1   Thumb Code    12  pbuf.o(i.pbuf_ref)
    raw_input                                0x08007269   Thumb Code   104  raw.o(i.raw_input)
    read_addr                                0x080072dd   Thumb Code     4  usmart.o(i.read_addr)
    sys_now                                  0x080072e1   Thumb Code     6  sys_arch.o(i.sys_now)
    sys_timeout                              0x080072ed   Thumb Code   104  timers.o(i.sys_timeout)
    sys_timeouts_init                        0x080073ed   Thumb Code    36  timers.o(i.sys_timeouts_init)
    tcp_abandon                              0x0800741d   Thumb Code   158  tcp.o(i.tcp_abandon)
    tcp_abort                                0x08007545   Thumb Code     6  tcp.o(i.tcp_abort)
    tcp_alloc                                0x0800754d   Thumb Code   236  tcp.o(i.tcp_alloc)
    tcp_close                                0x08007645   Thumb Code    20  tcp.o(i.tcp_close)
    tcp_eff_send_mss                         0x08007897   Thumb Code    32  tcp.o(i.tcp_eff_send_mss)
    tcp_enqueue_flags                        0x080078b9   Thumb Code   286  tcp_out.o(i.tcp_enqueue_flags)
    tcp_fasttmr                              0x08007ad9   Thumb Code    88  tcp.o(i.tcp_fasttmr)
    tcp_init                                 0x08007b35   Thumb Code     2  tcp.o(i.tcp_init)
    tcp_input                                0x08007b39   Thumb Code   890  tcp_in.o(i.tcp_input)
    tcp_keepalive                            0x08008045   Thumb Code    60  tcp_out.o(i.tcp_keepalive)
    tcp_next_iss                             0x08008165   Thumb Code    12  tcp.o(i.tcp_next_iss)
    tcp_output                               0x08008175   Thumb Code   434  tcp_out.o(i.tcp_output)
    tcp_pcb_purge                            0x080085f5   Thumb Code    58  tcp.o(i.tcp_pcb_purge)
    tcp_pcb_remove                           0x08008631   Thumb Code   126  tcp.o(i.tcp_pcb_remove)
    tcp_process_refused_data                 0x08008b59   Thumb Code   100  tcp.o(i.tcp_process_refused_data)
    tcp_recv_null                            0x08009259   Thumb Code    36  tcp.o(i.tcp_recv_null)
    tcp_recved                               0x0800927d   Thumb Code   104  tcp.o(i.tcp_recved)
    tcp_rexmit                               0x08009381   Thumb Code    82  tcp_out.o(i.tcp_rexmit)
    tcp_rexmit_fast                          0x080093d3   Thumb Code    88  tcp_out.o(i.tcp_rexmit_fast)
    tcp_rexmit_rto                           0x0800942b   Thumb Code    46  tcp_out.o(i.tcp_rexmit_rto)
    tcp_rst                                  0x08009459   Thumb Code   138  tcp_out.o(i.tcp_rst)
    tcp_seg_free                             0x08009569   Thumb Code    28  tcp.o(i.tcp_seg_free)
    tcp_segs_free                            0x08009585   Thumb Code    18  tcp.o(i.tcp_segs_free)
    tcp_send_empty_ack                       0x08009597   Thumb Code    72  tcp_out.o(i.tcp_send_empty_ack)
    tcp_send_fin                             0x080095df   Thumb Code    70  tcp_out.o(i.tcp_send_fin)
    tcp_slowtmr                              0x08009625   Thumb Code   754  tcp.o(i.tcp_slowtmr)
    tcp_timer_needed                         0x08009ad9   Thumb Code    36  timers.o(i.tcp_timer_needed)
    tcp_tmr                                  0x08009b79   Thumb Code    28  tcp.o(i.tcp_tmr)
    tcp_update_rcv_ann_wnd                   0x08009b99   Thumb Code    76  tcp.o(i.tcp_update_rcv_ann_wnd)
    tcp_zero_window_probe                    0x08009c51   Thumb Code   146  tcp_out.o(i.tcp_zero_window_probe)
    uart_init                                0x08009d1d   Thumb Code    44  usart.o(i.uart_init)
    udp_init                                 0x08009d55   Thumb Code     2  udp.o(i.udp_init)
    udp_input                                0x08009d59   Thumb Code   328  udp.o(i.udp_input)
    usmart_cmd_rec                           0x08009f25   Thumb Code   144  usmart.o(i.usmart_cmd_rec)
    usmart_exe                               0x08009fb9   Thumb Code   510  usmart.o(i.usmart_exe)
    usmart_get_aparm                         0x0800a219   Thumb Code   156  usmart_str.o(i.usmart_get_aparm)
    usmart_get_cmdname                       0x0800a2b5   Thumb Code    46  usmart_str.o(i.usmart_get_cmdname)
    usmart_get_fname                         0x0800a2e5   Thumb Code   352  usmart_str.o(i.usmart_get_fname)
    usmart_get_fparam                        0x0800a44d   Thumb Code   202  usmart_str.o(i.usmart_get_fparam)
    usmart_get_parmpos                       0x0800a51d   Thumb Code    30  usmart_str.o(i.usmart_get_parmpos)
    usmart_get_runtime                       0x0800a541   Thumb Code    38  usmart.o(i.usmart_get_runtime)
    usmart_init                              0x0800a571   Thumb Code    36  usmart.o(i.usmart_init)
    usmart_pow                               0x0800a599   Thumb Code    16  usmart_str.o(i.usmart_pow)
    usmart_reset_runtime                     0x0800a5a9   Thumb Code    32  usmart.o(i.usmart_reset_runtime)
    usmart_scan                              0x0800a5d1   Thumb Code    94  usmart.o(i.usmart_scan)
    usmart_search_nextc                      0x0800a675   Thumb Code    16  usmart_str.o(i.usmart_search_nextc)
    usmart_str2num                           0x0800a685   Thumb Code   160  usmart_str.o(i.usmart_str2num)
    usmart_strcmp                            0x0800a725   Thumb Code    24  usmart_str.o(i.usmart_strcmp)
    usmart_strcopy                           0x0800a73d   Thumb Code    18  usmart_str.o(i.usmart_strcopy)
    usmart_strlen                            0x0800a74f   Thumb Code    18  usmart_str.o(i.usmart_strlen)
    usmart_sys_cmd_exe                       0x0800a761   Thumb Code  1442  usmart.o(i.usmart_sys_cmd_exe)
    wendu                                    0x0800add1   Thumb Code    92  ad5933.o(i.wendu)
    write_addr                               0x0800ae31   Thumb Code     4  usmart.o(i.write_addr)
    APBAHBPrescTable                         0x0800ae34   Data          16  stm32f4xx_hal_rcc.o(.constdata)
    memtblsize                               0x0800ae44   Data          12  malloc.o(.constdata)
    memblksize                               0x0800ae50   Data          12  malloc.o(.constdata)
    memsize                                  0x0800ae5c   Data          12  malloc.o(.constdata)
    ethbroadcast                             0x0800ae68   Data           6  etharp.o(.constdata)
    ethzero                                  0x0800ae6e   Data           6  etharp.o(.constdata)
    tcp_persist_backoff                      0x0800ae9c   Data           7  tcp.o(.constdata)
    tcp_state_str                            0x0800aea4   Data          44  tcp.o(.constdata)
    tcp_backoff                              0x0800aed0   Data          13  tcp.o(.constdata)
    tcp_pcb_lists                            0x0800aee0   Data          16  tcp.o(.constdata)
    Region$$Table$$Base                      0x0800b0ac   Number         0  anon$$obj.o(Region$$Table)
    Region$$Table$$Limit                     0x0800b0cc   Number         0  anon$$obj.o(Region$$Table)
    mem3base                                 0x10000000   Data       61440  malloc.o(.ARM.__AT_0x10000000)
    mem3mapbase                              0x1000f000   Data        3840  malloc.o(.ARM.__AT_0x1000F000)
    value                                    0x20000000   Data           4  main.o(.data)
    SystemCoreClock                          0x20000004   Data           4  system_stm32f4xx.o(.data)
    AHBPrescTable                            0x20000008   Data          16  system_stm32f4xx.o(.data)
    aRxBuffer                                0x20000020   Data           1  usart.o(.data)
    USART_RX_STA                             0x20000022   Data           2  usart.o(.data)
    DMARxDscrTab                             0x20000024   Data           4  lan8720.o(.data)
    DMATxDscrTab                             0x20000028   Data           4  lan8720.o(.data)
    Rx_Buff                                  0x2000002c   Data           4  lan8720.o(.data)
    Tx_Buff                                  0x20000030   Data           4  lan8720.o(.data)
    check                                    0x20000034   Data           1  ads1299.o(.data)
    res3                                     0x20000035   Data           1  ads1299.o(.data)
    TxData0                                  0x20000036   Data          28  ads1299.o(.data)
    spi2_rx_callback                         0x20000054   Data           4  spi.o(.data)
    reg                                      0x20000058   Data           1  ad5933.o(.data)
    reg1                                     0x20000059   Data           1  ad5933.o(.data)
    status                                   0x2000005a   Data           1  ad5933.o(.data)
    Tm1                                      0x2000005b   Data           1  ad5933.o(.data)
    Tm2                                      0x2000005c   Data           1  ad5933.o(.data)
    Re                                       0x2000005e   Data           2  ad5933.o(.data)
    Im                                       0x20000060   Data           2  ad5933.o(.data)
    valu                                     0x20000062   Data           2  ad5933.o(.data)
    mallco_dev                               0x20000064   Data          36  malloc.o(.data)
    lwip_localtime                           0x20000088   Data           4  lwip_comm.o(.data)
    tcp_server_flag                          0x2000008c   Data           1  tcp_server_demo.o(.data)
    Num                                      0x2000008d   Data           1  tcp_server_demo.o(.data)
    netcamfifowrpos                          0x2000008e   Data           2  tcp_server_demo.o(.data)
    tcp_server_sendbuf                       0x20000090   Data           4  tcp_server_demo.o(.data)
    netcamfifobuf                            0x20000094   Data           4  tcp_server_demo.o(.data)
    current_netif                            0x200000a0   Data           4  ip.o(.data)
    current_header                           0x200000a4   Data           4  ip.o(.data)
    current_iphdr_src                        0x200000a8   Data           4  ip.o(.data)
    current_iphdr_dest                       0x200000ac   Data           4  ip.o(.data)
    ram_heap                                 0x200000b8   Data           4  mem.o(.data)
    memp_memory                              0x200000c8   Data           4  memp.o(.data)
    netif_list                               0x200000d0   Data           4  netif.o(.data)
    netif_default                            0x200000d4   Data           4  netif.o(.data)
    tcp_active_pcbs_changed                  0x200000dc   Data           1  tcp.o(.data)
    tcp_ticks                                0x200000e8   Data           4  tcp.o(.data)
    tcp_bound_pcbs                           0x200000ec   Data           4  tcp.o(.data)
    tcp_listen_pcbs                          0x200000f0   Data           4  tcp.o(.data)
    tcp_active_pcbs                          0x200000f4   Data           4  tcp.o(.data)
    tcp_tw_pcbs                              0x200000f8   Data           4  tcp.o(.data)
    tcp_tmp_pcb                              0x200000fc   Data           4  tcp.o(.data)
    tcp_input_pcb                            0x20000118   Data           4  tcp_in.o(.data)
    udp_pcbs                                 0x2000012c   Data           4  udp.o(.data)
    sys_cmd_tab                              0x20000130   Data          28  usmart.o(.data)
    usmart_nametab                           0x2000014c   Data          32  usmart_config.o(.data)
    usmart_dev                               0x2000016c   Data         244  usmart_config.o(.data)
    __stdout                                 0x20000260   Data           4  stdout.o(.data)
    USART_RX_BUF                             0x20000268   Data         200  usart.o(.bss)
    UART1_Handler                            0x20000330   Data          64  usart.o(.bss)
    ETH_Handler                              0x20000370   Data          72  lan8720.o(.bss)
    TIM3_Handler                             0x200003b8   Data          60  timer.o(.bss)
    adc_buf2                                 0x200003f4   Data          99  ads1299.o(.bss)
    p                                        0x20000457   Data          18  ads1299.o(.bss)
    IIRNMID                                  0x2000046c   Data         360  ads1299.o(.bss)
    IIRWDATA                                 0x200005d4   Data        1080  ads1299.o(.bss)
    SPI5_Handler                             0x20000a0c   Data          88  spi.o(.bss)
    SPI2_Handler                             0x20000a64   Data          88  spi.o(.bss)
    DMASPIRx_Handler                         0x20000abc   Data          88  spi.o(.bss)
    DMASPITx_Handler                         0x20000b14   Data          88  spi.o(.bss)
    SDRAM_Handler                            0x20000b6c   Data          52  sdram.o(.bss)
    mem1base                                 0x20000ba0   Data       102400  malloc.o(.bss)
    mem1mapbase                              0x20019ba0   Data        6400  malloc.o(.bss)
    lwipdev                                  0x2001b4a0   Data          23  lwip_comm.o(.bss)
    lwip_netif                               0x2001b4b8   Data          48  lwip_comm.o(.bss)
    TIM4_Handler                             0x2001b5e8   Data          60  usmart.o(.bss)
    __initial_sp                             0x2001ba28   Data           0  startup_stm32f429xx.o(STACK)
    mem2base                                 0xc01f4000   Data       29605888  malloc.o(.ARM.__AT_0xC01F4000)
    mem2mapbase                              0xc1e30000   Data       1850368  malloc.o(.ARM.__AT_0xC1E30000)



==============================================================================

Memory Map of the image

  Image Entry point : 0x080001ad

  Load Region LR_IROM1 (Base: 0x08000000, Size: 0x0000b334, Max: 0x00100000, ABSOLUTE, COMPRESSED[0x0000b14c])

    Execution Region ER_IROM1 (Base: 0x08000000, Size: 0x0000b0cc, Max: 0x00100000, ABSOLUTE)

    Base Addr    Size         Type   Attr      Idx    E Section Name        Object

    0x08000000   0x000001ac   Data   RO          584    RESET               startup_stm32f429xx.o
    0x080001ac   0x00000000   Code   RO         6527  * .ARM.Collect$$$$00000000  mc_w.l(entry.o)
    0x080001ac   0x00000004   Code   RO         6805    .ARM.Collect$$$$00000001  mc_w.l(entry2.o)
    0x080001b0   0x00000004   Code   RO         6808    .ARM.Collect$$$$00000004  mc_w.l(entry5.o)
    0x080001b4   0x00000000   Code   RO         6810    .ARM.Collect$$$$00000008  mc_w.l(entry7b.o)
    0x080001b4   0x00000000   Code   RO         6812    .ARM.Collect$$$$0000000A  mc_w.l(entry8b.o)
    0x080001b4   0x00000008   Code   RO         6813    .ARM.Collect$$$$0000000B  mc_w.l(entry9a.o)
    0x080001bc   0x00000000   Code   RO         6815    .ARM.Collect$$$$0000000D  mc_w.l(entry10a.o)
    0x080001bc   0x00000000   Code   RO         6817    .ARM.Collect$$$$0000000F  mc_w.l(entry11a.o)
    0x080001bc   0x00000004   Code   RO         6806    .ARM.Collect$$$$00002712  mc_w.l(entry2.o)
    0x080001c0   0x00000010   Code   RO         3941    .emb_text           sys.o
    0x080001d0   0x00000024   Code   RO          585    .text               startup_stm32f429xx.o
    0x080001f4   0x00000024   Code   RO         6530    .text               mc_w.l(memcpya.o)
    0x08000218   0x00000024   Code   RO         6532    .text               mc_w.l(memseta.o)
    0x0800023c   0x0000001a   Code   RO         6536    .text               mc_w.l(memcmp.o)
    0x08000256   0x00000022   Code   RO         6801    .text               mf_w.l(dflti.o)
    0x08000278   0x00000032   Code   RO         6803    .text               mf_w.l(dfixui.o)
    0x080002aa   0x00000062   Code   RO         6824    .text               mc_w.l(uldiv.o)
    0x0800030c   0x00000020   Code   RO         6826    .text               mc_w.l(llushr.o)
    0x0800032c   0x00000000   Code   RO         6835    .text               mc_w.l(iusefp.o)
    0x0800032c   0x000000ba   Code   RO         6836    .text               mf_w.l(depilogue.o)
    0x080003e6   0x000000a2   Code   RO         6844    .text               mf_w.l(dsqrt.o)
    0x08000488   0x00000024   Code   RO         6852    .text               mc_w.l(init.o)
    0x080004ac   0x00000000   Code   RO         6854    .text               mc_w.l(semi.o)
    0x080004ac   0x0000001e   Code   RO         6855    .text               mc_w.l(llshl.o)
    0x080004ca   0x00000000   Code   RO         6859    .text               mc_w.l(iusesemip.o)
    0x080004ca   0x00000056   Code   RO         6868    .text               mc_w.l(__dczerorl2.o)
    0x08000520   0x00000084   Code   RO         4536    i.AD5933_RES        ad5933.o
    0x080005a4   0x00000024   Code   RO         4537    i.AD5933_Read_Byte  ad5933.o
    0x080005c8   0x0000002e   Code   RO         4539    i.AD5933_Set_Point  ad5933.o
    0x080005f6   0x000000c0   Code   RO         4540    i.AD5933_Start      ad5933.o
    0x080006b6   0x0000004a   Code   RO         4541    i.AD5933_WRITE_COMMAND  ad5933.o
    0x08000700   0x0000002c   Code   RO         4244    i.ADS1299_CHANGE_CHANEL  ads1299.o
    0x0800072c   0x00000120   Code   RO         4248    i.ADS1299_Init      ads1299.o
    0x0800084c   0x00000002   Code   RO          371    i.BusFault_Handler  stm32f4xx_it.o
    0x0800084e   0x00000002   PAD
    0x08000850   0x00000080   Code   RO         4394    i.DMA1_Stream3_IRQHandler  spi.o
    0x080008d0   0x00000002   Code   RO          372    i.DebugMon_Handler  stm32f4xx_it.o
    0x080008d2   0x0000002e   Code   RO         3511    i.ETH_FlushTransmitFIFO  stm32f4xx_hal_eth.o
    0x08000900   0x0000001e   Code   RO         4115    i.ETH_GetRxPktSize  lan8720.o
    0x0800091e   0x00000002   PAD
    0x08000920   0x0000002c   Code   RO         4116    i.ETH_IRQHandler    lan8720.o
    0x0800094c   0x00000124   Code   RO         3512    i.ETH_MACDMAConfig  stm32f4xx_hal_eth.o
    0x08000a70   0x0000003c   Code   RO         4118    i.ETH_Mem_Malloc    lan8720.o
    0x08000aac   0x00000014   Code   RO         4254    i.EXTI4_IRQHandler  ads1299.o
    0x08000ac0   0x0000004c   Code   RO         2741    i.FMC_SDRAM_Init    stm32f4xx_ll_fmc.o
    0x08000b0c   0x0000000c   Code   RO         2742    i.FMC_SDRAM_ProgramRefreshRate  stm32f4xx_ll_fmc.o
    0x08000b18   0x00000048   Code   RO         2743    i.FMC_SDRAM_SendCommand  stm32f4xx_ll_fmc.o
    0x08000b60   0x0000007c   Code   RO         2745    i.FMC_SDRAM_Timing_Init  stm32f4xx_ll_fmc.o
    0x08000bdc   0x00000052   Code   RO         1729    i.HAL_DMA_Abort     stm32f4xx_hal_dma.o
    0x08000c2e   0x00000016   Code   RO          599    i.HAL_Delay         stm32f4xx_hal.o
    0x08000c44   0x00000072   Code   RO         3515    i.HAL_ETH_DMARxDescListInit  stm32f4xx_hal_eth.o
    0x08000cb6   0x00000078   Code   RO         3516    i.HAL_ETH_DMATxDescListInit  stm32f4xx_hal_eth.o
    0x08000d2e   0x0000007a   Code   RO         3519    i.HAL_ETH_GetReceivedFrame  stm32f4xx_hal_eth.o
    0x08000da8   0x000001b4   Code   RO         3523    i.HAL_ETH_Init      stm32f4xx_hal_eth.o
    0x08000f5c   0x000000e4   Code   RO         4119    i.HAL_ETH_MspInit   lan8720.o
    0x08001040   0x00000086   Code   RO         3526    i.HAL_ETH_ReadPHYRegister  stm32f4xx_hal_eth.o
    0x080010c6   0x00000084   Code   RO         3528    i.HAL_ETH_Start     stm32f4xx_hal_eth.o
    0x0800114a   0x00000108   Code   RO         3530    i.HAL_ETH_TransmitFrame  stm32f4xx_hal_eth.o
    0x08001252   0x00000076   Code   RO         3532    i.HAL_ETH_WritePHYRegister  stm32f4xx_hal_eth.o
    0x080012c8   0x000001dc   Code   RO          876    i.HAL_GPIO_Init     stm32f4xx_hal_gpio.o
    0x080014a4   0x0000000a   Code   RO          880    i.HAL_GPIO_WritePin  stm32f4xx_hal_gpio.o
    0x080014ae   0x00000002   PAD
    0x080014b0   0x0000000c   Code   RO          607    i.HAL_GetTick       stm32f4xx_hal.o
    0x080014bc   0x00000010   Code   RO          608    i.HAL_IncTick       stm32f4xx_hal.o
    0x080014cc   0x00000034   Code   RO          609    i.HAL_Init          stm32f4xx_hal.o
    0x08001500   0x00000022   Code   RO          610    i.HAL_InitTick      stm32f4xx_hal.o
    0x08001522   0x00000008   Code   RO          612    i.HAL_MspInit       stm32f4xx_hal.o
    0x0800152a   0x00000016   Code   RO          753    i.HAL_NVIC_EnableIRQ  stm32f4xx_hal_cortex.o
    0x08001540   0x00000040   Code   RO          759    i.HAL_NVIC_SetPriority  stm32f4xx_hal_cortex.o
    0x08001580   0x00000024   Code   RO          760    i.HAL_NVIC_SetPriorityGrouping  stm32f4xx_hal_cortex.o
    0x080015a4   0x00000088   Code   RO         1065    i.HAL_PWREx_EnableOverDrive  stm32f4xx_hal_pwr_ex.o
    0x0800162c   0x00000208   Code   RO         1132    i.HAL_RCC_ClockConfig  stm32f4xx_hal_rcc.o
    0x08001834   0x00000034   Code   RO         1137    i.HAL_RCC_GetHCLKFreq  stm32f4xx_hal_rcc.o
    0x08001868   0x0000002c   Code   RO         1139    i.HAL_RCC_GetPCLK1Freq  stm32f4xx_hal_rcc.o
    0x08001894   0x0000002c   Code   RO         1140    i.HAL_RCC_GetPCLK2Freq  stm32f4xx_hal_rcc.o
    0x080018c0   0x00000074   Code   RO         1141    i.HAL_RCC_GetSysClockFreq  stm32f4xx_hal_rcc.o
    0x08001934   0x0000031c   Code   RO         1144    i.HAL_RCC_OscConfig  stm32f4xx_hal_rcc.o
    0x08001c50   0x00000042   Code   RO         3027    i.HAL_SDRAM_Init    stm32f4xx_hal_sdram.o
    0x08001c92   0x00000002   PAD
    0x08001c94   0x000000dc   Code   RO         4483    i.HAL_SDRAM_MspInit  sdram.o
    0x08001d70   0x00000022   Code   RO         3030    i.HAL_SDRAM_ProgramRefreshRate  stm32f4xx_hal_sdram.o
    0x08001d92   0x0000002e   Code   RO         3036    i.HAL_SDRAM_SendCommand  stm32f4xx_hal_sdram.o
    0x08001dc0   0x00000032   Code   RO         3661    i.HAL_SPI_DMAStop   stm32f4xx_hal_spi.o
    0x08001df2   0x00000084   Code   RO         3667    i.HAL_SPI_Init      stm32f4xx_hal_spi.o
    0x08001e76   0x00000002   PAD
    0x08001e78   0x0000008c   Code   RO         4395    i.HAL_SPI_MspInit   spi.o
    0x08001f04   0x000002aa   Code   RO         3676    i.HAL_SPI_TransmitReceive  stm32f4xx_hal_spi.o
    0x080021ae   0x00000018   Code   RO          762    i.HAL_SYSTICK_CLKSourceConfig  stm32f4xx_hal_cortex.o
    0x080021c6   0x00000028   Code   RO          764    i.HAL_SYSTICK_Config  stm32f4xx_hal_cortex.o
    0x080021ee   0x00000002   Code   RO         2482    i.HAL_TIMEx_BreakCallback  stm32f4xx_hal_tim_ex.o
    0x080021f0   0x00000002   Code   RO         2483    i.HAL_TIMEx_CommutationCallback  stm32f4xx_hal_tim_ex.o
    0x080021f2   0x00000036   Code   RO         1853    i.HAL_TIM_Base_Init  stm32f4xx_hal_tim.o
    0x08002228   0x0000003c   Code   RO         4198    i.HAL_TIM_Base_MspInit  timer.o
    0x08002264   0x00000018   Code   RO         1858    i.HAL_TIM_Base_Start_IT  stm32f4xx_hal_tim.o
    0x0800227c   0x00000002   Code   RO         1882    i.HAL_TIM_IC_CaptureCallback  stm32f4xx_hal_tim.o
    0x0800227e   0x00000166   Code   RO         1895    i.HAL_TIM_IRQHandler  stm32f4xx_hal_tim.o
    0x080023e4   0x00000002   Code   RO         1898    i.HAL_TIM_OC_DelayElapsedCallback  stm32f4xx_hal_tim.o
    0x080023e6   0x00000002   Code   RO         1925    i.HAL_TIM_PWM_PulseFinishedCallback  stm32f4xx_hal_tim.o
    0x080023e8   0x00000018   Code   RO         4199    i.HAL_TIM_PeriodElapsedCallback  timer.o
    0x08002400   0x00000002   Code   RO         1936    i.HAL_TIM_TriggerCallback  stm32f4xx_hal_tim.o
    0x08002402   0x00000002   Code   RO         1284    i.HAL_UART_ErrorCallback  stm32f4xx_hal_uart.o
    0x08002404   0x00000006   Code   RO         1286    i.HAL_UART_GetState  stm32f4xx_hal_uart.o
    0x0800240a   0x000000f4   Code   RO         1287    i.HAL_UART_IRQHandler  stm32f4xx_hal_uart.o
    0x080024fe   0x0000005e   Code   RO         1288    i.HAL_UART_Init     stm32f4xx_hal_uart.o
    0x0800255c   0x0000007c   Code   RO         3969    i.HAL_UART_MspInit  usart.o
    0x080025d8   0x00000068   Code   RO         1293    i.HAL_UART_Receive_IT  stm32f4xx_hal_uart.o
    0x08002640   0x00000058   Code   RO         3970    i.HAL_UART_RxCpltCallback  usart.o
    0x08002698   0x00000002   Code   RO         1299    i.HAL_UART_TxCpltCallback  stm32f4xx_hal_uart.o
    0x0800269a   0x00000002   Code   RO          373    i.HardFault_Handler  stm32f4xx_it.o
    0x0800269c   0x00000040   Code   RO         4049    i.IIC_Ack           myiic.o
    0x080026dc   0x00000048   Code   RO         4050    i.IIC_Init          myiic.o
    0x08002724   0x00000040   Code   RO         4051    i.IIC_NAck          myiic.o
    0x08002764   0x00000068   Code   RO         4052    i.IIC_Read_Byte     myiic.o
    0x080027cc   0x00000060   Code   RO         4053    i.IIC_Send_Byte     myiic.o
    0x0800282c   0x00000040   Code   RO         4054    i.IIC_Start         myiic.o
    0x0800286c   0x00000044   Code   RO         4055    i.IIC_Stop          myiic.o
    0x080028b0   0x00000050   Code   RO         4056    i.IIC_Wait_Ack      myiic.o
    0x08002900   0x000000c0   Code   RO         4121    i.LAN8720_Init      lan8720.o
    0x080029c0   0x00000002   Code   RO          374    i.MemManage_Handler  stm32f4xx_it.o
    0x080029c2   0x00000002   Code   RO          375    i.NMI_Handler       stm32f4xx_it.o
    0x080029c4   0x00000020   Code   RO          766    i.NVIC_SetPriority  stm32f4xx_hal_cortex.o
    0x080029e4   0x00000002   Code   RO          376    i.PendSV_Handler    stm32f4xx_it.o
    0x080029e6   0x00000002   PAD
    0x080029e8   0x00000094   Code   RO         4258    i.Recev_Data        ads1299.o
    0x08002a7c   0x0000009c   Code   RO         4484    i.SDRAM_Init        sdram.o
    0x08002b18   0x00000034   Code   RO         4485    i.SDRAM_Send_Cmd    sdram.o
    0x08002b4c   0x00000050   Code   RO         4396    i.SPI2_Init         spi.o
    0x08002b9c   0x00000020   Code   RO         4397    i.SPI2_ReadWriteByte  spi.o
    0x08002bbc   0x00000034   Code   RO         4398    i.SPI2_SetSpeed     spi.o
    0x08002bf0   0x0000009e   Code   RO         3698    i.SPI_WaitOnFlagUntilTimeout  stm32f4xx_hal_spi.o
    0x08002c8e   0x00000002   Code   RO          377    i.SVC_Handler       stm32f4xx_it.o
    0x08002c90   0x00000084   Code   RO         3942    i.Stm32_Clock_Init  sys.o
    0x08002d14   0x00000004   Code   RO          378    i.SysTick_Handler   stm32f4xx_it.o
    0x08002d18   0x00000054   Code   RO          450    i.SystemInit        system_stm32f4xx.o
    0x08002d6c   0x0000000c   Code   RO         4200    i.TIM3_IRQHandler   timer.o
    0x08002d78   0x0000002c   Code   RO         4201    i.TIM3_Init         timer.o
    0x08002da4   0x00000034   Code   RO         6324    i.TIM4_IRQHandler   usmart.o
    0x08002dd8   0x000000c0   Code   RO         1937    i.TIM_Base_SetConfig  stm32f4xx_hal_tim.o
    0x08002e98   0x00000054   Code   RO         6325    i.Timer4_Init       usmart.o
    0x08002eec   0x000000a6   Code   RO         1306    i.UART_Receive_IT   stm32f4xx_hal_uart.o
    0x08002f92   0x00000002   PAD
    0x08002f94   0x00000174   Code   RO         1307    i.UART_SetConfig    stm32f4xx_hal_uart.o
    0x08003108   0x00000066   Code   RO         1308    i.UART_Transmit_IT  stm32f4xx_hal_uart.o
    0x0800316e   0x00000002   PAD
    0x08003170   0x00000044   Code   RO         3971    i.USART1_IRQHandler  usart.o
    0x080031b4   0x00000002   Code   RO          379    i.UsageFault_Handler  stm32f4xx_it.o
    0x080031b6   0x00000002   PAD
    0x080031b8   0x00000020   Code   RO         6747    i.__0printf$8       mc_w.l(printf8.o)
    0x080031d8   0x0000007a   Code   RO         6515    i.__hardfp_sqrt     m_wm.l(sqrt.o)
    0x08003252   0x0000000e   Code   RO         6862    i.__scatterload_copy  mc_w.l(handlers.o)
    0x08003260   0x00000002   Code   RO         6863    i.__scatterload_null  mc_w.l(handlers.o)
    0x08003262   0x0000000e   Code   RO         6864    i.__scatterload_zeroinit  mc_w.l(handlers.o)
    0x08003270   0x0000000c   Code   RO         6830    i.__set_errno       mc_w.l(errno.o)
    0x0800327c   0x00000410   Code   RO         6754    i._printf_core      mc_w.l(printf8.o)
    0x0800368c   0x00000024   Code   RO         6755    i._printf_post_padding  mc_w.l(printf8.o)
    0x080036b0   0x0000002e   Code   RO         6756    i._printf_pre_padding  mc_w.l(printf8.o)
    0x080036de   0x00000002   PAD
    0x080036e0   0x0000001c   Code   RO         6108    i.arp_timer         timers.o
    0x080036fc   0x00000014   Code   RO         3903    i.delay_init        delay.o
    0x08003710   0x0000001a   Code   RO         3904    i.delay_ms          delay.o
    0x0800372a   0x00000002   PAD
    0x0800372c   0x00000034   Code   RO         3905    i.delay_us          delay.o
    0x08003760   0x00000154   Code   RO         4898    i.etharp_arp_input  etharp.o
    0x080038b4   0x0000023c   Code   RO         4901    i.etharp_find_entry  etharp.o
    0x08003af0   0x00000024   Code   RO         4902    i.etharp_free_entry  etharp.o
    0x08003b14   0x000001b0   Code   RO         4903    i.etharp_output     etharp.o
    0x08003cc4   0x000000dc   Code   RO         4904    i.etharp_output_to_arp_index  etharp.o
    0x08003da0   0x000001c4   Code   RO         4905    i.etharp_query      etharp.o
    0x08003f64   0x00000178   Code   RO         4906    i.etharp_raw        etharp.o
    0x080040dc   0x00000024   Code   RO         4907    i.etharp_request    etharp.o
    0x08004100   0x000000a0   Code   RO         4908    i.etharp_send_ip    etharp.o
    0x080041a0   0x00000048   Code   RO         4909    i.etharp_tmr        etharp.o
    0x080041e8   0x00000110   Code   RO         4910    i.etharp_update_arp_entry  etharp.o
    0x080042f8   0x00000118   Code   RO         4911    i.ethernet_input    etharp.o
    0x08004410   0x0000009c   Code   RO         4999    i.ethernetif_init   ethernetif.o
    0x080044ac   0x00000026   Code   RO         5000    i.ethernetif_input  ethernetif.o
    0x080044d2   0x00000012   Code   RO         6819    i.fputc             mc_w.l(fputc.o)
    0x080044e4   0x00000008   Code   RO         5065    i.icmp_dest_unreach  icmp.o
    0x080044ec   0x00000280   Code   RO         5066    i.icmp_input        icmp.o
    0x0800476c   0x000000f8   Code   RO         5067    i.icmp_send_response  icmp.o
    0x08004864   0x00000008   Code   RO         5068    i.icmp_time_exceeded  icmp.o
    0x0800486c   0x0000000c   Code   RO         5116    i.inet_chksum       inet_chksum.o
    0x08004878   0x00000048   Code   RO         5117    i.inet_chksum_pbuf  inet_chksum.o
    0x080048c0   0x0000002e   Code   RO         5209    i.ip4_addr_isbroadcast  ip_addr.o
    0x080048ee   0x00000002   PAD
    0x080048f0   0x000001f8   Code   RO         5263    i.ip_frag           ip_frag.o
    0x08004ae8   0x00000084   Code   RO         5264    i.ip_frag_free_pbuf_custom_ref  ip_frag.o
    0x08004b6c   0x00000150   Code   RO         5154    i.ip_input          ip.o
    0x08004cbc   0x000000a8   Code   RO         5155    i.ip_output         ip.o
    0x08004d64   0x00000164   Code   RO         5156    i.ip_output_if      ip.o
    0x08004ec8   0x000001a4   Code   RO         5265    i.ip_reass          ip_frag.o
    0x0800506c   0x00000274   Code   RO         5266    i.ip_reass_chain_frag_into_datagram_and_validate  ip_frag.o
    0x080052e0   0x000000ac   Code   RO         5267    i.ip_reass_dequeue_datagram  ip_frag.o
    0x0800538c   0x00000184   Code   RO         5268    i.ip_reass_free_complete_datagram  ip_frag.o
    0x08005510   0x00000074   Code   RO         5269    i.ip_reass_remove_oldest_datagram  ip_frag.o
    0x08005584   0x0000001c   Code   RO         6109    i.ip_reass_timer    timers.o
    0x080055a0   0x0000002c   Code   RO         5270    i.ip_reass_tmr      ip_frag.o
    0x080055cc   0x00000040   Code   RO         5157    i.ip_route          ip.o
    0x0800560c   0x0000008c   Code   RO         5271    i.ipfrag_free_pbuf_custom  ip_frag.o
    0x08005698   0x0000007c   Code   RO         5001    i.low_level_init    ethernetif.o
    0x08005714   0x000000bc   Code   RO         5002    i.low_level_input   ethernetif.o
    0x080057d0   0x000000a8   Code   RO         5003    i.low_level_output  ethernetif.o
    0x08005878   0x00000050   Code   RO         4688    i.lwip_comm_default_ip_set  lwip_comm.o
    0x080058c8   0x0000009c   Code   RO         4689    i.lwip_comm_init    lwip_comm.o
    0x08005964   0x0000002c   Code   RO         4691    i.lwip_comm_mem_malloc  lwip_comm.o
    0x08005990   0x00000004   Code   RO         5319    i.lwip_htonl        def.o
    0x08005994   0x00000004   Code   RO         5320    i.lwip_htons        def.o
    0x08005998   0x0000001e   Code   RO         5360    i.lwip_init         init.o
    0x080059b6   0x00000004   Code   RO         5321    i.lwip_ntohl        def.o
    0x080059ba   0x00000004   Code   RO         5322    i.lwip_ntohs        def.o
    0x080059be   0x00000002   PAD
    0x080059c0   0x0000000c   Code   RO         4693    i.lwip_pkt_handle   lwip_comm.o
    0x080059cc   0x00000056   Code   RO         5120    i.lwip_standard_chksum  inet_chksum.o
    0x08005a22   0x00000002   PAD
    0x08005a24   0x00000084   Code   RO            4    i.main              main.o
    0x08005aa8   0x00000114   Code   RO         5397    i.mem_free          mem.o
    0x08005bbc   0x00000030   Code   RO         5398    i.mem_init          mem.o
    0x08005bec   0x000001f8   Code   RO         5399    i.mem_malloc        mem.o
    0x08005de4   0x0000017c   Code   RO         5400    i.mem_trim          mem.o
    0x08005f60   0x0000009c   Code   RO         5440    i.memp_free         memp.o
    0x08005ffc   0x00000006   Code   RO         5441    i.memp_get_memorysize  memp.o
    0x08006002   0x00000002   PAD
    0x08006004   0x0000005c   Code   RO         5442    i.memp_init         memp.o
    0x08006060   0x000000d8   Code   RO         5443    i.memp_malloc       memp.o
    0x08006138   0x00000058   Code   RO         4605    i.my_mem_free       malloc.o
    0x08006190   0x0000002c   Code   RO         4606    i.my_mem_init       malloc.o
    0x080061bc   0x00000088   Code   RO         4607    i.my_mem_malloc     malloc.o
    0x08006244   0x0000003c   Code   RO         4608    i.my_mem_perused    malloc.o
    0x08006280   0x00000018   Code   RO         4609    i.myfree            malloc.o
    0x08006298   0x00000020   Code   RO         4610    i.mymalloc          malloc.o
    0x080062b8   0x0000000c   Code   RO         4612    i.mymemset          malloc.o
    0x080062c4   0x00000038   Code   RO         4782    i.netcam_fifo_write  tcp_server_demo.o
    0x080062fc   0x000000cc   Code   RO         5484    i.netif_add         netif.o
    0x080063c8   0x00000002   Code   RO         5486    i.netif_init        netif.o
    0x080063ca   0x00000020   Code   RO         5488    i.netif_set_addr    netif.o
    0x080063ea   0x00000002   PAD
    0x080063ec   0x0000000c   Code   RO         5489    i.netif_set_default  netif.o
    0x080063f8   0x00000008   Code   RO         5491    i.netif_set_gw      netif.o
    0x08006400   0x00000068   Code   RO         5492    i.netif_set_ipaddr  netif.o
    0x08006468   0x00000008   Code   RO         5495    i.netif_set_netmask  netif.o
    0x08006470   0x00000020   Code   RO         5496    i.netif_set_up      netif.o
    0x08006490   0x0000035c   Code   RO         5574    i.pbuf_alloc        pbuf.o
    0x080067ec   0x000000d8   Code   RO         5575    i.pbuf_alloced_custom  pbuf.o
    0x080068c4   0x00000128   Code   RO         5576    i.pbuf_cat          pbuf.o
    0x080069ec   0x00000012   Code   RO         5578    i.pbuf_clen         pbuf.o
    0x080069fe   0x00000002   PAD
    0x08006a00   0x000001e0   Code   RO         5580    i.pbuf_copy         pbuf.o
    0x08006be0   0x00000114   Code   RO         5581    i.pbuf_copy_partial  pbuf.o
    0x08006cf4   0x0000015c   Code   RO         5583    i.pbuf_free         pbuf.o
    0x08006e50   0x00000118   Code   RO         5585    i.pbuf_header       pbuf.o
    0x08006f68   0x00000188   Code   RO         5588    i.pbuf_realloc      pbuf.o
    0x080070f0   0x0000000c   Code   RO         5589    i.pbuf_ref          pbuf.o
    0x080070fc   0x0000016c   Code   RO         5401    i.plug_holes        mem.o
    0x08007268   0x00000074   Code   RO         5689    i.raw_input         raw.o
    0x080072dc   0x00000004   Code   RO         6326    i.read_addr         usmart.o
    0x080072e0   0x0000000c   Code   RO         6248    i.sys_now           sys_arch.o
    0x080072ec   0x00000100   Code   RO         6112    i.sys_timeout       timers.o
    0x080073ec   0x00000030   Code   RO         6113    i.sys_timeouts_init  timers.o
    0x0800741c   0x00000128   Code   RO         5749    i.tcp_abandon       tcp.o
    0x08007544   0x00000006   Code   RO         5750    i.tcp_abort         tcp.o
    0x0800754a   0x00000002   PAD
    0x0800754c   0x000000f8   Code   RO         5753    i.tcp_alloc         tcp.o
    0x08007644   0x00000014   Code   RO         5756    i.tcp_close         tcp.o
    0x08007658   0x000001a4   Code   RO         5757    i.tcp_close_shutdown  tcp.o
    0x080077fc   0x0000009a   Code   RO         6010    i.tcp_create_segment  tcp_out.o
    0x08007896   0x00000020   Code   RO         5760    i.tcp_eff_send_mss  tcp.o
    0x080078b6   0x00000002   PAD
    0x080078b8   0x00000220   Code   RO         6011    i.tcp_enqueue_flags  tcp_out.o
    0x08007ad8   0x0000005c   Code   RO         5762    i.tcp_fasttmr       tcp.o
    0x08007b34   0x00000002   Code   RO         5763    i.tcp_init          tcp.o
    0x08007b36   0x00000002   PAD
    0x08007b38   0x0000050c   Code   RO         5962    i.tcp_input         tcp_in.o
    0x08008044   0x0000003c   Code   RO         6012    i.tcp_keepalive     tcp_out.o
    0x08008080   0x000000e4   Code   RO         5963    i.tcp_listen_input  tcp_in.o
    0x08008164   0x00000010   Code   RO         5767    i.tcp_next_iss      tcp.o
    0x08008174   0x0000024c   Code   RO         6013    i.tcp_output        tcp_out.o
    0x080083c0   0x00000104   Code   RO         6014    i.tcp_output_alloc_header  tcp_out.o
    0x080084c4   0x000000b0   Code   RO         6015    i.tcp_output_segment  tcp_out.o
    0x08008574   0x00000080   Code   RO         5964    i.tcp_parseopt      tcp_in.o
    0x080085f4   0x0000003a   Code   RO         5768    i.tcp_pcb_purge     tcp.o
    0x0800862e   0x00000002   PAD
    0x08008630   0x00000108   Code   RO         5769    i.tcp_pcb_remove    tcp.o
    0x08008738   0x00000420   Code   RO         5965    i.tcp_process       tcp_in.o
    0x08008b58   0x00000064   Code   RO         5771    i.tcp_process_refused_data  tcp.o
    0x08008bbc   0x0000069c   Code   RO         5966    i.tcp_receive       tcp_in.o
    0x08009258   0x00000024   Code   RO         5773    i.tcp_recv_null     tcp.o
    0x0800927c   0x00000104   Code   RO         5774    i.tcp_recved        tcp.o
    0x08009380   0x00000052   Code   RO         6017    i.tcp_rexmit        tcp_out.o
    0x080093d2   0x00000058   Code   RO         6018    i.tcp_rexmit_fast   tcp_out.o
    0x0800942a   0x0000002e   Code   RO         6019    i.tcp_rexmit_rto    tcp_out.o
    0x08009458   0x00000110   Code   RO         6020    i.tcp_rst           tcp_out.o
    0x08009568   0x0000001c   Code   RO         5775    i.tcp_seg_free      tcp.o
    0x08009584   0x00000012   Code   RO         5776    i.tcp_segs_free     tcp.o
    0x08009596   0x00000048   Code   RO         6021    i.tcp_send_empty_ack  tcp_out.o
    0x080095de   0x00000046   Code   RO         6022    i.tcp_send_fin      tcp_out.o
    0x08009624   0x000004b4   Code   RO         5780    i.tcp_slowtmr       tcp.o
    0x08009ad8   0x00000034   Code   RO         6115    i.tcp_timer_needed  timers.o
    0x08009b0c   0x0000006c   Code   RO         5967    i.tcp_timewait_input  tcp_in.o
    0x08009b78   0x00000020   Code   RO         5781    i.tcp_tmr           tcp.o
    0x08009b98   0x000000b8   Code   RO         5782    i.tcp_update_rcv_ann_wnd  tcp.o
    0x08009c50   0x00000092   Code   RO         6025    i.tcp_zero_window_probe  tcp_out.o
    0x08009ce2   0x00000002   PAD
    0x08009ce4   0x00000038   Code   RO         6116    i.tcpip_tcp_timer   timers.o
    0x08009d1c   0x00000038   Code   RO         3972    i.uart_init         usart.o
    0x08009d54   0x00000002   Code   RO         6170    i.udp_init          udp.o
    0x08009d56   0x00000002   PAD
    0x08009d58   0x000001cc   Code   RO         6171    i.udp_input         udp.o
    0x08009f24   0x00000094   Code   RO         6327    i.usmart_cmd_rec    usmart.o
    0x08009fb8   0x00000260   Code   RO         6328    i.usmart_exe        usmart.o
    0x0800a218   0x0000009c   Code   RO         6439    i.usmart_get_aparm  usmart_str.o
    0x0800a2b4   0x0000002e   Code   RO         6440    i.usmart_get_cmdname  usmart_str.o
    0x0800a2e2   0x00000002   PAD
    0x0800a2e4   0x00000168   Code   RO         6441    i.usmart_get_fname  usmart_str.o
    0x0800a44c   0x000000d0   Code   RO         6442    i.usmart_get_fparam  usmart_str.o
    0x0800a51c   0x00000024   Code   RO         6443    i.usmart_get_parmpos  usmart_str.o
    0x0800a540   0x00000030   Code   RO         6329    i.usmart_get_runtime  usmart.o
    0x0800a570   0x00000028   Code   RO         6330    i.usmart_init       usmart.o
    0x0800a598   0x00000010   Code   RO         6444    i.usmart_pow        usmart_str.o
    0x0800a5a8   0x00000028   Code   RO         6331    i.usmart_reset_runtime  usmart.o
    0x0800a5d0   0x000000a4   Code   RO         6332    i.usmart_scan       usmart.o
    0x0800a674   0x00000010   Code   RO         6445    i.usmart_search_nextc  usmart_str.o
    0x0800a684   0x000000a0   Code   RO         6446    i.usmart_str2num    usmart_str.o
    0x0800a724   0x00000018   Code   RO         6447    i.usmart_strcmp     usmart_str.o
    0x0800a73c   0x00000012   Code   RO         6448    i.usmart_strcopy    usmart_str.o
    0x0800a74e   0x00000012   Code   RO         6449    i.usmart_strlen     usmart_str.o
    0x0800a760   0x00000670   Code   RO         6333    i.usmart_sys_cmd_exe  usmart.o
    0x0800add0   0x00000060   Code   RO         4542    i.wendu             ad5933.o
    0x0800ae30   0x00000004   Code   RO         6334    i.write_addr        usmart.o
    0x0800ae34   0x00000010   Data   RO         1145    .constdata          stm32f4xx_hal_rcc.o
    0x0800ae44   0x00000024   Data   RO         4620    .constdata          malloc.o
    0x0800ae68   0x0000000c   Data   RO         4913    .constdata          etharp.o
    0x0800ae74   0x00000028   Data   RO         5445    .constdata          memp.o
    0x0800ae9c   0x00000054   Data   RO         5783    .constdata          tcp.o
    0x0800aef0   0x00000044   Data   RO         4914    .conststring        etharp.o
    0x0800af34   0x00000075   Data   RO         5784    .conststring        tcp.o
    0x0800afa9   0x00000003   PAD
    0x0800afac   0x00000055   Data   RO         6026    .conststring        tcp_out.o
    0x0800b001   0x00000003   PAD
    0x0800b004   0x00000028   Data   RO         6336    .conststring        usmart.o
    0x0800b02c   0x0000007f   Data   RO         6413    .conststring        usmart_config.o
    0x0800b0ab   0x00000001   PAD
    0x0800b0ac   0x00000020   Data   RO         6860    Region$$Table       anon$$obj.o


    Execution Region RW_IRAM1 (Base: 0x20000000, Size: 0x0001ba28, Max: 0x00030000, ABSOLUTE, COMPRESSED[0x00000080])

    Base Addr    Size         Type   Attr      Idx    E Section Name        Object

    0x20000000   0x00000004   Data   RW            5    .data               main.o
    0x20000004   0x00000014   Data   RW          451    .data               system_stm32f4xx.o
    0x20000018   0x00000004   Data   RW          615    .data               stm32f4xx_hal.o
    0x2000001c   0x00000004   Data   RW         3906    .data               delay.o
    0x20000020   0x00000004   Data   RW         3974    .data               usart.o
    0x20000024   0x00000010   Data   RW         4125    .data               lan8720.o
    0x20000034   0x0000001e   Data   RW         4266    .data               ads1299.o
    0x20000052   0x00000002   PAD
    0x20000054   0x00000004   Data   RW         4403    .data               spi.o
    0x20000058   0x0000000c   Data   RW         4544    .data               ad5933.o
    0x20000064   0x00000024   Data   RW         4621    .data               malloc.o
    0x20000088   0x00000004   Data   RW         4697    .data               lwip_comm.o
    0x2000008c   0x0000000c   Data   RW         4798    .data               tcp_server_demo.o
    0x20000098   0x00000001   Data   RW         4915    .data               etharp.o
    0x20000099   0x00000003   PAD
    0x2000009c   0x00000014   Data   RW         5158    .data               ip.o
    0x200000b0   0x00000008   Data   RW         5272    .data               ip_frag.o
    0x200000b8   0x00000010   Data   RW         5402    .data               mem.o
    0x200000c8   0x00000004   Data   RW         5446    .data               memp.o
    0x200000cc   0x0000000c   Data   RW         5497    .data               netif.o
    0x200000d8   0x00000004   Data   RW         5695    .data               raw.o
    0x200000dc   0x00000024   Data   RW         5785    .data               tcp.o
    0x20000100   0x0000001c   Data   RW         5969    .data               tcp_in.o
    0x2000011c   0x0000000c   Data   RW         6117    .data               timers.o
    0x20000128   0x00000008   Data   RW         6178    .data               udp.o
    0x20000130   0x0000001c   Data   RW         6337    .data               usmart.o
    0x2000014c   0x00000020   Data   RW         6414    .data               usmart_config.o
    0x2000016c   0x000000f4   Data   RW         6415    .data               usmart_config.o
    0x20000260   0x00000004   Data   RW         6821    .data               mc_w.l(stdout.o)
    0x20000264   0x00000004   Data   RW         6831    .data               mc_w.l(errno.o)
    0x20000268   0x00000108   Zero   RW         3973    .bss                usart.o
    0x20000370   0x00000048   Zero   RW         4124    .bss                lan8720.o
    0x200003b8   0x0000003c   Zero   RW         4202    .bss                timer.o
    0x200003f4   0x00000618   Zero   RW         4259    .bss                ads1299.o
    0x20000a0c   0x00000160   Zero   RW         4402    .bss                spi.o
    0x20000b6c   0x00000034   Zero   RW         4486    .bss                sdram.o
    0x20000ba0   0x00019000   Zero   RW         4618    .bss                malloc.o
    0x20019ba0   0x00001900   Zero   RW         4619    .bss                malloc.o
    0x2001b4a0   0x00000048   Zero   RW         4694    .bss                lwip_comm.o
    0x2001b4e8   0x000000c8   Zero   RW         4912    .bss                etharp.o
    0x2001b5b0   0x00000028   Zero   RW         5444    .bss                memp.o
    0x2001b5d8   0x00000010   Zero   RW         5968    .bss                tcp_in.o
    0x2001b5e8   0x0000003c   Zero   RW         6335    .bss                usmart.o
    0x2001b624   0x00000004   PAD
    0x2001b628   0x00000400   Zero   RW          582    STACK               startup_stm32f429xx.o



  Load Region LR$$.ARM.__AT_0x10000000 (Base: 0x10000000, Size: 0x00000000, Max: 0x0000f000, ABSOLUTE)

    Execution Region ER$$.ARM.__AT_0x10000000 (Base: 0x10000000, Size: 0x0000f000, Max: 0x0000f000, ABSOLUTE, UNINIT)

    Base Addr    Size         Type   Attr      Idx    E Section Name        Object

    0x10000000   0x0000f000   Zero   RW         4614    .ARM.__AT_0x10000000  malloc.o



  Load Region LR$$.ARM.__AT_0x1000F000 (Base: 0x1000f000, Size: 0x00000000, Max: 0x00000f00, ABSOLUTE)

    Execution Region ER$$.ARM.__AT_0x1000F000 (Base: 0x1000f000, Size: 0x00000f00, Max: 0x00000f00, ABSOLUTE, UNINIT)

    Base Addr    Size         Type   Attr      Idx    E Section Name        Object

    0x1000f000   0x00000f00   Zero   RW         4615    .ARM.__AT_0x1000F000  malloc.o



  Load Region LR$$.ARM.__AT_0xC01F4000 (Base: 0xc01f4000, Size: 0x00000000, Max: 0x01c3c000, ABSOLUTE)

    Execution Region ER$$.ARM.__AT_0xC01F4000 (Base: 0xc01f4000, Size: 0x01c3c000, Max: 0x01c3c000, ABSOLUTE, UNINIT)

    Base Addr    Size         Type   Attr      Idx    E Section Name        Object

    0xc01f4000   0x01c3c000   Zero   RW         4616    .ARM.__AT_0xC01F4000  malloc.o



  Load Region LR$$.ARM.__AT_0xC1E30000 (Base: 0xc1e30000, Size: 0x00000000, Max: 0x001c3c00, ABSOLUTE)

    Execution Region ER$$.ARM.__AT_0xC1E30000 (Base: 0xc1e30000, Size: 0x001c3c00, Max: 0x001c3c00, ABSOLUTE, UNINIT)

    Base Addr    Size         Type   Attr      Idx    E Section Name        Object

    0xc1e30000   0x001c3c00   Zero   RW         4617    .ARM.__AT_0xC1E30000  malloc.o


==============================================================================

Image component sizes


      Code (inc. data)   RO Data    RW Data    ZI Data      Debug   Object Name

       576         10          0         12          0       4519   ad5933.o
       500         58          0         30       1560       8687   ads1299.o
        16          0          0          0          0       2510   def.o
        98          8          0          4          0       1899   delay.o
      3248       1302         80          1        200      14225   etharp.o
       674        144          0          0          0       7016   ethernetif.o
       904        458          0          0          0       3578   icmp.o
         0          0          0          0          0       3812   inet.o
       170          0          0          0          0       2817   inet_chksum.o
        30          0          0          0          0        528   init.o
       924        264          0         20          0       8025   ip.o
        46          0          0          0          0       6794   ip_addr.o
      2544        932          0          8          0      10392   ip_frag.o
       554         54          0         16         72       4190   lan8720.o
       292         32          0          4         72      14544   lwip_comm.o
       132         10          0          4          0     479223   main.o
       396         42         36         36   31630336       6441   malloc.o
      1572        766          0         16          0       5161   mem.o
       470        282         40          4         40       3926   memp.o
       612         74          0          0          0       4874   myiic.o
       402        124          0         12          0       7639   netif.o
      3178       1632          0          0          0       9502   pbuf.o
       116         12          0          4          0       1536   raw.o
       428         38          0          0         52       2782   sdram.o
       432         48          0          4        352       3859   spi.o
        36          8        428          0       1024        816   startup_stm32f429xx.o
       144         16          0          4          0       4668   stm32f4xx_hal.o
       218         14          0          0          0      30817   stm32f4xx_hal_cortex.o
        82          0          0          0          0       1236   stm32f4xx_hal_dma.o
      1778         66          0          0          0      10603   stm32f4xx_hal_eth.o
       486         54          0          0          0       2612   stm32f4xx_hal_gpio.o
       136         14          0          0          0       1280   stm32f4xx_hal_pwr_ex.o
      1572         72         16          0          0       6267   stm32f4xx_hal_rcc.o
       146          0          0          0          0       2680   stm32f4xx_hal_sdram.o
      1022          0          0          0          0       4379   stm32f4xx_hal_spi.o
       636         44          0          0          0       6579   stm32f4xx_hal_tim.o
         4          0          0          0          0       1630   stm32f4xx_hal_tim_ex.o
      1092          8          0          0          0       7271   stm32f4xx_hal_uart.o
        20          0          0          0          0       3890   stm32f4xx_it.o
       284          0          0          0          0       3576   stm32f4xx_ll_fmc.o
       148         10          0          0          0       1599   sys.o
        12          6          0          0          0        466   sys_arch.o
        84         18          0         20          0       1001   system_stm32f4xx.o
      3316       1134        201         36          0      24373   tcp.o
      4504        994          0         28         16      16879   tcp_in.o
      2558        684         85          0          0      11363   tcp_out.o
        56          4          0         12          0       3170   tcp_server_demo.o
       140         34          0          0         60       2745   timer.o
       468        208          0         12          0       3777   timers.o
       462        132          0          8          0       4103   udp.o
       336         48          0          4        264       3181   usart.o
      2840       1338         40         28         60       7835   usmart.o
         0          0        127        276          0       1464   usmart_config.o
      1058         20          0          0          0       9247   usmart_str.o

    ----------------------------------------------------------------------
     41998      11216       1092        608   31634112     797986   Object Totals
         0          0         32          0          0          0   (incl. Generated)
        46          0          7          5          4          0   (incl. Padding)

    ----------------------------------------------------------------------

      Code (inc. data)   RO Data    RW Data    ZI Data      Debug   Library Member Name

       122          0          0          0          0        148   sqrt.o
        86          0          0          0          0          0   __dczerorl2.o
         0          0          0          0          0          0   entry.o
         0          0          0          0          0          0   entry10a.o
         0          0          0          0          0          0   entry11a.o
         8          4          0          0          0          0   entry2.o
         4          0          0          0          0          0   entry5.o
         0          0          0          0          0          0   entry7b.o
         0          0          0          0          0          0   entry8b.o
         8          4          0          0          0          0   entry9a.o
        12          6          0          4          0         68   errno.o
        18          0          0          0          0         80   fputc.o
        30          0          0          0          0          0   handlers.o
        36          8          0          0          0         68   init.o
         0          0          0          0          0          0   iusefp.o
         0          0          0          0          0          0   iusesemip.o
        30          0          0          0          0         68   llshl.o
        32          0          0          0          0         68   llushr.o
        26          0          0          0          0         80   memcmp.o
        36          0          0          0          0         68   memcpya.o
        36          0          0          0          0        108   memseta.o
      1154         54          0          0          0        352   printf8.o
         0          0          0          0          0          0   semi.o
         0          0          0          4          0          0   stdout.o
        98          0          0          0          0         92   uldiv.o
       186          0          0          0          0        176   depilogue.o
        50          0          0          0          0         76   dfixui.o
        34          0          0          0          0         76   dflti.o
       162          0          0          0          0        100   dsqrt.o

    ----------------------------------------------------------------------
      2170         76          0          8          0       1628   Library Totals
         2          0          0          0          0          0   (incl. Padding)

    ----------------------------------------------------------------------

      Code (inc. data)   RO Data    RW Data    ZI Data      Debug   Library Name

       122          0          0          0          0        148   m_wm.l
      1614         76          0          8          0       1052   mc_w.l
       432          0          0          0          0        428   mf_w.l

    ----------------------------------------------------------------------
      2170         76          0          8          0       1628   Library Totals

    ----------------------------------------------------------------------

==============================================================================


      Code (inc. data)   RO Data    RW Data    ZI Data      Debug   

     44168      11292       1092        616   31634112     772870   Grand Totals
     44168      11292       1092        128   31634112     772870   ELF Image Totals (compressed)
     44168      11292       1092        128          0          0   ROM Totals

==============================================================================

    Total RO  Size (Code + RO Data)                45260 (  44.20kB)
    Total RW  Size (RW Data + ZI Data)          31634728 (30893.29kB)
    Total ROM Size (Code + RO Data + RW Data)      45388 (  44.32kB)

==============================================================================

