Component: ARM Compiler 5.06 update 4 (build 422) Tool: armlink [4d35d2]

==============================================================================

Section Cross References

    main.o(i.main) refers to sys.o(i.Stm32_Clock_Init) for Stm32_Clock_Init
    main.o(i.main) refers to stm32f4xx_hal.o(i.HAL_Init) for HAL_Init
    main.o(i.main) refers to delay.o(i.delay_init) for delay_init
    main.o(i.main) refers to led.o(i.LED_Init) for LED_Init
    main.o(i.main) refers to timer.o(i.TIM4_Init) for TIM4_Init
    main.o(i.main) refers to timer.o(i.TIM2_PWM_Init) for TIM2_PWM_Init
    main.o(i.main) refers to timer.o(i.TIM_SetTIM2) for TIM_SetTIM2
    main.o(i.main) refers to myiic.o(i.IIC_Init) for IIC_Init
    main.o(i.main) refers to ads1299.o(i.ADS1299_Init) for ADS1299_Init
    main.o(i.main) refers to tca6424a.o(i.TCA6424A_Init) for TCA6424A_Init
    main.o(i.main) refers to malloc.o(i.my_mem_init) for my_mem_init
    main.o(i.main) refers to timer.o(i.TIM3_Init) for TIM3_Init
    main.o(i.main) refers to delay.o(i.delay_ms) for delay_ms
    main.o(i.main) refers to lwip_comm.o(i.lwip_comm_init) for lwip_comm_init
    main.o(i.main) refers to tcp_server_demo.o(i.hardware_init) for hardware_init
    main.o(i.main) refers to iwdg.o(i.IWDG_Init) for IWDG_Init
    main.o(i.main) refers to tcp_server_demo.o(i.udp_demo_test) for udp_demo_test
    stm32f4xx_it.o(i.SysTick_Handler) refers to stm32f4xx_hal.o(i.HAL_IncTick) for HAL_IncTick
    system_stm32f4xx.o(i.SystemCoreClockUpdate) refers to system_stm32f4xx.o(.data) for .data
    iwdg.o(i.IWDG_Feed) refers to stm32f4xx_hal_iwdg.o(i.HAL_IWDG_Refresh) for HAL_IWDG_Refresh
    iwdg.o(i.IWDG_Feed) refers to iwdg.o(.bss) for .bss
    iwdg.o(i.IWDG_Init) refers to stm32f4xx_hal_iwdg.o(i.HAL_IWDG_Init) for HAL_IWDG_Init
    iwdg.o(i.IWDG_Init) refers to stm32f4xx_hal_iwdg.o(i.HAL_IWDG_Start) for HAL_IWDG_Start
    iwdg.o(i.IWDG_Init) refers to iwdg.o(.bss) for .bss
    startup_stm32f407xx.o(RESET) refers to startup_stm32f407xx.o(STACK) for __initial_sp
    startup_stm32f407xx.o(RESET) refers to startup_stm32f407xx.o(.text) for Reset_Handler
    startup_stm32f407xx.o(RESET) refers to stm32f4xx_it.o(i.NMI_Handler) for NMI_Handler
    startup_stm32f407xx.o(RESET) refers to stm32f4xx_it.o(i.HardFault_Handler) for HardFault_Handler
    startup_stm32f407xx.o(RESET) refers to stm32f4xx_it.o(i.MemManage_Handler) for MemManage_Handler
    startup_stm32f407xx.o(RESET) refers to stm32f4xx_it.o(i.BusFault_Handler) for BusFault_Handler
    startup_stm32f407xx.o(RESET) refers to stm32f4xx_it.o(i.UsageFault_Handler) for UsageFault_Handler
    startup_stm32f407xx.o(RESET) refers to stm32f4xx_it.o(i.SVC_Handler) for SVC_Handler
    startup_stm32f407xx.o(RESET) refers to stm32f4xx_it.o(i.DebugMon_Handler) for DebugMon_Handler
    startup_stm32f407xx.o(RESET) refers to stm32f4xx_it.o(i.PendSV_Handler) for PendSV_Handler
    startup_stm32f407xx.o(RESET) refers to stm32f4xx_it.o(i.SysTick_Handler) for SysTick_Handler
    startup_stm32f407xx.o(RESET) refers to spi.o(i.DMA1_Stream3_IRQHandler) for DMA1_Stream3_IRQHandler
    startup_stm32f407xx.o(RESET) refers to timer.o(i.TIM3_IRQHandler) for TIM3_IRQHandler
    startup_stm32f407xx.o(RESET) refers to timer.o(i.TIM4_IRQHandler) for TIM4_IRQHandler
    startup_stm32f407xx.o(RESET) refers to usart.o(i.USART1_IRQHandler) for USART1_IRQHandler
    startup_stm32f407xx.o(RESET) refers to ads1299.o(i.EXTI15_10_IRQHandler) for EXTI15_10_IRQHandler
    startup_stm32f407xx.o(RESET) refers to lan8720.o(i.ETH_IRQHandler) for ETH_IRQHandler
    startup_stm32f407xx.o(.text) refers to system_stm32f4xx.o(i.SystemInit) for SystemInit
    startup_stm32f407xx.o(.text) refers to entry.o(.ARM.Collect$$$$00000000) for __main
    stm32f4xx_hal.o(i.HAL_DeInit) refers to stm32f4xx_hal.o(i.HAL_MspDeInit) for HAL_MspDeInit
    stm32f4xx_hal.o(i.HAL_Delay) refers to stm32f4xx_hal.o(i.HAL_GetTick) for HAL_GetTick
    stm32f4xx_hal.o(i.HAL_GetTick) refers to stm32f4xx_hal.o(.data) for .data
    stm32f4xx_hal.o(i.HAL_IncTick) refers to stm32f4xx_hal.o(.data) for .data
    stm32f4xx_hal.o(i.HAL_Init) refers to stm32f4xx_hal_cortex.o(i.HAL_NVIC_SetPriorityGrouping) for HAL_NVIC_SetPriorityGrouping
    stm32f4xx_hal.o(i.HAL_Init) refers to stm32f4xx_hal.o(i.HAL_InitTick) for HAL_InitTick
    stm32f4xx_hal.o(i.HAL_Init) refers to stm32f4xx_hal.o(i.HAL_MspInit) for HAL_MspInit
    stm32f4xx_hal.o(i.HAL_InitTick) refers to stm32f4xx_hal_rcc.o(i.HAL_RCC_GetHCLKFreq) for HAL_RCC_GetHCLKFreq
    stm32f4xx_hal.o(i.HAL_InitTick) refers to stm32f4xx_hal_cortex.o(i.HAL_SYSTICK_Config) for HAL_SYSTICK_Config
    stm32f4xx_hal.o(i.HAL_InitTick) refers to stm32f4xx_hal_cortex.o(i.HAL_NVIC_SetPriority) for HAL_NVIC_SetPriority
    stm32f4xx_hal_cortex.o(i.HAL_NVIC_SetPriority) refers to stm32f4xx_hal_cortex.o(i.NVIC_SetPriority) for NVIC_SetPriority
    stm32f4xx_hal_cortex.o(i.HAL_SYSTICK_Config) refers to stm32f4xx_hal_cortex.o(i.NVIC_SetPriority) for NVIC_SetPriority
[...]
    ackno                                    0x2000017c   Data           4  tcp_in.o(.data)
    recv_data                                0x20000180   Data           4  tcp_in.o(.data)
    .data                                    0x20000188   Section       12  timers.o(.data)
    next_timeout                             0x20000188   Data           4  timers.o(.data)
    timeouts_last_time                       0x2000018c   Data           4  timers.o(.data)
    tcpip_tcp_timer_active                   0x20000190   Data           4  timers.o(.data)
    .data                                    0x20000194   Section        8  udp.o(.data)
    udp_port                                 0x20000194   Data           2  udp.o(.data)
    .data                                    0x2000019c   Section        4  stdout.o(.data)
    .bss                                     0x200001a0   Section       16  iwdg.o(.bss)
    .bss                                     0x200001b0   Section      264  usart.o(.bss)
    .bss                                     0x200002b8   Section       72  lan8720.o(.bss)
    .bss                                     0x20000300   Section      208  timer.o(.bss)
    .bss                                     0x200003d0   Section      133  ads1299.o(.bss)
    .bss                                     0x20000458   Section      352  spi.o(.bss)
    .bss                                     0x200005c0   Section    102400  malloc.o(.bss)
    .bss                                     0x200195c0   Section     6400  malloc.o(.bss)
    .bss                                     0x2001aec0   Section       72  lwip_comm.o(.bss)
    .bss                                     0x2001af08   Section      268  tcp_server_demo.o(.bss)
    .bss                                     0x2001b014   Section      200  etharp.o(.bss)
    arp_table                                0x2001b014   Data         200  etharp.o(.bss)
    .bss                                     0x2001b0dc   Section       40  memp.o(.bss)
    memp_tab                                 0x2001b0dc   Data          40  memp.o(.bss)
    .bss                                     0x2001b104   Section       16  tcp_in.o(.bss)
    inseg                                    0x2001b104   Data          16  tcp_in.o(.bss)
    STACK                                    0x2001b118   Section     1024  startup_stm32f407xx.o(STACK)
    .ARM.__AT_0xC01F4000                     0xc01f4000   Section    61440  malloc.o(.ARM.__AT_0xC01F4000)
    .ARM.__AT_0xC0203000                     0xc0203000   Section     3840  malloc.o(.ARM.__AT_0xC0203000)

    Global Symbols

    Symbol Name                              Value     Ov Type        Size  Object(Section)

    BuildAttributes$$THM_ISAv4$E$P$D$K$B$S$7EM$VFPi3$EXTD16$VFPS$VFMA$PE$A:L22UL41UL21$X:L11$S22US41US21$IEEE1$IW$USESV6$~STKCKD$USESV7$~SHL$OSPACE$ROPI$EBA8$MICROLIB$REQ8$PRES8$EABIv2 0x00000000   Number         0  anon$$obj.o ABSOLUTE
    __ARM_use_no_argv                        0x00000000   Number         0  main.o ABSOLUTE
    _printf_a                                0x00000000   Number         0  stubs.o ABSOLUTE
    _printf_c                                0x00000000   Number         0  stubs.o ABSOLUTE
    _printf_charcount                        0x00000000   Number         0  stubs.o ABSOLUTE
    _printf_d                                0x00000000   Number         0  stubs.o ABSOLUTE
    _printf_e                                0x00000000   Number         0  stubs.o ABSOLUTE
    _printf_f                                0x00000000   Number         0  stubs.o ABSOLUTE
    _printf_flags                            0x00000000   Number         0  stubs.o ABSOLUTE
    _printf_fp_dec                           0x00000000   Number         0  stubs.o ABSOLUTE
    _printf_fp_hex                           0x00000000   Number         0  stubs.o ABSOLUTE
    _printf_g                                0x00000000   Number         0  stubs.o ABSOLUTE
    _printf_i                                0x00000000   Number         0  stubs.o ABSOLUTE
    _printf_int_dec                          0x00000000   Number         0  stubs.o ABSOLUTE
    _printf_l                                0x00000000   Number         0  stubs.o ABSOLUTE
    _printf_lc                               0x00000000   Number         0  stubs.o ABSOLUTE
    _printf_ll                               0x00000000   Number         0  stubs.o ABSOLUTE
    _printf_lld                              0x00000000   Number         0  stubs.o ABSOLUTE
    _printf_lli                              0x00000000   Number         0  stubs.o ABSOLUTE
    _printf_llo                              0x00000000   Number         0  stubs.o ABSOLUTE
    _printf_llu                              0x00000000   Number         0  stubs.o ABSOLUTE
    _printf_llx                              0x00000000   Number         0  stubs.o ABSOLUTE
    _printf_longlong_dec                     0x00000000   Number         0  stubs.o ABSOLUTE
    _printf_longlong_hex                     0x00000000   Number         0  stubs.o ABSOLUTE
    _printf_longlong_oct                     0x00000000   Number         0  stubs.o ABSOLUTE
    _printf_ls                               0x00000000   Number         0  stubs.o ABSOLUTE
    _printf_mbtowc                           0x00000000   Number         0  stubs.o ABSOLUTE
    _printf_n                                0x00000000   Number         0  stubs.o ABSOLUTE
    _printf_o                                0x00000000   Number         0  stubs.o ABSOLUTE
    _printf_p                                0x00000000   Number         0  stubs.o ABSOLUTE
    _printf_percent                          0x00000000   Number         0  stubs.o ABSOLUTE
    _printf_pre_padding                      0x00000000   Number         0  stubs.o ABSOLUTE
    _printf_return_value                     0x00000000   Number         0  stubs.o ABSOLUTE
    _printf_s                                0x00000000   Number         0  stubs.o ABSOLUTE
    _printf_sizespec                         0x00000000   Number         0  stubs.o ABSOLUTE
    _printf_str                              0x00000000   Number         0  stubs.o ABSOLUTE
    _printf_truncate_signed                  0x00000000   Number         0  stubs.o ABSOLUTE
    _printf_truncate_unsigned                0x00000000   Number         0  stubs.o ABSOLUTE
    _printf_u                                0x00000000   Number         0  stubs.o ABSOLUTE
    _printf_wc                               0x00000000   Number         0  stubs.o ABSOLUTE
    _printf_wctomb                           0x00000000   Number         0  stubs.o ABSOLUTE
    _printf_widthprec                        0x00000000   Number         0  stubs.o ABSOLUTE
    _printf_x                                0x00000000   Number         0  stubs.o ABSOLUTE
    __cpp_initialize__aeabi_                  - Undefined Weak Reference
    __cxa_finalize                            - Undefined Weak Reference
    _clock_init                               - Undefined Weak Reference
    _microlib_exit                            - Undefined Weak Reference
    __Vectors_Size                           0x00000188   Number         0  startup_stm32f407xx.o ABSOLUTE
    __Vectors                                0x08000000   Data           4  startup_stm32f407xx.o(RESET)
    __Vectors_End                            0x08000188   Data           0  startup_stm32f407xx.o(RESET)
    __main                                   0x08000189   Thumb Code     0  entry.o(.ARM.Collect$$$$00000000)
    _main_stk                                0x08000189   Thumb Code     0  entry2.o(.ARM.Collect$$$$00000001)
    _main_scatterload                        0x0800018d   Thumb Code     0  entry5.o(.ARM.Collect$$$$00000004)
    __main_after_scatterload                 0x08000191   Thumb Code     0  entry5.o(.ARM.Collect$$$$00000004)
    _main_clock                              0x08000191   Thumb Code     0  entry7b.o(.ARM.Collect$$$$00000008)
    _main_cpp_init                           0x08000191   Thumb Code     0  entry8b.o(.ARM.Collect$$$$0000000A)
    _main_init                               0x08000191   Thumb Code     0  entry9a.o(.ARM.Collect$$$$0000000B)
    __rt_final_cpp                           0x08000199   Thumb Code     0  entry10a.o(.ARM.Collect$$$$0000000D)
    __rt_final_exit                          0x08000199   Thumb Code     0  entry11a.o(.ARM.Collect$$$$0000000F)
    WFI_SET                                  0x0800019d   Thumb Code     2  sys.o(.emb_text)
    INTX_DISABLE                             0x0800019f   Thumb Code     4  sys.o(.emb_text)
    INTX_ENABLE                              0x080001a3   Thumb Code     4  sys.o(.emb_text)
    MSR_MSP                                  0x080001a7   Thumb Code     6  sys.o(.emb_text)
    Reset_Handler                            0x080001ad   Thumb Code     8  startup_stm32f407xx.o(.text)
    ADC_IRQHandler                           0x080001c7   Thumb Code     0  startup_stm32f407xx.o(.text)
    CAN1_RX0_IRQHandler                      0x080001c7   Thumb Code     0  startup_stm32f407xx.o(.text)
    CAN1_RX1_IRQHandler                      0x080001c7   Thumb Code     0  startup_stm32f407xx.o(.text)
    CAN1_SCE_IRQHandler                      0x080001c7   Thumb Code     0  startup_stm32f407xx.o(.text)
    CAN1_TX_IRQHandler                       0x080001c7   Thumb Code     0  startup_stm32f407xx.o(.text)
    CAN2_RX0_IRQHandler                      0x080001c7   Thumb Code     0  startup_stm32f407xx.o(.text)
    CAN2_RX1_IRQHandler                      0x080001c7   Thumb Code     0  startup_stm32f407xx.o(.text)
    CAN2_SCE_IRQHandler                      0x080001c7   Thumb Code     0  startup_stm32f407xx.o(.text)
    CAN2_TX_IRQHandler                       0x080001c7   Thumb Code     0  startup_stm32f407xx.o(.text)
    DCMI_IRQHandler                          0x080001c7   Thumb Code     0  startup_stm32f407xx.o(.text)
    DMA1_Stream0_IRQHandler                  0x080001c7   Thumb Code     0  startup_stm32f407xx.o(.text)
    DMA1_Stream1_IRQHandler                  0x080001c7   Thumb Code     0  startup_stm32f407xx.o(.text)
    DMA1_Stream2_IRQHandler                  0x080001c7   Thumb Code     0  startup_stm32f407xx.o(.text)
    DMA1_Stream4_IRQHandler                  0x080001c7   Thumb Code     0  startup_stm32f407xx.o(.text)
    DMA1_Stream5_IRQHandler                  0x080001c7   Thumb Code     0  startup_stm32f407xx.o(.text)
    DMA1_Stream6_IRQHandler                  0x080001c7   Thumb Code     0  startup_stm32f407xx.o(.text)
    DMA1_Stream7_IRQHandler                  0x080001c7   Thumb Code     0  startup_stm32f407xx.o(.text)
    DMA2_Stream0_IRQHandler                  0x080001c7   Thumb Code     0  startup_stm32f407xx.o(.text)
    DMA2_Stream1_IRQHandler                  0x080001c7   Thumb Code     0  startup_stm32f407xx.o(.text)
    DMA2_Stream2_IRQHandler                  0x080001c7   Thumb Code     0  startup_stm32f407xx.o(.text)
    DMA2_Stream3_IRQHandler                  0x080001c7   Thumb Code     0  startup_stm32f407xx.o(.text)
    DMA2_Stream4_IRQHandler                  0x080001c7   Thumb Code     0  startup_stm32f407xx.o(.text)
    DMA2_Stream5_IRQHandler                  0x080001c7   Thumb Code     0  startup_stm32f407xx.o(.text)
    DMA2_Stream6_IRQHandler                  0x080001c7   Thumb Code     0  startup_stm32f407xx.o(.text)
    DMA2_Stream7_IRQHandler                  0x080001c7   Thumb Code     0  startup_stm32f407xx.o(.text)
    ETH_WKUP_IRQHandler                      0x080001c7   Thumb Code     0  startup_stm32f407xx.o(.text)
    EXTI0_IRQHandler                         0x080001c7   Thumb Code     0  startup_stm32f407xx.o(.text)
    EXTI1_IRQHandler                         0x080001c7   Thumb Code     0  startup_stm32f407xx.o(.text)
    EXTI2_IRQHandler                         0x080001c7   Thumb Code     0  startup_stm32f407xx.o(.text)
    EXTI3_IRQHandler                         0x080001c7   Thumb Code     0  startup_stm32f407xx.o(.text)
    EXTI4_IRQHandler                         0x080001c7   Thumb Code     0  startup_stm32f407xx.o(.text)
    EXTI9_5_IRQHandler                       0x080001c7   Thumb Code     0  startup_stm32f407xx.o(.text)
    FLASH_IRQHandler                         0x080001c7   Thumb Code     0  startup_stm32f407xx.o(.text)
    FMC_IRQHandler                           0x080001c7   Thumb Code     0  startup_stm32f407xx.o(.text)
    FPU_IRQHandler                           0x080001c7   Thumb Code     0  startup_stm32f407xx.o(.text)
    HASH_RNG_IRQHandler                      0x080001c7   Thumb Code     0  startup_stm32f407xx.o(.text)
    I2C1_ER_IRQHandler                       0x080001c7   Thumb Code     0  startup_stm32f407xx.o(.text)
    I2C1_EV_IRQHandler                       0x080001c7   Thumb Code     0  startup_stm32f407xx.o(.text)
    I2C2_ER_IRQHandler                       0x080001c7   Thumb Code     0  startup_stm32f407xx.o(.text)
    I2C2_EV_IRQHandler                       0x080001c7   Thumb Code     0  startup_stm32f407xx.o(.text)
    I2C3_ER_IRQHandler                       0x080001c7   Thumb Code     0  startup_stm32f407xx.o(.text)
    I2C3_EV_IRQHandler                       0x080001c7   Thumb Code     0  startup_stm32f407xx.o(.text)
    OTG_FS_IRQHandler                        0x080001c7   Thumb Code     0  startup_stm32f407xx.o(.text)
    OTG_FS_WKUP_IRQHandler                   0x080001c7   Thumb Code     0  startup_stm32f407xx.o(.text)
    OTG_HS_EP1_IN_IRQHandler                 0x080001c7   Thumb Code     0  startup_stm32f407xx.o(.text)
    OTG_HS_EP1_OUT_IRQHandler                0x080001c7   Thumb Code     0  startup_stm32f407xx.o(.text)
    OTG_HS_IRQHandler                        0x080001c7   Thumb Code     0  startup_stm32f407xx.o(.text)
    OTG_HS_WKUP_IRQHandler                   0x080001c7   Thumb Code     0  startup_stm32f407xx.o(.text)
    PVD_IRQHandler                           0x080001c7   Thumb Code     0  startup_stm32f407xx.o(.text)
    RCC_IRQHandler                           0x080001c7   Thumb Code     0  startup_stm32f407xx.o(.text)
    RTC_Alarm_IRQHandler                     0x080001c7   Thumb Code     0  startup_stm32f407xx.o(.text)
    RTC_WKUP_IRQHandler                      0x080001c7   Thumb Code     0  startup_stm32f407xx.o(.text)
    SDIO_IRQHandler                          0x080001c7   Thumb Code     0  startup_stm32f407xx.o(.text)
    SPI1_IRQHandler                          0x080001c7   Thumb Code     0  startup_stm32f407xx.o(.text)
    SPI2_IRQHandler                          0x080001c7   Thumb Code     0  startup_stm32f407xx.o(.text)
    SPI3_IRQHandler                          0x080001c7   Thumb Code     0  startup_stm32f407xx.o(.text)
    TAMP_STAMP_IRQHandler                    0x080001c7   Thumb Code     0  startup_stm32f407xx.o(.text)
    TIM1_BRK_TIM9_IRQHandler                 0x080001c7   Thumb Code     0  startup_stm32f407xx.o(.text)
    TIM1_CC_IRQHandler                       0x080001c7   Thumb Code     0  startup_stm32f407xx.o(.text)
    TIM1_TRG_COM_TIM11_IRQHandler            0x080001c7   Thumb Code     0  startup_stm32f407xx.o(.text)
    TIM1_UP_TIM10_IRQHandler                 0x080001c7   Thumb Code     0  startup_stm32f407xx.o(.text)
    TIM2_IRQHandler                          0x080001c7   Thumb Code     0  startup_stm32f407xx.o(.text)
    TIM5_IRQHandler                          0x080001c7   Thumb Code     0  startup_stm32f407xx.o(.text)
    TIM6_DAC_IRQHandler                      0x080001c7   Thumb Code     0  startup_stm32f407xx.o(.text)
    TIM7_IRQHandler                          0x080001c7   Thumb Code     0  startup_stm32f407xx.o(.text)
    TIM8_BRK_TIM12_IRQHandler                0x080001c7   Thumb Code     0  startup_stm32f407xx.o(.text)
    TIM8_CC_IRQHandler                       0x080001c7   Thumb Code     0  startup_stm32f407xx.o(.text)
    TIM8_TRG_COM_TIM14_IRQHandler            0x080001c7   Thumb Code     0  startup_stm32f407xx.o(.text)
    TIM8_UP_TIM13_IRQHandler                 0x080001c7   Thumb Code     0  startup_stm32f407xx.o(.text)
    UART4_IRQHandler                         0x080001c7   Thumb Code     0  startup_stm32f407xx.o(.text)
    UART5_IRQHandler                         0x080001c7   Thumb Code     0  startup_stm32f407xx.o(.text)
    USART2_IRQHandler                        0x080001c7   Thumb Code     0  startup_stm32f407xx.o(.text)
    USART3_IRQHandler                        0x080001c7   Thumb Code     0  startup_stm32f407xx.o(.text)
    USART6_IRQHandler                        0x080001c7   Thumb Code     0  startup_stm32f407xx.o(.text)
    WWDG_IRQHandler                          0x080001c7   Thumb Code     0  startup_stm32f407xx.o(.text)
    __aeabi_memcpy                           0x080001d1   Thumb Code    36  memcpya.o(.text)
    __aeabi_memcpy4                          0x080001d1   Thumb Code     0  memcpya.o(.text)
    __aeabi_memcpy8                          0x080001d1   Thumb Code     0  memcpya.o(.text)
    __aeabi_memset                           0x080001f5   Thumb Code    14  memseta.o(.text)
    __aeabi_memset4                          0x080001f5   Thumb Code     0  memseta.o(.text)
    __aeabi_memset8                          0x080001f5   Thumb Code     0  memseta.o(.text)
    __aeabi_memclr                           0x08000203   Thumb Code     4  memseta.o(.text)
    __aeabi_memclr4                          0x08000203   Thumb Code     0  memseta.o(.text)
    __aeabi_memclr8                          0x08000203   Thumb Code     0  memseta.o(.text)
    _memset$wrapper                          0x08000207   Thumb Code    18  memseta.o(.text)
    memcmp                                   0x08000219   Thumb Code    26  memcmp.o(.text)
    __aeabi_uidiv                            0x08000233   Thumb Code     0  uidiv.o(.text)
    __aeabi_uidivmod                         0x08000233   Thumb Code    44  uidiv.o(.text)
    __scatterload                            0x08000261   Thumb Code    28  init.o(.text)
    __scatterload_rt2                        0x08000261   Thumb Code     0  init.o(.text)
    __I$use$semihosting$fputc                0x08000285   Thumb Code     0  iusesemip.o(.text)
    __decompress                             0x08000285   Thumb Code     0  __dczerorl2.o(.text)
    __decompress1                            0x08000285   Thumb Code    86  __dczerorl2.o(.text)
    __semihosting_library_function           0x08000285   Thumb Code     0  semi.o(.text)
    ADS1299_CHANGE_CHANEL                    0x080002dd   Thumb Code    40  ads1299.o(i.ADS1299_CHANGE_CHANEL)
    ADS1299_Check                            0x08000309   Thumb Code   226  ads1299.o(i.ADS1299_Check)
    ADS1299_Command                          0x080003f1   Thumb Code    38  ads1299.o(i.ADS1299_Command)
    ADS1299_IT                               0x08000419   Thumb Code    76  ads1299.o(i.ADS1299_IT)
    ADS1299_Init                             0x08000471   Thumb Code   248  ads1299.o(i.ADS1299_Init)
    ADS1299_PREG                             0x08000585   Thumb Code    38  ads1299.o(i.ADS1299_PREG)
    ADS1299_SDATAC                           0x080005b1   Thumb Code    42  ads1299.o(i.ADS1299_SDATAC)
    ADS1299_WREG                             0x080005db   Thumb Code    54  ads1299.o(i.ADS1299_WREG)
    ADS1299_WREG_Single                      0x08000611   Thumb Code    46  ads1299.o(i.ADS1299_WREG_Single)
    BusFault_Handler                         0x0800063f   Thumb Code     2  stm32f4xx_it.o(i.BusFault_Handler)
    DMA1_Stream3_IRQHandler                  0x08000641   Thumb Code   112  spi.o(i.DMA1_Stream3_IRQHandler)
    Data_Process                             0x080006c1   Thumb Code  1424  tcp_server_demo.o(i.Data_Process)
    DebugMon_Handler                         0x08000c5d   Thumb Code     2  stm32f4xx_it.o(i.DebugMon_Handler)
    ETH_GetRxPktSize                         0x08000c8d   Thumb Code    30  lan8720.o(i.ETH_GetRxPktSize)
    ETH_IRQHandler                           0x08000cad   Thumb Code    38  lan8720.o(i.ETH_IRQHandler)
    ETH_Mem_Malloc                           0x08000dfd   Thumb Code    54  lan8720.o(i.ETH_Mem_Malloc)
    EXTI15_10_IRQHandler                     0x08000e39   Thumb Code    16  ads1299.o(i.EXTI15_10_IRQHandler)
    HAL_DMA_Abort                            0x08000e4d   Thumb Code    82  stm32f4xx_hal_dma.o(i.HAL_DMA_Abort)
    HAL_Delay                                0x08000e9f   Thumb Code    22  stm32f4xx_hal.o(i.HAL_Delay)
    HAL_ETH_DMARxDescListInit                0x08000eb5   Thumb Code   114  stm32f4xx_hal_eth.o(i.HAL_ETH_DMARxDescListInit)
    HAL_ETH_DMATxDescListInit                0x08000f27   Thumb Code   120  stm32f4xx_hal_eth.o(i.HAL_ETH_DMATxDescListInit)
    HAL_ETH_GetReceivedFrame                 0x08000f9f   Thumb Code   122  stm32f4xx_hal_eth.o(i.HAL_ETH_GetReceivedFrame)
    HAL_ETH_Init                             0x08001019   Thumb Code   396  stm32f4xx_hal_eth.o(i.HAL_ETH_Init)
    HAL_ETH_MspInit                          0x080011cd   Thumb Code   192  lan8720.o(i.HAL_ETH_MspInit)
    HAL_ETH_ReadPHYRegister                  0x0800129d   Thumb Code   134  stm32f4xx_hal_eth.o(i.HAL_ETH_ReadPHYRegister)
    HAL_ETH_Start                            0x08001323   Thumb Code   132  stm32f4xx_hal_eth.o(i.HAL_ETH_Start)
    HAL_ETH_TransmitFrame                    0x080013a7   Thumb Code   264  stm32f4xx_hal_eth.o(i.HAL_ETH_TransmitFrame)
    HAL_ETH_WritePHYRegister                 0x080014af   Thumb Code   118  stm32f4xx_hal_eth.o(i.HAL_ETH_WritePHYRegister)
    HAL_GPIO_Init                            0x08001525   Thumb Code   412  stm32f4xx_hal_gpio.o(i.HAL_GPIO_Init)
    HAL_GPIO_WritePin                        0x080016f1   Thumb Code    10  stm32f4xx_hal_gpio.o(i.HAL_GPIO_WritePin)
    HAL_GetTick                              0x080016fd   Thumb Code     6  stm32f4xx_hal.o(i.HAL_GetTick)
    HAL_IWDG_Init                            0x08001709   Thumb Code    74  stm32f4xx_hal_iwdg.o(i.HAL_IWDG_Init)
    HAL_IWDG_MspInit                         0x08001753   Thumb Code     2  stm32f4xx_hal_iwdg.o(i.HAL_IWDG_MspInit)
    HAL_IWDG_Refresh                         0x08001755   Thumb Code    84  stm32f4xx_hal_iwdg.o(i.HAL_IWDG_Refresh)
    HAL_IWDG_Start                           0x080017a9   Thumb Code    42  stm32f4xx_hal_iwdg.o(i.HAL_IWDG_Start)
    HAL_IncTick                              0x080017d5   Thumb Code    10  stm32f4xx_hal.o(i.HAL_IncTick)
    HAL_Init                                 0x080017e5   Thumb Code    48  stm32f4xx_hal.o(i.HAL_Init)
    HAL_InitTick                             0x08001819   Thumb Code    34  stm32f4xx_hal.o(i.HAL_InitTick)
    HAL_MspInit                              0x0800183b   Thumb Code     8  stm32f4xx_hal.o(i.HAL_MspInit)
    HAL_NVIC_EnableIRQ                       0x08001843   Thumb Code    22  stm32f4xx_hal_cortex.o(i.HAL_NVIC_EnableIRQ)
    HAL_NVIC_SetPriority                     0x08001859   Thumb Code    60  stm32f4xx_hal_cortex.o(i.HAL_NVIC_SetPriority)
    HAL_NVIC_SetPriorityGrouping             0x08001899   Thumb Code    26  stm32f4xx_hal_cortex.o(i.HAL_NVIC_SetPriorityGrouping)
    HAL_RCC_ClockConfig                      0x080018bd   Thumb Code   512  stm32f4xx_hal_rcc.o(i.HAL_RCC_ClockConfig)
    HAL_RCC_GetHCLKFreq                      0x08001ac5   Thumb Code    38  stm32f4xx_hal_rcc.o(i.HAL_RCC_GetHCLKFreq)
    HAL_RCC_GetSysClockFreq                  0x08001af9   Thumb Code   104  stm32f4xx_hal_rcc.o(i.HAL_RCC_GetSysClockFreq)
    HAL_RCC_OscConfig                        0x08001b6d   Thumb Code   774  stm32f4xx_hal_rcc.o(i.HAL_RCC_OscConfig)
    HAL_SPI_DMAStop                          0x08001e89   Thumb Code    50  stm32f4xx_hal_spi.o(i.HAL_SPI_DMAStop)
    HAL_SPI_Init                             0x08001ebb   Thumb Code   132  stm32f4xx_hal_spi.o(i.HAL_SPI_Init)
    HAL_SPI_MspInit                          0x08001f41   Thumb Code   136  spi.o(i.HAL_SPI_MspInit)
    HAL_SPI_TransmitReceive                  0x08001fd5   Thumb Code   682  stm32f4xx_hal_spi.o(i.HAL_SPI_TransmitReceive)
    HAL_SYSTICK_CLKSourceConfig              0x0800227f   Thumb Code    24  stm32f4xx_hal_cortex.o(i.HAL_SYSTICK_CLKSourceConfig)
    HAL_SYSTICK_Config                       0x08002297   Thumb Code    40  stm32f4xx_hal_cortex.o(i.HAL_SYSTICK_Config)
    HAL_TIMEx_BreakCallback                  0x080022bf   Thumb Code     2  stm32f4xx_hal_tim_ex.o(i.HAL_TIMEx_BreakCallback)
    HAL_TIMEx_CommutationCallback            0x080022c1   Thumb Code     2  stm32f4xx_hal_tim_ex.o(i.HAL_TIMEx_CommutationCallback)
    HAL_TIM_Base_Init                        0x080022c3   Thumb Code    54  stm32f4xx_hal_tim.o(i.HAL_TIM_Base_Init)
    HAL_TIM_Base_MspInit                     0x080022f9   Thumb Code    92  timer.o(i.HAL_TIM_Base_MspInit)
    HAL_TIM_Base_Start_IT                    0x08002361   Thumb Code    24  stm32f4xx_hal_tim.o(i.HAL_TIM_Base_Start_IT)
    HAL_TIM_IC_CaptureCallback               0x08002379   Thumb Code     2  stm32f4xx_hal_tim.o(i.HAL_TIM_IC_CaptureCallback)
    HAL_TIM_IRQHandler                       0x0800237b   Thumb Code   358  stm32f4xx_hal_tim.o(i.HAL_TIM_IRQHandler)
    HAL_TIM_OC_DelayElapsedCallback          0x080024e1   Thumb Code     2  stm32f4xx_hal_tim.o(i.HAL_TIM_OC_DelayElapsedCallback)
    HAL_TIM_PWM_ConfigChannel                0x080024e3   Thumb Code   208  stm32f4xx_hal_tim.o(i.HAL_TIM_PWM_ConfigChannel)
    HAL_TIM_PWM_Init                         0x080025b3   Thumb Code    54  stm32f4xx_hal_tim.o(i.HAL_TIM_PWM_Init)
    HAL_TIM_PWM_MspInit                      0x080025e9   Thumb Code    70  timer.o(i.HAL_TIM_PWM_MspInit)
    HAL_TIM_PWM_PulseFinishedCallback        0x08002639   Thumb Code     2  stm32f4xx_hal_tim.o(i.HAL_TIM_PWM_PulseFinishedCallback)
    HAL_TIM_PWM_Start                        0x0800263d   Thumb Code    48  stm32f4xx_hal_tim.o(i.HAL_TIM_PWM_Start)
    HAL_TIM_PeriodElapsedCallback            0x08002675   Thumb Code    40  timer.o(i.HAL_TIM_PeriodElapsedCallback)
    HAL_TIM_TriggerCallback                  0x080026ad   Thumb Code     2  stm32f4xx_hal_tim.o(i.HAL_TIM_TriggerCallback)
    HAL_UART_ErrorCallback                   0x080026af   Thumb Code     2  stm32f4xx_hal_uart.o(i.HAL_UART_ErrorCallback)
    HAL_UART_GetState                        0x080026b1   Thumb Code     6  stm32f4xx_hal_uart.o(i.HAL_UART_GetState)
    HAL_UART_IRQHandler                      0x080026b7   Thumb Code   244  stm32f4xx_hal_uart.o(i.HAL_UART_IRQHandler)
    HAL_UART_Receive_IT                      0x080027ab   Thumb Code   104  stm32f4xx_hal_uart.o(i.HAL_UART_Receive_IT)
    HAL_UART_RxCpltCallback                  0x08002815   Thumb Code    76  usart.o(i.HAL_UART_RxCpltCallback)
    HAL_UART_TxCpltCallback                  0x0800286d   Thumb Code     2  stm32f4xx_hal_uart.o(i.HAL_UART_TxCpltCallback)
    HardFault_Handler                        0x0800286f   Thumb Code     2  stm32f4xx_it.o(i.HardFault_Handler)
    IIC_Init                                 0x08002871   Thumb Code    60  myiic.o(i.IIC_Init)
    IIC_Send_Byte                            0x080028b9   Thumb Code    86  myiic.o(i.IIC_Send_Byte)
    IIC_Start                                0x08002919   Thumb Code    56  myiic.o(i.IIC_Start)
    IIC_Stop                                 0x08002959   Thumb Code    58  myiic.o(i.IIC_Stop)
    IIC_Wait_Ack                             0x0800299d   Thumb Code    74  myiic.o(i.IIC_Wait_Ack)
    IWDG_Feed                                0x080029f1   Thumb Code     6  iwdg.o(i.IWDG_Feed)
    IWDG_Init                                0x080029fd   Thumb Code    28  iwdg.o(i.IWDG_Init)
    ImpTest_Start                            0x08002a21   Thumb Code    26  ads1299.o(i.ImpTest_Start)
    ImpTest_Stop                             0x08002a45   Thumb Code    26  ads1299.o(i.ImpTest_Stop)
    LAN8720_Init                             0x08002a69   Thumb Code   220  lan8720.o(i.LAN8720_Init)
    LED_Init                                 0x08002b59   Thumb Code    48  led.o(i.LED_Init)
    MemManage_Handler                        0x08002b91   Thumb Code     2  stm32f4xx_it.o(i.MemManage_Handler)
    NMI_Handler                              0x08002b93   Thumb Code     2  stm32f4xx_it.o(i.NMI_Handler)
    PendSV_Handler                           0x08002bb5   Thumb Code     2  stm32f4xx_it.o(i.PendSV_Handler)
    Recev_Data                               0x08002bb9   Thumb Code   194  ads1299.o(i.Recev_Data)
    SPI2_Init                                0x08002c91   Thumb Code    70  spi.o(i.SPI2_Init)
    SPI2_ReadWriteByte                       0x08002ce1   Thumb Code    28  spi.o(i.SPI2_ReadWriteByte)
    SPI2_SetSpeed                            0x08002d01   Thumb Code    46  spi.o(i.SPI2_SetSpeed)
    SVC_Handler                              0x08002dd3   Thumb Code     2  stm32f4xx_it.o(i.SVC_Handler)
    Set_Sps                                  0x08002dd5   Thumb Code    54  ads1299.o(i.Set_Sps)
    Stm32_Clock_Init                         0x08002e0d   Thumb Code   114  sys.o(i.Stm32_Clock_Init)
    SysTick_Handler                          0x08002e89   Thumb Code     4  stm32f4xx_it.o(i.SysTick_Handler)
    SystemInit                               0x08002e8d   Thumb Code    66  system_stm32f4xx.o(i.SystemInit)
    TCA6424A_Init                            0x08002ee1   Thumb Code   124  tca6424a.o(i.TCA6424A_Init)
    TCA6424A_W                               0x08002f6d   Thumb Code    82  tca6424a.o(i.TCA6424A_W)
    TIM2_PWM_Init                            0x08002fc1   Thumb Code    62  timer.o(i.TIM2_PWM_Init)
    TIM3_IRQHandler                          0x08003005   Thumb Code     6  timer.o(i.TIM3_IRQHandler)
    TIM3_Init                                0x08003011   Thumb Code    34  timer.o(i.TIM3_Init)
    TIM4_IRQHandler                          0x0800303d   Thumb Code     6  timer.o(i.TIM4_IRQHandler)
    TIM4_Init                                0x08003049   Thumb Code    34  timer.o(i.TIM4_Init)
    TIM_Base_SetConfig                       0x08003075   Thumb Code   148  stm32f4xx_hal_tim.o(i.TIM_Base_SetConfig)
    TIM_CCxChannelCmd                        0x08003135   Thumb Code    22  stm32f4xx_hal_tim.o(i.TIM_CCxChannelCmd)
    TIM_OC2_SetConfig                        0x080031a5   Thumb Code    90  stm32f4xx_hal_tim.o(i.TIM_OC2_SetConfig)
    TIM_SetTIM2                              0x080032b9   Thumb Code    12  timer.o(i.TIM_SetTIM2)
    USART1_IRQHandler                        0x080033d1   Thumb Code    56  usart.o(i.USART1_IRQHandler)
    UsageFault_Handler                       0x08003415   Thumb Code     2  stm32f4xx_it.o(i.UsageFault_Handler)
    __0printf$3                              0x08003419   Thumb Code    22  printf3.o(i.__0printf$3)
    __1printf$3                              0x08003419   Thumb Code     0  printf3.o(i.__0printf$3)
    __2printf                                0x08003419   Thumb Code     0  printf3.o(i.__0printf$3)
    __scatterload_copy                       0x08003439   Thumb Code    14  handlers.o(i.__scatterload_copy)
    __scatterload_null                       0x08003447   Thumb Code     2  handlers.o(i.__scatterload_null)
    __scatterload_zeroinit                   0x08003449   Thumb Code    14  handlers.o(i.__scatterload_zeroinit)
    delay_init                               0x0800362d   Thumb Code    16  delay.o(i.delay_init)
    delay_ms                                 0x08003641   Thumb Code    26  delay.o(i.delay_ms)
    delay_us                                 0x0800365d   Thumb Code    48  delay.o(i.delay_us)
    etharp_output                            0x08003a45   Thumb Code   290  etharp.o(i.etharp_output)
    etharp_query                             0x08003cd1   Thumb Code   292  etharp.o(i.etharp_query)
    etharp_request                           0x0800400d   Thumb Code    32  etharp.o(i.etharp_request)
    etharp_tmr                               0x080040d1   Thumb Code    66  etharp.o(i.etharp_tmr)
    ethernet_input                           0x08004229   Thumb Code   154  etharp.o(i.ethernet_input)
    ethernetif_init                          0x08004341   Thumb Code    48  ethernetif.o(i.ethernetif_init)
    ethernetif_input                         0x080043dd   Thumb Code    38  ethernetif.o(i.ethernetif_input)
    fputc                                    0x08004403   Thumb Code    18  fputc.o(i.fputc)
    hardware_init                            0x08004415   Thumb Code    24  tcp_server_demo.o(i.hardware_init)
    icmp_dest_unreach                        0x0800442d   Thumb Code     8  icmp.o(i.icmp_dest_unreach)
    icmp_input                               0x08004435   Thumb Code   310  icmp.o(i.icmp_input)
    icmp_time_exceeded                       0x080047ad   Thumb Code     8  icmp.o(i.icmp_time_exceeded)
    inet_chksum                              0x080047b5   Thumb Code    12  inet_chksum.o(i.inet_chksum)
    inet_chksum_pbuf                         0x080047c1   Thumb Code    72  inet_chksum.o(i.inet_chksum_pbuf)
    ip4_addr_isbroadcast                     0x08004809   Thumb Code    46  ip_addr.o(i.ip4_addr_isbroadcast)
    ip_frag                                  0x08004839   Thumb Code   378  ip_frag.o(i.ip_frag)
    ip_input                                 0x08004ab5   Thumb Code   326  ip.o(i.ip_input)
    ip_output                                0x08004c05   Thumb Code    72  ip.o(i.ip_output)
    ip_output_if                             0x08004cad   Thumb Code   208  ip.o(i.ip_output_if)
    ip_reass                                 0x08004e11   Thumb Code   414  ip_frag.o(i.ip_reass)
    ip_reass_tmr                             0x080054e9   Thumb Code    40  ip_frag.o(i.ip_reass_tmr)
    ip_route                                 0x08005515   Thumb Code    54  ip.o(i.ip_route)
    lwip_comm_default_ip_set                 0x080057c1   Thumb Code    74  lwip_comm.o(i.lwip_comm_default_ip_set)
    lwip_comm_init                           0x08005811   Thumb Code   144  lwip_comm.o(i.lwip_comm_init)
    lwip_comm_mem_malloc                     0x080058ad   Thumb Code    36  lwip_comm.o(i.lwip_comm_mem_malloc)
    lwip_htonl                               0x080058d9   Thumb Code     4  def.o(i.lwip_htonl)
    lwip_htons                               0x080058dd   Thumb Code     4  def.o(i.lwip_htons)
    lwip_init                                0x080058e1   Thumb Code    30  init.o(i.lwip_init)
    lwip_ntohl                               0x080058ff   Thumb Code     4  def.o(i.lwip_ntohl)
    lwip_ntohs                               0x08005903   Thumb Code     4  def.o(i.lwip_ntohs)
    lwip_periodic_handle                     0x08005907   Thumb Code     4  lwip_comm.o(i.lwip_periodic_handle)
    lwip_pkt_handle                          0x0800590d   Thumb Code     6  lwip_comm.o(i.lwip_pkt_handle)
    main                                     0x0800596f   Thumb Code   130  main.o(i.main)
    mem_free                                 0x080059f1   Thumb Code    92  mem.o(i.mem_free)
    mem_init                                 0x08005acd   Thumb Code    38  mem.o(i.mem_init)
    mem_malloc                               0x08005af9   Thumb Code   210  mem.o(i.mem_malloc)
    mem_trim                                 0x08005c6d   Thumb Code   230  mem.o(i.mem_trim)
    memp_free                                0x08005de1   Thumb Code    18  memp.o(i.memp_free)
    memp_get_memorysize                      0x08005df9   Thumb Code     6  memp.o(i.memp_get_memorysize)
    memp_init                                0x08005e01   Thumb Code    74  memp.o(i.memp_init)
    memp_malloc                              0x08005e59   Thumb Code    44  memp.o(i.memp_malloc)
    my_mem_free                              0x08005ef9   Thumb Code    80  malloc.o(i.my_mem_free)
    my_mem_init                              0x08005f51   Thumb Code    36  malloc.o(i.my_mem_init)
    my_mem_malloc                            0x08005f7d   Thumb Code   128  malloc.o(i.my_mem_malloc)
    my_mem_perused                           0x08006005   Thumb Code    50  malloc.o(i.my_mem_perused)
    myfree                                   0x08006041   Thumb Code    20  malloc.o(i.myfree)
    mymalloc                                 0x08006059   Thumb Code    28  malloc.o(i.mymalloc)
    mymemset                                 0x08006079   Thumb Code    12  malloc.o(i.mymemset)
    netcam_fifo_write                        0x08006085   Thumb Code    64  tcp_server_demo.o(i.netcam_fifo_write)
    netif_add                                0x080060c9   Thumb Code    94  netif.o(i.netif_add)
    netif_init                               0x08006195   Thumb Code     2  netif.o(i.netif_init)
    netif_set_addr                           0x08006197   Thumb Code    32  netif.o(i.netif_set_addr)
    netif_set_default                        0x080061b9   Thumb Code     6  netif.o(i.netif_set_default)
    netif_set_gw                             0x080061c5   Thumb Code     8  netif.o(i.netif_set_gw)
    netif_set_ipaddr                         0x080061cd   Thumb Code    96  netif.o(i.netif_set_ipaddr)
    netif_set_netmask                        0x08006235   Thumb Code     8  netif.o(i.netif_set_netmask)
    netif_set_up                             0x0800623d   Thumb Code    32  netif.o(i.netif_set_up)
    netmem_free                              0x0800625d   Thumb Code    10  tcp_server_demo.o(i.netmem_free)
    netmem_malloc                            0x0800626d   Thumb Code    34  tcp_server_demo.o(i.netmem_malloc)
    pbuf_alloc                               0x08006295   Thumb Code   374  pbuf.o(i.pbuf_alloc)
    pbuf_alloced_custom                      0x08006511   Thumb Code    94  pbuf.o(i.pbuf_alloced_custom)
    pbuf_cat                                 0x080065e5   Thumb Code    96  pbuf.o(i.pbuf_cat)
    pbuf_chain                               0x0800670d   Thumb Code    18  pbuf.o(i.pbuf_chain)
    pbuf_clen                                0x0800671f   Thumb Code    18  pbuf.o(i.pbuf_clen)
    pbuf_copy                                0x08006731   Thumb Code   240  pbuf.o(i.pbuf_copy)
    pbuf_copy_partial                        0x08006911   Thumb Code   126  pbuf.o(i.pbuf_copy_partial)
    pbuf_free                                0x08006a25   Thumb Code   170  pbuf.o(i.pbuf_free)
    pbuf_header                              0x08006b81   Thumb Code   138  pbuf.o(i.pbuf_header)
    pbuf_realloc                             0x08006c99   Thumb Code   186  pbuf.o(i.pbuf_realloc)
    pbuf_ref                                 0x08006e21   Thumb Code    12  pbuf.o(i.pbuf_ref)
    pbuf_take                                0x08006e2d   Thumb Code   136  pbuf.o(i.pbuf_take)
    raw_input                                0x080070d5   Thumb Code   104  raw.o(i.raw_input)
    sys_check_timeouts                       0x08007149   Thumb Code    74  timers.o(i.sys_check_timeouts)
    sys_now                                  0x08007199   Thumb Code     6  sys_arch.o(i.sys_now)
    sys_timeout                              0x080071a5   Thumb Code   104  timers.o(i.sys_timeout)
    sys_timeouts_init                        0x080072a5   Thumb Code    36  timers.o(i.sys_timeouts_init)
    tcp_abandon                              0x080072d5   Thumb Code   158  tcp.o(i.tcp_abandon)
    tcp_abort                                0x080073fd   Thumb Code     6  tcp.o(i.tcp_abort)
    tcp_alloc                                0x08007405   Thumb Code   236  tcp.o(i.tcp_alloc)
    tcp_close                                0x080074fd   Thumb Code    20  tcp.o(i.tcp_close)
    tcp_eff_send_mss                         0x0800774f   Thumb Code    32  tcp.o(i.tcp_eff_send_mss)
    tcp_enqueue_flags                        0x08007771   Thumb Code   266  tcp_out.o(i.tcp_enqueue_flags)
    tcp_fasttmr                              0x08007965   Thumb Code    88  tcp.o(i.tcp_fasttmr)
    tcp_init                                 0x080079c1   Thumb Code     2  tcp.o(i.tcp_init)
    tcp_input                                0x080079c5   Thumb Code   890  tcp_in.o(i.tcp_input)
    tcp_keepalive                            0x08007ed1   Thumb Code    60  tcp_out.o(i.tcp_keepalive)
    tcp_next_iss                             0x08007ff1   Thumb Code    12  tcp.o(i.tcp_next_iss)
    tcp_output                               0x08008001   Thumb Code   434  tcp_out.o(i.tcp_output)
    tcp_pcb_purge                            0x08008481   Thumb Code    58  tcp.o(i.tcp_pcb_purge)
    tcp_pcb_remove                           0x080084bd   Thumb Code   126  tcp.o(i.tcp_pcb_remove)
    tcp_process_refused_data                 0x080089e5   Thumb Code   100  tcp.o(i.tcp_process_refused_data)
    tcp_recv_null                            0x080090e5   Thumb Code    36  tcp.o(i.tcp_recv_null)
    tcp_recved                               0x08009109   Thumb Code   104  tcp.o(i.tcp_recved)
    tcp_rexmit                               0x0800920d   Thumb Code    82  tcp_out.o(i.tcp_rexmit)
    tcp_rexmit_fast                          0x0800925f   Thumb Code    88  tcp_out.o(i.tcp_rexmit_fast)
    tcp_rexmit_rto                           0x080092b7   Thumb Code    46  tcp_out.o(i.tcp_rexmit_rto)
    tcp_rst                                  0x080092e5   Thumb Code   138  tcp_out.o(i.tcp_rst)
    tcp_seg_free                             0x080093f5   Thumb Code    28  tcp.o(i.tcp_seg_free)
    tcp_segs_free                            0x08009411   Thumb Code    18  tcp.o(i.tcp_segs_free)
    tcp_send_empty_ack                       0x08009423   Thumb Code    72  tcp_out.o(i.tcp_send_empty_ack)
    tcp_send_fin                             0x0800946b   Thumb Code    70  tcp_out.o(i.tcp_send_fin)
    tcp_slowtmr                              0x080094b1   Thumb Code   754  tcp.o(i.tcp_slowtmr)
    tcp_timer_needed                         0x08009965   Thumb Code    36  timers.o(i.tcp_timer_needed)
    tcp_tmr                                  0x08009a05   Thumb Code    28  tcp.o(i.tcp_tmr)
    tcp_update_rcv_ann_wnd                   0x08009a25   Thumb Code    76  tcp.o(i.tcp_update_rcv_ann_wnd)
    tcp_zero_window_probe                    0x08009add   Thumb Code   146  tcp_out.o(i.tcp_zero_window_probe)
    udp_bind                                 0x08009ba9   Thumb Code   192  udp.o(i.udp_bind)
    udp_connect                              0x08009cc9   Thumb Code    70  udp.o(i.udp_connect)
    udp_demo_connection_close                0x08009d15   Thumb Code    18  tcp_server_demo.o(i.udp_demo_connection_close)
    udp_demo_recv                            0x08009d29   Thumb Code   130  tcp_server_demo.o(i.udp_demo_recv)
    udp_demo_senddata                        0x08009db9   Thumb Code    52  tcp_server_demo.o(i.udp_demo_senddata)
    udp_demo_test                            0x08009df1   Thumb Code   994  tcp_server_demo.o(i.udp_demo_test)
    udp_disconnect                           0x0800a1ed   Thumb Code    16  udp.o(i.udp_disconnect)
    udp_init                                 0x0800a1fd   Thumb Code     2  udp.o(i.udp_init)
    udp_input                                0x0800a201   Thumb Code   328  udp.o(i.udp_input)
    udp_new                                  0x0800a3cd   Thumb Code    26  udp.o(i.udp_new)
    udp_recv                                 0x0800a3e7   Thumb Code     6  udp.o(i.udp_recv)
    udp_remove                               0x0800a3ed   Thumb Code    40  udp.o(i.udp_remove)
    udp_send                                 0x0800a419   Thumb Code     8  udp.o(i.udp_send)
    udp_sendto                               0x0800a421   Thumb Code    40  udp.o(i.udp_sendto)
    udp_sendto_if                            0x0800a449   Thumb Code   202  udp.o(i.udp_sendto_if)
    APBAHBPrescTable                         0x0800a594   Data          16  stm32f4xx_hal_rcc.o(.constdata)
    memtblsize                               0x0800a5a4   Data          12  malloc.o(.constdata)
    memblksize                               0x0800a5b0   Data          12  malloc.o(.constdata)
    memsize                                  0x0800a5bc   Data          12  malloc.o(.constdata)
    ethbroadcast                             0x0800a5c8   Data           6  etharp.o(.constdata)
    ethzero                                  0x0800a5ce   Data           6  etharp.o(.constdata)
    ip_addr_any                              0x0800a5d4   Data           4  ip_addr.o(.constdata)
    tcp_persist_backoff                      0x0800a600   Data           7  tcp.o(.constdata)
    tcp_state_str                            0x0800a608   Data          44  tcp.o(.constdata)
    tcp_backoff                              0x0800a634   Data          13  tcp.o(.constdata)
    tcp_pcb_lists                            0x0800a644   Data          16  tcp.o(.constdata)
    Region$$Table$$Base                      0x0800a768   Number         0  anon$$obj.o(Region$$Table)
    Region$$Table$$Limit                     0x0800a788   Number         0  anon$$obj.o(Region$$Table)
    mem3base                                 0x10000000   Data       61440  malloc.o(.ARM.__AT_0x10000000)
    mem3mapbase                              0x1000f000   Data        3840  malloc.o(.ARM.__AT_0x1000F000)
    SystemCoreClock                          0x20000000   Data           4  system_stm32f4xx.o(.data)
    AHBPrescTable                            0x20000004   Data          16  system_stm32f4xx.o(.data)
    aRxBuffer                                0x2000001c   Data           1  usart.o(.data)
    USART_RX_STA                             0x2000001e   Data           2  usart.o(.data)
    DMARxDscrTab                             0x20000020   Data           4  lan8720.o(.data)
    DMATxDscrTab                             0x20000024   Data           4  lan8720.o(.data)
    Rx_Buff                                  0x20000028   Data           4  lan8720.o(.data)
    Tx_Buff                                  0x2000002c   Data           4  lan8720.o(.data)
    check                                    0x20000030   Data           1  ads1299.o(.data)
    sps                                      0x20000031   Data           1  ads1299.o(.data)
    gain                                     0x20000032   Data           1  ads1299.o(.data)
    res3                                     0x20000033   Data           1  ads1299.o(.data)
    stat                                     0x20000034   Data           4  ads1299.o(.data)
    TxData0                                  0x20000038   Data          28  ads1299.o(.data)
    spi2_rx_callback                         0x20000054   Data           4  spi.o(.data)
    temp1                                    0x20000058   Data           1  tca6424a.o(.data)
    mallco_dev                               0x2000005c   Data          36  malloc.o(.data)
    lwip_localtime                           0x20000080   Data           4  lwip_comm.o(.data)
    tcp_server_flag                          0x20000084   Data           1  tcp_server_demo.o(.data)
    ResTest_Flag                             0x20000085   Data           1  tcp_server_demo.o(.data)
    Imline_Flag                              0x20000089   Data           1  tcp_server_demo.o(.data)
    netcamfifowrpos                          0x2000008a   Data           2  tcp_server_demo.o(.data)
    len                                      0x2000008e   Data           2  tcp_server_demo.o(.data)
    led_shtime                               0x20000090   Data           2  tcp_server_demo.o(.data)
    Pwmledduty                               0x20000092   Data           2  tcp_server_demo.o(.data)
    Pwmledtimer1                             0x20000096   Data           2  tcp_server_demo.o(.data)
    Pwmledfre                                0x20000098   Data           2  tcp_server_demo.o(.data)
    led_pwmtime                              0x2000009c   Data           2  tcp_server_demo.o(.data)
    tcp_server_sendbuf                       0x200000a0   Data           4  tcp_server_demo.o(.data)
    netcamfifobuf                            0x200000a4   Data           4  tcp_server_demo.o(.data)
    sendsetbuf                               0x200000a8   Data           5  tcp_server_demo.o(.data)
    setledbuf                                0x200000ad   Data           5  tcp_server_demo.o(.data)
    selftesthbuf                             0x200000b2   Data           5  tcp_server_demo.o(.data)
    ledbuf2                                  0x200000b8   Data          32  tcp_server_demo.o(.data)
    ledbuf3                                  0x200000d8   Data          18  tcp_server_demo.o(.data)
    Res1                                     0x200000ec   Data          24  tcp_server_demo.o(.data)
    Num                                      0x20000104   Data           1  tcp_server_demo.o(.data)
    current_netif                            0x2000010c   Data           4  ip.o(.data)
    current_header                           0x20000110   Data           4  ip.o(.data)
    current_iphdr_src                        0x20000114   Data           4  ip.o(.data)
    current_iphdr_dest                       0x20000118   Data           4  ip.o(.data)
    ram_heap                                 0x20000124   Data           4  mem.o(.data)
    memp_memory                              0x20000134   Data           4  memp.o(.data)
    netif_list                               0x2000013c   Data           4  netif.o(.data)
    netif_default                            0x20000140   Data           4  netif.o(.data)
    tcp_active_pcbs_changed                  0x20000148   Data           1  tcp.o(.data)
    tcp_ticks                                0x20000154   Data           4  tcp.o(.data)
    tcp_bound_pcbs                           0x20000158   Data           4  tcp.o(.data)
    tcp_listen_pcbs                          0x2000015c   Data           4  tcp.o(.data)
    tcp_active_pcbs                          0x20000160   Data           4  tcp.o(.data)
    tcp_tw_pcbs                              0x20000164   Data           4  tcp.o(.data)
    tcp_tmp_pcb                              0x20000168   Data           4  tcp.o(.data)
    tcp_input_pcb                            0x20000184   Data           4  tcp_in.o(.data)
    udp_pcbs                                 0x20000198   Data           4  udp.o(.data)
    __stdout                                 0x2000019c   Data           4  stdout.o(.data)
    IWDG_Handler                             0x200001a0   Data          16  iwdg.o(.bss)
    USART_RX_BUF                             0x200001b0   Data         200  usart.o(.bss)
    UART1_Handler                            0x20000278   Data          64  usart.o(.bss)
    ETH_Handler                              0x200002b8   Data          72  lan8720.o(.bss)
    TIM3_Handler                             0x20000300   Data          60  timer.o(.bss)
    TIM4_Handler                             0x2000033c   Data          60  timer.o(.bss)
    TIM2_Handler                             0x20000378   Data          60  timer.o(.bss)
    TIM2_CH1Handler                          0x200003b4   Data          28  timer.o(.bss)
    parameter                                0x200003d0   Data          10  ads1299.o(.bss)
    adc_buf2                                 0x200003da   Data         105  ads1299.o(.bss)
    p                                        0x20000443   Data          18  ads1299.o(.bss)
    SPI3_Handler                             0x20000458   Data          88  spi.o(.bss)
    SPI2_Handler                             0x200004b0   Data          88  spi.o(.bss)
    DMASPIRx_Handler                         0x20000508   Data          88  spi.o(.bss)
    DMASPITx_Handler                         0x20000560   Data          88  spi.o(.bss)
    mem1base                                 0x200005c0   Data       102400  malloc.o(.bss)
    mem1mapbase                              0x200195c0   Data        6400  malloc.o(.bss)
    lwipdev                                  0x2001aec0   Data          23  lwip_comm.o(.bss)
    lwip_netif                               0x2001aed8   Data          48  lwip_comm.o(.bss)
    tcp_server_recvbuf                       0x2001af08   Data         200  tcp_server_demo.o(.bss)
    restestbuf                               0x2001afd0   Data          68  tcp_server_demo.o(.bss)
    __initial_sp                             0x2001b518   Data           0  startup_stm32f407xx.o(STACK)
    mem2base                                 0xc01f4000   Data       61440  malloc.o(.ARM.__AT_0xC01F4000)
    mem2mapbase                              0xc0203000   Data        3840  malloc.o(.ARM.__AT_0xC0203000)



==============================================================================

Memory Map of the image

  Image Entry point : 0x08000189

  Load Region LR_IROM1 (Base: 0x08000000, Size: 0x0000a928, Max: 0x00100000, ABSOLUTE, COMPRESSED[0x0000a810])

    Execution Region ER_IROM1 (Base: 0x08000000, Size: 0x0000a788, Max: 0x00100000, ABSOLUTE)

    Base Addr    Size         Type   Attr      Idx    E Section Name        Object

    0x08000000   0x00000188   Data   RO          585    RESET               startup_stm32f407xx.o
    0x08000188   0x00000000   Code   RO         5614  * .ARM.Collect$$$$00000000  mc_w.l(entry.o)
    0x08000188   0x00000004   Code   RO         5888    .ARM.Collect$$$$00000001  mc_w.l(entry2.o)
    0x0800018c   0x00000004   Code   RO         5891    .ARM.Collect$$$$00000004  mc_w.l(entry5.o)
    0x08000190   0x00000000   Code   RO         5893    .ARM.Collect$$$$00000008  mc_w.l(entry7b.o)
    0x08000190   0x00000000   Code   RO         5895    .ARM.Collect$$$$0000000A  mc_w.l(entry8b.o)
    0x08000190   0x00000008   Code   RO         5896    .ARM.Collect$$$$0000000B  mc_w.l(entry9a.o)
    0x08000198   0x00000000   Code   RO         5898    .ARM.Collect$$$$0000000D  mc_w.l(entry10a.o)
    0x08000198   0x00000000   Code   RO         5900    .ARM.Collect$$$$0000000F  mc_w.l(entry11a.o)
    0x08000198   0x00000004   Code   RO         5889    .ARM.Collect$$$$00002712  mc_w.l(entry2.o)
    0x0800019c   0x00000010   Code   RO         3260    .emb_text           sys.o
    0x080001ac   0x00000024   Code   RO          586    .text               startup_stm32f407xx.o
    0x080001d0   0x00000024   Code   RO         5617    .text               mc_w.l(memcpya.o)
    0x080001f4   0x00000024   Code   RO         5619    .text               mc_w.l(memseta.o)
    0x08000218   0x0000001a   Code   RO         5623    .text               mc_w.l(memcmp.o)
    0x08000232   0x0000002c   Code   RO         5905    .text               mc_w.l(uidiv.o)
    0x0800025e   0x00000002   PAD
    0x08000260   0x00000024   Code   RO         5920    .text               mc_w.l(init.o)
    0x08000284   0x00000000   Code   RO         5922    .text               mc_w.l(semi.o)
    0x08000284   0x00000000   Code   RO         5929    .text               mc_w.l(iusesemip.o)
    0x08000284   0x00000056   Code   RO         5940    .text               mc_w.l(__dczerorl2.o)
    0x080002da   0x00000002   PAD
    0x080002dc   0x0000002c   Code   RO         3594    i.ADS1299_CHANGE_CHANEL  ads1299.o
    0x08000308   0x000000e8   Code   RO         3595    i.ADS1299_Check     ads1299.o
    0x080003f0   0x00000026   Code   RO         3596    i.ADS1299_Command   ads1299.o
    0x08000416   0x00000002   PAD
    0x08000418   0x00000058   Code   RO         3597    i.ADS1299_IT        ads1299.o
    0x08000470   0x00000114   Code   RO         3598    i.ADS1299_Init      ads1299.o
    0x08000584   0x0000002c   Code   RO         3599    i.ADS1299_PREG      ads1299.o
    0x080005b0   0x0000002a   Code   RO         3602    i.ADS1299_SDATAC    ads1299.o
    0x080005da   0x00000036   Code   RO         3603    i.ADS1299_WREG      ads1299.o
    0x08000610   0x0000002e   Code   RO         3604    i.ADS1299_WREG_Single  ads1299.o
    0x0800063e   0x00000002   Code   RO          351    i.BusFault_Handler  stm32f4xx_it.o
    0x08000640   0x00000080   Code   RO         3760    i.DMA1_Stream3_IRQHandler  spi.o
    0x080006c0   0x0000059c   Code   RO         4099    i.Data_Process      tcp_server_demo.o
    0x08000c5c   0x00000002   Code   RO          352    i.DebugMon_Handler  stm32f4xx_it.o
    0x08000c5e   0x0000002e   Code   RO         2782    i.ETH_FlushTransmitFIFO  stm32f4xx_hal_eth.o
    0x08000c8c   0x0000001e   Code   RO         3434    i.ETH_GetRxPktSize  lan8720.o
    0x08000caa   0x00000002   PAD
    0x08000cac   0x0000002c   Code   RO         3435    i.ETH_IRQHandler    lan8720.o
    0x08000cd8   0x00000124   Code   RO         2783    i.ETH_MACDMAConfig  stm32f4xx_hal_eth.o
    0x08000dfc   0x0000003c   Code   RO         3437    i.ETH_Mem_Malloc    lan8720.o
    0x08000e38   0x00000014   Code   RO         3605    i.EXTI15_10_IRQHandler  ads1299.o
    0x08000e4c   0x00000052   Code   RO         1700    i.HAL_DMA_Abort     stm32f4xx_hal_dma.o
    0x08000e9e   0x00000016   Code   RO          600    i.HAL_Delay         stm32f4xx_hal.o
    0x08000eb4   0x00000072   Code   RO         2786    i.HAL_ETH_DMARxDescListInit  stm32f4xx_hal_eth.o
    0x08000f26   0x00000078   Code   RO         2787    i.HAL_ETH_DMATxDescListInit  stm32f4xx_hal_eth.o
    0x08000f9e   0x0000007a   Code   RO         2790    i.HAL_ETH_GetReceivedFrame  stm32f4xx_hal_eth.o
    0x08001018   0x000001b4   Code   RO         2794    i.HAL_ETH_Init      stm32f4xx_hal_eth.o
    0x080011cc   0x000000d0   Code   RO         3438    i.HAL_ETH_MspInit   lan8720.o
    0x0800129c   0x00000086   Code   RO         2797    i.HAL_ETH_ReadPHYRegister  stm32f4xx_hal_eth.o
    0x08001322   0x00000084   Code   RO         2799    i.HAL_ETH_Start     stm32f4xx_hal_eth.o
    0x080013a6   0x00000108   Code   RO         2801    i.HAL_ETH_TransmitFrame  stm32f4xx_hal_eth.o
    0x080014ae   0x00000076   Code   RO         2803    i.HAL_ETH_WritePHYRegister  stm32f4xx_hal_eth.o
    0x08001524   0x000001cc   Code   RO          865    i.HAL_GPIO_Init     stm32f4xx_hal_gpio.o
    0x080016f0   0x0000000a   Code   RO          869    i.HAL_GPIO_WritePin  stm32f4xx_hal_gpio.o
    0x080016fa   0x00000002   PAD
    0x080016fc   0x0000000c   Code   RO          606    i.HAL_GetTick       stm32f4xx_hal.o
    0x08001708   0x0000004a   Code   RO         3175    i.HAL_IWDG_Init     stm32f4xx_hal_iwdg.o
    0x08001752   0x00000002   Code   RO         3176    i.HAL_IWDG_MspInit  stm32f4xx_hal_iwdg.o
    0x08001754   0x00000054   Code   RO         3177    i.HAL_IWDG_Refresh  stm32f4xx_hal_iwdg.o
    0x080017a8   0x0000002a   Code   RO         3178    i.HAL_IWDG_Start    stm32f4xx_hal_iwdg.o
    0x080017d2   0x00000002   PAD
    0x080017d4   0x00000010   Code   RO          607    i.HAL_IncTick       stm32f4xx_hal.o
    0x080017e4   0x00000034   Code   RO          608    i.HAL_Init          stm32f4xx_hal.o
    0x08001818   0x00000022   Code   RO          609    i.HAL_InitTick      stm32f4xx_hal.o
    0x0800183a   0x00000008   Code   RO          611    i.HAL_MspInit       stm32f4xx_hal.o
    0x08001842   0x00000016   Code   RO          742    i.HAL_NVIC_EnableIRQ  stm32f4xx_hal_cortex.o
    0x08001858   0x00000040   Code   RO          748    i.HAL_NVIC_SetPriority  stm32f4xx_hal_cortex.o
    0x08001898   0x00000024   Code   RO          749    i.HAL_NVIC_SetPriorityGrouping  stm32f4xx_hal_cortex.o
    0x080018bc   0x00000208   Code   RO         1103    i.HAL_RCC_ClockConfig  stm32f4xx_hal_rcc.o
    0x08001ac4   0x00000034   Code   RO         1108    i.HAL_RCC_GetHCLKFreq  stm32f4xx_hal_rcc.o
    0x08001af8   0x00000074   Code   RO         1112    i.HAL_RCC_GetSysClockFreq  stm32f4xx_hal_rcc.o
    0x08001b6c   0x0000031c   Code   RO         1115    i.HAL_RCC_OscConfig  stm32f4xx_hal_rcc.o
    0x08001e88   0x00000032   Code   RO         2932    i.HAL_SPI_DMAStop   stm32f4xx_hal_spi.o
    0x08001eba   0x00000084   Code   RO         2938    i.HAL_SPI_Init      stm32f4xx_hal_spi.o
    0x08001f3e   0x00000002   PAD
    0x08001f40   0x00000094   Code   RO         3761    i.HAL_SPI_MspInit   spi.o
    0x08001fd4   0x000002aa   Code   RO         2947    i.HAL_SPI_TransmitReceive  stm32f4xx_hal_spi.o
    0x0800227e   0x00000018   Code   RO          751    i.HAL_SYSTICK_CLKSourceConfig  stm32f4xx_hal_cortex.o
    0x08002296   0x00000028   Code   RO          753    i.HAL_SYSTICK_Config  stm32f4xx_hal_cortex.o
    0x080022be   0x00000002   Code   RO         2453    i.HAL_TIMEx_BreakCallback  stm32f4xx_hal_tim_ex.o
    0x080022c0   0x00000002   Code   RO         2454    i.HAL_TIMEx_CommutationCallback  stm32f4xx_hal_tim_ex.o
    0x080022c2   0x00000036   Code   RO         1824    i.HAL_TIM_Base_Init  stm32f4xx_hal_tim.o
    0x080022f8   0x00000068   Code   RO         3517    i.HAL_TIM_Base_MspInit  timer.o
    0x08002360   0x00000018   Code   RO         1829    i.HAL_TIM_Base_Start_IT  stm32f4xx_hal_tim.o
    0x08002378   0x00000002   Code   RO         1853    i.HAL_TIM_IC_CaptureCallback  stm32f4xx_hal_tim.o
    0x0800237a   0x00000166   Code   RO         1866    i.HAL_TIM_IRQHandler  stm32f4xx_hal_tim.o
    0x080024e0   0x00000002   Code   RO         1869    i.HAL_TIM_OC_DelayElapsedCallback  stm32f4xx_hal_tim.o
    0x080024e2   0x000000d0   Code   RO         1890    i.HAL_TIM_PWM_ConfigChannel  stm32f4xx_hal_tim.o
    0x080025b2   0x00000036   Code   RO         1893    i.HAL_TIM_PWM_Init  stm32f4xx_hal_tim.o
    0x080025e8   0x00000050   Code   RO         3518    i.HAL_TIM_PWM_MspInit  timer.o
    0x08002638   0x00000002   Code   RO         1896    i.HAL_TIM_PWM_PulseFinishedCallback  stm32f4xx_hal_tim.o
    0x0800263a   0x00000002   PAD
    0x0800263c   0x00000038   Code   RO         1897    i.HAL_TIM_PWM_Start  stm32f4xx_hal_tim.o
    0x08002674   0x00000038   Code   RO         3519    i.HAL_TIM_PeriodElapsedCallback  timer.o
    0x080026ac   0x00000002   Code   RO         1907    i.HAL_TIM_TriggerCallback  stm32f4xx_hal_tim.o
    0x080026ae   0x00000002   Code   RO         1255    i.HAL_UART_ErrorCallback  stm32f4xx_hal_uart.o
    0x080026b0   0x00000006   Code   RO         1257    i.HAL_UART_GetState  stm32f4xx_hal_uart.o
    0x080026b6   0x000000f4   Code   RO         1258    i.HAL_UART_IRQHandler  stm32f4xx_hal_uart.o
    0x080027aa   0x00000068   Code   RO         1264    i.HAL_UART_Receive_IT  stm32f4xx_hal_uart.o
    0x08002812   0x00000002   PAD
    0x08002814   0x00000058   Code   RO         3289    i.HAL_UART_RxCpltCallback  usart.o
    0x0800286c   0x00000002   Code   RO         1270    i.HAL_UART_TxCpltCallback  stm32f4xx_hal_uart.o
    0x0800286e   0x00000002   Code   RO          353    i.HardFault_Handler  stm32f4xx_it.o
    0x08002870   0x00000048   Code   RO         3369    i.IIC_Init          myiic.o
    0x080028b8   0x00000060   Code   RO         3372    i.IIC_Send_Byte     myiic.o
    0x08002918   0x00000040   Code   RO         3373    i.IIC_Start         myiic.o
    0x08002958   0x00000044   Code   RO         3374    i.IIC_Stop          myiic.o
    0x0800299c   0x00000054   Code   RO         3375    i.IIC_Wait_Ack      myiic.o
    0x080029f0   0x0000000c   Code   RO          553    i.IWDG_Feed         iwdg.o
    0x080029fc   0x00000024   Code   RO          554    i.IWDG_Init         iwdg.o
    0x08002a20   0x00000024   Code   RO         3607    i.ImpTest_Start     ads1299.o
    0x08002a44   0x00000024   Code   RO         3608    i.ImpTest_Stop      ads1299.o
    0x08002a68   0x000000f0   Code   RO         3440    i.LAN8720_Init      lan8720.o
    0x08002b58   0x00000038   Code   RO         3901    i.LED_Init          led.o
    0x08002b90   0x00000002   Code   RO          354    i.MemManage_Handler  stm32f4xx_it.o
    0x08002b92   0x00000002   Code   RO          355    i.NMI_Handler       stm32f4xx_it.o
    0x08002b94   0x00000020   Code   RO          755    i.NVIC_SetPriority  stm32f4xx_hal_cortex.o
    0x08002bb4   0x00000002   Code   RO          356    i.PendSV_Handler    stm32f4xx_it.o
    0x08002bb6   0x00000002   PAD
    0x08002bb8   0x000000d8   Code   RO         3609    i.Recev_Data        ads1299.o
    0x08002c90   0x00000050   Code   RO         3762    i.SPI2_Init         spi.o
    0x08002ce0   0x00000020   Code   RO         3763    i.SPI2_ReadWriteByte  spi.o
    0x08002d00   0x00000034   Code   RO         3764    i.SPI2_SetSpeed     spi.o
    0x08002d34   0x0000009e   Code   RO         2969    i.SPI_WaitOnFlagUntilTimeout  stm32f4xx_hal_spi.o
    0x08002dd2   0x00000002   Code   RO          357    i.SVC_Handler       stm32f4xx_it.o
    0x08002dd4   0x00000036   Code   RO         3610    i.Set_Sps           ads1299.o
    0x08002e0a   0x00000002   PAD
    0x08002e0c   0x0000007c   Code   RO         3261    i.Stm32_Clock_Init  sys.o
    0x08002e88   0x00000004   Code   RO          358    i.SysTick_Handler   stm32f4xx_it.o
    0x08002e8c   0x00000054   Code   RO          430    i.SystemInit        system_stm32f4xx.o
    0x08002ee0   0x0000008c   Code   RO         3848    i.TCA6424A_Init     tca6424a.o
    0x08002f6c   0x00000052   Code   RO         3850    i.TCA6424A_W        tca6424a.o
    0x08002fbe   0x00000002   PAD
    0x08002fc0   0x00000044   Code   RO         3520    i.TIM2_PWM_Init     timer.o
    0x08003004   0x0000000c   Code   RO         3521    i.TIM3_IRQHandler   timer.o
    0x08003010   0x0000002c   Code   RO         3522    i.TIM3_Init         timer.o
    0x0800303c   0x0000000c   Code   RO         3523    i.TIM4_IRQHandler   timer.o
    0x08003048   0x0000002c   Code   RO         3524    i.TIM4_Init         timer.o
    0x08003074   0x000000c0   Code   RO         1908    i.TIM_Base_SetConfig  stm32f4xx_hal_tim.o
    0x08003134   0x00000016   Code   RO         1909    i.TIM_CCxChannelCmd  stm32f4xx_hal_tim.o
    0x0800314a   0x00000002   PAD
    0x0800314c   0x00000058   Code   RO         1917    i.TIM_OC1_SetConfig  stm32f4xx_hal_tim.o
    0x080031a4   0x00000064   Code   RO         1918    i.TIM_OC2_SetConfig  stm32f4xx_hal_tim.o
    0x08003208   0x00000060   Code   RO         1919    i.TIM_OC3_SetConfig  stm32f4xx_hal_tim.o
    0x08003268   0x00000050   Code   RO         1920    i.TIM_OC4_SetConfig  stm32f4xx_hal_tim.o
    0x080032b8   0x0000000c   Code   RO         3525    i.TIM_SetTIM2       timer.o
    0x080032c4   0x000000a6   Code   RO         1277    i.UART_Receive_IT   stm32f4xx_hal_uart.o
    0x0800336a   0x00000066   Code   RO         1279    i.UART_Transmit_IT  stm32f4xx_hal_uart.o
    0x080033d0   0x00000044   Code   RO         3290    i.USART1_IRQHandler  usart.o
    0x08003414   0x00000002   Code   RO          359    i.UsageFault_Handler  stm32f4xx_it.o
    0x08003416   0x00000002   PAD
    0x08003418   0x00000020   Code   RO         5716    i.__0printf$3       mc_w.l(printf3.o)
    0x08003438   0x0000000e   Code   RO         5934    i.__scatterload_copy  mc_w.l(handlers.o)
    0x08003446   0x00000002   Code   RO         5935    i.__scatterload_null  mc_w.l(handlers.o)
    0x08003448   0x0000000e   Code   RO         5936    i.__scatterload_zeroinit  mc_w.l(handlers.o)
    0x08003456   0x00000002   PAD
    0x08003458   0x000001b8   Code   RO         5723    i._printf_core      mc_w.l(printf3.o)
    0x08003610   0x0000001c   Code   RO         5401    i.arp_timer         timers.o
    0x0800362c   0x00000014   Code   RO         3222    i.delay_init        delay.o
    0x08003640   0x0000001a   Code   RO         3223    i.delay_ms          delay.o
    0x0800365a   0x00000002   PAD
    0x0800365c   0x00000034   Code   RO         3224    i.delay_us          delay.o
    0x08003690   0x00000154   Code   RO         4195    i.etharp_arp_input  etharp.o
    0x080037e4   0x0000023c   Code   RO         4198    i.etharp_find_entry  etharp.o
    0x08003a20   0x00000024   Code   RO         4199    i.etharp_free_entry  etharp.o
    0x08003a44   0x000001b0   Code   RO         4200    i.etharp_output     etharp.o
    0x08003bf4   0x000000dc   Code   RO         4201    i.etharp_output_to_arp_index  etharp.o
    0x08003cd0   0x000001c4   Code   RO         4202    i.etharp_query      etharp.o
    0x08003e94   0x00000178   Code   RO         4203    i.etharp_raw        etharp.o
    0x0800400c   0x00000024   Code   RO         4204    i.etharp_request    etharp.o
    0x08004030   0x000000a0   Code   RO         4205    i.etharp_send_ip    etharp.o
    0x080040d0   0x00000048   Code   RO         4206    i.etharp_tmr        etharp.o
    0x08004118   0x00000110   Code   RO         4207    i.etharp_update_arp_entry  etharp.o
    0x08004228   0x00000118   Code   RO         4208    i.ethernet_input    etharp.o
    0x08004340   0x0000009c   Code   RO         4296    i.ethernetif_init   ethernetif.o
    0x080043dc   0x00000026   Code   RO         4297    i.ethernetif_input  ethernetif.o
    0x08004402   0x00000012   Code   RO         5902    i.fputc             mc_w.l(fputc.o)
    0x08004414   0x00000018   Code   RO         4100    i.hardware_init     tcp_server_demo.o
    0x0800442c   0x00000008   Code   RO         4362    i.icmp_dest_unreach  icmp.o
    0x08004434   0x00000280   Code   RO         4363    i.icmp_input        icmp.o
    0x080046b4   0x000000f8   Code   RO         4364    i.icmp_send_response  icmp.o
    0x080047ac   0x00000008   Code   RO         4365    i.icmp_time_exceeded  icmp.o
    0x080047b4   0x0000000c   Code   RO         4413    i.inet_chksum       inet_chksum.o
    0x080047c0   0x00000048   Code   RO         4414    i.inet_chksum_pbuf  inet_chksum.o
    0x08004808   0x0000002e   Code   RO         4502    i.ip4_addr_isbroadcast  ip_addr.o
    0x08004836   0x00000002   PAD
    0x08004838   0x000001f8   Code   RO         4556    i.ip_frag           ip_frag.o
    0x08004a30   0x00000084   Code   RO         4557    i.ip_frag_free_pbuf_custom_ref  ip_frag.o
    0x08004ab4   0x00000150   Code   RO         4451    i.ip_input          ip.o
    0x08004c04   0x000000a8   Code   RO         4452    i.ip_output         ip.o
    0x08004cac   0x00000164   Code   RO         4453    i.ip_output_if      ip.o
    0x08004e10   0x000001a4   Code   RO         4558    i.ip_reass          ip_frag.o
    0x08004fb4   0x00000274   Code   RO         4559    i.ip_reass_chain_frag_into_datagram_and_validate  ip_frag.o
    0x08005228   0x000000ac   Code   RO         4560    i.ip_reass_dequeue_datagram  ip_frag.o
    0x080052d4   0x00000184   Code   RO         4561    i.ip_reass_free_complete_datagram  ip_frag.o
    0x08005458   0x00000074   Code   RO         4562    i.ip_reass_remove_oldest_datagram  ip_frag.o
    0x080054cc   0x0000001c   Code   RO         5402    i.ip_reass_timer    timers.o
    0x080054e8   0x0000002c   Code   RO         4563    i.ip_reass_tmr      ip_frag.o
    0x08005514   0x00000040   Code   RO         4454    i.ip_route          ip.o
    0x08005554   0x0000008c   Code   RO         4564    i.ipfrag_free_pbuf_custom  ip_frag.o
    0x080055e0   0x0000007c   Code   RO         4298    i.low_level_init    ethernetif.o
    0x0800565c   0x000000bc   Code   RO         4299    i.low_level_input   ethernetif.o
    0x08005718   0x000000a8   Code   RO         4300    i.low_level_output  ethernetif.o
    0x080057c0   0x00000050   Code   RO         4008    i.lwip_comm_default_ip_set  lwip_comm.o
    0x08005810   0x0000009c   Code   RO         4009    i.lwip_comm_init    lwip_comm.o
    0x080058ac   0x0000002c   Code   RO         4011    i.lwip_comm_mem_malloc  lwip_comm.o
    0x080058d8   0x00000004   Code   RO         4612    i.lwip_htonl        def.o
    0x080058dc   0x00000004   Code   RO         4613    i.lwip_htons        def.o
    0x080058e0   0x0000001e   Code   RO         4653    i.lwip_init         init.o
    0x080058fe   0x00000004   Code   RO         4614    i.lwip_ntohl        def.o
    0x08005902   0x00000004   Code   RO         4615    i.lwip_ntohs        def.o
    0x08005906   0x00000004   Code   RO         4012    i.lwip_periodic_handle  lwip_comm.o
    0x0800590a   0x00000002   PAD
    0x0800590c   0x0000000c   Code   RO         4013    i.lwip_pkt_handle   lwip_comm.o
    0x08005918   0x00000056   Code   RO         4417    i.lwip_standard_chksum  inet_chksum.o
    0x0800596e   0x00000082   Code   RO            4    i.main              main.o
    0x080059f0   0x000000dc   Code   RO         4690    i.mem_free          mem.o
    0x08005acc   0x0000002c   Code   RO         4691    i.mem_init          mem.o
    0x08005af8   0x00000174   Code   RO         4692    i.mem_malloc        mem.o
    0x08005c6c   0x00000174   Code   RO         4693    i.mem_trim          mem.o
    0x08005de0   0x00000018   Code   RO         4733    i.memp_free         memp.o
    0x08005df8   0x00000006   Code   RO         4734    i.memp_get_memorysize  memp.o
    0x08005dfe   0x00000002   PAD
    0x08005e00   0x00000058   Code   RO         4735    i.memp_init         memp.o
    0x08005e58   0x000000a0   Code   RO         4736    i.memp_malloc       memp.o
    0x08005ef8   0x00000058   Code   RO         3925    i.my_mem_free       malloc.o
    0x08005f50   0x0000002c   Code   RO         3926    i.my_mem_init       malloc.o
    0x08005f7c   0x00000088   Code   RO         3927    i.my_mem_malloc     malloc.o
    0x08006004   0x0000003c   Code   RO         3928    i.my_mem_perused    malloc.o
    0x08006040   0x00000018   Code   RO         3929    i.myfree            malloc.o
    0x08006058   0x00000020   Code   RO         3930    i.mymalloc          malloc.o
    0x08006078   0x0000000c   Code   RO         3932    i.mymemset          malloc.o
    0x08006084   0x00000044   Code   RO         4102    i.netcam_fifo_write  tcp_server_demo.o
    0x080060c8   0x000000cc   Code   RO         4777    i.netif_add         netif.o
    0x08006194   0x00000002   Code   RO         4779    i.netif_init        netif.o
    0x08006196   0x00000020   Code   RO         4781    i.netif_set_addr    netif.o
    0x080061b6   0x00000002   PAD
    0x080061b8   0x0000000c   Code   RO         4782    i.netif_set_default  netif.o
    0x080061c4   0x00000008   Code   RO         4784    i.netif_set_gw      netif.o
    0x080061cc   0x00000068   Code   RO         4785    i.netif_set_ipaddr  netif.o
    0x08006234   0x00000008   Code   RO         4788    i.netif_set_netmask  netif.o
    0x0800623c   0x00000020   Code   RO         4789    i.netif_set_up      netif.o
    0x0800625c   0x00000010   Code   RO         4103    i.netmem_free       tcp_server_demo.o
    0x0800626c   0x00000028   Code   RO         4104    i.netmem_malloc     tcp_server_demo.o
    0x08006294   0x0000027c   Code   RO         4867    i.pbuf_alloc        pbuf.o
    0x08006510   0x000000d4   Code   RO         4868    i.pbuf_alloced_custom  pbuf.o
    0x080065e4   0x00000128   Code   RO         4869    i.pbuf_cat          pbuf.o
    0x0800670c   0x00000012   Code   RO         4870    i.pbuf_chain        pbuf.o
    0x0800671e   0x00000012   Code   RO         4871    i.pbuf_clen         pbuf.o
    0x08006730   0x000001e0   Code   RO         4873    i.pbuf_copy         pbuf.o
    0x08006910   0x00000114   Code   RO         4874    i.pbuf_copy_partial  pbuf.o
    0x08006a24   0x0000015c   Code   RO         4876    i.pbuf_free         pbuf.o
    0x08006b80   0x00000118   Code   RO         4878    i.pbuf_header       pbuf.o
    0x08006c98   0x00000188   Code   RO         4881    i.pbuf_realloc      pbuf.o
    0x08006e20   0x0000000c   Code   RO         4882    i.pbuf_ref          pbuf.o
    0x08006e2c   0x0000013c   Code   RO         4884    i.pbuf_take         pbuf.o
    0x08006f68   0x0000016c   Code   RO         4694    i.plug_holes        mem.o
    0x080070d4   0x00000074   Code   RO         4982    i.raw_input         raw.o
    0x08007148   0x00000050   Code   RO         5403    i.sys_check_timeouts  timers.o
    0x08007198   0x0000000c   Code   RO         5541    i.sys_now           sys_arch.o
    0x080071a4   0x00000100   Code   RO         5405    i.sys_timeout       timers.o
    0x080072a4   0x00000030   Code   RO         5406    i.sys_timeouts_init  timers.o
    0x080072d4   0x00000128   Code   RO         5042    i.tcp_abandon       tcp.o
    0x080073fc   0x00000006   Code   RO         5043    i.tcp_abort         tcp.o
    0x08007402   0x00000002   PAD
    0x08007404   0x000000f8   Code   RO         5046    i.tcp_alloc         tcp.o
    0x080074fc   0x00000014   Code   RO         5049    i.tcp_close         tcp.o
    0x08007510   0x000001a4   Code   RO         5050    i.tcp_close_shutdown  tcp.o
    0x080076b4   0x0000009a   Code   RO         5303    i.tcp_create_segment  tcp_out.o
    0x0800774e   0x00000020   Code   RO         5053    i.tcp_eff_send_mss  tcp.o
    0x0800776e   0x00000002   PAD
    0x08007770   0x000001f4   Code   RO         5304    i.tcp_enqueue_flags  tcp_out.o
    0x08007964   0x0000005c   Code   RO         5055    i.tcp_fasttmr       tcp.o
    0x080079c0   0x00000002   Code   RO         5056    i.tcp_init          tcp.o
    0x080079c2   0x00000002   PAD
    0x080079c4   0x0000050c   Code   RO         5255    i.tcp_input         tcp_in.o
    0x08007ed0   0x0000003c   Code   RO         5305    i.tcp_keepalive     tcp_out.o
    0x08007f0c   0x000000e4   Code   RO         5256    i.tcp_listen_input  tcp_in.o
    0x08007ff0   0x00000010   Code   RO         5060    i.tcp_next_iss      tcp.o
    0x08008000   0x0000024c   Code   RO         5306    i.tcp_output        tcp_out.o
    0x0800824c   0x00000104   Code   RO         5307    i.tcp_output_alloc_header  tcp_out.o
    0x08008350   0x000000b0   Code   RO         5308    i.tcp_output_segment  tcp_out.o
    0x08008400   0x00000080   Code   RO         5257    i.tcp_parseopt      tcp_in.o
    0x08008480   0x0000003a   Code   RO         5061    i.tcp_pcb_purge     tcp.o
    0x080084ba   0x00000002   PAD
    0x080084bc   0x00000108   Code   RO         5062    i.tcp_pcb_remove    tcp.o
    0x080085c4   0x00000420   Code   RO         5258    i.tcp_process       tcp_in.o
    0x080089e4   0x00000064   Code   RO         5064    i.tcp_process_refused_data  tcp.o
    0x08008a48   0x0000069c   Code   RO         5259    i.tcp_receive       tcp_in.o
    0x080090e4   0x00000024   Code   RO         5066    i.tcp_recv_null     tcp.o
    0x08009108   0x00000104   Code   RO         5067    i.tcp_recved        tcp.o
    0x0800920c   0x00000052   Code   RO         5310    i.tcp_rexmit        tcp_out.o
    0x0800925e   0x00000058   Code   RO         5311    i.tcp_rexmit_fast   tcp_out.o
    0x080092b6   0x0000002e   Code   RO         5312    i.tcp_rexmit_rto    tcp_out.o
    0x080092e4   0x00000110   Code   RO         5313    i.tcp_rst           tcp_out.o
    0x080093f4   0x0000001c   Code   RO         5068    i.tcp_seg_free      tcp.o
    0x08009410   0x00000012   Code   RO         5069    i.tcp_segs_free     tcp.o
    0x08009422   0x00000048   Code   RO         5314    i.tcp_send_empty_ack  tcp_out.o
    0x0800946a   0x00000046   Code   RO         5315    i.tcp_send_fin      tcp_out.o
    0x080094b0   0x000004b4   Code   RO         5073    i.tcp_slowtmr       tcp.o
    0x08009964   0x00000034   Code   RO         5408    i.tcp_timer_needed  timers.o
    0x08009998   0x0000006c   Code   RO         5260    i.tcp_timewait_input  tcp_in.o
    0x08009a04   0x00000020   Code   RO         5074    i.tcp_tmr           tcp.o
    0x08009a24   0x000000b8   Code   RO         5075    i.tcp_update_rcv_ann_wnd  tcp.o
    0x08009adc   0x00000092   Code   RO         5318    i.tcp_zero_window_probe  tcp_out.o
    0x08009b6e   0x00000002   PAD
    0x08009b70   0x00000038   Code   RO         5409    i.tcpip_tcp_timer   timers.o
    0x08009ba8   0x00000120   Code   RO         5460    i.udp_bind          udp.o
    0x08009cc8   0x0000004c   Code   RO         5461    i.udp_connect       udp.o
    0x08009d14   0x00000012   Code   RO         4105    i.udp_demo_connection_close  tcp_server_demo.o
    0x08009d26   0x00000002   PAD
    0x08009d28   0x00000090   Code   RO         4106    i.udp_demo_recv     tcp_server_demo.o
    0x08009db8   0x00000038   Code   RO         4107    i.udp_demo_senddata  tcp_server_demo.o
    0x08009df0   0x000003fc   Code   RO         4108    i.udp_demo_test     tcp_server_demo.o
    0x0800a1ec   0x00000010   Code   RO         5462    i.udp_disconnect    udp.o
    0x0800a1fc   0x00000002   Code   RO         5463    i.udp_init          udp.o
    0x0800a1fe   0x00000002   PAD
    0x0800a200   0x000001cc   Code   RO         5464    i.udp_input         udp.o
    0x0800a3cc   0x0000001a   Code   RO         5465    i.udp_new           udp.o
    0x0800a3e6   0x00000006   Code   RO         5466    i.udp_recv          udp.o
    0x0800a3ec   0x0000002c   Code   RO         5467    i.udp_remove        udp.o
    0x0800a418   0x00000008   Code   RO         5468    i.udp_send          udp.o
    0x0800a420   0x00000028   Code   RO         5469    i.udp_sendto        udp.o
    0x0800a448   0x0000014c   Code   RO         5470    i.udp_sendto_if     udp.o
    0x0800a594   0x00000010   Data   RO         1116    .constdata          stm32f4xx_hal_rcc.o
    0x0800a5a4   0x00000024   Data   RO         3940    .constdata          malloc.o
    0x0800a5c8   0x0000000c   Data   RO         4210    .constdata          etharp.o
    0x0800a5d4   0x00000004   Data   RO         4509    .constdata          ip_addr.o
    0x0800a5d8   0x00000028   Data   RO         4738    .constdata          memp.o
    0x0800a600   0x00000054   Data   RO         5076    .constdata          tcp.o
    0x0800a654   0x00000044   Data   RO         4211    .conststring        etharp.o
    0x0800a698   0x00000075   Data   RO         5077    .conststring        tcp.o
    0x0800a70d   0x00000003   PAD
    0x0800a710   0x00000055   Data   RO         5319    .conststring        tcp_out.o
    0x0800a765   0x00000003   PAD
    0x0800a768   0x00000020   Data   RO         5932    Region$$Table       anon$$obj.o


    Execution Region RW_IRAM1 (Base: 0x20000000, Size: 0x0001b518, Max: 0x00020000, ABSOLUTE, COMPRESSED[0x00000088])

    Base Addr    Size         Type   Attr      Idx    E Section Name        Object

    0x20000000   0x00000014   Data   RW          431    .data               system_stm32f4xx.o
    0x20000014   0x00000004   Data   RW          614    .data               stm32f4xx_hal.o
    0x20000018   0x00000004   Data   RW         3225    .data               delay.o
    0x2000001c   0x00000004   Data   RW         3293    .data               usart.o
    0x20000020   0x00000010   Data   RW         3444    .data               lan8720.o
    0x20000030   0x00000024   Data   RW         3612    .data               ads1299.o
    0x20000054   0x00000004   Data   RW         3769    .data               spi.o
    0x20000058   0x00000001   Data   RW         3853    .data               tca6424a.o
    0x20000059   0x00000003   PAD
    0x2000005c   0x00000024   Data   RW         3941    .data               malloc.o
    0x20000080   0x00000004   Data   RW         4017    .data               lwip_comm.o
    0x20000084   0x00000080   Data   RW         4111    .data               tcp_server_demo.o
    0x20000104   0x00000001   Data   RW         4114    .data               tcp_server_demo.o
    0x20000105   0x00000001   Data   RW         4212    .data               etharp.o
    0x20000106   0x00000002   PAD
    0x20000108   0x00000014   Data   RW         4455    .data               ip.o
    0x2000011c   0x00000008   Data   RW         4565    .data               ip_frag.o
    0x20000124   0x00000010   Data   RW         4695    .data               mem.o
    0x20000134   0x00000004   Data   RW         4739    .data               memp.o
    0x20000138   0x0000000c   Data   RW         4790    .data               netif.o
    0x20000144   0x00000004   Data   RW         4988    .data               raw.o
    0x20000148   0x00000024   Data   RW         5078    .data               tcp.o
    0x2000016c   0x0000001c   Data   RW         5262    .data               tcp_in.o
    0x20000188   0x0000000c   Data   RW         5410    .data               timers.o
    0x20000194   0x00000008   Data   RW         5471    .data               udp.o
    0x2000019c   0x00000004   Data   RW         5904    .data               mc_w.l(stdout.o)
    0x200001a0   0x00000010   Zero   RW          555    .bss                iwdg.o
    0x200001b0   0x00000108   Zero   RW         3292    .bss                usart.o
    0x200002b8   0x00000048   Zero   RW         3443    .bss                lan8720.o
    0x20000300   0x000000d0   Zero   RW         3526    .bss                timer.o
    0x200003d0   0x00000085   Zero   RW         3611    .bss                ads1299.o
    0x20000455   0x00000003   PAD
    0x20000458   0x00000160   Zero   RW         3768    .bss                spi.o
    0x200005b8   0x00000008   PAD
    0x200005c0   0x00019000   Zero   RW         3938    .bss                malloc.o
    0x200195c0   0x00001900   Zero   RW         3939    .bss                malloc.o
    0x2001aec0   0x00000048   Zero   RW         4014    .bss                lwip_comm.o
    0x2001af08   0x0000010c   Zero   RW         4109    .bss                tcp_server_demo.o
    0x2001b014   0x000000c8   Zero   RW         4209    .bss                etharp.o
    0x2001b0dc   0x00000028   Zero   RW         4737    .bss                memp.o
    0x2001b104   0x00000010   Zero   RW         5261    .bss                tcp_in.o
    0x2001b114   0x00000004   PAD
    0x2001b118   0x00000400   Zero   RW          583    STACK               startup_stm32f407xx.o



  Load Region LR$$.ARM.__AT_0x10000000 (Base: 0x10000000, Size: 0x00000000, Max: 0x0000f000, ABSOLUTE)

    Execution Region ER$$.ARM.__AT_0x10000000 (Base: 0x10000000, Size: 0x0000f000, Max: 0x0000f000, ABSOLUTE, UNINIT)

    Base Addr    Size         Type   Attr      Idx    E Section Name        Object

    0x10000000   0x0000f000   Zero   RW         3934    .ARM.__AT_0x10000000  malloc.o



  Load Region LR$$.ARM.__AT_0x1000F000 (Base: 0x1000f000, Size: 0x00000000, Max: 0x00000f00, ABSOLUTE)

    Execution Region ER$$.ARM.__AT_0x1000F000 (Base: 0x1000f000, Size: 0x00000f00, Max: 0x00000f00, ABSOLUTE, UNINIT)

    Base Addr    Size         Type   Attr      Idx    E Section Name        Object

    0x1000f000   0x00000f00   Zero   RW         3935    .ARM.__AT_0x1000F000  malloc.o



  Load Region LR$$.ARM.__AT_0xC01F4000 (Base: 0xc01f4000, Size: 0x00000000, Max: 0x0000f000, ABSOLUTE)

    Execution Region ER$$.ARM.__AT_0xC01F4000 (Base: 0xc01f4000, Size: 0x0000f000, Max: 0x0000f000, ABSOLUTE, UNINIT)

    Base Addr    Size         Type   Attr      Idx    E Section Name        Object

    0xc01f4000   0x0000f000   Zero   RW         3936    .ARM.__AT_0xC01F4000  malloc.o



  Load Region LR$$.ARM.__AT_0xC0203000 (Base: 0xc0203000, Size: 0x00000000, Max: 0x00000f00, ABSOLUTE)

    Execution Region ER$$.ARM.__AT_0xC0203000 (Base: 0xc0203000, Size: 0x00000f00, Max: 0x00000f00, ABSOLUTE, UNINIT)

    Base Addr    Size         Type   Attr      Idx    E Section Name        Object

    0xc0203000   0x00000f00   Zero   RW         3937    .ARM.__AT_0xC0203000  malloc.o


==============================================================================

Image component sizes


      Code (inc. data)   RO Data    RW Data    ZI Data      Debug   Object Name

      1226        102          0         36        133      15530   ads1299.o
        16          0          0          0          0       2686   def.o
        98          8          0          4          0       2039   delay.o
      3248       1302         80          1        200      14733   etharp.o
       674        144          0          0          0       7296   ethernetif.o
       904        458          0          0          0       3750   icmp.o
         0          0          0          0          0       3848   inet.o
       170          0          0          0          0       2949   inet_chksum.o
        30          0          0          0          0        564   init.o
       924        264          0         20          0       8305   ip.o
        46          0          4          0          0       7246   ip_addr.o
      2544        932          0          8          0      10756   ip_frag.o
        48         14          0          0         16       1223   iwdg.o
       582         48          0         16         72       4470   lan8720.o
        56          8          0          0          0        903   led.o
       296         32          0          4         72      15411   lwip_comm.o
       130          0          0          0          0     732595   main.o
       396         42         36         36     239360       6781   malloc.o
      1372        648          0         16          0       5461   mem.o
       278        136         40          4         40       4038   memp.o
       384         50          0          0          0       3369   myiic.o
       402        124          0         12          0       8023   netif.o
      3284       1676          0          0          0      11495   pbuf.o
       116         12          0          4          0       1636   raw.o
       440         48          0          4        352       4016   spi.o
        36          8        392          0       1024        840   startup_stm32f407xx.o
       144         16          0          4          0       4928   stm32f4xx_hal.o
       218         14          0          0          0      31053   stm32f4xx_hal_cortex.o
        82          0          0          0          0       1304   stm32f4xx_hal_dma.o
      1778         66          0          0          0      10971   stm32f4xx_hal_eth.o
       470         48          0          0          0       2708   stm32f4xx_hal_gpio.o
       202          0          0          0          0       3247   stm32f4xx_hal_iwdg.o
      1484         56         16          0          0       5317   stm32f4xx_hal_rcc.o
      1022          0          0          0          0       4547   stm32f4xx_hal_spi.o
      1340         88          0          0          0      13262   stm32f4xx_hal_tim.o
         4          0          0          0          0       1734   stm32f4xx_hal_tim_ex.o
       626          0          0          0          0       6127   stm32f4xx_hal_uart.o
        20          0          0          0          0       4190   stm32f4xx_it.o
       140         10          0          0          0       1751   sys.o
        12          6          0          0          0        498   sys_arch.o
        84         18          0         20          0       1109   system_stm32f4xx.o
       222         16          0          1          0       2194   tca6424a.o
      3316       1134        201         36          0      25165   tcp.o
      4504        994          0         28         16      17219   tcp_in.o
      2514        660         85          0          0      11831   tcp_out.o
      2822        114          0        129        268      11401   tcp_server_demo.o
       432         76          0          0        208       6273   timer.o
       548        214          0         12          0       4814   timers.o
      1298        368          0          8          0      11162   udp.o
       156         24          0          4        264       2082   usart.o

    ----------------------------------------------------------------------
     41186       9978        892        412     242040    1064850   Object Totals
         0          0         32          0          0          0   (incl. Generated)
        48          0          6          5         15          0   (incl. Padding)

    ----------------------------------------------------------------------

      Code (inc. data)   RO Data    RW Data    ZI Data      Debug   Library Member Name

        86          0          0          0          0          0   __dczerorl2.o
         0          0          0          0          0          0   entry.o
         0          0          0          0          0          0   entry10a.o
         0          0          0          0          0          0   entry11a.o
         8          4          0          0          0          0   entry2.o
         4          0          0          0          0          0   entry5.o
         0          0          0          0          0          0   entry7b.o
         0          0          0          0          0          0   entry8b.o
         8          4          0          0          0          0   entry9a.o
        18          0          0          0          0         80   fputc.o
        30          0          0          0          0          0   handlers.o
        36          8          0          0          0         68   init.o
         0          0          0          0          0          0   iusesemip.o
        26          0          0          0          0         80   memcmp.o
        36          0          0          0          0         68   memcpya.o
        36          0          0          0          0        108   memseta.o
       472         14          0          0          0        184   printf3.o
         0          0          0          0          0          0   semi.o
         0          0          0          4          0          0   stdout.o
        44          0          0          0          0         80   uidiv.o

    ----------------------------------------------------------------------
       810         30          0          4          0        668   Library Totals
         6          0          0          0          0          0   (incl. Padding)

    ----------------------------------------------------------------------

      Code (inc. data)   RO Data    RW Data    ZI Data      Debug   Library Name

       804         30          0          4          0        668   mc_w.l

    ----------------------------------------------------------------------
       810         30          0          4          0        668   Library Totals

    ----------------------------------------------------------------------

==============================================================================


      Code (inc. data)   RO Data    RW Data    ZI Data      Debug   

     41996      10008        892        416     242040    1038842   Grand Totals
     41996      10008        892        136     242040    1038842   ELF Image Totals (compressed)
     41996      10008        892        136          0          0   ROM Totals

==============================================================================

    Total RO  Size (Code + RO Data)                42888 (  41.88kB)
    Total RW  Size (RW Data + ZI Data)            242456 ( 236.77kB)
    Total ROM Size (Code + RO Data + RW Data)      43024 (  42.02kB)

==============================================================================

