Component: ARM Compiler 5.06 update 4 (build 422) Tool: armlink [4d35d2]

==============================================================================

Section Cross References

    main.o(i.main) refers to sys.o(i.Stm32_Clock_Init) for Stm32_Clock_Init
    main.o(i.main) refers to stm32f4xx_hal.o(i.HAL_Init) for HAL_Init
    main.o(i.main) refers to delay.o(i.delay_init) for delay_init
    main.o(i.main) refers to delay.o(i.delay_ms) for delay_ms
    main.o(i.main) refers to usart.o(i.uart_init) for uart_init
    main.o(i.main) refers to myiic.o(i.IIC_Init) for IIC_Init
    main.o(i.main) refers to adg731.o(i.Adg731_Init) for Adg731_Init
    main.o(i.main) refers to ads1299.o(i.ADS1299_Init) for ADS1299_Init
    main.o(i.main) refers to tca6424a.o(i.TCA6424A_Init) for TCA6424A_Init
    main.o(i.main) refers to malloc.o(i.my_mem_init) for my_mem_init
    main.o(i.main) refers to timer.o(i.TIM3_Init) for TIM3_Init
    main.o(i.main) refers to lwip_comm.o(i.lwip_comm_init) for lwip_comm_init
    main.o(i.main) refers to tcp_server_demo.o(i.tcp_server_test) for tcp_server_test
    main.o(i.main) refers to usmart_config.o(.data) for usmart_dev
    stm32f4xx_it.o(i.SysTick_Handler) refers to stm32f4xx_hal.o(i.HAL_IncTick) for HAL_IncTick
    system_stm32f4xx.o(i.SystemCoreClockUpdate) refers to system_stm32f4xx.o(.data) for .data
    startup_stm32f429xx.o(RESET) refers to startup_stm32f429xx.o(STACK) for __initial_sp
    startup_stm32f429xx.o(RESET) refers to startup_stm32f429xx.o(.text) for Reset_Handler
    startup_stm32f429xx.o(RESET) refers to stm32f4xx_it.o(i.NMI_Handler) for NMI_Handler
    startup_stm32f429xx.o(RESET) refers to stm32f4xx_it.o(i.HardFault_Handler) for HardFault_Handler
    startup_stm32f429xx.o(RESET) refers to stm32f4xx_it.o(i.MemManage_Handler) for MemManage_Handler
    startup_stm32f429xx.o(RESET) refers to stm32f4xx_it.o(i.BusFault_Handler) for BusFault_Handler
    startup_stm32f429xx.o(RESET) refers to stm32f4xx_it.o(i.UsageFault_Handler) for UsageFault_Handler
    startup_stm32f429xx.o(RESET) refers to stm32f4xx_it.o(i.SVC_Handler) for SVC_Handler
    startup_stm32f429xx.o(RESET) refers to stm32f4xx_it.o(i.DebugMon_Handler) for DebugMon_Handler
    startup_stm32f429xx.o(RESET) refers to stm32f4xx_it.o(i.PendSV_Handler) for PendSV_Handler
    startup_stm32f429xx.o(RESET) refers to stm32f4xx_it.o(i.SysTick_Handler) for SysTick_Handler
    startup_stm32f429xx.o(RESET) refers to ads1299.o(i.EXTI4_IRQHandler) for EXTI4_IRQHandler
    startup_stm32f429xx.o(RESET) refers to spi.o(i.DMA1_Stream3_IRQHandler) for DMA1_Stream3_IRQHandler
    startup_stm32f429xx.o(RESET) refers to timer.o(i.TIM3_IRQHandler) for TIM3_IRQHandler
    startup_stm32f429xx.o(RESET) refers to usmart.o(i.TIM4_IRQHandler) for TIM4_IRQHandler
    startup_stm32f429xx.o(RESET) refers to usart.o(i.USART1_IRQHandler) for USART1_IRQHandler
    startup_stm32f429xx.o(RESET) refers to lan8720.o(i.ETH_IRQHandler) for ETH_IRQHandler
    startup_stm32f429xx.o(.text) refers to system_stm32f4xx.o(i.SystemInit) for SystemInit
    startup_stm32f429xx.o(.text) refers to entry.o(.ARM.Collect$$$$00000000) for __main
    stm32f4xx_hal.o(i.HAL_DeInit) refers to stm32f4xx_hal.o(i.HAL_MspDeInit) for HAL_MspDeInit
    stm32f4xx_hal.o(i.HAL_Delay) refers to stm32f4xx_hal.o(i.HAL_GetTick) for HAL_GetTick
    stm32f4xx_hal.o(i.HAL_GetTick) refers to stm32f4xx_hal.o(.data) for .data
    stm32f4xx_hal.o(i.HAL_IncTick) refers to stm32f4xx_hal.o(.data) for .data
    stm32f4xx_hal.o(i.HAL_Init) refers to stm32f4xx_hal_cortex.o(i.HAL_NVIC_SetPriorityGrouping) for HAL_NVIC_SetPriorityGrouping
    stm32f4xx_hal.o(i.HAL_Init) refers to stm32f4xx_hal.o(i.HAL_InitTick) for HAL_InitTick
    stm32f4xx_hal.o(i.HAL_Init) refers to stm32f4xx_hal.o(i.HAL_MspInit) for HAL_MspInit
    stm32f4xx_hal.o(i.HAL_InitTick) refers to stm32f4xx_hal_rcc.o(i.HAL_RCC_GetHCLKFreq) for HAL_RCC_GetHCLKFreq
    stm32f4xx_hal.o(i.HAL_InitTick) refers to stm32f4xx_hal_cortex.o(i.HAL_SYSTICK_Config) for HAL_SYSTICK_Config
    stm32f4xx_hal.o(i.HAL_InitTick) refers to stm32f4xx_hal_cortex.o(i.HAL_NVIC_SetPriority) for HAL_NVIC_SetPriority
    stm32f4xx_hal_cortex.o(i.HAL_NVIC_SetPriority) refers to stm32f4xx_hal_cortex.o(i.NVIC_SetPriority) for NVIC_SetPriority
    stm32f4xx_hal_cortex.o(i.HAL_SYSTICK_Config) refers to stm32f4xx_hal_cortex.o(i.NVIC_SetPriority) for NVIC_SetPriority
    stm32f4xx_hal_cortex.o(i.HAL_SYSTICK_IRQHandler) refers to stm32f4xx_hal_cortex.o(i.HAL_SYSTICK_Callback) for HAL_SYSTICK_Callback
    stm32f4xx_hal_gpio.o(i.HAL_GPIO_EXTI_IRQHandler) refers to ads1299.o(i.HAL_GPIO_EXTI_Callback) for HAL_GPIO_EXTI_Callback
    stm32f4xx_hal_pwr.o(i.HAL_PWR_PVD_IRQHandler) refers to stm32f4xx_hal_pwr.o(i.HAL_PWR_PVDCallback) for HAL_PWR_PVDCallback
    stm32f4xx_hal_pwr_ex.o(i.HAL_PWREx_ControlVoltageScaling) refers to stm32f4xx_hal.o(i.HAL_GetTick) for HAL_GetTick
[...]
    CAN2_RX1_IRQHandler                      0x080001eb   Thumb Code     0  startup_stm32f429xx.o(.text)
    CAN2_SCE_IRQHandler                      0x080001eb   Thumb Code     0  startup_stm32f429xx.o(.text)
    CAN2_TX_IRQHandler                       0x080001eb   Thumb Code     0  startup_stm32f429xx.o(.text)
    DCMI_IRQHandler                          0x080001eb   Thumb Code     0  startup_stm32f429xx.o(.text)
    DMA1_Stream0_IRQHandler                  0x080001eb   Thumb Code     0  startup_stm32f429xx.o(.text)
    DMA1_Stream1_IRQHandler                  0x080001eb   Thumb Code     0  startup_stm32f429xx.o(.text)
    DMA1_Stream2_IRQHandler                  0x080001eb   Thumb Code     0  startup_stm32f429xx.o(.text)
    DMA1_Stream4_IRQHandler                  0x080001eb   Thumb Code     0  startup_stm32f429xx.o(.text)
    DMA1_Stream5_IRQHandler                  0x080001eb   Thumb Code     0  startup_stm32f429xx.o(.text)
    DMA1_Stream6_IRQHandler                  0x080001eb   Thumb Code     0  startup_stm32f429xx.o(.text)
    DMA1_Stream7_IRQHandler                  0x080001eb   Thumb Code     0  startup_stm32f429xx.o(.text)
    DMA2D_IRQHandler                         0x080001eb   Thumb Code     0  startup_stm32f429xx.o(.text)
    DMA2_Stream0_IRQHandler                  0x080001eb   Thumb Code     0  startup_stm32f429xx.o(.text)
    DMA2_Stream1_IRQHandler                  0x080001eb   Thumb Code     0  startup_stm32f429xx.o(.text)
    DMA2_Stream2_IRQHandler                  0x080001eb   Thumb Code     0  startup_stm32f429xx.o(.text)
    DMA2_Stream3_IRQHandler                  0x080001eb   Thumb Code     0  startup_stm32f429xx.o(.text)
    DMA2_Stream4_IRQHandler                  0x080001eb   Thumb Code     0  startup_stm32f429xx.o(.text)
    DMA2_Stream5_IRQHandler                  0x080001eb   Thumb Code     0  startup_stm32f429xx.o(.text)
    DMA2_Stream6_IRQHandler                  0x080001eb   Thumb Code     0  startup_stm32f429xx.o(.text)
    DMA2_Stream7_IRQHandler                  0x080001eb   Thumb Code     0  startup_stm32f429xx.o(.text)
    ETH_WKUP_IRQHandler                      0x080001eb   Thumb Code     0  startup_stm32f429xx.o(.text)
    EXTI0_IRQHandler                         0x080001eb   Thumb Code     0  startup_stm32f429xx.o(.text)
    EXTI15_10_IRQHandler                     0x080001eb   Thumb Code     0  startup_stm32f429xx.o(.text)
    EXTI1_IRQHandler                         0x080001eb   Thumb Code     0  startup_stm32f429xx.o(.text)
    EXTI2_IRQHandler                         0x080001eb   Thumb Code     0  startup_stm32f429xx.o(.text)
    EXTI3_IRQHandler                         0x080001eb   Thumb Code     0  startup_stm32f429xx.o(.text)
    EXTI9_5_IRQHandler                       0x080001eb   Thumb Code     0  startup_stm32f429xx.o(.text)
    FLASH_IRQHandler                         0x080001eb   Thumb Code     0  startup_stm32f429xx.o(.text)
    FMC_IRQHandler                           0x080001eb   Thumb Code     0  startup_stm32f429xx.o(.text)
    FPU_IRQHandler                           0x080001eb   Thumb Code     0  startup_stm32f429xx.o(.text)
    HASH_RNG_IRQHandler                      0x080001eb   Thumb Code     0  startup_stm32f429xx.o(.text)
    I2C1_ER_IRQHandler                       0x080001eb   Thumb Code     0  startup_stm32f429xx.o(.text)
    I2C1_EV_IRQHandler                       0x080001eb   Thumb Code     0  startup_stm32f429xx.o(.text)
    I2C2_ER_IRQHandler                       0x080001eb   Thumb Code     0  startup_stm32f429xx.o(.text)
    I2C2_EV_IRQHandler                       0x080001eb   Thumb Code     0  startup_stm32f429xx.o(.text)
    I2C3_ER_IRQHandler                       0x080001eb   Thumb Code     0  startup_stm32f429xx.o(.text)
    I2C3_EV_IRQHandler                       0x080001eb   Thumb Code     0  startup_stm32f429xx.o(.text)
    LTDC_ER_IRQHandler                       0x080001eb   Thumb Code     0  startup_stm32f429xx.o(.text)
    LTDC_IRQHandler                          0x080001eb   Thumb Code     0  startup_stm32f429xx.o(.text)
    OTG_FS_IRQHandler                        0x080001eb   Thumb Code     0  startup_stm32f429xx.o(.text)
    OTG_FS_WKUP_IRQHandler                   0x080001eb   Thumb Code     0  startup_stm32f429xx.o(.text)
    OTG_HS_EP1_IN_IRQHandler                 0x080001eb   Thumb Code     0  startup_stm32f429xx.o(.text)
    OTG_HS_EP1_OUT_IRQHandler                0x080001eb   Thumb Code     0  startup_stm32f429xx.o(.text)
    OTG_HS_IRQHandler                        0x080001eb   Thumb Code     0  startup_stm32f429xx.o(.text)
    OTG_HS_WKUP_IRQHandler                   0x080001eb   Thumb Code     0  startup_stm32f429xx.o(.text)
    PVD_IRQHandler                           0x080001eb   Thumb Code     0  startup_stm32f429xx.o(.text)
    RCC_IRQHandler                           0x080001eb   Thumb Code     0  startup_stm32f429xx.o(.text)
    RTC_Alarm_IRQHandler                     0x080001eb   Thumb Code     0  startup_stm32f429xx.o(.text)
    RTC_WKUP_IRQHandler                      0x080001eb   Thumb Code     0  startup_stm32f429xx.o(.text)
    SAI1_IRQHandler                          0x080001eb   Thumb Code     0  startup_stm32f429xx.o(.text)
    SDIO_IRQHandler                          0x080001eb   Thumb Code     0  startup_stm32f429xx.o(.text)
    SPI1_IRQHandler                          0x080001eb   Thumb Code     0  startup_stm32f429xx.o(.text)
    SPI2_IRQHandler                          0x080001eb   Thumb Code     0  startup_stm32f429xx.o(.text)
    SPI3_IRQHandler                          0x080001eb   Thumb Code     0  startup_stm32f429xx.o(.text)
    SPI4_IRQHandler                          0x080001eb   Thumb Code     0  startup_stm32f429xx.o(.text)
    SPI5_IRQHandler                          0x080001eb   Thumb Code     0  startup_stm32f429xx.o(.text)
    SPI6_IRQHandler                          0x080001eb   Thumb Code     0  startup_stm32f429xx.o(.text)
    TAMP_STAMP_IRQHandler                    0x080001eb   Thumb Code     0  startup_stm32f429xx.o(.text)
    TIM1_BRK_TIM9_IRQHandler                 0x080001eb   Thumb Code     0  startup_stm32f429xx.o(.text)
    TIM1_CC_IRQHandler                       0x080001eb   Thumb Code     0  startup_stm32f429xx.o(.text)
    TIM1_TRG_COM_TIM11_IRQHandler            0x080001eb   Thumb Code     0  startup_stm32f429xx.o(.text)
    TIM1_UP_TIM10_IRQHandler                 0x080001eb   Thumb Code     0  startup_stm32f429xx.o(.text)
    TIM2_IRQHandler                          0x080001eb   Thumb Code     0  startup_stm32f429xx.o(.text)
    TIM5_IRQHandler                          0x080001eb   Thumb Code     0  startup_stm32f429xx.o(.text)
    TIM6_DAC_IRQHandler                      0x080001eb   Thumb Code     0  startup_stm32f429xx.o(.text)
    TIM7_IRQHandler                          0x080001eb   Thumb Code     0  startup_stm32f429xx.o(.text)
    TIM8_BRK_TIM12_IRQHandler                0x080001eb   Thumb Code     0  startup_stm32f429xx.o(.text)
    TIM8_CC_IRQHandler                       0x080001eb   Thumb Code     0  startup_stm32f429xx.o(.text)
    TIM8_TRG_COM_TIM14_IRQHandler            0x080001eb   Thumb Code     0  startup_stm32f429xx.o(.text)
    TIM8_UP_TIM13_IRQHandler                 0x080001eb   Thumb Code     0  startup_stm32f429xx.o(.text)
    UART4_IRQHandler                         0x080001eb   Thumb Code     0  startup_stm32f429xx.o(.text)
    UART5_IRQHandler                         0x080001eb   Thumb Code     0  startup_stm32f429xx.o(.text)
    UART7_IRQHandler                         0x080001eb   Thumb Code     0  startup_stm32f429xx.o(.text)
    UART8_IRQHandler                         0x080001eb   Thumb Code     0  startup_stm32f429xx.o(.text)
    USART2_IRQHandler                        0x080001eb   Thumb Code     0  startup_stm32f429xx.o(.text)
    USART3_IRQHandler                        0x080001eb   Thumb Code     0  startup_stm32f429xx.o(.text)
    USART6_IRQHandler                        0x080001eb   Thumb Code     0  startup_stm32f429xx.o(.text)
    WWDG_IRQHandler                          0x080001eb   Thumb Code     0  startup_stm32f429xx.o(.text)
    __aeabi_memcpy                           0x080001f5   Thumb Code    36  memcpya.o(.text)
    __aeabi_memcpy4                          0x080001f5   Thumb Code     0  memcpya.o(.text)
    __aeabi_memcpy8                          0x080001f5   Thumb Code     0  memcpya.o(.text)
    __aeabi_memset                           0x08000219   Thumb Code    14  memseta.o(.text)
    __aeabi_memset4                          0x08000219   Thumb Code     0  memseta.o(.text)
    __aeabi_memset8                          0x08000219   Thumb Code     0  memseta.o(.text)
    __aeabi_memclr                           0x08000227   Thumb Code     4  memseta.o(.text)
    __aeabi_memclr4                          0x08000227   Thumb Code     0  memseta.o(.text)
    __aeabi_memclr8                          0x08000227   Thumb Code     0  memseta.o(.text)
    _memset$wrapper                          0x0800022b   Thumb Code    18  memseta.o(.text)
    memcmp                                   0x0800023d   Thumb Code    26  memcmp.o(.text)
    __aeabi_i2d                              0x08000257   Thumb Code    34  dflti.o(.text)
    __aeabi_d2uiz                            0x08000279   Thumb Code    50  dfixui.o(.text)
    __aeabi_uldivmod                         0x080002ab   Thumb Code    98  uldiv.o(.text)
    __aeabi_llsr                             0x0800030d   Thumb Code    32  llushr.o(.text)
    _ll_ushift_r                             0x0800030d   Thumb Code     0  llushr.o(.text)
    __I$use$fp                               0x0800032d   Thumb Code     0  iusefp.o(.text)
    _double_round                            0x0800032d   Thumb Code    30  depilogue.o(.text)
    _double_epilogue                         0x0800034b   Thumb Code   156  depilogue.o(.text)
    _dsqrt                                   0x080003e7   Thumb Code   162  dsqrt.o(.text)
    __scatterload                            0x08000489   Thumb Code    28  init.o(.text)
    __scatterload_rt2                        0x08000489   Thumb Code     0  init.o(.text)
    __aeabi_llsl                             0x080004ad   Thumb Code    30  llshl.o(.text)
    __semihosting_library_function           0x080004ad   Thumb Code     0  semi.o(.text)
    _ll_shift_l                              0x080004ad   Thumb Code     0  llshl.o(.text)
    __I$use$semihosting$fputc                0x080004cb   Thumb Code     0  iusesemip.o(.text)
    __decompress                             0x080004cb   Thumb Code     0  __dczerorl2.o(.text)
    __decompress1                            0x080004cb   Thumb Code    86  __dczerorl2.o(.text)
    AD5933_RES                               0x08000521   Thumb Code   152  ad5933.o(i.AD5933_RES)
    AD5933_Read_Byte                         0x080005c1   Thumb Code    36  ad5933.o(i.AD5933_Read_Byte)
    AD5933_Set_Point                         0x080005e5   Thumb Code    46  ad5933.o(i.AD5933_Set_Point)
    AD5933_Start                             0x08000613   Thumb Code   214  ad5933.o(i.AD5933_Start)
    AD5933_WRITE_COMMAND                     0x080006e9   Thumb Code    74  ad5933.o(i.AD5933_WRITE_COMMAND)
    ADS1299_CHANGE_CHANEL                    0x08000735   Thumb Code    40  ads1299.o(i.ADS1299_CHANGE_CHANEL)
    ADS1299_Check                            0x08000761   Thumb Code   106  ads1299.o(i.ADS1299_Check)
    ADS1299_Command                          0x080007d1   Thumb Code    38  ads1299.o(i.ADS1299_Command)
    ADS1299_IT                               0x080007f9   Thumb Code    76  ads1299.o(i.ADS1299_IT)
    ADS1299_Init                             0x08000855   Thumb Code   328  ads1299.o(i.ADS1299_Init)
    ADS1299_PREG                             0x080009c1   Thumb Code    38  ads1299.o(i.ADS1299_PREG)
    ADS1299_SDATAC                           0x080009ed   Thumb Code    42  ads1299.o(i.ADS1299_SDATAC)
    ADS1299_WREG                             0x08000a17   Thumb Code    54  ads1299.o(i.ADS1299_WREG)
    Adg731_Init                              0x08000a4d   Thumb Code    68  adg731.o(i.Adg731_Init)
    Adg731_Write_Rg                          0x08000a9d   Thumb Code    96  adg731.o(i.Adg731_Write_Rg)
    BusFault_Handler                         0x08000b01   Thumb Code     2  stm32f4xx_it.o(i.BusFault_Handler)
    DMA1_Stream3_IRQHandler                  0x08000b05   Thumb Code   112  spi.o(i.DMA1_Stream3_IRQHandler)
    Data_Process                             0x08000b85   Thumb Code   338  tcp_server_demo.o(i.Data_Process)
    DebugMon_Handler                         0x08000cf1   Thumb Code     2  stm32f4xx_it.o(i.DebugMon_Handler)
    ETH_GetRxPktSize                         0x08000d21   Thumb Code    30  lan8720.o(i.ETH_GetRxPktSize)
    ETH_IRQHandler                           0x08000d41   Thumb Code    38  lan8720.o(i.ETH_IRQHandler)
    ETH_Mem_Malloc                           0x08000e91   Thumb Code    54  lan8720.o(i.ETH_Mem_Malloc)
    EXTI4_IRQHandler                         0x08000ecd   Thumb Code    14  ads1299.o(i.EXTI4_IRQHandler)
    HAL_DMA_Abort                            0x08000ee1   Thumb Code    82  stm32f4xx_hal_dma.o(i.HAL_DMA_Abort)
    HAL_Delay                                0x08000f33   Thumb Code    22  stm32f4xx_hal.o(i.HAL_Delay)
    HAL_ETH_DMARxDescListInit                0x08000f49   Thumb Code   114  stm32f4xx_hal_eth.o(i.HAL_ETH_DMARxDescListInit)
    HAL_ETH_DMATxDescListInit                0x08000fbb   Thumb Code   120  stm32f4xx_hal_eth.o(i.HAL_ETH_DMATxDescListInit)
    HAL_ETH_GetReceivedFrame                 0x08001033   Thumb Code   122  stm32f4xx_hal_eth.o(i.HAL_ETH_GetReceivedFrame)
    HAL_ETH_Init                             0x080010ad   Thumb Code   396  stm32f4xx_hal_eth.o(i.HAL_ETH_Init)
    HAL_ETH_MspInit                          0x08001261   Thumb Code   206  lan8720.o(i.HAL_ETH_MspInit)
    HAL_ETH_ReadPHYRegister                  0x08001345   Thumb Code   134  stm32f4xx_hal_eth.o(i.HAL_ETH_ReadPHYRegister)
    HAL_ETH_Start                            0x080013cb   Thumb Code   132  stm32f4xx_hal_eth.o(i.HAL_ETH_Start)
    HAL_ETH_TransmitFrame                    0x0800144f   Thumb Code   264  stm32f4xx_hal_eth.o(i.HAL_ETH_TransmitFrame)
    HAL_ETH_WritePHYRegister                 0x08001557   Thumb Code   118  stm32f4xx_hal_eth.o(i.HAL_ETH_WritePHYRegister)
    HAL_GPIO_Init                            0x080015cd   Thumb Code   422  stm32f4xx_hal_gpio.o(i.HAL_GPIO_Init)
    HAL_GPIO_WritePin                        0x080017a9   Thumb Code    10  stm32f4xx_hal_gpio.o(i.HAL_GPIO_WritePin)
    HAL_GetTick                              0x080017b5   Thumb Code     6  stm32f4xx_hal.o(i.HAL_GetTick)
    HAL_IncTick                              0x080017c1   Thumb Code    10  stm32f4xx_hal.o(i.HAL_IncTick)
    HAL_Init                                 0x080017d1   Thumb Code    48  stm32f4xx_hal.o(i.HAL_Init)
    HAL_InitTick                             0x08001805   Thumb Code    34  stm32f4xx_hal.o(i.HAL_InitTick)
    HAL_MspInit                              0x08001827   Thumb Code     8  stm32f4xx_hal.o(i.HAL_MspInit)
    HAL_NVIC_EnableIRQ                       0x0800182f   Thumb Code    22  stm32f4xx_hal_cortex.o(i.HAL_NVIC_EnableIRQ)
    HAL_NVIC_SetPriority                     0x08001845   Thumb Code    60  stm32f4xx_hal_cortex.o(i.HAL_NVIC_SetPriority)
    HAL_NVIC_SetPriorityGrouping             0x08001885   Thumb Code    26  stm32f4xx_hal_cortex.o(i.HAL_NVIC_SetPriorityGrouping)
    HAL_PWREx_EnableOverDrive                0x080018a9   Thumb Code   122  stm32f4xx_hal_pwr_ex.o(i.HAL_PWREx_EnableOverDrive)
    HAL_RCC_ClockConfig                      0x08001931   Thumb Code   512  stm32f4xx_hal_rcc.o(i.HAL_RCC_ClockConfig)
    HAL_RCC_GetHCLKFreq                      0x08001b39   Thumb Code    38  stm32f4xx_hal_rcc.o(i.HAL_RCC_GetHCLKFreq)
    HAL_RCC_GetPCLK1Freq                     0x08001b6d   Thumb Code    36  stm32f4xx_hal_rcc.o(i.HAL_RCC_GetPCLK1Freq)
    HAL_RCC_GetPCLK2Freq                     0x08001b99   Thumb Code    36  stm32f4xx_hal_rcc.o(i.HAL_RCC_GetPCLK2Freq)
    HAL_RCC_GetSysClockFreq                  0x08001bc5   Thumb Code   104  stm32f4xx_hal_rcc.o(i.HAL_RCC_GetSysClockFreq)
    HAL_RCC_OscConfig                        0x08001c39   Thumb Code   774  stm32f4xx_hal_rcc.o(i.HAL_RCC_OscConfig)
    HAL_SPI_DMAStop                          0x08001f55   Thumb Code    50  stm32f4xx_hal_spi.o(i.HAL_SPI_DMAStop)
    HAL_SPI_Init                             0x08001f87   Thumb Code   132  stm32f4xx_hal_spi.o(i.HAL_SPI_Init)
    HAL_SPI_MspInit                          0x0800200d   Thumb Code   120  spi.o(i.HAL_SPI_MspInit)
    HAL_SPI_TransmitReceive                  0x0800208d   Thumb Code   682  stm32f4xx_hal_spi.o(i.HAL_SPI_TransmitReceive)
    HAL_SYSTICK_CLKSourceConfig              0x08002337   Thumb Code    24  stm32f4xx_hal_cortex.o(i.HAL_SYSTICK_CLKSourceConfig)
    HAL_SYSTICK_Config                       0x0800234f   Thumb Code    40  stm32f4xx_hal_cortex.o(i.HAL_SYSTICK_Config)
    HAL_TIMEx_BreakCallback                  0x08002377   Thumb Code     2  stm32f4xx_hal_tim_ex.o(i.HAL_TIMEx_BreakCallback)
    HAL_TIMEx_CommutationCallback            0x08002379   Thumb Code     2  stm32f4xx_hal_tim_ex.o(i.HAL_TIMEx_CommutationCallback)
    HAL_TIM_Base_Init                        0x0800237b   Thumb Code    54  stm32f4xx_hal_tim.o(i.HAL_TIM_Base_Init)
    HAL_TIM_Base_MspInit                     0x080023b1   Thumb Code    50  timer.o(i.HAL_TIM_Base_MspInit)
    HAL_TIM_Base_Start_IT                    0x080023ed   Thumb Code    24  stm32f4xx_hal_tim.o(i.HAL_TIM_Base_Start_IT)
    HAL_TIM_IC_CaptureCallback               0x08002405   Thumb Code     2  stm32f4xx_hal_tim.o(i.HAL_TIM_IC_CaptureCallback)
    HAL_TIM_IRQHandler                       0x08002407   Thumb Code   358  stm32f4xx_hal_tim.o(i.HAL_TIM_IRQHandler)
    HAL_TIM_OC_DelayElapsedCallback          0x0800256d   Thumb Code     2  stm32f4xx_hal_tim.o(i.HAL_TIM_OC_DelayElapsedCallback)
    HAL_TIM_PWM_PulseFinishedCallback        0x0800256f   Thumb Code     2  stm32f4xx_hal_tim.o(i.HAL_TIM_PWM_PulseFinishedCallback)
    HAL_TIM_PeriodElapsedCallback            0x08002571   Thumb Code    16  timer.o(i.HAL_TIM_PeriodElapsedCallback)
    HAL_TIM_TriggerCallback                  0x08002589   Thumb Code     2  stm32f4xx_hal_tim.o(i.HAL_TIM_TriggerCallback)
    HAL_UART_ErrorCallback                   0x0800258b   Thumb Code     2  stm32f4xx_hal_uart.o(i.HAL_UART_ErrorCallback)
    HAL_UART_GetState                        0x0800258d   Thumb Code     6  stm32f4xx_hal_uart.o(i.HAL_UART_GetState)
    HAL_UART_IRQHandler                      0x08002593   Thumb Code   244  stm32f4xx_hal_uart.o(i.HAL_UART_IRQHandler)
    HAL_UART_Init                            0x08002687   Thumb Code    94  stm32f4xx_hal_uart.o(i.HAL_UART_Init)
    HAL_UART_MspInit                         0x080026e5   Thumb Code   112  usart.o(i.HAL_UART_MspInit)
    HAL_UART_Receive_IT                      0x08002761   Thumb Code   104  stm32f4xx_hal_uart.o(i.HAL_UART_Receive_IT)
    HAL_UART_RxCpltCallback                  0x080027c9   Thumb Code    76  usart.o(i.HAL_UART_RxCpltCallback)
    HAL_UART_TxCpltCallback                  0x08002821   Thumb Code     2  stm32f4xx_hal_uart.o(i.HAL_UART_TxCpltCallback)
    HardFault_Handler                        0x08002823   Thumb Code     2  stm32f4xx_it.o(i.HardFault_Handler)
    IIC_Ack                                  0x08002825   Thumb Code    56  myiic.o(i.IIC_Ack)
    IIC_Init                                 0x08002865   Thumb Code    60  myiic.o(i.IIC_Init)
    IIC_NAck                                 0x080028ad   Thumb Code    56  myiic.o(i.IIC_NAck)
    IIC_Read_Byte                            0x080028ed   Thumb Code    96  myiic.o(i.IIC_Read_Byte)
    IIC_Send_Byte                            0x08002955   Thumb Code    86  myiic.o(i.IIC_Send_Byte)
    IIC_Start                                0x080029b5   Thumb Code    56  myiic.o(i.IIC_Start)
    IIC_Stop                                 0x080029f5   Thumb Code    58  myiic.o(i.IIC_Stop)
    IIC_Wait_Ack                             0x08002a39   Thumb Code    74  myiic.o(i.IIC_Wait_Ack)
    LAN8720_Init                             0x08002a8d   Thumb Code   172  lan8720.o(i.LAN8720_Init)
    MemManage_Handler                        0x08002b4d   Thumb Code     2  stm32f4xx_it.o(i.MemManage_Handler)
    NMI_Handler                              0x08002b4f   Thumb Code     2  stm32f4xx_it.o(i.NMI_Handler)
    PendSV_Handler                           0x08002b71   Thumb Code     2  stm32f4xx_it.o(i.PendSV_Handler)
    Recev_Data                               0x08002b75   Thumb Code   140  ads1299.o(i.Recev_Data)
    SPI2_Init                                0x08002c15   Thumb Code    70  spi.o(i.SPI2_Init)
    SPI2_ReadWriteByte                       0x08002c65   Thumb Code    28  spi.o(i.SPI2_ReadWriteByte)
    SPI2_SetSpeed                            0x08002c85   Thumb Code    46  spi.o(i.SPI2_SetSpeed)
    SVC_Handler                              0x08002d57   Thumb Code     2  stm32f4xx_it.o(i.SVC_Handler)
    Set_Sps                                  0x08002d59   Thumb Code    38  ads1299.o(i.Set_Sps)
    Stm32_Clock_Init                         0x08002d89   Thumb Code   122  sys.o(i.Stm32_Clock_Init)
    SysTick_Handler                          0x08002e0d   Thumb Code     4  stm32f4xx_it.o(i.SysTick_Handler)
    SystemInit                               0x08002e11   Thumb Code    66  system_stm32f4xx.o(i.SystemInit)
    TCA6424A_Init                            0x08002e65   Thumb Code   118  tca6424a.o(i.TCA6424A_Init)
    TCA6424A_W                               0x08002ee9   Thumb Code    76  tca6424a.o(i.TCA6424A_W)
    TIM3_IRQHandler                          0x08002f35   Thumb Code     6  timer.o(i.TIM3_IRQHandler)
    TIM3_Init                                0x08002f41   Thumb Code    34  timer.o(i.TIM3_Init)
    TIM4_IRQHandler                          0x08002f6d   Thumb Code    44  usmart.o(i.TIM4_IRQHandler)
    TIM_Base_SetConfig                       0x08002fa1   Thumb Code   148  stm32f4xx_hal_tim.o(i.TIM_Base_SetConfig)
    Timer4_Init                              0x08003061   Thumb Code    72  usmart.o(i.Timer4_Init)
    USART1_IRQHandler                        0x08003339   Thumb Code    56  usart.o(i.USART1_IRQHandler)
    UsageFault_Handler                       0x0800337d   Thumb Code     2  stm32f4xx_it.o(i.UsageFault_Handler)
    __0printf$8                              0x08003381   Thumb Code    22  printf8.o(i.__0printf$8)
    __1printf$8                              0x08003381   Thumb Code     0  printf8.o(i.__0printf$8)
    __2printf                                0x08003381   Thumb Code     0  printf8.o(i.__0printf$8)
    __hardfp_sqrt                            0x080033a1   Thumb Code   122  sqrt.o(i.__hardfp_sqrt)
    __scatterload_copy                       0x0800341b   Thumb Code    14  handlers.o(i.__scatterload_copy)
    __scatterload_null                       0x08003429   Thumb Code     2  handlers.o(i.__scatterload_null)
    __scatterload_zeroinit                   0x0800342b   Thumb Code    14  handlers.o(i.__scatterload_zeroinit)
    __set_errno                              0x08003439   Thumb Code     6  errno.o(i.__set_errno)
    delay_init                               0x080038c5   Thumb Code    16  delay.o(i.delay_init)
    delay_ms                                 0x080038d9   Thumb Code    26  delay.o(i.delay_ms)
    delay_us                                 0x080038f5   Thumb Code    48  delay.o(i.delay_us)
    etharp_output                            0x08003cdd   Thumb Code   290  etharp.o(i.etharp_output)
    etharp_query                             0x08003f69   Thumb Code   292  etharp.o(i.etharp_query)
    etharp_request                           0x080042a5   Thumb Code    32  etharp.o(i.etharp_request)
    etharp_tmr                               0x08004369   Thumb Code    66  etharp.o(i.etharp_tmr)
    ethernet_input                           0x080044c1   Thumb Code   154  etharp.o(i.ethernet_input)
    ethernetif_init                          0x080045d9   Thumb Code    48  ethernetif.o(i.ethernetif_init)
    ethernetif_input                         0x08004675   Thumb Code    38  ethernetif.o(i.ethernetif_input)
    fputc                                    0x0800469b   Thumb Code    18  fputc.o(i.fputc)
    hardware_init                            0x080046ad   Thumb Code    22  tcp_server_demo.o(i.hardware_init)
    icmp_dest_unreach                        0x080046c3   Thumb Code     8  icmp.o(i.icmp_dest_unreach)
    icmp_input                               0x080046cd   Thumb Code   310  icmp.o(i.icmp_input)
    icmp_time_exceeded                       0x08004a45   Thumb Code     8  icmp.o(i.icmp_time_exceeded)
    inet_chksum                              0x08004a4d   Thumb Code    12  inet_chksum.o(i.inet_chksum)
    inet_chksum_pbuf                         0x08004a59   Thumb Code    72  inet_chksum.o(i.inet_chksum_pbuf)
    ip4_addr_isbroadcast                     0x08004aa1   Thumb Code    46  ip_addr.o(i.ip4_addr_isbroadcast)
    ip_frag                                  0x08004ad1   Thumb Code   378  ip_frag.o(i.ip_frag)
    ip_input                                 0x08004d4d   Thumb Code   326  ip.o(i.ip_input)
    ip_output                                0x08004e9d   Thumb Code    72  ip.o(i.ip_output)
    ip_output_if                             0x08004f45   Thumb Code   208  ip.o(i.ip_output_if)
    ip_reass                                 0x080050a9   Thumb Code   414  ip_frag.o(i.ip_reass)
    ip_reass_tmr                             0x08005781   Thumb Code    40  ip_frag.o(i.ip_reass_tmr)
    ip_route                                 0x080057ad   Thumb Code    54  ip.o(i.ip_route)
    lwip_comm_default_ip_set                 0x08005a59   Thumb Code    74  lwip_comm.o(i.lwip_comm_default_ip_set)
    lwip_comm_init                           0x08005aa9   Thumb Code   144  lwip_comm.o(i.lwip_comm_init)
    lwip_comm_mem_malloc                     0x08005b45   Thumb Code    36  lwip_comm.o(i.lwip_comm_mem_malloc)
    lwip_htonl                               0x08005b71   Thumb Code     4  def.o(i.lwip_htonl)
    lwip_htons                               0x08005b75   Thumb Code     4  def.o(i.lwip_htons)
    lwip_init                                0x08005b79   Thumb Code    30  init.o(i.lwip_init)
    lwip_ntohl                               0x08005b97   Thumb Code     4  def.o(i.lwip_ntohl)
    lwip_ntohs                               0x08005b9b   Thumb Code     4  def.o(i.lwip_ntohs)
    lwip_periodic_handle                     0x08005b9f   Thumb Code     4  lwip_comm.o(i.lwip_periodic_handle)
    lwip_pkt_handle                          0x08005ba5   Thumb Code     6  lwip_comm.o(i.lwip_pkt_handle)
    main                                     0x08005c09   Thumb Code   118  main.o(i.main)
    mem_free                                 0x08005c85   Thumb Code   110  mem.o(i.mem_free)
    mem_init                                 0x08005d99   Thumb Code    44  mem.o(i.mem_init)
    mem_malloc                               0x08005dc9   Thumb Code   258  mem.o(i.mem_malloc)
    mem_trim                                 0x08005fc1   Thumb Code   240  mem.o(i.mem_trim)
    memp_free                                0x0800613d   Thumb Code    40  memp.o(i.memp_free)
    memp_get_memorysize                      0x080061d9   Thumb Code     6  memp.o(i.memp_get_memorysize)
    memp_init                                0x080061e1   Thumb Code    80  memp.o(i.memp_init)
    memp_malloc                              0x0800623d   Thumb Code    62  memp.o(i.memp_malloc)
    my_mem_free                              0x08006315   Thumb Code    80  malloc.o(i.my_mem_free)
    my_mem_init                              0x0800636d   Thumb Code    36  malloc.o(i.my_mem_init)
    my_mem_malloc                            0x08006399   Thumb Code   128  malloc.o(i.my_mem_malloc)
    my_mem_perused                           0x08006421   Thumb Code    50  malloc.o(i.my_mem_perused)
    myfree                                   0x0800645d   Thumb Code    20  malloc.o(i.myfree)
    mymalloc                                 0x08006475   Thumb Code    28  malloc.o(i.mymalloc)
    mymemset                                 0x08006495   Thumb Code    12  malloc.o(i.mymemset)
    netcam_fifo_write                        0x080064a1   Thumb Code    64  tcp_server_demo.o(i.netcam_fifo_write)
    netif_add                                0x080064e5   Thumb Code    94  netif.o(i.netif_add)
    netif_init                               0x080065b1   Thumb Code     2  netif.o(i.netif_init)
    netif_set_addr                           0x080065b3   Thumb Code    32  netif.o(i.netif_set_addr)
    netif_set_default                        0x080065d5   Thumb Code     6  netif.o(i.netif_set_default)
    netif_set_gw                             0x080065e1   Thumb Code     8  netif.o(i.netif_set_gw)
    netif_set_ipaddr                         0x080065e9   Thumb Code    96  netif.o(i.netif_set_ipaddr)
    netif_set_netmask                        0x08006651   Thumb Code     8  netif.o(i.netif_set_netmask)
    netif_set_up                             0x08006659   Thumb Code    32  netif.o(i.netif_set_up)
    netmem_free                              0x08006679   Thumb Code    10  tcp_server_demo.o(i.netmem_free)
    netmem_malloc                            0x08006689   Thumb Code    34  tcp_server_demo.o(i.netmem_malloc)
    pbuf_alloc                               0x080066b1   Thumb Code   460  pbuf.o(i.pbuf_alloc)
    pbuf_alloced_custom                      0x08006a0d   Thumb Code   100  pbuf.o(i.pbuf_alloced_custom)
    pbuf_cat                                 0x08006ae5   Thumb Code    96  pbuf.o(i.pbuf_cat)
    pbuf_clen                                0x08006c0d   Thumb Code    18  pbuf.o(i.pbuf_clen)
    pbuf_copy                                0x08006c21   Thumb Code   240  pbuf.o(i.pbuf_copy)
    pbuf_copy_partial                        0x08006e01   Thumb Code   126  pbuf.o(i.pbuf_copy_partial)
    pbuf_free                                0x08006f15   Thumb Code   170  pbuf.o(i.pbuf_free)
    pbuf_header                              0x08007071   Thumb Code   138  pbuf.o(i.pbuf_header)
    pbuf_realloc                             0x08007189   Thumb Code   186  pbuf.o(i.pbuf_realloc)
    pbuf_ref                                 0x08007311   Thumb Code    12  pbuf.o(i.pbuf_ref)
    pbuf_take                                0x0800731d   Thumb Code   136  pbuf.o(i.pbuf_take)
    raw_input                                0x080075c5   Thumb Code   104  raw.o(i.raw_input)
    read_addr                                0x08007639   Thumb Code     4  usmart.o(i.read_addr)
    sys_check_timeouts                       0x0800763d   Thumb Code    74  timers.o(i.sys_check_timeouts)
    sys_now                                  0x0800768d   Thumb Code     6  sys_arch.o(i.sys_now)
    sys_timeout                              0x08007699   Thumb Code   104  timers.o(i.sys_timeout)
    sys_timeouts_init                        0x08007799   Thumb Code    36  timers.o(i.sys_timeouts_init)
    tcp_abandon                              0x080077c9   Thumb Code   158  tcp.o(i.tcp_abandon)
    tcp_abort                                0x080078f1   Thumb Code     6  tcp.o(i.tcp_abort)
    tcp_accept                               0x080078f7   Thumb Code     4  tcp.o(i.tcp_accept)
    tcp_alloc                                0x08007901   Thumb Code   236  tcp.o(i.tcp_alloc)
    tcp_arg                                  0x080079f9   Thumb Code     4  tcp.o(i.tcp_arg)
    tcp_bind                                 0x080079fd   Thumb Code   134  tcp.o(i.tcp_bind)
    tcp_close                                0x08007b05   Thumb Code    20  tcp.o(i.tcp_close)
    tcp_eff_send_mss                         0x08007d57   Thumb Code    32  tcp.o(i.tcp_eff_send_mss)
    tcp_enqueue_flags                        0x08007d79   Thumb Code   286  tcp_out.o(i.tcp_enqueue_flags)
    tcp_err                                  0x08007f99   Thumb Code    32  tcp.o(i.tcp_err)
    tcp_fasttmr                              0x08008031   Thumb Code    88  tcp.o(i.tcp_fasttmr)
    tcp_init                                 0x0800808d   Thumb Code     2  tcp.o(i.tcp_init)
    tcp_input                                0x08008091   Thumb Code   890  tcp_in.o(i.tcp_input)
    tcp_keepalive                            0x0800859d   Thumb Code    60  tcp_out.o(i.tcp_keepalive)
    tcp_listen_with_backlog                  0x080086bd   Thumb Code   142  tcp.o(i.tcp_listen_with_backlog)
    tcp_new                                  0x080087c9   Thumb Code     6  tcp.o(i.tcp_new)
    tcp_next_iss                             0x0800882d   Thumb Code    12  tcp.o(i.tcp_next_iss)
    tcp_output                               0x0800883d   Thumb Code   434  tcp_out.o(i.tcp_output)
    tcp_pcb_purge                            0x08008d8d   Thumb Code    58  tcp.o(i.tcp_pcb_purge)
    tcp_pcb_remove                           0x08008dc9   Thumb Code   126  tcp.o(i.tcp_pcb_remove)
    tcp_poll                                 0x08008ed1   Thumb Code    38  tcp.o(i.tcp_poll)
    tcp_process_refused_data                 0x08009389   Thumb Code   100  tcp.o(i.tcp_process_refused_data)
    tcp_recv                                 0x08009a89   Thumb Code    30  tcp.o(i.tcp_recv)
    tcp_recv_null                            0x08009b21   Thumb Code    36  tcp.o(i.tcp_recv_null)
    tcp_recved                               0x08009b45   Thumb Code   104  tcp.o(i.tcp_recved)
    tcp_rexmit                               0x08009c49   Thumb Code    82  tcp_out.o(i.tcp_rexmit)
    tcp_rexmit_fast                          0x08009c9b   Thumb Code    88  tcp_out.o(i.tcp_rexmit_fast)
    tcp_rexmit_rto                           0x08009cf3   Thumb Code    46  tcp_out.o(i.tcp_rexmit_rto)
    tcp_rst                                  0x08009d21   Thumb Code   138  tcp_out.o(i.tcp_rst)
    tcp_seg_free                             0x08009e31   Thumb Code    28  tcp.o(i.tcp_seg_free)
    tcp_segs_free                            0x08009e4d   Thumb Code    18  tcp.o(i.tcp_segs_free)
    tcp_send_empty_ack                       0x08009e5f   Thumb Code    72  tcp_out.o(i.tcp_send_empty_ack)
    tcp_send_fin                             0x08009ea7   Thumb Code    70  tcp_out.o(i.tcp_send_fin)
    tcp_sent                                 0x08009eed   Thumb Code    30  tcp.o(i.tcp_sent)
    tcp_server_accept                        0x08009f85   Thumb Code   116  tcp_server_demo.o(i.tcp_server_accept)
    tcp_server_connection_close              0x0800a011   Thumb Code    72  tcp_server_demo.o(i.tcp_server_connection_close)
    tcp_server_error                         0x0800a05d   Thumb Code    20  tcp_server_demo.o(i.tcp_server_error)
    tcp_server_poll                          0x0800a075   Thumb Code    22  tcp_server_demo.o(i.tcp_server_poll)
    tcp_server_recv                          0x0800a08d   Thumb Code   216  tcp_server_demo.o(i.tcp_server_recv)
    tcp_server_remove_timewait               0x0800a1dd   Thumb Code    62  tcp_server_demo.o(i.tcp_server_remove_timewait)
    tcp_server_senddata                      0x0800a225   Thumb Code    90  tcp_server_demo.o(i.tcp_server_senddata)
    tcp_server_sent                          0x0800a27f   Thumb Code    20  tcp_server_demo.o(i.tcp_server_sent)
    tcp_server_test                          0x0800a295   Thumb Code   226  tcp_server_demo.o(i.tcp_server_test)
    tcp_server_usersent                      0x0800a389   Thumb Code    72  tcp_server_demo.o(i.tcp_server_usersent)
    tcp_setprio                              0x0800a3d5   Thumb Code     4  tcp.o(i.tcp_setprio)
    tcp_slowtmr                              0x0800a3d9   Thumb Code   754  tcp.o(i.tcp_slowtmr)
    tcp_timer_needed                         0x0800a88d   Thumb Code    36  timers.o(i.tcp_timer_needed)
    tcp_tmr                                  0x0800a92d   Thumb Code    28  tcp.o(i.tcp_tmr)
    tcp_update_rcv_ann_wnd                   0x0800a94d   Thumb Code    76  tcp.o(i.tcp_update_rcv_ann_wnd)
    tcp_write                                0x0800aa05   Thumb Code   928  tcp_out.o(i.tcp_write)
    tcp_zero_window_probe                    0x0800b08d   Thumb Code   146  tcp_out.o(i.tcp_zero_window_probe)
    uart_init                                0x0800b159   Thumb Code    44  usart.o(i.uart_init)
    udp_init                                 0x0800b191   Thumb Code     2  udp.o(i.udp_init)
    udp_input                                0x0800b195   Thumb Code   328  udp.o(i.udp_input)
    usmart_cmd_rec                           0x0800b361   Thumb Code   144  usmart.o(i.usmart_cmd_rec)
    usmart_exe                               0x0800b3f5   Thumb Code   510  usmart.o(i.usmart_exe)
    usmart_get_aparm                         0x0800b655   Thumb Code   156  usmart_str.o(i.usmart_get_aparm)
    usmart_get_cmdname                       0x0800b6f1   Thumb Code    46  usmart_str.o(i.usmart_get_cmdname)
    usmart_get_fname                         0x0800b721   Thumb Code   352  usmart_str.o(i.usmart_get_fname)
    usmart_get_fparam                        0x0800b889   Thumb Code   202  usmart_str.o(i.usmart_get_fparam)
    usmart_get_parmpos                       0x0800b959   Thumb Code    30  usmart_str.o(i.usmart_get_parmpos)
    usmart_get_runtime                       0x0800b97d   Thumb Code    38  usmart.o(i.usmart_get_runtime)
    usmart_init                              0x0800b9ad   Thumb Code    36  usmart.o(i.usmart_init)
    usmart_pow                               0x0800b9d5   Thumb Code    16  usmart_str.o(i.usmart_pow)
    usmart_reset_runtime                     0x0800b9e5   Thumb Code    32  usmart.o(i.usmart_reset_runtime)
    usmart_scan                              0x0800ba0d   Thumb Code    94  usmart.o(i.usmart_scan)
    usmart_search_nextc                      0x0800bab1   Thumb Code    16  usmart_str.o(i.usmart_search_nextc)
    usmart_str2num                           0x0800bac1   Thumb Code   160  usmart_str.o(i.usmart_str2num)
    usmart_strcmp                            0x0800bb61   Thumb Code    24  usmart_str.o(i.usmart_strcmp)
    usmart_strcopy                           0x0800bb79   Thumb Code    18  usmart_str.o(i.usmart_strcopy)
    usmart_strlen                            0x0800bb8b   Thumb Code    18  usmart_str.o(i.usmart_strlen)
    usmart_sys_cmd_exe                       0x0800bb9d   Thumb Code  1442  usmart.o(i.usmart_sys_cmd_exe)
    write_addr                               0x0800c20d   Thumb Code     4  usmart.o(i.write_addr)
    APBAHBPrescTable                         0x0800c210   Data          16  stm32f4xx_hal_rcc.o(.constdata)
    memtblsize                               0x0800c220   Data          12  malloc.o(.constdata)
    memblksize                               0x0800c22c   Data          12  malloc.o(.constdata)
    memsize                                  0x0800c238   Data          12  malloc.o(.constdata)
    ethbroadcast                             0x0800c244   Data           6  etharp.o(.constdata)
    ethzero                                  0x0800c24a   Data           6  etharp.o(.constdata)
    ip_addr_any                              0x0800c250   Data           4  ip_addr.o(.constdata)
    tcp_persist_backoff                      0x0800c27c   Data           7  tcp.o(.constdata)
    tcp_state_str                            0x0800c284   Data          44  tcp.o(.constdata)
    tcp_backoff                              0x0800c2b0   Data          13  tcp.o(.constdata)
    tcp_pcb_lists                            0x0800c2c0   Data          16  tcp.o(.constdata)
    Region$$Table$$Base                      0x0800c48c   Number         0  anon$$obj.o(Region$$Table)
    Region$$Table$$Limit                     0x0800c4ac   Number         0  anon$$obj.o(Region$$Table)
    mem3base                                 0x10000000   Data       61440  malloc.o(.ARM.__AT_0x10000000)
    mem3mapbase                              0x1000f000   Data        3840  malloc.o(.ARM.__AT_0x1000F000)
    SystemCoreClock                          0x20000000   Data           4  system_stm32f4xx.o(.data)
    AHBPrescTable                            0x20000004   Data          16  system_stm32f4xx.o(.data)
    aRxBuffer                                0x2000001c   Data           1  usart.o(.data)
    USART_RX_STA                             0x2000001e   Data           2  usart.o(.data)
    DMARxDscrTab                             0x20000020   Data           4  lan8720.o(.data)
    DMATxDscrTab                             0x20000024   Data           4  lan8720.o(.data)
    Rx_Buff                                  0x20000028   Data           4  lan8720.o(.data)
    Tx_Buff                                  0x2000002c   Data           4  lan8720.o(.data)
    check                                    0x20000030   Data           1  ads1299.o(.data)
    sps                                      0x20000031   Data           1  ads1299.o(.data)
    res3                                     0x20000032   Data           1  ads1299.o(.data)
    TxData0                                  0x20000033   Data          28  ads1299.o(.data)
    spi2_rx_callback                         0x20000050   Data           4  spi.o(.data)
    reg                                      0x20000054   Data           1  ad5933.o(.data)
    reg1                                     0x20000055   Data           1  ad5933.o(.data)
    status                                   0x20000056   Data           1  ad5933.o(.data)
    Tm1                                      0x20000057   Data           1  ad5933.o(.data)
    Tm2                                      0x20000058   Data           1  ad5933.o(.data)
    Re                                       0x2000005c   Data           4  ad5933.o(.data)
    Im                                       0x20000060   Data           4  ad5933.o(.data)
    valu                                     0x20000064   Data           4  ad5933.o(.data)
    temp1                                    0x20000068   Data           1  tca6424a.o(.data)
    mallco_dev                               0x2000006c   Data          36  malloc.o(.data)
    lwip_localtime                           0x20000090   Data           4  lwip_comm.o(.data)
    tcp_server_flag                          0x20000094   Data           1  tcp_server_demo.o(.data)
    netcamfifowrpos                          0x20000096   Data           2  tcp_server_demo.o(.data)
    tcp_server_sendbuf                       0x20000098   Data           4  tcp_server_demo.o(.data)
    len                                      0x2000009c   Data           4  tcp_server_demo.o(.data)
    netcamfifobuf                            0x200000a0   Data           4  tcp_server_demo.o(.data)
    sendsetbuf                               0x200000a4   Data           5  tcp_server_demo.o(.data)
    setfirbuf                                0x200000a9   Data           5  tcp_server_demo.o(.data)
    setnorthbuf                              0x200000ae   Data           5  tcp_server_demo.o(.data)
    Num                                      0x200000b3   Data           1  tcp_server_demo.o(.data)
    current_netif                            0x200000bc   Data           4  ip.o(.data)
    current_header                           0x200000c0   Data           4  ip.o(.data)
    current_iphdr_src                        0x200000c4   Data           4  ip.o(.data)
    current_iphdr_dest                       0x200000c8   Data           4  ip.o(.data)
    ram_heap                                 0x200000d4   Data           4  mem.o(.data)
    memp_memory                              0x200000e4   Data           4  memp.o(.data)
    netif_list                               0x200000ec   Data           4  netif.o(.data)
    netif_default                            0x200000f0   Data           4  netif.o(.data)
    tcp_active_pcbs_changed                  0x200000f8   Data           1  tcp.o(.data)
    tcp_ticks                                0x20000104   Data           4  tcp.o(.data)
    tcp_bound_pcbs                           0x20000108   Data           4  tcp.o(.data)
    tcp_listen_pcbs                          0x2000010c   Data           4  tcp.o(.data)
    tcp_active_pcbs                          0x20000110   Data           4  tcp.o(.data)
    tcp_tw_pcbs                              0x20000114   Data           4  tcp.o(.data)
    tcp_tmp_pcb                              0x20000118   Data           4  tcp.o(.data)
    tcp_input_pcb                            0x20000134   Data           4  tcp_in.o(.data)
    udp_pcbs                                 0x20000148   Data           4  udp.o(.data)
    sys_cmd_tab                              0x2000014c   Data          28  usmart.o(.data)
    usmart_nametab                           0x20000168   Data          32  usmart_config.o(.data)
    usmart_dev                               0x20000188   Data         244  usmart_config.o(.data)
    __stdout                                 0x2000027c   Data           4  stdout.o(.data)
    USART_RX_BUF                             0x20000284   Data         200  usart.o(.bss)
    UART1_Handler                            0x2000034c   Data          64  usart.o(.bss)
    ETH_Handler                              0x2000038c   Data          72  lan8720.o(.bss)
    TIM3_Handler                             0x200003d4   Data          60  timer.o(.bss)
    parameter                                0x20000410   Data          10  ads1299.o(.bss)
    adc_buf2                                 0x2000041a   Data         101  ads1299.o(.bss)
    p                                        0x2000047f   Data          18  ads1299.o(.bss)
    IIRNMID                                  0x20000494   Data         360  ads1299.o(.bss)
    IIRWDATA                                 0x200005fc   Data        1080  ads1299.o(.bss)
    SPI3_Handler                             0x20000a34   Data          88  spi.o(.bss)
    SPI2_Handler                             0x20000a8c   Data          88  spi.o(.bss)
    DMASPIRx_Handler                         0x20000ae4   Data          88  spi.o(.bss)
    DMASPITx_Handler                         0x20000b3c   Data          88  spi.o(.bss)
    mem1base                                 0x20000ba0   Data       102400  malloc.o(.bss)
    mem1mapbase                              0x20019ba0   Data        6400  malloc.o(.bss)
    lwipdev                                  0x2001b4a0   Data          23  lwip_comm.o(.bss)
    lwip_netif                               0x2001b4b8   Data          48  lwip_comm.o(.bss)
    tcp_server_recvbuf                       0x2001b4e8   Data         200  tcp_server_demo.o(.bss)
    restestbuf                               0x2001b5b0   Data          68  tcp_server_demo.o(.bss)
    TIM4_Handler                             0x2001b6f4   Data          60  usmart.o(.bss)
    __initial_sp                             0x2001bb30   Data           0  startup_stm32f429xx.o(STACK)
    mem2base                                 0xc01f4000   Data       29605888  malloc.o(.ARM.__AT_0xC01F4000)
    mem2mapbase                              0xc1e30000   Data       1850368  malloc.o(.ARM.__AT_0xC1E30000)



==============================================================================

Memory Map of the image

  Image Entry point : 0x080001ad

  Load Region LR_IROM1 (Base: 0x08000000, Size: 0x0000c730, Max: 0x00100000, ABSOLUTE, COMPRESSED[0x0000c544])

    Execution Region ER_IROM1 (Base: 0x08000000, Size: 0x0000c4ac, Max: 0x00100000, ABSOLUTE)

    Base Addr    Size         Type   Attr      Idx    E Section Name        Object

    0x08000000   0x000001ac   Data   RO          588    RESET               startup_stm32f429xx.o
    0x080001ac   0x00000000   Code   RO         6651  * .ARM.Collect$$$$00000000  mc_w.l(entry.o)
    0x080001ac   0x00000004   Code   RO         6929    .ARM.Collect$$$$00000001  mc_w.l(entry2.o)
    0x080001b0   0x00000004   Code   RO         6932    .ARM.Collect$$$$00000004  mc_w.l(entry5.o)
    0x080001b4   0x00000000   Code   RO         6934    .ARM.Collect$$$$00000008  mc_w.l(entry7b.o)
    0x080001b4   0x00000000   Code   RO         6936    .ARM.Collect$$$$0000000A  mc_w.l(entry8b.o)
    0x080001b4   0x00000008   Code   RO         6937    .ARM.Collect$$$$0000000B  mc_w.l(entry9a.o)
    0x080001bc   0x00000000   Code   RO         6939    .ARM.Collect$$$$0000000D  mc_w.l(entry10a.o)
    0x080001bc   0x00000000   Code   RO         6941    .ARM.Collect$$$$0000000F  mc_w.l(entry11a.o)
    0x080001bc   0x00000004   Code   RO         6930    .ARM.Collect$$$$00002712  mc_w.l(entry2.o)
    0x080001c0   0x00000010   Code   RO         3945    .emb_text           sys.o
    0x080001d0   0x00000024   Code   RO          589    .text               startup_stm32f429xx.o
    0x080001f4   0x00000024   Code   RO         6654    .text               mc_w.l(memcpya.o)
    0x08000218   0x00000024   Code   RO         6656    .text               mc_w.l(memseta.o)
    0x0800023c   0x0000001a   Code   RO         6660    .text               mc_w.l(memcmp.o)
    0x08000256   0x00000022   Code   RO         6925    .text               mf_w.l(dflti.o)
    0x08000278   0x00000032   Code   RO         6927    .text               mf_w.l(dfixui.o)
    0x080002aa   0x00000062   Code   RO         6948    .text               mc_w.l(uldiv.o)
    0x0800030c   0x00000020   Code   RO         6950    .text               mc_w.l(llushr.o)
    0x0800032c   0x00000000   Code   RO         6959    .text               mc_w.l(iusefp.o)
    0x0800032c   0x000000ba   Code   RO         6960    .text               mf_w.l(depilogue.o)
    0x080003e6   0x000000a2   Code   RO         6968    .text               mf_w.l(dsqrt.o)
    0x08000488   0x00000024   Code   RO         6976    .text               mc_w.l(init.o)
    0x080004ac   0x00000000   Code   RO         6978    .text               mc_w.l(semi.o)
    0x080004ac   0x0000001e   Code   RO         6979    .text               mc_w.l(llshl.o)
    0x080004ca   0x00000000   Code   RO         6983    .text               mc_w.l(iusesemip.o)
    0x080004ca   0x00000056   Code   RO         6992    .text               mc_w.l(__dczerorl2.o)
    0x08000520   0x000000a0   Code   RO         4554    i.AD5933_RES        ad5933.o
    0x080005c0   0x00000024   Code   RO         4555    i.AD5933_Read_Byte  ad5933.o
    0x080005e4   0x0000002e   Code   RO         4557    i.AD5933_Set_Point  ad5933.o
    0x08000612   0x000000d6   Code   RO         4558    i.AD5933_Start      ad5933.o
    0x080006e8   0x0000004a   Code   RO         4559    i.AD5933_WRITE_COMMAND  ad5933.o
    0x08000732   0x00000002   PAD
    0x08000734   0x0000002c   Code   RO         4251    i.ADS1299_CHANGE_CHANEL  ads1299.o
    0x08000760   0x00000070   Code   RO         4252    i.ADS1299_Check     ads1299.o
    0x080007d0   0x00000026   Code   RO         4253    i.ADS1299_Command   ads1299.o
    0x080007f6   0x00000002   PAD
    0x080007f8   0x0000005c   Code   RO         4254    i.ADS1299_IT        ads1299.o
    0x08000854   0x0000016c   Code   RO         4255    i.ADS1299_Init      ads1299.o
    0x080009c0   0x0000002c   Code   RO         4256    i.ADS1299_PREG      ads1299.o
    0x080009ec   0x0000002a   Code   RO         4259    i.ADS1299_SDATAC    ads1299.o
    0x08000a16   0x00000036   Code   RO         4260    i.ADS1299_WREG      ads1299.o
    0x08000a4c   0x00000050   Code   RO         4670    i.Adg731_Init       adg731.o
    0x08000a9c   0x00000064   Code   RO         4671    i.Adg731_Write_Rg   adg731.o
    0x08000b00   0x00000002   Code   RO          375    i.BusFault_Handler  stm32f4xx_it.o
    0x08000b02   0x00000002   PAD
    0x08000b04   0x00000080   Code   RO         4411    i.DMA1_Stream3_IRQHandler  spi.o
    0x08000b84   0x0000016c   Code   RO         4898    i.Data_Process      tcp_server_demo.o
    0x08000cf0   0x00000002   Code   RO          376    i.DebugMon_Handler  stm32f4xx_it.o
    0x08000cf2   0x0000002e   Code   RO         3515    i.ETH_FlushTransmitFIFO  stm32f4xx_hal_eth.o
    0x08000d20   0x0000001e   Code   RO         4119    i.ETH_GetRxPktSize  lan8720.o
    0x08000d3e   0x00000002   PAD
    0x08000d40   0x0000002c   Code   RO         4120    i.ETH_IRQHandler    lan8720.o
    0x08000d6c   0x00000124   Code   RO         3516    i.ETH_MACDMAConfig  stm32f4xx_hal_eth.o
    0x08000e90   0x0000003c   Code   RO         4122    i.ETH_Mem_Malloc    lan8720.o
    0x08000ecc   0x00000014   Code   RO         4261    i.EXTI4_IRQHandler  ads1299.o
    0x08000ee0   0x00000052   Code   RO         1733    i.HAL_DMA_Abort     stm32f4xx_hal_dma.o
    0x08000f32   0x00000016   Code   RO          603    i.HAL_Delay         stm32f4xx_hal.o
    0x08000f48   0x00000072   Code   RO         3519    i.HAL_ETH_DMARxDescListInit  stm32f4xx_hal_eth.o
    0x08000fba   0x00000078   Code   RO         3520    i.HAL_ETH_DMATxDescListInit  stm32f4xx_hal_eth.o
    0x08001032   0x0000007a   Code   RO         3523    i.HAL_ETH_GetReceivedFrame  stm32f4xx_hal_eth.o
    0x080010ac   0x000001b4   Code   RO         3527    i.HAL_ETH_Init      stm32f4xx_hal_eth.o
    0x08001260   0x000000e4   Code   RO         4123    i.HAL_ETH_MspInit   lan8720.o
    0x08001344   0x00000086   Code   RO         3530    i.HAL_ETH_ReadPHYRegister  stm32f4xx_hal_eth.o
    0x080013ca   0x00000084   Code   RO         3532    i.HAL_ETH_Start     stm32f4xx_hal_eth.o
    0x0800144e   0x00000108   Code   RO         3534    i.HAL_ETH_TransmitFrame  stm32f4xx_hal_eth.o
    0x08001556   0x00000076   Code   RO         3536    i.HAL_ETH_WritePHYRegister  stm32f4xx_hal_eth.o
    0x080015cc   0x000001dc   Code   RO          880    i.HAL_GPIO_Init     stm32f4xx_hal_gpio.o
    0x080017a8   0x0000000a   Code   RO          884    i.HAL_GPIO_WritePin  stm32f4xx_hal_gpio.o
    0x080017b2   0x00000002   PAD
    0x080017b4   0x0000000c   Code   RO          611    i.HAL_GetTick       stm32f4xx_hal.o
    0x080017c0   0x00000010   Code   RO          612    i.HAL_IncTick       stm32f4xx_hal.o
    0x080017d0   0x00000034   Code   RO          613    i.HAL_Init          stm32f4xx_hal.o
    0x08001804   0x00000022   Code   RO          614    i.HAL_InitTick      stm32f4xx_hal.o
    0x08001826   0x00000008   Code   RO          616    i.HAL_MspInit       stm32f4xx_hal.o
    0x0800182e   0x00000016   Code   RO          757    i.HAL_NVIC_EnableIRQ  stm32f4xx_hal_cortex.o
    0x08001844   0x00000040   Code   RO          763    i.HAL_NVIC_SetPriority  stm32f4xx_hal_cortex.o
    0x08001884   0x00000024   Code   RO          764    i.HAL_NVIC_SetPriorityGrouping  stm32f4xx_hal_cortex.o
    0x080018a8   0x00000088   Code   RO         1069    i.HAL_PWREx_EnableOverDrive  stm32f4xx_hal_pwr_ex.o
    0x08001930   0x00000208   Code   RO         1136    i.HAL_RCC_ClockConfig  stm32f4xx_hal_rcc.o
    0x08001b38   0x00000034   Code   RO         1141    i.HAL_RCC_GetHCLKFreq  stm32f4xx_hal_rcc.o
    0x08001b6c   0x0000002c   Code   RO         1143    i.HAL_RCC_GetPCLK1Freq  stm32f4xx_hal_rcc.o
    0x08001b98   0x0000002c   Code   RO         1144    i.HAL_RCC_GetPCLK2Freq  stm32f4xx_hal_rcc.o
    0x08001bc4   0x00000074   Code   RO         1145    i.HAL_RCC_GetSysClockFreq  stm32f4xx_hal_rcc.o
    0x08001c38   0x0000031c   Code   RO         1148    i.HAL_RCC_OscConfig  stm32f4xx_hal_rcc.o
    0x08001f54   0x00000032   Code   RO         3665    i.HAL_SPI_DMAStop   stm32f4xx_hal_spi.o
    0x08001f86   0x00000084   Code   RO         3671    i.HAL_SPI_Init      stm32f4xx_hal_spi.o
    0x0800200a   0x00000002   PAD
    0x0800200c   0x00000080   Code   RO         4412    i.HAL_SPI_MspInit   spi.o
    0x0800208c   0x000002aa   Code   RO         3680    i.HAL_SPI_TransmitReceive  stm32f4xx_hal_spi.o
    0x08002336   0x00000018   Code   RO          766    i.HAL_SYSTICK_CLKSourceConfig  stm32f4xx_hal_cortex.o
    0x0800234e   0x00000028   Code   RO          768    i.HAL_SYSTICK_Config  stm32f4xx_hal_cortex.o
    0x08002376   0x00000002   Code   RO         2486    i.HAL_TIMEx_BreakCallback  stm32f4xx_hal_tim_ex.o
    0x08002378   0x00000002   Code   RO         2487    i.HAL_TIMEx_CommutationCallback  stm32f4xx_hal_tim_ex.o
    0x0800237a   0x00000036   Code   RO         1857    i.HAL_TIM_Base_Init  stm32f4xx_hal_tim.o
    0x080023b0   0x0000003c   Code   RO         4205    i.HAL_TIM_Base_MspInit  timer.o
    0x080023ec   0x00000018   Code   RO         1862    i.HAL_TIM_Base_Start_IT  stm32f4xx_hal_tim.o
    0x08002404   0x00000002   Code   RO         1886    i.HAL_TIM_IC_CaptureCallback  stm32f4xx_hal_tim.o
    0x08002406   0x00000166   Code   RO         1899    i.HAL_TIM_IRQHandler  stm32f4xx_hal_tim.o
    0x0800256c   0x00000002   Code   RO         1902    i.HAL_TIM_OC_DelayElapsedCallback  stm32f4xx_hal_tim.o
    0x0800256e   0x00000002   Code   RO         1929    i.HAL_TIM_PWM_PulseFinishedCallback  stm32f4xx_hal_tim.o
    0x08002570   0x00000018   Code   RO         4206    i.HAL_TIM_PeriodElapsedCallback  timer.o
    0x08002588   0x00000002   Code   RO         1940    i.HAL_TIM_TriggerCallback  stm32f4xx_hal_tim.o
    0x0800258a   0x00000002   Code   RO         1288    i.HAL_UART_ErrorCallback  stm32f4xx_hal_uart.o
    0x0800258c   0x00000006   Code   RO         1290    i.HAL_UART_GetState  stm32f4xx_hal_uart.o
    0x08002592   0x000000f4   Code   RO         1291    i.HAL_UART_IRQHandler  stm32f4xx_hal_uart.o
    0x08002686   0x0000005e   Code   RO         1292    i.HAL_UART_Init     stm32f4xx_hal_uart.o
    0x080026e4   0x0000007c   Code   RO         3973    i.HAL_UART_MspInit  usart.o
    0x08002760   0x00000068   Code   RO         1297    i.HAL_UART_Receive_IT  stm32f4xx_hal_uart.o
    0x080027c8   0x00000058   Code   RO         3974    i.HAL_UART_RxCpltCallback  usart.o
    0x08002820   0x00000002   Code   RO         1303    i.HAL_UART_TxCpltCallback  stm32f4xx_hal_uart.o
    0x08002822   0x00000002   Code   RO          377    i.HardFault_Handler  stm32f4xx_it.o
    0x08002824   0x00000040   Code   RO         4053    i.IIC_Ack           myiic.o
    0x08002864   0x00000048   Code   RO         4054    i.IIC_Init          myiic.o
    0x080028ac   0x00000040   Code   RO         4055    i.IIC_NAck          myiic.o
    0x080028ec   0x00000068   Code   RO         4056    i.IIC_Read_Byte     myiic.o
    0x08002954   0x00000060   Code   RO         4057    i.IIC_Send_Byte     myiic.o
    0x080029b4   0x00000040   Code   RO         4058    i.IIC_Start         myiic.o
    0x080029f4   0x00000044   Code   RO         4059    i.IIC_Stop          myiic.o
    0x08002a38   0x00000054   Code   RO         4060    i.IIC_Wait_Ack      myiic.o
    0x08002a8c   0x000000c0   Code   RO         4125    i.LAN8720_Init      lan8720.o
    0x08002b4c   0x00000002   Code   RO          378    i.MemManage_Handler  stm32f4xx_it.o
    0x08002b4e   0x00000002   Code   RO          379    i.NMI_Handler       stm32f4xx_it.o
    0x08002b50   0x00000020   Code   RO          770    i.NVIC_SetPriority  stm32f4xx_hal_cortex.o
    0x08002b70   0x00000002   Code   RO          380    i.PendSV_Handler    stm32f4xx_it.o
    0x08002b72   0x00000002   PAD
    0x08002b74   0x000000a0   Code   RO         4265    i.Recev_Data        ads1299.o
    0x08002c14   0x00000050   Code   RO         4413    i.SPI2_Init         spi.o
    0x08002c64   0x00000020   Code   RO         4414    i.SPI2_ReadWriteByte  spi.o
    0x08002c84   0x00000034   Code   RO         4415    i.SPI2_SetSpeed     spi.o
    0x08002cb8   0x0000009e   Code   RO         3702    i.SPI_WaitOnFlagUntilTimeout  stm32f4xx_hal_spi.o
    0x08002d56   0x00000002   Code   RO          381    i.SVC_Handler       stm32f4xx_it.o
    0x08002d58   0x00000030   Code   RO         4266    i.Set_Sps           ads1299.o
    0x08002d88   0x00000084   Code   RO         3946    i.Stm32_Clock_Init  sys.o
    0x08002e0c   0x00000004   Code   RO          382    i.SysTick_Handler   stm32f4xx_it.o
    0x08002e10   0x00000054   Code   RO          454    i.SystemInit        system_stm32f4xx.o
    0x08002e64   0x00000084   Code   RO         4623    i.TCA6424A_Init     tca6424a.o
    0x08002ee8   0x0000004c   Code   RO         4625    i.TCA6424A_W        tca6424a.o
    0x08002f34   0x0000000c   Code   RO         4207    i.TIM3_IRQHandler   timer.o
    0x08002f40   0x0000002c   Code   RO         4208    i.TIM3_Init         timer.o
    0x08002f6c   0x00000034   Code   RO         6448    i.TIM4_IRQHandler   usmart.o
    0x08002fa0   0x000000c0   Code   RO         1941    i.TIM_Base_SetConfig  stm32f4xx_hal_tim.o
    0x08003060   0x00000054   Code   RO         6449    i.Timer4_Init       usmart.o
    0x080030b4   0x000000a6   Code   RO         1310    i.UART_Receive_IT   stm32f4xx_hal_uart.o
    0x0800315a   0x00000002   PAD
    0x0800315c   0x00000174   Code   RO         1311    i.UART_SetConfig    stm32f4xx_hal_uart.o
    0x080032d0   0x00000066   Code   RO         1312    i.UART_Transmit_IT  stm32f4xx_hal_uart.o
    0x08003336   0x00000002   PAD
    0x08003338   0x00000044   Code   RO         3975    i.USART1_IRQHandler  usart.o
    0x0800337c   0x00000002   Code   RO          383    i.UsageFault_Handler  stm32f4xx_it.o
    0x0800337e   0x00000002   PAD
    0x08003380   0x00000020   Code   RO         6871    i.__0printf$8       mc_w.l(printf8.o)
    0x080033a0   0x0000007a   Code   RO         6639    i.__hardfp_sqrt     m_wm.l(sqrt.o)
    0x0800341a   0x0000000e   Code   RO         6986    i.__scatterload_copy  mc_w.l(handlers.o)
    0x08003428   0x00000002   Code   RO         6987    i.__scatterload_null  mc_w.l(handlers.o)
    0x0800342a   0x0000000e   Code   RO         6988    i.__scatterload_zeroinit  mc_w.l(handlers.o)
    0x08003438   0x0000000c   Code   RO         6954    i.__set_errno       mc_w.l(errno.o)
    0x08003444   0x00000410   Code   RO         6878    i._printf_core      mc_w.l(printf8.o)
    0x08003854   0x00000024   Code   RO         6879    i._printf_post_padding  mc_w.l(printf8.o)
    0x08003878   0x0000002e   Code   RO         6880    i._printf_pre_padding  mc_w.l(printf8.o)
    0x080038a6   0x00000002   PAD
    0x080038a8   0x0000001c   Code   RO         6232    i.arp_timer         timers.o
    0x080038c4   0x00000014   Code   RO         3907    i.delay_init        delay.o
    0x080038d8   0x0000001a   Code   RO         3908    i.delay_ms          delay.o
    0x080038f2   0x00000002   PAD
    0x080038f4   0x00000034   Code   RO         3909    i.delay_us          delay.o
    0x08003928   0x00000154   Code   RO         5022    i.etharp_arp_input  etharp.o
    0x08003a7c   0x0000023c   Code   RO         5025    i.etharp_find_entry  etharp.o
    0x08003cb8   0x00000024   Code   RO         5026    i.etharp_free_entry  etharp.o
    0x08003cdc   0x000001b0   Code   RO         5027    i.etharp_output     etharp.o
    0x08003e8c   0x000000dc   Code   RO         5028    i.etharp_output_to_arp_index  etharp.o
    0x08003f68   0x000001c4   Code   RO         5029    i.etharp_query      etharp.o
    0x0800412c   0x00000178   Code   RO         5030    i.etharp_raw        etharp.o
    0x080042a4   0x00000024   Code   RO         5031    i.etharp_request    etharp.o
    0x080042c8   0x000000a0   Code   RO         5032    i.etharp_send_ip    etharp.o
    0x08004368   0x00000048   Code   RO         5033    i.etharp_tmr        etharp.o
    0x080043b0   0x00000110   Code   RO         5034    i.etharp_update_arp_entry  etharp.o
    0x080044c0   0x00000118   Code   RO         5035    i.ethernet_input    etharp.o
    0x080045d8   0x0000009c   Code   RO         5123    i.ethernetif_init   ethernetif.o
    0x08004674   0x00000026   Code   RO         5124    i.ethernetif_input  ethernetif.o
    0x0800469a   0x00000012   Code   RO         6943    i.fputc             mc_w.l(fputc.o)
    0x080046ac   0x00000016   Code   RO         4899    i.hardware_init     tcp_server_demo.o
    0x080046c2   0x00000008   Code   RO         5189    i.icmp_dest_unreach  icmp.o
    0x080046ca   0x00000002   PAD
    0x080046cc   0x00000280   Code   RO         5190    i.icmp_input        icmp.o
    0x0800494c   0x000000f8   Code   RO         5191    i.icmp_send_response  icmp.o
    0x08004a44   0x00000008   Code   RO         5192    i.icmp_time_exceeded  icmp.o
    0x08004a4c   0x0000000c   Code   RO         5240    i.inet_chksum       inet_chksum.o
    0x08004a58   0x00000048   Code   RO         5241    i.inet_chksum_pbuf  inet_chksum.o
    0x08004aa0   0x0000002e   Code   RO         5333    i.ip4_addr_isbroadcast  ip_addr.o
    0x08004ace   0x00000002   PAD
    0x08004ad0   0x000001f8   Code   RO         5387    i.ip_frag           ip_frag.o
    0x08004cc8   0x00000084   Code   RO         5388    i.ip_frag_free_pbuf_custom_ref  ip_frag.o
    0x08004d4c   0x00000150   Code   RO         5278    i.ip_input          ip.o
    0x08004e9c   0x000000a8   Code   RO         5279    i.ip_output         ip.o
    0x08004f44   0x00000164   Code   RO         5280    i.ip_output_if      ip.o
    0x080050a8   0x000001a4   Code   RO         5389    i.ip_reass          ip_frag.o
    0x0800524c   0x00000274   Code   RO         5390    i.ip_reass_chain_frag_into_datagram_and_validate  ip_frag.o
    0x080054c0   0x000000ac   Code   RO         5391    i.ip_reass_dequeue_datagram  ip_frag.o
    0x0800556c   0x00000184   Code   RO         5392    i.ip_reass_free_complete_datagram  ip_frag.o
    0x080056f0   0x00000074   Code   RO         5393    i.ip_reass_remove_oldest_datagram  ip_frag.o
    0x08005764   0x0000001c   Code   RO         6233    i.ip_reass_timer    timers.o
    0x08005780   0x0000002c   Code   RO         5394    i.ip_reass_tmr      ip_frag.o
    0x080057ac   0x00000040   Code   RO         5281    i.ip_route          ip.o
    0x080057ec   0x0000008c   Code   RO         5395    i.ipfrag_free_pbuf_custom  ip_frag.o
    0x08005878   0x0000007c   Code   RO         5125    i.low_level_init    ethernetif.o
    0x080058f4   0x000000bc   Code   RO         5126    i.low_level_input   ethernetif.o
    0x080059b0   0x000000a8   Code   RO         5127    i.low_level_output  ethernetif.o
    0x08005a58   0x00000050   Code   RO         4807    i.lwip_comm_default_ip_set  lwip_comm.o
    0x08005aa8   0x0000009c   Code   RO         4808    i.lwip_comm_init    lwip_comm.o
    0x08005b44   0x0000002c   Code   RO         4810    i.lwip_comm_mem_malloc  lwip_comm.o
    0x08005b70   0x00000004   Code   RO         5443    i.lwip_htonl        def.o
    0x08005b74   0x00000004   Code   RO         5444    i.lwip_htons        def.o
    0x08005b78   0x0000001e   Code   RO         5484    i.lwip_init         init.o
    0x08005b96   0x00000004   Code   RO         5445    i.lwip_ntohl        def.o
    0x08005b9a   0x00000004   Code   RO         5446    i.lwip_ntohs        def.o
    0x08005b9e   0x00000004   Code   RO         4811    i.lwip_periodic_handle  lwip_comm.o
    0x08005ba2   0x00000002   PAD
    0x08005ba4   0x0000000c   Code   RO         4812    i.lwip_pkt_handle   lwip_comm.o
    0x08005bb0   0x00000056   Code   RO         5244    i.lwip_standard_chksum  inet_chksum.o
    0x08005c06   0x00000002   PAD
    0x08005c08   0x0000007c   Code   RO            4    i.main              main.o
    0x08005c84   0x00000114   Code   RO         5521    i.mem_free          mem.o
    0x08005d98   0x00000030   Code   RO         5522    i.mem_init          mem.o
    0x08005dc8   0x000001f8   Code   RO         5523    i.mem_malloc        mem.o
    0x08005fc0   0x0000017c   Code   RO         5524    i.mem_trim          mem.o
    0x0800613c   0x0000009c   Code   RO         5564    i.memp_free         memp.o
    0x080061d8   0x00000006   Code   RO         5565    i.memp_get_memorysize  memp.o
    0x080061de   0x00000002   PAD
    0x080061e0   0x0000005c   Code   RO         5566    i.memp_init         memp.o
    0x0800623c   0x000000d8   Code   RO         5567    i.memp_malloc       memp.o
    0x08006314   0x00000058   Code   RO         4724    i.my_mem_free       malloc.o
    0x0800636c   0x0000002c   Code   RO         4725    i.my_mem_init       malloc.o
    0x08006398   0x00000088   Code   RO         4726    i.my_mem_malloc     malloc.o
    0x08006420   0x0000003c   Code   RO         4727    i.my_mem_perused    malloc.o
    0x0800645c   0x00000018   Code   RO         4728    i.myfree            malloc.o
    0x08006474   0x00000020   Code   RO         4729    i.mymalloc          malloc.o
    0x08006494   0x0000000c   Code   RO         4731    i.mymemset          malloc.o
    0x080064a0   0x00000044   Code   RO         4901    i.netcam_fifo_write  tcp_server_demo.o
    0x080064e4   0x000000cc   Code   RO         5608    i.netif_add         netif.o
    0x080065b0   0x00000002   Code   RO         5610    i.netif_init        netif.o
    0x080065b2   0x00000020   Code   RO         5612    i.netif_set_addr    netif.o
    0x080065d2   0x00000002   PAD
    0x080065d4   0x0000000c   Code   RO         5613    i.netif_set_default  netif.o
    0x080065e0   0x00000008   Code   RO         5615    i.netif_set_gw      netif.o
    0x080065e8   0x00000068   Code   RO         5616    i.netif_set_ipaddr  netif.o
    0x08006650   0x00000008   Code   RO         5619    i.netif_set_netmask  netif.o
    0x08006658   0x00000020   Code   RO         5620    i.netif_set_up      netif.o
    0x08006678   0x00000010   Code   RO         4902    i.netmem_free       tcp_server_demo.o
    0x08006688   0x00000028   Code   RO         4903    i.netmem_malloc     tcp_server_demo.o
    0x080066b0   0x0000035c   Code   RO         5698    i.pbuf_alloc        pbuf.o
    0x08006a0c   0x000000d8   Code   RO         5699    i.pbuf_alloced_custom  pbuf.o
    0x08006ae4   0x00000128   Code   RO         5700    i.pbuf_cat          pbuf.o
    0x08006c0c   0x00000012   Code   RO         5702    i.pbuf_clen         pbuf.o
    0x08006c1e   0x00000002   PAD
    0x08006c20   0x000001e0   Code   RO         5704    i.pbuf_copy         pbuf.o
    0x08006e00   0x00000114   Code   RO         5705    i.pbuf_copy_partial  pbuf.o
    0x08006f14   0x0000015c   Code   RO         5707    i.pbuf_free         pbuf.o
    0x08007070   0x00000118   Code   RO         5709    i.pbuf_header       pbuf.o
    0x08007188   0x00000188   Code   RO         5712    i.pbuf_realloc      pbuf.o
    0x08007310   0x0000000c   Code   RO         5713    i.pbuf_ref          pbuf.o
    0x0800731c   0x0000013c   Code   RO         5715    i.pbuf_take         pbuf.o
    0x08007458   0x0000016c   Code   RO         5525    i.plug_holes        mem.o
    0x080075c4   0x00000074   Code   RO         5813    i.raw_input         raw.o
    0x08007638   0x00000004   Code   RO         6450    i.read_addr         usmart.o
    0x0800763c   0x00000050   Code   RO         6234    i.sys_check_timeouts  timers.o
    0x0800768c   0x0000000c   Code   RO         6372    i.sys_now           sys_arch.o
    0x08007698   0x00000100   Code   RO         6236    i.sys_timeout       timers.o
    0x08007798   0x00000030   Code   RO         6237    i.sys_timeouts_init  timers.o
    0x080077c8   0x00000128   Code   RO         5873    i.tcp_abandon       tcp.o
    0x080078f0   0x00000006   Code   RO         5874    i.tcp_abort         tcp.o
    0x080078f6   0x00000004   Code   RO         5875    i.tcp_accept        tcp.o
    0x080078fa   0x00000006   Code   RO         5876    i.tcp_accept_null   tcp.o
    0x08007900   0x000000f8   Code   RO         5877    i.tcp_alloc         tcp.o
    0x080079f8   0x00000004   Code   RO         5878    i.tcp_arg           tcp.o
    0x080079fc   0x00000108   Code   RO         5879    i.tcp_bind          tcp.o
    0x08007b04   0x00000014   Code   RO         5880    i.tcp_close         tcp.o
    0x08007b18   0x000001a4   Code   RO         5881    i.tcp_close_shutdown  tcp.o
    0x08007cbc   0x0000009a   Code   RO         6134    i.tcp_create_segment  tcp_out.o
    0x08007d56   0x00000020   Code   RO         5884    i.tcp_eff_send_mss  tcp.o
    0x08007d76   0x00000002   PAD
    0x08007d78   0x00000220   Code   RO         6135    i.tcp_enqueue_flags  tcp_out.o
    0x08007f98   0x00000098   Code   RO         5885    i.tcp_err           tcp.o
    0x08008030   0x0000005c   Code   RO         5886    i.tcp_fasttmr       tcp.o
    0x0800808c   0x00000002   Code   RO         5887    i.tcp_init          tcp.o
    0x0800808e   0x00000002   PAD
    0x08008090   0x0000050c   Code   RO         6086    i.tcp_input         tcp_in.o
    0x0800859c   0x0000003c   Code   RO         6136    i.tcp_keepalive     tcp_out.o
    0x080085d8   0x000000e4   Code   RO         6087    i.tcp_listen_input  tcp_in.o
    0x080086bc   0x0000010c   Code   RO         5888    i.tcp_listen_with_backlog  tcp.o
    0x080087c8   0x00000006   Code   RO         5889    i.tcp_new           tcp.o
    0x080087ce   0x00000002   PAD
    0x080087d0   0x0000005c   Code   RO         5890    i.tcp_new_port      tcp.o
    0x0800882c   0x00000010   Code   RO         5891    i.tcp_next_iss      tcp.o
    0x0800883c   0x0000024c   Code   RO         6137    i.tcp_output        tcp_out.o
    0x08008a88   0x00000104   Code   RO         6138    i.tcp_output_alloc_header  tcp_out.o
    0x08008b8c   0x000000b0   Code   RO         6139    i.tcp_output_segment  tcp_out.o
    0x08008c3c   0x00000080   Code   RO         6088    i.tcp_parseopt      tcp_in.o
    0x08008cbc   0x000000d0   Code   RO         6140    i.tcp_pbuf_prealloc  tcp_out.o
    0x08008d8c   0x0000003a   Code   RO         5892    i.tcp_pcb_purge     tcp.o
    0x08008dc6   0x00000002   PAD
    0x08008dc8   0x00000108   Code   RO         5893    i.tcp_pcb_remove    tcp.o
    0x08008ed0   0x00000098   Code   RO         5894    i.tcp_poll          tcp.o
    0x08008f68   0x00000420   Code   RO         6089    i.tcp_process       tcp_in.o
    0x08009388   0x00000064   Code   RO         5895    i.tcp_process_refused_data  tcp.o
    0x080093ec   0x0000069c   Code   RO         6090    i.tcp_receive       tcp_in.o
    0x08009a88   0x00000098   Code   RO         5896    i.tcp_recv          tcp.o
    0x08009b20   0x00000024   Code   RO         5897    i.tcp_recv_null     tcp.o
    0x08009b44   0x00000104   Code   RO         5898    i.tcp_recved        tcp.o
    0x08009c48   0x00000052   Code   RO         6141    i.tcp_rexmit        tcp_out.o
    0x08009c9a   0x00000058   Code   RO         6142    i.tcp_rexmit_fast   tcp_out.o
    0x08009cf2   0x0000002e   Code   RO         6143    i.tcp_rexmit_rto    tcp_out.o
    0x08009d20   0x00000110   Code   RO         6144    i.tcp_rst           tcp_out.o
    0x08009e30   0x0000001c   Code   RO         5899    i.tcp_seg_free      tcp.o
    0x08009e4c   0x00000012   Code   RO         5900    i.tcp_segs_free     tcp.o
    0x08009e5e   0x00000048   Code   RO         6145    i.tcp_send_empty_ack  tcp_out.o
    0x08009ea6   0x00000046   Code   RO         6146    i.tcp_send_fin      tcp_out.o
    0x08009eec   0x00000098   Code   RO         5901    i.tcp_sent          tcp.o
    0x08009f84   0x0000008c   Code   RO         4904    i.tcp_server_accept  tcp_server_demo.o
    0x0800a010   0x0000004c   Code   RO         4905    i.tcp_server_connection_close  tcp_server_demo.o
    0x0800a05c   0x00000018   Code   RO         4906    i.tcp_server_error  tcp_server_demo.o
    0x0800a074   0x00000016   Code   RO         4907    i.tcp_server_poll   tcp_server_demo.o
    0x0800a08a   0x00000002   PAD
    0x0800a08c   0x00000150   Code   RO         4908    i.tcp_server_recv   tcp_server_demo.o
    0x0800a1dc   0x00000048   Code   RO         4909    i.tcp_server_remove_timewait  tcp_server_demo.o
    0x0800a224   0x0000005a   Code   RO         4910    i.tcp_server_senddata  tcp_server_demo.o
    0x0800a27e   0x00000014   Code   RO         4911    i.tcp_server_sent   tcp_server_demo.o
    0x0800a292   0x00000002   PAD
    0x0800a294   0x000000f4   Code   RO         4912    i.tcp_server_test   tcp_server_demo.o
    0x0800a388   0x0000004c   Code   RO         4913    i.tcp_server_usersent  tcp_server_demo.o
    0x0800a3d4   0x00000004   Code   RO         5902    i.tcp_setprio       tcp.o
    0x0800a3d8   0x000004b4   Code   RO         5904    i.tcp_slowtmr       tcp.o
    0x0800a88c   0x00000034   Code   RO         6239    i.tcp_timer_needed  timers.o
    0x0800a8c0   0x0000006c   Code   RO         6091    i.tcp_timewait_input  tcp_in.o
    0x0800a92c   0x00000020   Code   RO         5905    i.tcp_tmr           tcp.o
    0x0800a94c   0x000000b8   Code   RO         5906    i.tcp_update_rcv_ann_wnd  tcp.o
    0x0800aa04   0x00000554   Code   RO         6147    i.tcp_write         tcp_out.o
    0x0800af58   0x00000134   Code   RO         6148    i.tcp_write_checks  tcp_out.o
    0x0800b08c   0x00000092   Code   RO         6149    i.tcp_zero_window_probe  tcp_out.o
    0x0800b11e   0x00000002   PAD
    0x0800b120   0x00000038   Code   RO         6240    i.tcpip_tcp_timer   timers.o
    0x0800b158   0x00000038   Code   RO         3976    i.uart_init         usart.o
    0x0800b190   0x00000002   Code   RO         6294    i.udp_init          udp.o
    0x0800b192   0x00000002   PAD
    0x0800b194   0x000001cc   Code   RO         6295    i.udp_input         udp.o
    0x0800b360   0x00000094   Code   RO         6451    i.usmart_cmd_rec    usmart.o
    0x0800b3f4   0x00000260   Code   RO         6452    i.usmart_exe        usmart.o
    0x0800b654   0x0000009c   Code   RO         6563    i.usmart_get_aparm  usmart_str.o
    0x0800b6f0   0x0000002e   Code   RO         6564    i.usmart_get_cmdname  usmart_str.o
    0x0800b71e   0x00000002   PAD
    0x0800b720   0x00000168   Code   RO         6565    i.usmart_get_fname  usmart_str.o
    0x0800b888   0x000000d0   Code   RO         6566    i.usmart_get_fparam  usmart_str.o
    0x0800b958   0x00000024   Code   RO         6567    i.usmart_get_parmpos  usmart_str.o
    0x0800b97c   0x00000030   Code   RO         6453    i.usmart_get_runtime  usmart.o
    0x0800b9ac   0x00000028   Code   RO         6454    i.usmart_init       usmart.o
    0x0800b9d4   0x00000010   Code   RO         6568    i.usmart_pow        usmart_str.o
    0x0800b9e4   0x00000028   Code   RO         6455    i.usmart_reset_runtime  usmart.o
    0x0800ba0c   0x000000a4   Code   RO         6456    i.usmart_scan       usmart.o
    0x0800bab0   0x00000010   Code   RO         6569    i.usmart_search_nextc  usmart_str.o
    0x0800bac0   0x000000a0   Code   RO         6570    i.usmart_str2num    usmart_str.o
    0x0800bb60   0x00000018   Code   RO         6571    i.usmart_strcmp     usmart_str.o
    0x0800bb78   0x00000012   Code   RO         6572    i.usmart_strcopy    usmart_str.o
    0x0800bb8a   0x00000012   Code   RO         6573    i.usmart_strlen     usmart_str.o
    0x0800bb9c   0x00000670   Code   RO         6457    i.usmart_sys_cmd_exe  usmart.o
    0x0800c20c   0x00000004   Code   RO         6458    i.write_addr        usmart.o
    0x0800c210   0x00000010   Data   RO         1149    .constdata          stm32f4xx_hal_rcc.o
    0x0800c220   0x00000024   Data   RO         4739    .constdata          malloc.o
    0x0800c244   0x0000000c   Data   RO         5037    .constdata          etharp.o
    0x0800c250   0x00000004   Data   RO         5340    .constdata          ip_addr.o
    0x0800c254   0x00000028   Data   RO         5569    .constdata          memp.o
    0x0800c27c   0x00000054   Data   RO         5907    .constdata          tcp.o
    0x0800c2d0   0x00000044   Data   RO         5038    .conststring        etharp.o
    0x0800c314   0x00000075   Data   RO         5908    .conststring        tcp.o
    0x0800c389   0x00000003   PAD
    0x0800c38c   0x00000055   Data   RO         6150    .conststring        tcp_out.o
    0x0800c3e1   0x00000003   PAD
    0x0800c3e4   0x00000028   Data   RO         6460    .conststring        usmart.o
    0x0800c40c   0x0000007f   Data   RO         6537    .conststring        usmart_config.o
    0x0800c48b   0x00000001   PAD
    0x0800c48c   0x00000020   Data   RO         6984    Region$$Table       anon$$obj.o


    Execution Region RW_IRAM1 (Base: 0x20000000, Size: 0x0001bb30, Max: 0x00030000, ABSOLUTE, COMPRESSED[0x00000098])

    Base Addr    Size         Type   Attr      Idx    E Section Name        Object

    0x20000000   0x00000014   Data   RW          455    .data               system_stm32f4xx.o
    0x20000014   0x00000004   Data   RW          619    .data               stm32f4xx_hal.o
    0x20000018   0x00000004   Data   RW         3910    .data               delay.o
    0x2000001c   0x00000004   Data   RW         3978    .data               usart.o
    0x20000020   0x00000010   Data   RW         4129    .data               lan8720.o
    0x20000030   0x0000001f   Data   RW         4274    .data               ads1299.o
    0x2000004f   0x00000001   PAD
    0x20000050   0x00000004   Data   RW         4420    .data               spi.o
    0x20000054   0x00000014   Data   RW         4562    .data               ad5933.o
    0x20000068   0x00000001   Data   RW         4627    .data               tca6424a.o
    0x20000069   0x00000003   PAD
    0x2000006c   0x00000024   Data   RW         4740    .data               malloc.o
    0x20000090   0x00000004   Data   RW         4816    .data               lwip_comm.o
    0x20000094   0x0000001f   Data   RW         4915    .data               tcp_server_demo.o
    0x200000b3   0x00000001   Data   RW         4918    .data               tcp_server_demo.o
    0x200000b4   0x00000001   Data   RW         5039    .data               etharp.o
    0x200000b5   0x00000003   PAD
    0x200000b8   0x00000014   Data   RW         5282    .data               ip.o
    0x200000cc   0x00000008   Data   RW         5396    .data               ip_frag.o
    0x200000d4   0x00000010   Data   RW         5526    .data               mem.o
    0x200000e4   0x00000004   Data   RW         5570    .data               memp.o
    0x200000e8   0x0000000c   Data   RW         5621    .data               netif.o
    0x200000f4   0x00000004   Data   RW         5819    .data               raw.o
    0x200000f8   0x00000024   Data   RW         5909    .data               tcp.o
    0x2000011c   0x0000001c   Data   RW         6093    .data               tcp_in.o
    0x20000138   0x0000000c   Data   RW         6241    .data               timers.o
    0x20000144   0x00000008   Data   RW         6302    .data               udp.o
    0x2000014c   0x0000001c   Data   RW         6461    .data               usmart.o
    0x20000168   0x00000020   Data   RW         6538    .data               usmart_config.o
    0x20000188   0x000000f4   Data   RW         6539    .data               usmart_config.o
    0x2000027c   0x00000004   Data   RW         6945    .data               mc_w.l(stdout.o)
    0x20000280   0x00000004   Data   RW         6955    .data               mc_w.l(errno.o)
    0x20000284   0x00000108   Zero   RW         3977    .bss                usart.o
    0x2000038c   0x00000048   Zero   RW         4128    .bss                lan8720.o
    0x200003d4   0x0000003c   Zero   RW         4209    .bss                timer.o
    0x20000410   0x00000624   Zero   RW         4267    .bss                ads1299.o
    0x20000a34   0x00000160   Zero   RW         4419    .bss                spi.o
    0x20000b94   0x0000000c   PAD
    0x20000ba0   0x00019000   Zero   RW         4737    .bss                malloc.o
    0x20019ba0   0x00001900   Zero   RW         4738    .bss                malloc.o
    0x2001b4a0   0x00000048   Zero   RW         4813    .bss                lwip_comm.o
    0x2001b4e8   0x0000010c   Zero   RW         4914    .bss                tcp_server_demo.o
    0x2001b5f4   0x000000c8   Zero   RW         5036    .bss                etharp.o
    0x2001b6bc   0x00000028   Zero   RW         5568    .bss                memp.o
    0x2001b6e4   0x00000010   Zero   RW         6092    .bss                tcp_in.o
    0x2001b6f4   0x0000003c   Zero   RW         6459    .bss                usmart.o
    0x2001b730   0x00000400   Zero   RW          586    STACK               startup_stm32f429xx.o



  Load Region LR$$.ARM.__AT_0x10000000 (Base: 0x10000000, Size: 0x00000000, Max: 0x0000f000, ABSOLUTE)

    Execution Region ER$$.ARM.__AT_0x10000000 (Base: 0x10000000, Size: 0x0000f000, Max: 0x0000f000, ABSOLUTE, UNINIT)

    Base Addr    Size         Type   Attr      Idx    E Section Name        Object

    0x10000000   0x0000f000   Zero   RW         4733    .ARM.__AT_0x10000000  malloc.o



  Load Region LR$$.ARM.__AT_0x1000F000 (Base: 0x1000f000, Size: 0x00000000, Max: 0x00000f00, ABSOLUTE)

    Execution Region ER$$.ARM.__AT_0x1000F000 (Base: 0x1000f000, Size: 0x00000f00, Max: 0x00000f00, ABSOLUTE, UNINIT)

    Base Addr    Size         Type   Attr      Idx    E Section Name        Object

    0x1000f000   0x00000f00   Zero   RW         4734    .ARM.__AT_0x1000F000  malloc.o



  Load Region LR$$.ARM.__AT_0xC01F4000 (Base: 0xc01f4000, Size: 0x00000000, Max: 0x01c3c000, ABSOLUTE)

    Execution Region ER$$.ARM.__AT_0xC01F4000 (Base: 0xc01f4000, Size: 0x01c3c000, Max: 0x01c3c000, ABSOLUTE, UNINIT)

    Base Addr    Size         Type   Attr      Idx    E Section Name        Object

    0xc01f4000   0x01c3c000   Zero   RW         4735    .ARM.__AT_0xC01F4000  malloc.o



  Load Region LR$$.ARM.__AT_0xC1E30000 (Base: 0xc1e30000, Size: 0x00000000, Max: 0x001c3c00, ABSOLUTE)

    Execution Region ER$$.ARM.__AT_0xC1E30000 (Base: 0xc1e30000, Size: 0x001c3c00, Max: 0x001c3c00, ABSOLUTE, UNINIT)

    Base Addr    Size         Type   Attr      Idx    E Section Name        Object

    0xc1e30000   0x001c3c00   Zero   RW         4736    .ARM.__AT_0xC1E30000  malloc.o


==============================================================================

Image component sizes


      Code (inc. data)   RO Data    RW Data    ZI Data      Debug   Object Name

       530          8          0         20          0       4015   ad5933.o
       180         16          0          0          0       1780   adg731.o
      1018        104          0         31       1572      12776   ads1299.o
        16          0          0          0          0       2526   def.o
        98          8          0          4          0       1911   delay.o
      3248       1302         80          1        200      14277   etharp.o
       674        144          0          0          0       7048   ethernetif.o
       904        458          0          0          0       3594   icmp.o
         0          0          0          0          0       3816   inet.o
       170          0          0          0          0       2829   inet_chksum.o
        30          0          0          0          0        532   init.o
       924        264          0         20          0       8053   ip.o
        46          0          4          0          0       7090   ip_addr.o
      2544        932          0          8          0      10432   ip_frag.o
       554         54          0         16         72       4214   lan8720.o
       296         32          0          4         72      15031   lwip_comm.o
       124          6          0          0          0     461503   main.o
       396         42         36         36   31630336       6473   malloc.o
      1572        766          0         16          0       5185   mem.o
       470        282         40          4         40       3950   memp.o
       616         74          0          0          0       4910   myiic.o
       402        124          0         12          0       7679   netif.o
      3494       1812          0          0          0      10558   pbuf.o
       116         12          0          4          0       1544   raw.o
       420         44          0          4        352       3800   spi.o
        36          8        428          0       1024        820   startup_stm32f429xx.o
       144         16          0          4          0       4680   stm32f4xx_hal.o
       218         14          0          0          0      30833   stm32f4xx_hal_cortex.o
        82          0          0          0          0       1244   stm32f4xx_hal_dma.o
      1778         66          0          0          0      10631   stm32f4xx_hal_eth.o
       486         54          0          0          0       2624   stm32f4xx_hal_gpio.o
       136         14          0          0          0       1284   stm32f4xx_hal_pwr_ex.o
      1572         72         16          0          0       6295   stm32f4xx_hal_rcc.o
      1022          0          0          0          0       4399   stm32f4xx_hal_spi.o
       636         44          0          0          0       6615   stm32f4xx_hal_tim.o
         4          0          0          0          0       1638   stm32f4xx_hal_tim_ex.o
      1092          8          0          0          0       7303   stm32f4xx_hal_uart.o
        20          0          0          0          0       3914   stm32f4xx_it.o
       148         10          0          0          0       1607   sys.o
        12          6          0          0          0        466   sys_arch.o
        84         18          0         20          0       1013   system_stm32f4xx.o
       208         14          0          1          0       2018   tca6424a.o
      4572       1878        201         36          0      32100   tcp.o
      4504        994          0         28         16      16911   tcp_in.o
      4438       1422         85          0          0      16615   tcp_out.o
      1610        226          0         32        268      14102   tcp_server_demo.o
       140         34          0          0         60       2761   timer.o
       548        214          0         12          0       4562   timers.o
       462        132          0          8          0       4123   udp.o
       336         48          0          4        264       3197   usart.o
      2840       1338         40         28         60       7867   usmart.o
         0          0        127        276          0       1476   usmart_config.o
      1058         20          0          0          0       9283   usmart_str.o

    ----------------------------------------------------------------------
     47082      13134       1096        636   31634348     805907   Object Totals
         0          0         32          0          0          0   (incl. Generated)
        54          0          7          7         12          0   (incl. Padding)

    ----------------------------------------------------------------------

      Code (inc. data)   RO Data    RW Data    ZI Data      Debug   Library Member Name

       122          0          0          0          0        148   sqrt.o
        86          0          0          0          0          0   __dczerorl2.o
         0          0          0          0          0          0   entry.o
         0          0          0          0          0          0   entry10a.o
         0          0          0          0          0          0   entry11a.o
         8          4          0          0          0          0   entry2.o
         4          0          0          0          0          0   entry5.o
         0          0          0          0          0          0   entry7b.o
         0          0          0          0          0          0   entry8b.o
         8          4          0          0          0          0   entry9a.o
        12          6          0          4          0         68   errno.o
        18          0          0          0          0         80   fputc.o
        30          0          0          0          0          0   handlers.o
        36          8          0          0          0         68   init.o
         0          0          0          0          0          0   iusefp.o
         0          0          0          0          0          0   iusesemip.o
        30          0          0          0          0         68   llshl.o
        32          0          0          0          0         68   llushr.o
        26          0          0          0          0         80   memcmp.o
        36          0          0          0          0         68   memcpya.o
        36          0          0          0          0        108   memseta.o
      1154         54          0          0          0        352   printf8.o
         0          0          0          0          0          0   semi.o
         0          0          0          4          0          0   stdout.o
        98          0          0          0          0         92   uldiv.o
       186          0          0          0          0        176   depilogue.o
        50          0          0          0          0         76   dfixui.o
        34          0          0          0          0         76   dflti.o
       162          0          0          0          0        100   dsqrt.o

    ----------------------------------------------------------------------
      2170         76          0          8          0       1628   Library Totals
         2          0          0          0          0          0   (incl. Padding)

    ----------------------------------------------------------------------

      Code (inc. data)   RO Data    RW Data    ZI Data      Debug   Library Name

       122          0          0          0          0        148   m_wm.l
      1614         76          0          8          0       1052   mc_w.l
       432          0          0          0          0        428   mf_w.l

    ----------------------------------------------------------------------
      2170         76          0          8          0       1628   Library Totals

    ----------------------------------------------------------------------

==============================================================================


      Code (inc. data)   RO Data    RW Data    ZI Data      Debug   

     49252      13210       1096        644   31634348     777591   Grand Totals
     49252      13210       1096        152   31634348     777591   ELF Image Totals (compressed)
     49252      13210       1096        152          0          0   ROM Totals

==============================================================================

    Total RO  Size (Code + RO Data)                50348 (  49.17kB)
    Total RW  Size (RW Data + ZI Data)          31634992 (30893.55kB)
    Total ROM Size (Code + RO Data + RW Data)      50500 (  49.32kB)

==============================================================================

