Component: ARM Compiler 5.06 update 4 (build 422) Tool: armlink [4d35d2]

==============================================================================

Section Cross References

    main.o(i.main) refers to sys.o(i.Stm32_Clock_Init) for Stm32_Clock_Init
    main.o(i.main) refers to stm32f4xx_hal.o(i.HAL_Init) for HAL_Init
    main.o(i.main) refers to delay.o(i.delay_init) for delay_init
    main.o(i.main) refers to led.o(i.LED_Init) for LED_Init
    main.o(i.main) refers to timer.o(i.TIM4_Init) for TIM4_Init
    main.o(i.main) refers to timer.o(i.TIM2_PWM_Init) for TIM2_PWM_Init
    main.o(i.main) refers to timer.o(i.TIM_SetTIM2) for TIM_SetTIM2
    main.o(i.main) refers to myiic.o(i.IIC_Init) for IIC_Init
    main.o(i.main) refers to ads1299.o(i.ADS1299_Init) for ADS1299_Init
    main.o(i.main) refers to tca6424a.o(i.TCA6424A_Init) for TCA6424A_Init
    main.o(i.main) refers to malloc.o(i.my_mem_init) for my_mem_init
    main.o(i.main) refers to timer.o(i.TIM3_Init) for TIM3_Init
    main.o(i.main) refers to delay.o(i.delay_ms) for delay_ms
    main.o(i.main) refers to lwip_comm.o(i.lwip_comm_init) for lwip_comm_init
    main.o(i.main) refers to tcp_server_demo.o(i.hardware_init) for hardware_init
    main.o(i.main) refers to iwdg.o(i.IWDG_Init) for IWDG_Init
    main.o(i.main) refers to tcp_server_demo.o(i.udp_demo_test) for udp_demo_test
    stm32f4xx_it.o(i.DMA1_Stream3_IRQHandler) refers to stm32f4xx_hal_dma.o(i.HAL_DMA_IRQHandler) for HAL_DMA_IRQHandler
    stm32f4xx_it.o(i.DMA1_Stream3_IRQHandler) refers to spi.o(.bss) for SPI2_Handler
    stm32f4xx_it.o(i.DMA1_Stream4_IRQHandler) refers to stm32f4xx_hal_dma.o(i.HAL_DMA_IRQHandler) for HAL_DMA_IRQHandler
    stm32f4xx_it.o(i.DMA1_Stream4_IRQHandler) refers to spi.o(.bss) for SPI2_Handler
    stm32f4xx_it.o(i.SysTick_Handler) refers to stm32f4xx_hal.o(i.HAL_IncTick) for HAL_IncTick
    system_stm32f4xx.o(i.SystemCoreClockUpdate) refers to system_stm32f4xx.o(.data) for .data
    iwdg.o(i.IWDG_Feed) refers to stm32f4xx_hal_iwdg.o(i.HAL_IWDG_Refresh) for HAL_IWDG_Refresh
    iwdg.o(i.IWDG_Feed) refers to iwdg.o(.bss) for .bss
    iwdg.o(i.IWDG_Init) refers to stm32f4xx_hal_iwdg.o(i.HAL_IWDG_Init) for HAL_IWDG_Init
    iwdg.o(i.IWDG_Init) refers to stm32f4xx_hal_iwdg.o(i.HAL_IWDG_Start) for HAL_IWDG_Start
    iwdg.o(i.IWDG_Init) refers to iwdg.o(.bss) for .bss
    startup_stm32f407xx.o(RESET) refers to startup_stm32f407xx.o(STACK) for __initial_sp
    startup_stm32f407xx.o(RESET) refers to startup_stm32f407xx.o(.text) for Reset_Handler
    startup_stm32f407xx.o(RESET) refers to stm32f4xx_it.o(i.NMI_Handler) for NMI_Handler
    startup_stm32f407xx.o(RESET) refers to stm32f4xx_it.o(i.HardFault_Handler) for HardFault_Handler
    startup_stm32f407xx.o(RESET) refers to stm32f4xx_it.o(i.MemManage_Handler) for MemManage_Handler
    startup_stm32f407xx.o(RESET) refers to stm32f4xx_it.o(i.BusFault_Handler) for BusFault_Handler
    startup_stm32f407xx.o(RESET) refers to stm32f4xx_it.o(i.UsageFault_Handler) for UsageFault_Handler
    startup_stm32f407xx.o(RESET) refers to stm32f4xx_it.o(i.SVC_Handler) for SVC_Handler
    startup_stm32f407xx.o(RESET) refers to stm32f4xx_it.o(i.DebugMon_Handler) for DebugMon_Handler
    startup_stm32f407xx.o(RESET) refers to stm32f4xx_it.o(i.PendSV_Handler) for PendSV_Handler
    startup_stm32f407xx.o(RESET) refers to stm32f4xx_it.o(i.SysTick_Handler) for SysTick_Handler
    startup_stm32f407xx.o(RESET) refers to stm32f4xx_it.o(i.DMA1_Stream3_IRQHandler) for DMA1_Stream3_IRQHandler
    startup_stm32f407xx.o(RESET) refers to stm32f4xx_it.o(i.DMA1_Stream4_IRQHandler) for DMA1_Stream4_IRQHandler
    startup_stm32f407xx.o(RESET) refers to timer.o(i.TIM3_IRQHandler) for TIM3_IRQHandler
    startup_stm32f407xx.o(RESET) refers to timer.o(i.TIM4_IRQHandler) for TIM4_IRQHandler
    startup_stm32f407xx.o(RESET) refers to usart.o(i.USART1_IRQHandler) for USART1_IRQHandler
    startup_stm32f407xx.o(RESET) refers to ads1299.o(i.EXTI15_10_IRQHandler) for EXTI15_10_IRQHandler
    startup_stm32f407xx.o(RESET) refers to lan8720.o(i.ETH_IRQHandler) for ETH_IRQHandler
    startup_stm32f407xx.o(.text) refers to system_stm32f4xx.o(i.SystemInit) for SystemInit
    startup_stm32f407xx.o(.text) refers to entry.o(.ARM.Collect$$$$00000000) for __main
    stm32f4xx_hal.o(i.HAL_DeInit) refers to stm32f4xx_hal.o(i.HAL_MspDeInit) for HAL_MspDeInit
    stm32f4xx_hal.o(i.HAL_Delay) refers to stm32f4xx_hal.o(i.HAL_GetTick) for HAL_GetTick
    stm32f4xx_hal.o(i.HAL_GetTick) refers to stm32f4xx_hal.o(.data) for .data
    stm32f4xx_hal.o(i.HAL_IncTick) refers to stm32f4xx_hal.o(.data) for .data
    stm32f4xx_hal.o(i.HAL_Init) refers to stm32f4xx_hal_cortex.o(i.HAL_NVIC_SetPriorityGrouping) for HAL_NVIC_SetPriorityGrouping
    stm32f4xx_hal.o(i.HAL_Init) refers to stm32f4xx_hal.o(i.HAL_InitTick) for HAL_InitTick
    stm32f4xx_hal.o(i.HAL_Init) refers to stm32f4xx_hal.o(i.HAL_MspInit) for HAL_MspInit
[...]
    .bss                                     0x2001b0fc   Section       40  memp.o(.bss)
    memp_tab                                 0x2001b0fc   Data          40  memp.o(.bss)
    .bss                                     0x2001b124   Section       16  tcp_in.o(.bss)
    inseg                                    0x2001b124   Data          16  tcp_in.o(.bss)
    STACK                                    0x2001b138   Section     1024  startup_stm32f407xx.o(STACK)
    .ARM.__AT_0xC01F4000                     0xc01f4000   Section    61440  malloc.o(.ARM.__AT_0xC01F4000)
    .ARM.__AT_0xC0203000                     0xc0203000   Section     3840  malloc.o(.ARM.__AT_0xC0203000)

    Global Symbols

    Symbol Name                              Value     Ov Type        Size  Object(Section)

    BuildAttributes$$THM_ISAv4$E$P$D$K$B$S$7EM$VFPi3$EXTD16$VFPS$VFMA$PE$A:L22UL41UL21$X:L11$S22US41US21$IEEE1$IW$USESV6$~STKCKD$USESV7$~SHL$OSPACE$ROPI$EBA8$MICROLIB$REQ8$PRES8$EABIv2 0x00000000   Number         0  anon$$obj.o ABSOLUTE
    __ARM_use_no_argv                        0x00000000   Number         0  main.o ABSOLUTE
    _printf_a                                0x00000000   Number         0  stubs.o ABSOLUTE
    _printf_c                                0x00000000   Number         0  stubs.o ABSOLUTE
    _printf_charcount                        0x00000000   Number         0  stubs.o ABSOLUTE
    _printf_d                                0x00000000   Number         0  stubs.o ABSOLUTE
    _printf_e                                0x00000000   Number         0  stubs.o ABSOLUTE
    _printf_f                                0x00000000   Number         0  stubs.o ABSOLUTE
    _printf_flags                            0x00000000   Number         0  stubs.o ABSOLUTE
    _printf_fp_dec                           0x00000000   Number         0  stubs.o ABSOLUTE
    _printf_fp_hex                           0x00000000   Number         0  stubs.o ABSOLUTE
    _printf_g                                0x00000000   Number         0  stubs.o ABSOLUTE
    _printf_i                                0x00000000   Number         0  stubs.o ABSOLUTE
    _printf_int_dec                          0x00000000   Number         0  stubs.o ABSOLUTE
    _printf_l                                0x00000000   Number         0  stubs.o ABSOLUTE
    _printf_lc                               0x00000000   Number         0  stubs.o ABSOLUTE
    _printf_ll                               0x00000000   Number         0  stubs.o ABSOLUTE
    _printf_lld                              0x00000000   Number         0  stubs.o ABSOLUTE
    _printf_lli                              0x00000000   Number         0  stubs.o ABSOLUTE
    _printf_llo                              0x00000000   Number         0  stubs.o ABSOLUTE
    _printf_llu                              0x00000000   Number         0  stubs.o ABSOLUTE
    _printf_llx                              0x00000000   Number         0  stubs.o ABSOLUTE
    _printf_longlong_dec                     0x00000000   Number         0  stubs.o ABSOLUTE
    _printf_longlong_hex                     0x00000000   Number         0  stubs.o ABSOLUTE
    _printf_longlong_oct                     0x00000000   Number         0  stubs.o ABSOLUTE
    _printf_ls                               0x00000000   Number         0  stubs.o ABSOLUTE
    _printf_mbtowc                           0x00000000   Number         0  stubs.o ABSOLUTE
    _printf_n                                0x00000000   Number         0  stubs.o ABSOLUTE
    _printf_o                                0x00000000   Number         0  stubs.o ABSOLUTE
    _printf_p                                0x00000000   Number         0  stubs.o ABSOLUTE
    _printf_percent                          0x00000000   Number         0  stubs.o ABSOLUTE
    _printf_pre_padding                      0x00000000   Number         0  stubs.o ABSOLUTE
    _printf_return_value                     0x00000000   Number         0  stubs.o ABSOLUTE
    _printf_s                                0x00000000   Number         0  stubs.o ABSOLUTE
    _printf_sizespec                         0x00000000   Number         0  stubs.o ABSOLUTE
    _printf_str                              0x00000000   Number         0  stubs.o ABSOLUTE
    _printf_truncate_signed                  0x00000000   Number         0  stubs.o ABSOLUTE
    _printf_truncate_unsigned                0x00000000   Number         0  stubs.o ABSOLUTE
    _printf_u                                0x00000000   Number         0  stubs.o ABSOLUTE
    _printf_wc                               0x00000000   Number         0  stubs.o ABSOLUTE
    _printf_wctomb                           0x00000000   Number         0  stubs.o ABSOLUTE
    _printf_widthprec                        0x00000000   Number         0  stubs.o ABSOLUTE
    _printf_x                                0x00000000   Number         0  stubs.o ABSOLUTE
    __cpp_initialize__aeabi_                  - Undefined Weak Reference
    __cxa_finalize                            - Undefined Weak Reference
    _clock_init                               - Undefined Weak Reference
    _microlib_exit                            - Undefined Weak Reference
    __Vectors_Size                           0x00000188   Number         0  startup_stm32f407xx.o ABSOLUTE
    __Vectors                                0x08000000   Data           4  startup_stm32f407xx.o(RESET)
    __Vectors_End                            0x08000188   Data           0  startup_stm32f407xx.o(RESET)
    __main                                   0x08000189   Thumb Code     0  entry.o(.ARM.Collect$$$$00000000)
    _main_stk                                0x08000189   Thumb Code     0  entry2.o(.ARM.Collect$$$$00000001)
    _main_scatterload                        0x0800018d   Thumb Code     0  entry5.o(.ARM.Collect$$$$00000004)
    __main_after_scatterload                 0x08000191   Thumb Code     0  entry5.o(.ARM.Collect$$$$00000004)
    _main_clock                              0x08000191   Thumb Code     0  entry7b.o(.ARM.Collect$$$$00000008)
    _main_cpp_init                           0x08000191   Thumb Code     0  entry8b.o(.ARM.Collect$$$$0000000A)
    _main_init                               0x08000191   Thumb Code     0  entry9a.o(.ARM.Collect$$$$0000000B)
    __rt_final_cpp                           0x08000199   Thumb Code     0  entry10a.o(.ARM.Collect$$$$0000000D)
    __rt_final_exit                          0x08000199   Thumb Code     0  entry11a.o(.ARM.Collect$$$$0000000F)
    WFI_SET                                  0x0800019d   Thumb Code     2  sys.o(.emb_text)
    INTX_DISABLE                             0x0800019f   Thumb Code     4  sys.o(.emb_text)
    INTX_ENABLE                              0x080001a3   Thumb Code     4  sys.o(.emb_text)
    MSR_MSP                                  0x080001a7   Thumb Code     6  sys.o(.emb_text)
    Reset_Handler                            0x080001ad   Thumb Code     8  startup_stm32f407xx.o(.text)
    ADC_IRQHandler                           0x080001c7   Thumb Code     0  startup_stm32f407xx.o(.text)
    CAN1_RX0_IRQHandler                      0x080001c7   Thumb Code     0  startup_stm32f407xx.o(.text)
    CAN1_RX1_IRQHandler                      0x080001c7   Thumb Code     0  startup_stm32f407xx.o(.text)
    CAN1_SCE_IRQHandler                      0x080001c7   Thumb Code     0  startup_stm32f407xx.o(.text)
    CAN1_TX_IRQHandler                       0x080001c7   Thumb Code     0  startup_stm32f407xx.o(.text)
    CAN2_RX0_IRQHandler                      0x080001c7   Thumb Code     0  startup_stm32f407xx.o(.text)
    CAN2_RX1_IRQHandler                      0x080001c7   Thumb Code     0  startup_stm32f407xx.o(.text)
    CAN2_SCE_IRQHandler                      0x080001c7   Thumb Code     0  startup_stm32f407xx.o(.text)
    CAN2_TX_IRQHandler                       0x080001c7   Thumb Code     0  startup_stm32f407xx.o(.text)
    DCMI_IRQHandler                          0x080001c7   Thumb Code     0  startup_stm32f407xx.o(.text)
    DMA1_Stream0_IRQHandler                  0x080001c7   Thumb Code     0  startup_stm32f407xx.o(.text)
    DMA1_Stream1_IRQHandler                  0x080001c7   Thumb Code     0  startup_stm32f407xx.o(.text)
    DMA1_Stream2_IRQHandler                  0x080001c7   Thumb Code     0  startup_stm32f407xx.o(.text)
    DMA1_Stream5_IRQHandler                  0x080001c7   Thumb Code     0  startup_stm32f407xx.o(.text)
    DMA1_Stream6_IRQHandler                  0x080001c7   Thumb Code     0  startup_stm32f407xx.o(.text)
    DMA1_Stream7_IRQHandler                  0x080001c7   Thumb Code     0  startup_stm32f407xx.o(.text)
    DMA2_Stream0_IRQHandler                  0x080001c7   Thumb Code     0  startup_stm32f407xx.o(.text)
    DMA2_Stream1_IRQHandler                  0x080001c7   Thumb Code     0  startup_stm32f407xx.o(.text)
    DMA2_Stream2_IRQHandler                  0x080001c7   Thumb Code     0  startup_stm32f407xx.o(.text)
    DMA2_Stream3_IRQHandler                  0x080001c7   Thumb Code     0  startup_stm32f407xx.o(.text)
    DMA2_Stream4_IRQHandler                  0x080001c7   Thumb Code     0  startup_stm32f407xx.o(.text)
    DMA2_Stream5_IRQHandler                  0x080001c7   Thumb Code     0  startup_stm32f407xx.o(.text)
    DMA2_Stream6_IRQHandler                  0x080001c7   Thumb Code     0  startup_stm32f407xx.o(.text)
    DMA2_Stream7_IRQHandler                  0x080001c7   Thumb Code     0  startup_stm32f407xx.o(.text)
    ETH_WKUP_IRQHandler                      0x080001c7   Thumb Code     0  startup_stm32f407xx.o(.text)
    EXTI0_IRQHandler                         0x080001c7   Thumb Code     0  startup_stm32f407xx.o(.text)
    EXTI1_IRQHandler                         0x080001c7   Thumb Code     0  startup_stm32f407xx.o(.text)
    EXTI2_IRQHandler                         0x080001c7   Thumb Code     0  startup_stm32f407xx.o(.text)
    EXTI3_IRQHandler                         0x080001c7   Thumb Code     0  startup_stm32f407xx.o(.text)
    EXTI4_IRQHandler                         0x080001c7   Thumb Code     0  startup_stm32f407xx.o(.text)
    EXTI9_5_IRQHandler                       0x080001c7   Thumb Code     0  startup_stm32f407xx.o(.text)
    FLASH_IRQHandler                         0x080001c7   Thumb Code     0  startup_stm32f407xx.o(.text)
    FMC_IRQHandler                           0x080001c7   Thumb Code     0  startup_stm32f407xx.o(.text)
    FPU_IRQHandler                           0x080001c7   Thumb Code     0  startup_stm32f407xx.o(.text)
    HASH_RNG_IRQHandler                      0x080001c7   Thumb Code     0  startup_stm32f407xx.o(.text)
    I2C1_ER_IRQHandler                       0x080001c7   Thumb Code     0  startup_stm32f407xx.o(.text)
    I2C1_EV_IRQHandler                       0x080001c7   Thumb Code     0  startup_stm32f407xx.o(.text)
    I2C2_ER_IRQHandler                       0x080001c7   Thumb Code     0  startup_stm32f407xx.o(.text)
    I2C2_EV_IRQHandler                       0x080001c7   Thumb Code     0  startup_stm32f407xx.o(.text)
    I2C3_ER_IRQHandler                       0x080001c7   Thumb Code     0  startup_stm32f407xx.o(.text)
    I2C3_EV_IRQHandler                       0x080001c7   Thumb Code     0  startup_stm32f407xx.o(.text)
    OTG_FS_IRQHandler                        0x080001c7   Thumb Code     0  startup_stm32f407xx.o(.text)
    OTG_FS_WKUP_IRQHandler                   0x080001c7   Thumb Code     0  startup_stm32f407xx.o(.text)
    OTG_HS_EP1_IN_IRQHandler                 0x080001c7   Thumb Code     0  startup_stm32f407xx.o(.text)
    OTG_HS_EP1_OUT_IRQHandler                0x080001c7   Thumb Code     0  startup_stm32f407xx.o(.text)
    OTG_HS_IRQHandler                        0x080001c7   Thumb Code     0  startup_stm32f407xx.o(.text)
    OTG_HS_WKUP_IRQHandler                   0x080001c7   Thumb Code     0  startup_stm32f407xx.o(.text)
    PVD_IRQHandler                           0x080001c7   Thumb Code     0  startup_stm32f407xx.o(.text)
    RCC_IRQHandler                           0x080001c7   Thumb Code     0  startup_stm32f407xx.o(.text)
    RTC_Alarm_IRQHandler                     0x080001c7   Thumb Code     0  startup_stm32f407xx.o(.text)
    RTC_WKUP_IRQHandler                      0x080001c7   Thumb Code     0  startup_stm32f407xx.o(.text)
    SDIO_IRQHandler                          0x080001c7   Thumb Code     0  startup_stm32f407xx.o(.text)
    SPI1_IRQHandler                          0x080001c7   Thumb Code     0  startup_stm32f407xx.o(.text)
    SPI2_IRQHandler                          0x080001c7   Thumb Code     0  startup_stm32f407xx.o(.text)
    SPI3_IRQHandler                          0x080001c7   Thumb Code     0  startup_stm32f407xx.o(.text)
    TAMP_STAMP_IRQHandler                    0x080001c7   Thumb Code     0  startup_stm32f407xx.o(.text)
    TIM1_BRK_TIM9_IRQHandler                 0x080001c7   Thumb Code     0  startup_stm32f407xx.o(.text)
    TIM1_CC_IRQHandler                       0x080001c7   Thumb Code     0  startup_stm32f407xx.o(.text)
    TIM1_TRG_COM_TIM11_IRQHandler            0x080001c7   Thumb Code     0  startup_stm32f407xx.o(.text)
    TIM1_UP_TIM10_IRQHandler                 0x080001c7   Thumb Code     0  startup_stm32f407xx.o(.text)
    TIM2_IRQHandler                          0x080001c7   Thumb Code     0  startup_stm32f407xx.o(.text)
    TIM5_IRQHandler                          0x080001c7   Thumb Code     0  startup_stm32f407xx.o(.text)
    TIM6_DAC_IRQHandler                      0x080001c7   Thumb Code     0  startup_stm32f407xx.o(.text)
    TIM7_IRQHandler                          0x080001c7   Thumb Code     0  startup_stm32f407xx.o(.text)
    TIM8_BRK_TIM12_IRQHandler                0x080001c7   Thumb Code     0  startup_stm32f407xx.o(.text)
    TIM8_CC_IRQHandler                       0x080001c7   Thumb Code     0  startup_stm32f407xx.o(.text)
    TIM8_TRG_COM_TIM14_IRQHandler            0x080001c7   Thumb Code     0  startup_stm32f407xx.o(.text)
    TIM8_UP_TIM13_IRQHandler                 0x080001c7   Thumb Code     0  startup_stm32f407xx.o(.text)
    UART4_IRQHandler                         0x080001c7   Thumb Code     0  startup_stm32f407xx.o(.text)
    UART5_IRQHandler                         0x080001c7   Thumb Code     0  startup_stm32f407xx.o(.text)
    USART2_IRQHandler                        0x080001c7   Thumb Code     0  startup_stm32f407xx.o(.text)
    USART3_IRQHandler                        0x080001c7   Thumb Code     0  startup_stm32f407xx.o(.text)
    USART6_IRQHandler                        0x080001c7   Thumb Code     0  startup_stm32f407xx.o(.text)
    WWDG_IRQHandler                          0x080001c7   Thumb Code     0  startup_stm32f407xx.o(.text)
    __aeabi_memcpy                           0x080001d1   Thumb Code    36  memcpya.o(.text)
    __aeabi_memcpy4                          0x080001d1   Thumb Code     0  memcpya.o(.text)
    __aeabi_memcpy8                          0x080001d1   Thumb Code     0  memcpya.o(.text)
    __aeabi_memset                           0x080001f5   Thumb Code    14  memseta.o(.text)
    __aeabi_memset4                          0x080001f5   Thumb Code     0  memseta.o(.text)
    __aeabi_memset8                          0x080001f5   Thumb Code     0  memseta.o(.text)
    __aeabi_memclr                           0x08000203   Thumb Code     4  memseta.o(.text)
    __aeabi_memclr4                          0x08000203   Thumb Code     0  memseta.o(.text)
    __aeabi_memclr8                          0x08000203   Thumb Code     0  memseta.o(.text)
    _memset$wrapper                          0x08000207   Thumb Code    18  memseta.o(.text)
    memcmp                                   0x08000219   Thumb Code    26  memcmp.o(.text)
    __aeabi_uidiv                            0x08000233   Thumb Code     0  uidiv.o(.text)
    __aeabi_uidivmod                         0x08000233   Thumb Code    44  uidiv.o(.text)
    __scatterload                            0x08000261   Thumb Code    28  init.o(.text)
    __scatterload_rt2                        0x08000261   Thumb Code     0  init.o(.text)
    __I$use$semihosting$fputc                0x08000285   Thumb Code     0  iusesemip.o(.text)
    __decompress                             0x08000285   Thumb Code     0  __dczerorl2.o(.text)
    __decompress1                            0x08000285   Thumb Code    86  __dczerorl2.o(.text)
    __semihosting_library_function           0x08000285   Thumb Code     0  semi.o(.text)
    ADS1299_CHANGE_CHANEL                    0x080002dd   Thumb Code    40  ads1299.o(i.ADS1299_CHANGE_CHANEL)
    ADS1299_Check                            0x08000309   Thumb Code   226  ads1299.o(i.ADS1299_Check)
    ADS1299_Command                          0x080003f1   Thumb Code    38  ads1299.o(i.ADS1299_Command)
    ADS1299_IT                               0x08000419   Thumb Code    76  ads1299.o(i.ADS1299_IT)
    ADS1299_Init                             0x08000471   Thumb Code   248  ads1299.o(i.ADS1299_Init)
    ADS1299_PREG                             0x08000585   Thumb Code    38  ads1299.o(i.ADS1299_PREG)
    ADS1299_SDATAC                           0x080005b1   Thumb Code    42  ads1299.o(i.ADS1299_SDATAC)
    ADS1299_WREG                             0x080005db   Thumb Code    54  ads1299.o(i.ADS1299_WREG)
    ADS1299_WREG_Single                      0x08000611   Thumb Code    46  ads1299.o(i.ADS1299_WREG_Single)
    BusFault_Handler                         0x0800063f   Thumb Code     2  stm32f4xx_it.o(i.BusFault_Handler)
    DMA1_Stream3_IRQHandler                  0x08000641   Thumb Code     8  stm32f4xx_it.o(i.DMA1_Stream3_IRQHandler)
    DMA1_Stream4_IRQHandler                  0x0800064d   Thumb Code     8  stm32f4xx_it.o(i.DMA1_Stream4_IRQHandler)
    Data_Process                             0x080006a9   Thumb Code  1424  tcp_server_demo.o(i.Data_Process)
    DebugMon_Handler                         0x08000c45   Thumb Code     2  stm32f4xx_it.o(i.DebugMon_Handler)
    ETH_GetRxPktSize                         0x08000c75   Thumb Code    30  lan8720.o(i.ETH_GetRxPktSize)
    ETH_IRQHandler                           0x08000c95   Thumb Code    38  lan8720.o(i.ETH_IRQHandler)
    ETH_Mem_Malloc                           0x08000de5   Thumb Code    54  lan8720.o(i.ETH_Mem_Malloc)
    EXTI15_10_IRQHandler                     0x08000e21   Thumb Code    40  ads1299.o(i.EXTI15_10_IRQHandler)
    HAL_DMA_IRQHandler                       0x08000e5d   Thumb Code   414  stm32f4xx_hal_dma.o(i.HAL_DMA_IRQHandler)
    HAL_DMA_Init                             0x08001001   Thumb Code   116  stm32f4xx_hal_dma.o(i.HAL_DMA_Init)
    HAL_DMA_Start_IT                         0x08001079   Thumb Code    78  stm32f4xx_hal_dma.o(i.HAL_DMA_Start_IT)
    HAL_Delay                                0x080010c7   Thumb Code    22  stm32f4xx_hal.o(i.HAL_Delay)
    HAL_ETH_DMARxDescListInit                0x080010dd   Thumb Code   114  stm32f4xx_hal_eth.o(i.HAL_ETH_DMARxDescListInit)
    HAL_ETH_DMATxDescListInit                0x0800114f   Thumb Code   120  stm32f4xx_hal_eth.o(i.HAL_ETH_DMATxDescListInit)
    HAL_ETH_GetReceivedFrame                 0x080011c7   Thumb Code   122  stm32f4xx_hal_eth.o(i.HAL_ETH_GetReceivedFrame)
    HAL_ETH_Init                             0x08001241   Thumb Code   396  stm32f4xx_hal_eth.o(i.HAL_ETH_Init)
    HAL_ETH_MspInit                          0x080013f5   Thumb Code   192  lan8720.o(i.HAL_ETH_MspInit)
    HAL_ETH_ReadPHYRegister                  0x080014c5   Thumb Code   134  stm32f4xx_hal_eth.o(i.HAL_ETH_ReadPHYRegister)
    HAL_ETH_Start                            0x0800154b   Thumb Code   132  stm32f4xx_hal_eth.o(i.HAL_ETH_Start)
    HAL_ETH_TransmitFrame                    0x080015cf   Thumb Code   264  stm32f4xx_hal_eth.o(i.HAL_ETH_TransmitFrame)
    HAL_ETH_WritePHYRegister                 0x080016d7   Thumb Code   118  stm32f4xx_hal_eth.o(i.HAL_ETH_WritePHYRegister)
    HAL_GPIO_Init                            0x0800174d   Thumb Code   412  stm32f4xx_hal_gpio.o(i.HAL_GPIO_Init)
    HAL_GPIO_WritePin                        0x08001919   Thumb Code    10  stm32f4xx_hal_gpio.o(i.HAL_GPIO_WritePin)
    HAL_GetTick                              0x08001925   Thumb Code     6  stm32f4xx_hal.o(i.HAL_GetTick)
    HAL_IWDG_Init                            0x08001931   Thumb Code    74  stm32f4xx_hal_iwdg.o(i.HAL_IWDG_Init)
    HAL_IWDG_MspInit                         0x0800197b   Thumb Code     2  stm32f4xx_hal_iwdg.o(i.HAL_IWDG_MspInit)
    HAL_IWDG_Refresh                         0x0800197d   Thumb Code    84  stm32f4xx_hal_iwdg.o(i.HAL_IWDG_Refresh)
    HAL_IWDG_Start                           0x080019d1   Thumb Code    42  stm32f4xx_hal_iwdg.o(i.HAL_IWDG_Start)
    HAL_IncTick                              0x080019fd   Thumb Code    10  stm32f4xx_hal.o(i.HAL_IncTick)
    HAL_Init                                 0x08001a0d   Thumb Code    48  stm32f4xx_hal.o(i.HAL_Init)
    HAL_InitTick                             0x08001a41   Thumb Code    34  stm32f4xx_hal.o(i.HAL_InitTick)
    HAL_MspInit                              0x08001a63   Thumb Code     8  stm32f4xx_hal.o(i.HAL_MspInit)
    HAL_NVIC_EnableIRQ                       0x08001a6b   Thumb Code    22  stm32f4xx_hal_cortex.o(i.HAL_NVIC_EnableIRQ)
    HAL_NVIC_SetPriority                     0x08001a81   Thumb Code    60  stm32f4xx_hal_cortex.o(i.HAL_NVIC_SetPriority)
    HAL_NVIC_SetPriorityGrouping             0x08001ac1   Thumb Code    26  stm32f4xx_hal_cortex.o(i.HAL_NVIC_SetPriorityGrouping)
    HAL_RCC_ClockConfig                      0x08001ae5   Thumb Code   512  stm32f4xx_hal_rcc.o(i.HAL_RCC_ClockConfig)
    HAL_RCC_GetHCLKFreq                      0x08001ced   Thumb Code    38  stm32f4xx_hal_rcc.o(i.HAL_RCC_GetHCLKFreq)
    HAL_RCC_GetSysClockFreq                  0x08001d21   Thumb Code   104  stm32f4xx_hal_rcc.o(i.HAL_RCC_GetSysClockFreq)
    HAL_RCC_OscConfig                        0x08001d95   Thumb Code   774  stm32f4xx_hal_rcc.o(i.HAL_RCC_OscConfig)
    HAL_SPI_ErrorCallback                    0x080020b1   Thumb Code     2  spi.o(i.HAL_SPI_ErrorCallback)
    HAL_SPI_Init                             0x080020b3   Thumb Code   132  stm32f4xx_hal_spi.o(i.HAL_SPI_Init)
    HAL_SPI_MspInit                          0x08002139   Thumb Code   298  spi.o(i.HAL_SPI_MspInit)
    HAL_SPI_RxCpltCallback                   0x08002279   Thumb Code     2  stm32f4xx_hal_spi.o(i.HAL_SPI_RxCpltCallback)
    HAL_SPI_RxHalfCpltCallback               0x0800227b   Thumb Code     2  stm32f4xx_hal_spi.o(i.HAL_SPI_RxHalfCpltCallback)
    HAL_SPI_TransmitReceive                  0x0800227d   Thumb Code   682  stm32f4xx_hal_spi.o(i.HAL_SPI_TransmitReceive)
    HAL_SPI_TransmitReceive_DMA              0x08002529   Thumb Code   252  stm32f4xx_hal_spi.o(i.HAL_SPI_TransmitReceive_DMA)
    HAL_SPI_TxRxCpltCallback                 0x08002639   Thumb Code   198  ads1299.o(i.HAL_SPI_TxRxCpltCallback)
    HAL_SPI_TxRxHalfCpltCallback             0x0800271d   Thumb Code     2  stm32f4xx_hal_spi.o(i.HAL_SPI_TxRxHalfCpltCallback)
    HAL_SYSTICK_CLKSourceConfig              0x0800271f   Thumb Code    24  stm32f4xx_hal_cortex.o(i.HAL_SYSTICK_CLKSourceConfig)
    HAL_SYSTICK_Config                       0x08002737   Thumb Code    40  stm32f4xx_hal_cortex.o(i.HAL_SYSTICK_Config)
    HAL_TIMEx_BreakCallback                  0x0800275f   Thumb Code     2  stm32f4xx_hal_tim_ex.o(i.HAL_TIMEx_BreakCallback)
    HAL_TIMEx_CommutationCallback            0x08002761   Thumb Code     2  stm32f4xx_hal_tim_ex.o(i.HAL_TIMEx_CommutationCallback)
    HAL_TIM_Base_Init                        0x08002763   Thumb Code    54  stm32f4xx_hal_tim.o(i.HAL_TIM_Base_Init)
    HAL_TIM_Base_MspInit                     0x08002799   Thumb Code    92  timer.o(i.HAL_TIM_Base_MspInit)
    HAL_TIM_Base_Start_IT                    0x08002801   Thumb Code    24  stm32f4xx_hal_tim.o(i.HAL_TIM_Base_Start_IT)
    HAL_TIM_IC_CaptureCallback               0x08002819   Thumb Code     2  stm32f4xx_hal_tim.o(i.HAL_TIM_IC_CaptureCallback)
    HAL_TIM_IRQHandler                       0x0800281b   Thumb Code   358  stm32f4xx_hal_tim.o(i.HAL_TIM_IRQHandler)
    HAL_TIM_OC_DelayElapsedCallback          0x08002981   Thumb Code     2  stm32f4xx_hal_tim.o(i.HAL_TIM_OC_DelayElapsedCallback)
    HAL_TIM_PWM_ConfigChannel                0x08002983   Thumb Code   208  stm32f4xx_hal_tim.o(i.HAL_TIM_PWM_ConfigChannel)
    HAL_TIM_PWM_Init                         0x08002a53   Thumb Code    54  stm32f4xx_hal_tim.o(i.HAL_TIM_PWM_Init)
    HAL_TIM_PWM_MspInit                      0x08002a89   Thumb Code    70  timer.o(i.HAL_TIM_PWM_MspInit)
    HAL_TIM_PWM_PulseFinishedCallback        0x08002ad9   Thumb Code     2  stm32f4xx_hal_tim.o(i.HAL_TIM_PWM_PulseFinishedCallback)
    HAL_TIM_PWM_Start                        0x08002add   Thumb Code    48  stm32f4xx_hal_tim.o(i.HAL_TIM_PWM_Start)
    HAL_TIM_PeriodElapsedCallback            0x08002b15   Thumb Code    40  timer.o(i.HAL_TIM_PeriodElapsedCallback)
    HAL_TIM_TriggerCallback                  0x08002b4d   Thumb Code     2  stm32f4xx_hal_tim.o(i.HAL_TIM_TriggerCallback)
    HAL_UART_ErrorCallback                   0x08002b4f   Thumb Code     2  stm32f4xx_hal_uart.o(i.HAL_UART_ErrorCallback)
    HAL_UART_GetState                        0x08002b51   Thumb Code     6  stm32f4xx_hal_uart.o(i.HAL_UART_GetState)
    HAL_UART_IRQHandler                      0x08002b57   Thumb Code   244  stm32f4xx_hal_uart.o(i.HAL_UART_IRQHandler)
    HAL_UART_Receive_IT                      0x08002c4b   Thumb Code   104  stm32f4xx_hal_uart.o(i.HAL_UART_Receive_IT)
    HAL_UART_RxCpltCallback                  0x08002cb5   Thumb Code    76  usart.o(i.HAL_UART_RxCpltCallback)
    HAL_UART_TxCpltCallback                  0x08002d0d   Thumb Code     2  stm32f4xx_hal_uart.o(i.HAL_UART_TxCpltCallback)
    HardFault_Handler                        0x08002d0f   Thumb Code     2  stm32f4xx_it.o(i.HardFault_Handler)
    IIC_Init                                 0x08002d11   Thumb Code    60  myiic.o(i.IIC_Init)
    IIC_Send_Byte                            0x08002d59   Thumb Code    86  myiic.o(i.IIC_Send_Byte)
    IIC_Start                                0x08002db9   Thumb Code    56  myiic.o(i.IIC_Start)
    IIC_Stop                                 0x08002df9   Thumb Code    58  myiic.o(i.IIC_Stop)
    IIC_Wait_Ack                             0x08002e3d   Thumb Code    74  myiic.o(i.IIC_Wait_Ack)
    IWDG_Feed                                0x08002e91   Thumb Code     6  iwdg.o(i.IWDG_Feed)
    IWDG_Init                                0x08002e9d   Thumb Code    28  iwdg.o(i.IWDG_Init)
    ImpTest_Start                            0x08002ec1   Thumb Code    26  ads1299.o(i.ImpTest_Start)
    ImpTest_Stop                             0x08002ee5   Thumb Code    26  ads1299.o(i.ImpTest_Stop)
    LAN8720_Init                             0x08002f09   Thumb Code   220  lan8720.o(i.LAN8720_Init)
    LED_Init                                 0x08002ff9   Thumb Code    48  led.o(i.LED_Init)
    MemManage_Handler                        0x08003031   Thumb Code     2  stm32f4xx_it.o(i.MemManage_Handler)
    NMI_Handler                              0x08003033   Thumb Code     2  stm32f4xx_it.o(i.NMI_Handler)
    PendSV_Handler                           0x08003055   Thumb Code     2  stm32f4xx_it.o(i.PendSV_Handler)
    SPI2_Init                                0x08003059   Thumb Code    62  spi.o(i.SPI2_Init)
    SPI2_ReadWriteByte                       0x080030a1   Thumb Code    28  spi.o(i.SPI2_ReadWriteByte)
    SPI2_SetSpeed                            0x080030c1   Thumb Code    46  spi.o(i.SPI2_SetSpeed)
    SVC_Handler                              0x0800334b   Thumb Code     2  stm32f4xx_it.o(i.SVC_Handler)
    Set_Sps                                  0x0800334d   Thumb Code    54  ads1299.o(i.Set_Sps)
    Stm32_Clock_Init                         0x08003385   Thumb Code   114  sys.o(i.Stm32_Clock_Init)
    SysTick_Handler                          0x08003401   Thumb Code     4  stm32f4xx_it.o(i.SysTick_Handler)
    SystemInit                               0x08003405   Thumb Code    66  system_stm32f4xx.o(i.SystemInit)
    TCA6424A_Init                            0x08003459   Thumb Code   124  tca6424a.o(i.TCA6424A_Init)
    TCA6424A_W                               0x080034e5   Thumb Code    82  tca6424a.o(i.TCA6424A_W)
    TIM2_PWM_Init                            0x08003539   Thumb Code    62  timer.o(i.TIM2_PWM_Init)
    TIM3_IRQHandler                          0x0800357d   Thumb Code     6  timer.o(i.TIM3_IRQHandler)
    TIM3_Init                                0x08003589   Thumb Code    34  timer.o(i.TIM3_Init)
    TIM4_IRQHandler                          0x080035b5   Thumb Code     6  timer.o(i.TIM4_IRQHandler)
    TIM4_Init                                0x080035c1   Thumb Code    34  timer.o(i.TIM4_Init)
    TIM_Base_SetConfig                       0x080035ed   Thumb Code   148  stm32f4xx_hal_tim.o(i.TIM_Base_SetConfig)
    TIM_CCxChannelCmd                        0x080036ad   Thumb Code    22  stm32f4xx_hal_tim.o(i.TIM_CCxChannelCmd)
    TIM_OC2_SetConfig                        0x0800371d   Thumb Code    90  stm32f4xx_hal_tim.o(i.TIM_OC2_SetConfig)
    TIM_SetTIM2                              0x08003831   Thumb Code    12  timer.o(i.TIM_SetTIM2)
    USART1_IRQHandler                        0x08003949   Thumb Code    56  usart.o(i.USART1_IRQHandler)
    UsageFault_Handler                       0x0800398d   Thumb Code     2  stm32f4xx_it.o(i.UsageFault_Handler)
    __0printf$3                              0x08003991   Thumb Code    22  printf3.o(i.__0printf$3)
    __1printf$3                              0x08003991   Thumb Code     0  printf3.o(i.__0printf$3)
    __2printf                                0x08003991   Thumb Code     0  printf3.o(i.__0printf$3)
    __scatterload_copy                       0x080039b1   Thumb Code    14  handlers.o(i.__scatterload_copy)
    __scatterload_null                       0x080039bf   Thumb Code     2  handlers.o(i.__scatterload_null)
    __scatterload_zeroinit                   0x080039c1   Thumb Code    14  handlers.o(i.__scatterload_zeroinit)
    delay_init                               0x08003ba5   Thumb Code    16  delay.o(i.delay_init)
    delay_ms                                 0x08003bb9   Thumb Code    26  delay.o(i.delay_ms)
    delay_us                                 0x08003bd5   Thumb Code    48  delay.o(i.delay_us)
    etharp_output                            0x08003fbd   Thumb Code   290  etharp.o(i.etharp_output)
    etharp_query                             0x08004249   Thumb Code   292  etharp.o(i.etharp_query)
    etharp_request                           0x08004585   Thumb Code    32  etharp.o(i.etharp_request)
    etharp_tmr                               0x08004649   Thumb Code    66  etharp.o(i.etharp_tmr)
    ethernet_input                           0x080047a1   Thumb Code   154  etharp.o(i.ethernet_input)
    ethernetif_init                          0x080048b9   Thumb Code    48  ethernetif.o(i.ethernetif_init)
    ethernetif_input                         0x08004955   Thumb Code    38  ethernetif.o(i.ethernetif_input)
    fputc                                    0x0800497b   Thumb Code    18  fputc.o(i.fputc)
    hardware_init                            0x0800498d   Thumb Code    24  tcp_server_demo.o(i.hardware_init)
    icmp_dest_unreach                        0x080049a5   Thumb Code     8  icmp.o(i.icmp_dest_unreach)
    icmp_input                               0x080049ad   Thumb Code   310  icmp.o(i.icmp_input)
    icmp_time_exceeded                       0x08004d25   Thumb Code     8  icmp.o(i.icmp_time_exceeded)
    inet_chksum                              0x08004d2d   Thumb Code    12  inet_chksum.o(i.inet_chksum)
    inet_chksum_pbuf                         0x08004d39   Thumb Code    72  inet_chksum.o(i.inet_chksum_pbuf)
    ip4_addr_isbroadcast                     0x08004d81   Thumb Code    46  ip_addr.o(i.ip4_addr_isbroadcast)
    ip_frag                                  0x08004db1   Thumb Code   378  ip_frag.o(i.ip_frag)
    ip_input                                 0x0800502d   Thumb Code   326  ip.o(i.ip_input)
    ip_output                                0x0800517d   Thumb Code    72  ip.o(i.ip_output)
    ip_output_if                             0x08005225   Thumb Code   208  ip.o(i.ip_output_if)
    ip_reass                                 0x08005389   Thumb Code   414  ip_frag.o(i.ip_reass)
    ip_reass_tmr                             0x08005a61   Thumb Code    40  ip_frag.o(i.ip_reass_tmr)
    ip_route                                 0x08005a8d   Thumb Code    54  ip.o(i.ip_route)
    lwip_comm_default_ip_set                 0x08005d39   Thumb Code    74  lwip_comm.o(i.lwip_comm_default_ip_set)
    lwip_comm_init                           0x08005d89   Thumb Code   144  lwip_comm.o(i.lwip_comm_init)
    lwip_comm_mem_malloc                     0x08005e25   Thumb Code    36  lwip_comm.o(i.lwip_comm_mem_malloc)
    lwip_htonl                               0x08005e51   Thumb Code     4  def.o(i.lwip_htonl)
    lwip_htons                               0x08005e55   Thumb Code     4  def.o(i.lwip_htons)
    lwip_init                                0x08005e59   Thumb Code    30  init.o(i.lwip_init)
    lwip_ntohl                               0x08005e77   Thumb Code     4  def.o(i.lwip_ntohl)
    lwip_ntohs                               0x08005e7b   Thumb Code     4  def.o(i.lwip_ntohs)
    lwip_periodic_handle                     0x08005e7f   Thumb Code     4  lwip_comm.o(i.lwip_periodic_handle)
    lwip_pkt_handle                          0x08005e85   Thumb Code     6  lwip_comm.o(i.lwip_pkt_handle)
    main                                     0x08005ee7   Thumb Code   130  main.o(i.main)
    mem_free                                 0x08005f69   Thumb Code    92  mem.o(i.mem_free)
    mem_init                                 0x08006045   Thumb Code    38  mem.o(i.mem_init)
    mem_malloc                               0x08006071   Thumb Code   210  mem.o(i.mem_malloc)
    mem_trim                                 0x080061e5   Thumb Code   230  mem.o(i.mem_trim)
    memp_free                                0x08006359   Thumb Code    18  memp.o(i.memp_free)
    memp_get_memorysize                      0x08006371   Thumb Code     6  memp.o(i.memp_get_memorysize)
    memp_init                                0x08006379   Thumb Code    74  memp.o(i.memp_init)
    memp_malloc                              0x080063d1   Thumb Code    44  memp.o(i.memp_malloc)
    my_mem_free                              0x08006471   Thumb Code    80  malloc.o(i.my_mem_free)
    my_mem_init                              0x080064c9   Thumb Code    36  malloc.o(i.my_mem_init)
    my_mem_malloc                            0x080064f5   Thumb Code   128  malloc.o(i.my_mem_malloc)
    my_mem_perused                           0x0800657d   Thumb Code    50  malloc.o(i.my_mem_perused)
    myfree                                   0x080065b9   Thumb Code    20  malloc.o(i.myfree)
    mymalloc                                 0x080065d1   Thumb Code    28  malloc.o(i.mymalloc)
    mymemset                                 0x080065f1   Thumb Code    12  malloc.o(i.mymemset)
    netif_add                                0x080065fd   Thumb Code    94  netif.o(i.netif_add)
    netif_init                               0x080066c9   Thumb Code     2  netif.o(i.netif_init)
    netif_set_addr                           0x080066cb   Thumb Code    32  netif.o(i.netif_set_addr)
    netif_set_default                        0x080066ed   Thumb Code     6  netif.o(i.netif_set_default)
    netif_set_gw                             0x080066f9   Thumb Code     8  netif.o(i.netif_set_gw)
    netif_set_ipaddr                         0x08006701   Thumb Code    96  netif.o(i.netif_set_ipaddr)
    netif_set_netmask                        0x08006769   Thumb Code     8  netif.o(i.netif_set_netmask)
    netif_set_up                             0x08006771   Thumb Code    32  netif.o(i.netif_set_up)
    netmem_free                              0x08006791   Thumb Code    10  tcp_server_demo.o(i.netmem_free)
    netmem_malloc                            0x080067a1   Thumb Code    34  tcp_server_demo.o(i.netmem_malloc)
    pbuf_alloc                               0x080067c9   Thumb Code   374  pbuf.o(i.pbuf_alloc)
    pbuf_alloced_custom                      0x08006a45   Thumb Code    94  pbuf.o(i.pbuf_alloced_custom)
    pbuf_cat                                 0x08006b19   Thumb Code    96  pbuf.o(i.pbuf_cat)
    pbuf_chain                               0x08006c41   Thumb Code    18  pbuf.o(i.pbuf_chain)
    pbuf_clen                                0x08006c53   Thumb Code    18  pbuf.o(i.pbuf_clen)
    pbuf_copy                                0x08006c65   Thumb Code   240  pbuf.o(i.pbuf_copy)
    pbuf_copy_partial                        0x08006e45   Thumb Code   126  pbuf.o(i.pbuf_copy_partial)
    pbuf_free                                0x08006f59   Thumb Code   170  pbuf.o(i.pbuf_free)
    pbuf_header                              0x080070b5   Thumb Code   138  pbuf.o(i.pbuf_header)
    pbuf_realloc                             0x080071cd   Thumb Code   186  pbuf.o(i.pbuf_realloc)
    pbuf_ref                                 0x08007355   Thumb Code    12  pbuf.o(i.pbuf_ref)
    pbuf_take                                0x08007361   Thumb Code   136  pbuf.o(i.pbuf_take)
    raw_input                                0x08007609   Thumb Code   104  raw.o(i.raw_input)
    sys_check_timeouts                       0x0800767d   Thumb Code    74  timers.o(i.sys_check_timeouts)
    sys_now                                  0x080076cd   Thumb Code     6  sys_arch.o(i.sys_now)
    sys_timeout                              0x080076d9   Thumb Code   104  timers.o(i.sys_timeout)
    sys_timeouts_init                        0x080077d9   Thumb Code    36  timers.o(i.sys_timeouts_init)
    tcp_abandon                              0x08007809   Thumb Code   158  tcp.o(i.tcp_abandon)
    tcp_abort                                0x08007931   Thumb Code     6  tcp.o(i.tcp_abort)
    tcp_alloc                                0x08007939   Thumb Code   236  tcp.o(i.tcp_alloc)
    tcp_close                                0x08007a31   Thumb Code    20  tcp.o(i.tcp_close)
    tcp_eff_send_mss                         0x08007c83   Thumb Code    32  tcp.o(i.tcp_eff_send_mss)
    tcp_enqueue_flags                        0x08007ca5   Thumb Code   266  tcp_out.o(i.tcp_enqueue_flags)
    tcp_fasttmr                              0x08007e99   Thumb Code    88  tcp.o(i.tcp_fasttmr)
    tcp_init                                 0x08007ef5   Thumb Code     2  tcp.o(i.tcp_init)
    tcp_input                                0x08007ef9   Thumb Code   890  tcp_in.o(i.tcp_input)
    tcp_keepalive                            0x08008405   Thumb Code    60  tcp_out.o(i.tcp_keepalive)
    tcp_next_iss                             0x08008525   Thumb Code    12  tcp.o(i.tcp_next_iss)
    tcp_output                               0x08008535   Thumb Code   434  tcp_out.o(i.tcp_output)
    tcp_pcb_purge                            0x080089b5   Thumb Code    58  tcp.o(i.tcp_pcb_purge)
    tcp_pcb_remove                           0x080089f1   Thumb Code   126  tcp.o(i.tcp_pcb_remove)
    tcp_process_refused_data                 0x08008f19   Thumb Code   100  tcp.o(i.tcp_process_refused_data)
    tcp_recv_null                            0x08009619   Thumb Code    36  tcp.o(i.tcp_recv_null)
    tcp_recved                               0x0800963d   Thumb Code   104  tcp.o(i.tcp_recved)
    tcp_rexmit                               0x08009741   Thumb Code    82  tcp_out.o(i.tcp_rexmit)
    tcp_rexmit_fast                          0x08009793   Thumb Code    88  tcp_out.o(i.tcp_rexmit_fast)
    tcp_rexmit_rto                           0x080097eb   Thumb Code    46  tcp_out.o(i.tcp_rexmit_rto)
    tcp_rst                                  0x08009819   Thumb Code   138  tcp_out.o(i.tcp_rst)
    tcp_seg_free                             0x08009929   Thumb Code    28  tcp.o(i.tcp_seg_free)
    tcp_segs_free                            0x08009945   Thumb Code    18  tcp.o(i.tcp_segs_free)
    tcp_send_empty_ack                       0x08009957   Thumb Code    72  tcp_out.o(i.tcp_send_empty_ack)
    tcp_send_fin                             0x0800999f   Thumb Code    70  tcp_out.o(i.tcp_send_fin)
    tcp_slowtmr                              0x080099e5   Thumb Code   754  tcp.o(i.tcp_slowtmr)
    tcp_timer_needed                         0x08009e99   Thumb Code    36  timers.o(i.tcp_timer_needed)
    tcp_tmr                                  0x08009f39   Thumb Code    28  tcp.o(i.tcp_tmr)
    tcp_update_rcv_ann_wnd                   0x08009f59   Thumb Code    76  tcp.o(i.tcp_update_rcv_ann_wnd)
    tcp_zero_window_probe                    0x0800a011   Thumb Code   146  tcp_out.o(i.tcp_zero_window_probe)
    udp_bind                                 0x0800a0dd   Thumb Code   192  udp.o(i.udp_bind)
    udp_connect                              0x0800a1fd   Thumb Code    70  udp.o(i.udp_connect)
    udp_demo_connection_close                0x0800a249   Thumb Code    18  tcp_server_demo.o(i.udp_demo_connection_close)
    udp_demo_recv                            0x0800a25d   Thumb Code   130  tcp_server_demo.o(i.udp_demo_recv)
    udp_demo_senddata                        0x0800a2ed   Thumb Code    52  tcp_server_demo.o(i.udp_demo_senddata)
    udp_demo_test                            0x0800a325   Thumb Code   994  tcp_server_demo.o(i.udp_demo_test)
    udp_disconnect                           0x0800a721   Thumb Code    16  udp.o(i.udp_disconnect)
    udp_init                                 0x0800a731   Thumb Code     2  udp.o(i.udp_init)
    udp_input                                0x0800a735   Thumb Code   328  udp.o(i.udp_input)
    udp_new                                  0x0800a901   Thumb Code    26  udp.o(i.udp_new)
    udp_recv                                 0x0800a91b   Thumb Code     6  udp.o(i.udp_recv)
    udp_remove                               0x0800a921   Thumb Code    40  udp.o(i.udp_remove)
    udp_send                                 0x0800a94d   Thumb Code     8  udp.o(i.udp_send)
    udp_sendto                               0x0800a955   Thumb Code    40  udp.o(i.udp_sendto)
    udp_sendto_if                            0x0800a97d   Thumb Code   202  udp.o(i.udp_sendto_if)
    APBAHBPrescTable                         0x0800aac8   Data          16  stm32f4xx_hal_rcc.o(.constdata)
    memtblsize                               0x0800aae0   Data          12  malloc.o(.constdata)
    memblksize                               0x0800aaec   Data          12  malloc.o(.constdata)
    memsize                                  0x0800aaf8   Data          12  malloc.o(.constdata)
    ethbroadcast                             0x0800ab04   Data           6  etharp.o(.constdata)
    ethzero                                  0x0800ab0a   Data           6  etharp.o(.constdata)
    ip_addr_any                              0x0800ab10   Data           4  ip_addr.o(.constdata)
    tcp_persist_backoff                      0x0800ab3c   Data           7  tcp.o(.constdata)
    tcp_state_str                            0x0800ab44   Data          44  tcp.o(.constdata)
    tcp_backoff                              0x0800ab70   Data          13  tcp.o(.constdata)
    tcp_pcb_lists                            0x0800ab80   Data          16  tcp.o(.constdata)
    Region$$Table$$Base                      0x0800aca4   Number         0  anon$$obj.o(Region$$Table)
    Region$$Table$$Limit                     0x0800acc4   Number         0  anon$$obj.o(Region$$Table)
    mem3base                                 0x10000000   Data       61440  malloc.o(.ARM.__AT_0x10000000)
    mem3mapbase                              0x1000f000   Data        3840  malloc.o(.ARM.__AT_0x1000F000)
    SystemCoreClock                          0x20000000   Data           4  system_stm32f4xx.o(.data)
    AHBPrescTable                            0x20000004   Data          16  system_stm32f4xx.o(.data)
    aRxBuffer                                0x2000001c   Data           1  usart.o(.data)
    USART_RX_STA                             0x2000001e   Data           2  usart.o(.data)
    DMARxDscrTab                             0x20000020   Data           4  lan8720.o(.data)
    DMATxDscrTab                             0x20000024   Data           4  lan8720.o(.data)
    Rx_Buff                                  0x20000028   Data           4  lan8720.o(.data)
    Tx_Buff                                  0x2000002c   Data           4  lan8720.o(.data)
    check                                    0x20000030   Data           1  ads1299.o(.data)
    sps                                      0x20000031   Data           1  ads1299.o(.data)
    gain                                     0x20000032   Data           1  ads1299.o(.data)
    index1                                   0x20000033   Data           1  ads1299.o(.data)
    res3                                     0x20000034   Data           1  ads1299.o(.data)
    stat                                     0x20000035   Data           4  ads1299.o(.data)
    TxData0                                  0x20000039   Data          55  ads1299.o(.data)
    temp1                                    0x20000070   Data           1  tca6424a.o(.data)
    mallco_dev                               0x20000074   Data          36  malloc.o(.data)
    lwip_localtime                           0x20000098   Data           4  lwip_comm.o(.data)
    tcp_server_flag                          0x2000009c   Data           1  tcp_server_demo.o(.data)
    ResTest_Flag                             0x2000009d   Data           1  tcp_server_demo.o(.data)
    Imline_Flag                              0x200000a1   Data           1  tcp_server_demo.o(.data)
    netcamfifowrpos                          0x200000a2   Data           2  tcp_server_demo.o(.data)
    len                                      0x200000a6   Data           2  tcp_server_demo.o(.data)
    led_shtime                               0x200000a8   Data           2  tcp_server_demo.o(.data)
    Pwmledduty                               0x200000aa   Data           2  tcp_server_demo.o(.data)
    Pwmledtimer1                             0x200000ae   Data           2  tcp_server_demo.o(.data)
    Pwmledfre                                0x200000b0   Data           2  tcp_server_demo.o(.data)
    led_pwmtime                              0x200000b4   Data           2  tcp_server_demo.o(.data)
    tcp_server_sendbuf                       0x200000b8   Data           4  tcp_server_demo.o(.data)
    netcamfifobuf                            0x200000bc   Data           4  tcp_server_demo.o(.data)
    sendsetbuf                               0x200000c0   Data           5  tcp_server_demo.o(.data)
    setledbuf                                0x200000c5   Data           5  tcp_server_demo.o(.data)
    selftesthbuf                             0x200000ca   Data           5  tcp_server_demo.o(.data)
    ledbuf2                                  0x200000d0   Data          32  tcp_server_demo.o(.data)
    ledbuf3                                  0x200000f0   Data          18  tcp_server_demo.o(.data)
    Res1                                     0x20000104   Data          24  tcp_server_demo.o(.data)
    current_netif                            0x20000124   Data           4  ip.o(.data)
    current_header                           0x20000128   Data           4  ip.o(.data)
    current_iphdr_src                        0x2000012c   Data           4  ip.o(.data)
    current_iphdr_dest                       0x20000130   Data           4  ip.o(.data)
    ram_heap                                 0x2000013c   Data           4  mem.o(.data)
    memp_memory                              0x2000014c   Data           4  memp.o(.data)
    netif_list                               0x20000154   Data           4  netif.o(.data)
    netif_default                            0x20000158   Data           4  netif.o(.data)
    tcp_active_pcbs_changed                  0x20000160   Data           1  tcp.o(.data)
    tcp_ticks                                0x2000016c   Data           4  tcp.o(.data)
    tcp_bound_pcbs                           0x20000170   Data           4  tcp.o(.data)
    tcp_listen_pcbs                          0x20000174   Data           4  tcp.o(.data)
    tcp_active_pcbs                          0x20000178   Data           4  tcp.o(.data)
    tcp_tw_pcbs                              0x2000017c   Data           4  tcp.o(.data)
    tcp_tmp_pcb                              0x20000180   Data           4  tcp.o(.data)
    tcp_input_pcb                            0x2000019c   Data           4  tcp_in.o(.data)
    udp_pcbs                                 0x200001b0   Data           4  udp.o(.data)
    __stdout                                 0x200001b4   Data           4  stdout.o(.data)
    IWDG_Handler                             0x200001b8   Data          16  iwdg.o(.bss)
    USART_RX_BUF                             0x200001c8   Data         200  usart.o(.bss)
    UART1_Handler                            0x20000290   Data          64  usart.o(.bss)
    ETH_Handler                              0x200002d0   Data          72  lan8720.o(.bss)
    TIM3_Handler                             0x20000318   Data          60  timer.o(.bss)
    TIM4_Handler                             0x20000354   Data          60  timer.o(.bss)
    TIM2_Handler                             0x20000390   Data          60  timer.o(.bss)
    TIM2_CH1Handler                          0x200003cc   Data          28  timer.o(.bss)
    parameter                                0x200003e8   Data          10  ads1299.o(.bss)
    adc_buf2                                 0x200003f2   Data         105  ads1299.o(.bss)
    p                                        0x2000045b   Data          18  ads1299.o(.bss)
    SPI3_Handler                             0x20000470   Data          88  spi.o(.bss)
    SPI2_Handler                             0x200004c8   Data          88  spi.o(.bss)
    DMASPIRx_Handler                         0x20000520   Data          88  spi.o(.bss)
    DMASPITx_Handler                         0x20000578   Data          88  spi.o(.bss)
    mem1base                                 0x200005e0   Data       102400  malloc.o(.bss)
    mem1mapbase                              0x200195e0   Data        6400  malloc.o(.bss)
    lwipdev                                  0x2001aee0   Data          23  lwip_comm.o(.bss)
    lwip_netif                               0x2001aef8   Data          48  lwip_comm.o(.bss)
    tcp_server_recvbuf                       0x2001af28   Data         200  tcp_server_demo.o(.bss)
    restestbuf                               0x2001aff0   Data          68  tcp_server_demo.o(.bss)
    __initial_sp                             0x2001b538   Data           0  startup_stm32f407xx.o(STACK)
    mem2base                                 0xc01f4000   Data       61440  malloc.o(.ARM.__AT_0xC01F4000)
    mem2mapbase                              0xc0203000   Data        3840  malloc.o(.ARM.__AT_0xC0203000)



==============================================================================

Memory Map of the image

  Image Entry point : 0x08000189

  Load Region LR_IROM1 (Base: 0x08000000, Size: 0x0000ae7c, Max: 0x00100000, ABSOLUTE, COMPRESSED[0x0000ad4c])

    Execution Region ER_IROM1 (Base: 0x08000000, Size: 0x0000acc4, Max: 0x00100000, ABSOLUTE)

    Base Addr    Size         Type   Attr      Idx    E Section Name        Object

    0x08000000   0x00000188   Data   RO          601    RESET               startup_stm32f407xx.o
    0x08000188   0x00000000   Code   RO         5629  * .ARM.Collect$$$$00000000  mc_w.l(entry.o)
    0x08000188   0x00000004   Code   RO         5903    .ARM.Collect$$$$00000001  mc_w.l(entry2.o)
    0x0800018c   0x00000004   Code   RO         5906    .ARM.Collect$$$$00000004  mc_w.l(entry5.o)
    0x08000190   0x00000000   Code   RO         5908    .ARM.Collect$$$$00000008  mc_w.l(entry7b.o)
    0x08000190   0x00000000   Code   RO         5910    .ARM.Collect$$$$0000000A  mc_w.l(entry8b.o)
    0x08000190   0x00000008   Code   RO         5911    .ARM.Collect$$$$0000000B  mc_w.l(entry9a.o)
    0x08000198   0x00000000   Code   RO         5913    .ARM.Collect$$$$0000000D  mc_w.l(entry10a.o)
    0x08000198   0x00000000   Code   RO         5915    .ARM.Collect$$$$0000000F  mc_w.l(entry11a.o)
    0x08000198   0x00000004   Code   RO         5904    .ARM.Collect$$$$00002712  mc_w.l(entry2.o)
    0x0800019c   0x00000010   Code   RO         3276    .emb_text           sys.o
    0x080001ac   0x00000024   Code   RO          602    .text               startup_stm32f407xx.o
    0x080001d0   0x00000024   Code   RO         5632    .text               mc_w.l(memcpya.o)
    0x080001f4   0x00000024   Code   RO         5634    .text               mc_w.l(memseta.o)
    0x08000218   0x0000001a   Code   RO         5638    .text               mc_w.l(memcmp.o)
    0x08000232   0x0000002c   Code   RO         5920    .text               mc_w.l(uidiv.o)
    0x0800025e   0x00000002   PAD
    0x08000260   0x00000024   Code   RO         5935    .text               mc_w.l(init.o)
    0x08000284   0x00000000   Code   RO         5937    .text               mc_w.l(semi.o)
    0x08000284   0x00000000   Code   RO         5944    .text               mc_w.l(iusesemip.o)
    0x08000284   0x00000056   Code   RO         5955    .text               mc_w.l(__dczerorl2.o)
    0x080002da   0x00000002   PAD
    0x080002dc   0x0000002c   Code   RO         3610    i.ADS1299_CHANGE_CHANEL  ads1299.o
    0x08000308   0x000000e8   Code   RO         3611    i.ADS1299_Check     ads1299.o
    0x080003f0   0x00000026   Code   RO         3612    i.ADS1299_Command   ads1299.o
    0x08000416   0x00000002   PAD
    0x08000418   0x00000058   Code   RO         3613    i.ADS1299_IT        ads1299.o
    0x08000470   0x00000114   Code   RO         3614    i.ADS1299_Init      ads1299.o
    0x08000584   0x0000002c   Code   RO         3615    i.ADS1299_PREG      ads1299.o
    0x080005b0   0x0000002a   Code   RO         3618    i.ADS1299_SDATAC    ads1299.o
    0x080005da   0x00000036   Code   RO         3619    i.ADS1299_WREG      ads1299.o
    0x08000610   0x0000002e   Code   RO         3620    i.ADS1299_WREG_Single  ads1299.o
    0x0800063e   0x00000002   Code   RO          355    i.BusFault_Handler  stm32f4xx_it.o
    0x08000640   0x0000000c   Code   RO          356    i.DMA1_Stream3_IRQHandler  stm32f4xx_it.o
    0x0800064c   0x0000000c   Code   RO          357    i.DMA1_Stream4_IRQHandler  stm32f4xx_it.o
    0x08000658   0x00000028   Code   RO         1714    i.DMA_CalcBaseAndBitshift  stm32f4xx_hal_dma.o
    0x08000680   0x00000028   Code   RO         1715    i.DMA_SetConfig     stm32f4xx_hal_dma.o
    0x080006a8   0x0000059c   Code   RO         4114    i.Data_Process      tcp_server_demo.o
    0x08000c44   0x00000002   Code   RO          358    i.DebugMon_Handler  stm32f4xx_it.o
    0x08000c46   0x0000002e   Code   RO         2798    i.ETH_FlushTransmitFIFO  stm32f4xx_hal_eth.o
    0x08000c74   0x0000001e   Code   RO         3450    i.ETH_GetRxPktSize  lan8720.o
    0x08000c92   0x00000002   PAD
    0x08000c94   0x0000002c   Code   RO         3451    i.ETH_IRQHandler    lan8720.o
    0x08000cc0   0x00000124   Code   RO         2799    i.ETH_MACDMAConfig  stm32f4xx_hal_eth.o
    0x08000de4   0x0000003c   Code   RO         3453    i.ETH_Mem_Malloc    lan8720.o
    0x08000e20   0x0000003c   Code   RO         3621    i.EXTI15_10_IRQHandler  ads1299.o
    0x08000e5c   0x000001a4   Code   RO         1720    i.HAL_DMA_IRQHandler  stm32f4xx_hal_dma.o
    0x08001000   0x00000078   Code   RO         1721    i.HAL_DMA_Init      stm32f4xx_hal_dma.o
    0x08001078   0x0000004e   Code   RO         1724    i.HAL_DMA_Start_IT  stm32f4xx_hal_dma.o
    0x080010c6   0x00000016   Code   RO          616    i.HAL_Delay         stm32f4xx_hal.o
    0x080010dc   0x00000072   Code   RO         2802    i.HAL_ETH_DMARxDescListInit  stm32f4xx_hal_eth.o
    0x0800114e   0x00000078   Code   RO         2803    i.HAL_ETH_DMATxDescListInit  stm32f4xx_hal_eth.o
    0x080011c6   0x0000007a   Code   RO         2806    i.HAL_ETH_GetReceivedFrame  stm32f4xx_hal_eth.o
    0x08001240   0x000001b4   Code   RO         2810    i.HAL_ETH_Init      stm32f4xx_hal_eth.o
    0x080013f4   0x000000d0   Code   RO         3454    i.HAL_ETH_MspInit   lan8720.o
    0x080014c4   0x00000086   Code   RO         2813    i.HAL_ETH_ReadPHYRegister  stm32f4xx_hal_eth.o
    0x0800154a   0x00000084   Code   RO         2815    i.HAL_ETH_Start     stm32f4xx_hal_eth.o
    0x080015ce   0x00000108   Code   RO         2817    i.HAL_ETH_TransmitFrame  stm32f4xx_hal_eth.o
    0x080016d6   0x00000076   Code   RO         2819    i.HAL_ETH_WritePHYRegister  stm32f4xx_hal_eth.o
    0x0800174c   0x000001cc   Code   RO          881    i.HAL_GPIO_Init     stm32f4xx_hal_gpio.o
    0x08001918   0x0000000a   Code   RO          885    i.HAL_GPIO_WritePin  stm32f4xx_hal_gpio.o
    0x08001922   0x00000002   PAD
    0x08001924   0x0000000c   Code   RO          622    i.HAL_GetTick       stm32f4xx_hal.o
    0x08001930   0x0000004a   Code   RO         3191    i.HAL_IWDG_Init     stm32f4xx_hal_iwdg.o
    0x0800197a   0x00000002   Code   RO         3192    i.HAL_IWDG_MspInit  stm32f4xx_hal_iwdg.o
    0x0800197c   0x00000054   Code   RO         3193    i.HAL_IWDG_Refresh  stm32f4xx_hal_iwdg.o
    0x080019d0   0x0000002a   Code   RO         3194    i.HAL_IWDG_Start    stm32f4xx_hal_iwdg.o
    0x080019fa   0x00000002   PAD
    0x080019fc   0x00000010   Code   RO          623    i.HAL_IncTick       stm32f4xx_hal.o
    0x08001a0c   0x00000034   Code   RO          624    i.HAL_Init          stm32f4xx_hal.o
    0x08001a40   0x00000022   Code   RO          625    i.HAL_InitTick      stm32f4xx_hal.o
    0x08001a62   0x00000008   Code   RO          627    i.HAL_MspInit       stm32f4xx_hal.o
    0x08001a6a   0x00000016   Code   RO          758    i.HAL_NVIC_EnableIRQ  stm32f4xx_hal_cortex.o
    0x08001a80   0x00000040   Code   RO          764    i.HAL_NVIC_SetPriority  stm32f4xx_hal_cortex.o
    0x08001ac0   0x00000024   Code   RO          765    i.HAL_NVIC_SetPriorityGrouping  stm32f4xx_hal_cortex.o
    0x08001ae4   0x00000208   Code   RO         1119    i.HAL_RCC_ClockConfig  stm32f4xx_hal_rcc.o
    0x08001cec   0x00000034   Code   RO         1124    i.HAL_RCC_GetHCLKFreq  stm32f4xx_hal_rcc.o
    0x08001d20   0x00000074   Code   RO         1128    i.HAL_RCC_GetSysClockFreq  stm32f4xx_hal_rcc.o
    0x08001d94   0x0000031c   Code   RO         1131    i.HAL_RCC_OscConfig  stm32f4xx_hal_rcc.o
    0x080020b0   0x00000002   Code   RO         3769    i.HAL_SPI_ErrorCallback  spi.o
    0x080020b2   0x00000084   Code   RO         2954    i.HAL_SPI_Init      stm32f4xx_hal_spi.o
    0x08002136   0x00000002   PAD
    0x08002138   0x00000140   Code   RO         3771    i.HAL_SPI_MspInit   spi.o
    0x08002278   0x00000002   Code   RO         2960    i.HAL_SPI_RxCpltCallback  stm32f4xx_hal_spi.o
    0x0800227a   0x00000002   Code   RO         2961    i.HAL_SPI_RxHalfCpltCallback  stm32f4xx_hal_spi.o
    0x0800227c   0x000002aa   Code   RO         2963    i.HAL_SPI_TransmitReceive  stm32f4xx_hal_spi.o
    0x08002526   0x00000002   PAD
    0x08002528   0x00000110   Code   RO         2964    i.HAL_SPI_TransmitReceive_DMA  stm32f4xx_hal_spi.o
    0x08002638   0x000000e4   Code   RO         3622    i.HAL_SPI_TxRxCpltCallback  ads1299.o
    0x0800271c   0x00000002   Code   RO         2971    i.HAL_SPI_TxRxHalfCpltCallback  stm32f4xx_hal_spi.o
    0x0800271e   0x00000018   Code   RO          767    i.HAL_SYSTICK_CLKSourceConfig  stm32f4xx_hal_cortex.o
    0x08002736   0x00000028   Code   RO          769    i.HAL_SYSTICK_Config  stm32f4xx_hal_cortex.o
    0x0800275e   0x00000002   Code   RO         2469    i.HAL_TIMEx_BreakCallback  stm32f4xx_hal_tim_ex.o
    0x08002760   0x00000002   Code   RO         2470    i.HAL_TIMEx_CommutationCallback  stm32f4xx_hal_tim_ex.o
    0x08002762   0x00000036   Code   RO         1840    i.HAL_TIM_Base_Init  stm32f4xx_hal_tim.o
    0x08002798   0x00000068   Code   RO         3533    i.HAL_TIM_Base_MspInit  timer.o
    0x08002800   0x00000018   Code   RO         1845    i.HAL_TIM_Base_Start_IT  stm32f4xx_hal_tim.o
    0x08002818   0x00000002   Code   RO         1869    i.HAL_TIM_IC_CaptureCallback  stm32f4xx_hal_tim.o
    0x0800281a   0x00000166   Code   RO         1882    i.HAL_TIM_IRQHandler  stm32f4xx_hal_tim.o
    0x08002980   0x00000002   Code   RO         1885    i.HAL_TIM_OC_DelayElapsedCallback  stm32f4xx_hal_tim.o
    0x08002982   0x000000d0   Code   RO         1906    i.HAL_TIM_PWM_ConfigChannel  stm32f4xx_hal_tim.o
    0x08002a52   0x00000036   Code   RO         1909    i.HAL_TIM_PWM_Init  stm32f4xx_hal_tim.o
    0x08002a88   0x00000050   Code   RO         3534    i.HAL_TIM_PWM_MspInit  timer.o
    0x08002ad8   0x00000002   Code   RO         1912    i.HAL_TIM_PWM_PulseFinishedCallback  stm32f4xx_hal_tim.o
    0x08002ada   0x00000002   PAD
    0x08002adc   0x00000038   Code   RO         1913    i.HAL_TIM_PWM_Start  stm32f4xx_hal_tim.o
    0x08002b14   0x00000038   Code   RO         3535    i.HAL_TIM_PeriodElapsedCallback  timer.o
    0x08002b4c   0x00000002   Code   RO         1923    i.HAL_TIM_TriggerCallback  stm32f4xx_hal_tim.o
    0x08002b4e   0x00000002   Code   RO         1271    i.HAL_UART_ErrorCallback  stm32f4xx_hal_uart.o
    0x08002b50   0x00000006   Code   RO         1273    i.HAL_UART_GetState  stm32f4xx_hal_uart.o
    0x08002b56   0x000000f4   Code   RO         1274    i.HAL_UART_IRQHandler  stm32f4xx_hal_uart.o
    0x08002c4a   0x00000068   Code   RO         1280    i.HAL_UART_Receive_IT  stm32f4xx_hal_uart.o
    0x08002cb2   0x00000002   PAD
    0x08002cb4   0x00000058   Code   RO         3305    i.HAL_UART_RxCpltCallback  usart.o
    0x08002d0c   0x00000002   Code   RO         1286    i.HAL_UART_TxCpltCallback  stm32f4xx_hal_uart.o
    0x08002d0e   0x00000002   Code   RO          359    i.HardFault_Handler  stm32f4xx_it.o
    0x08002d10   0x00000048   Code   RO         3385    i.IIC_Init          myiic.o
    0x08002d58   0x00000060   Code   RO         3388    i.IIC_Send_Byte     myiic.o
    0x08002db8   0x00000040   Code   RO         3389    i.IIC_Start         myiic.o
    0x08002df8   0x00000044   Code   RO         3390    i.IIC_Stop          myiic.o
    0x08002e3c   0x00000054   Code   RO         3391    i.IIC_Wait_Ack      myiic.o
    0x08002e90   0x0000000c   Code   RO          569    i.IWDG_Feed         iwdg.o
    0x08002e9c   0x00000024   Code   RO          570    i.IWDG_Init         iwdg.o
    0x08002ec0   0x00000024   Code   RO         3623    i.ImpTest_Start     ads1299.o
    0x08002ee4   0x00000024   Code   RO         3624    i.ImpTest_Stop      ads1299.o
    0x08002f08   0x000000f0   Code   RO         3456    i.LAN8720_Init      lan8720.o
    0x08002ff8   0x00000038   Code   RO         3916    i.LED_Init          led.o
    0x08003030   0x00000002   Code   RO          360    i.MemManage_Handler  stm32f4xx_it.o
    0x08003032   0x00000002   Code   RO          361    i.NMI_Handler       stm32f4xx_it.o
    0x08003034   0x00000020   Code   RO          771    i.NVIC_SetPriority  stm32f4xx_hal_cortex.o
    0x08003054   0x00000002   Code   RO          362    i.PendSV_Handler    stm32f4xx_it.o
    0x08003056   0x00000002   PAD
    0x08003058   0x00000048   Code   RO         3772    i.SPI2_Init         spi.o
    0x080030a0   0x00000020   Code   RO         3773    i.SPI2_ReadWriteByte  spi.o
    0x080030c0   0x00000034   Code   RO         3774    i.SPI2_SetSpeed     spi.o
    0x080030f4   0x0000009a   Code   RO         2973    i.SPI_DMAEndTransmitReceive  stm32f4xx_hal_spi.o
    0x0800318e   0x0000001e   Code   RO         2974    i.SPI_DMAError      stm32f4xx_hal_spi.o
    0x080031ac   0x0000000a   Code   RO         2975    i.SPI_DMAHalfReceiveCplt  stm32f4xx_hal_spi.o
    0x080031b6   0x0000000a   Code   RO         2977    i.SPI_DMAHalfTransmitReceiveCplt  stm32f4xx_hal_spi.o
    0x080031c0   0x000000c0   Code   RO         2978    i.SPI_DMAReceiveCplt  stm32f4xx_hal_spi.o
    0x08003280   0x0000002c   Code   RO         2980    i.SPI_DMATransmitReceiveCplt  stm32f4xx_hal_spi.o
    0x080032ac   0x0000009e   Code   RO         2985    i.SPI_WaitOnFlagUntilTimeout  stm32f4xx_hal_spi.o
    0x0800334a   0x00000002   Code   RO          363    i.SVC_Handler       stm32f4xx_it.o
    0x0800334c   0x00000036   Code   RO         3626    i.Set_Sps           ads1299.o
    0x08003382   0x00000002   PAD
    0x08003384   0x0000007c   Code   RO         3277    i.Stm32_Clock_Init  sys.o
    0x08003400   0x00000004   Code   RO          364    i.SysTick_Handler   stm32f4xx_it.o
    0x08003404   0x00000054   Code   RO          446    i.SystemInit        system_stm32f4xx.o
    0x08003458   0x0000008c   Code   RO         3863    i.TCA6424A_Init     tca6424a.o
    0x080034e4   0x00000052   Code   RO         3865    i.TCA6424A_W        tca6424a.o
    0x08003536   0x00000002   PAD
    0x08003538   0x00000044   Code   RO         3536    i.TIM2_PWM_Init     timer.o
    0x0800357c   0x0000000c   Code   RO         3537    i.TIM3_IRQHandler   timer.o
    0x08003588   0x0000002c   Code   RO         3538    i.TIM3_Init         timer.o
    0x080035b4   0x0000000c   Code   RO         3539    i.TIM4_IRQHandler   timer.o
    0x080035c0   0x0000002c   Code   RO         3540    i.TIM4_Init         timer.o
    0x080035ec   0x000000c0   Code   RO         1924    i.TIM_Base_SetConfig  stm32f4xx_hal_tim.o
    0x080036ac   0x00000016   Code   RO         1925    i.TIM_CCxChannelCmd  stm32f4xx_hal_tim.o
    0x080036c2   0x00000002   PAD
    0x080036c4   0x00000058   Code   RO         1933    i.TIM_OC1_SetConfig  stm32f4xx_hal_tim.o
    0x0800371c   0x00000064   Code   RO         1934    i.TIM_OC2_SetConfig  stm32f4xx_hal_tim.o
    0x08003780   0x00000060   Code   RO         1935    i.TIM_OC3_SetConfig  stm32f4xx_hal_tim.o
    0x080037e0   0x00000050   Code   RO         1936    i.TIM_OC4_SetConfig  stm32f4xx_hal_tim.o
    0x08003830   0x0000000c   Code   RO         3541    i.TIM_SetTIM2       timer.o
    0x0800383c   0x000000a6   Code   RO         1293    i.UART_Receive_IT   stm32f4xx_hal_uart.o
    0x080038e2   0x00000066   Code   RO         1295    i.UART_Transmit_IT  stm32f4xx_hal_uart.o
    0x08003948   0x00000044   Code   RO         3306    i.USART1_IRQHandler  usart.o
    0x0800398c   0x00000002   Code   RO          365    i.UsageFault_Handler  stm32f4xx_it.o
    0x0800398e   0x00000002   PAD
    0x08003990   0x00000020   Code   RO         5731    i.__0printf$3       mc_w.l(printf3.o)
    0x080039b0   0x0000000e   Code   RO         5949    i.__scatterload_copy  mc_w.l(handlers.o)
    0x080039be   0x00000002   Code   RO         5950    i.__scatterload_null  mc_w.l(handlers.o)
    0x080039c0   0x0000000e   Code   RO         5951    i.__scatterload_zeroinit  mc_w.l(handlers.o)
    0x080039ce   0x00000002   PAD
    0x080039d0   0x000001b8   Code   RO         5738    i._printf_core      mc_w.l(printf3.o)
    0x08003b88   0x0000001c   Code   RO         5416    i.arp_timer         timers.o
    0x08003ba4   0x00000014   Code   RO         3238    i.delay_init        delay.o
    0x08003bb8   0x0000001a   Code   RO         3239    i.delay_ms          delay.o
    0x08003bd2   0x00000002   PAD
    0x08003bd4   0x00000034   Code   RO         3240    i.delay_us          delay.o
    0x08003c08   0x00000154   Code   RO         4210    i.etharp_arp_input  etharp.o
    0x08003d5c   0x0000023c   Code   RO         4213    i.etharp_find_entry  etharp.o
    0x08003f98   0x00000024   Code   RO         4214    i.etharp_free_entry  etharp.o
    0x08003fbc   0x000001b0   Code   RO         4215    i.etharp_output     etharp.o
    0x0800416c   0x000000dc   Code   RO         4216    i.etharp_output_to_arp_index  etharp.o
    0x08004248   0x000001c4   Code   RO         4217    i.etharp_query      etharp.o
    0x0800440c   0x00000178   Code   RO         4218    i.etharp_raw        etharp.o
    0x08004584   0x00000024   Code   RO         4219    i.etharp_request    etharp.o
    0x080045a8   0x000000a0   Code   RO         4220    i.etharp_send_ip    etharp.o
    0x08004648   0x00000048   Code   RO         4221    i.etharp_tmr        etharp.o
    0x08004690   0x00000110   Code   RO         4222    i.etharp_update_arp_entry  etharp.o
    0x080047a0   0x00000118   Code   RO         4223    i.ethernet_input    etharp.o
    0x080048b8   0x0000009c   Code   RO         4311    i.ethernetif_init   ethernetif.o
    0x08004954   0x00000026   Code   RO         4312    i.ethernetif_input  ethernetif.o
    0x0800497a   0x00000012   Code   RO         5917    i.fputc             mc_w.l(fputc.o)
    0x0800498c   0x00000018   Code   RO         4115    i.hardware_init     tcp_server_demo.o
    0x080049a4   0x00000008   Code   RO         4377    i.icmp_dest_unreach  icmp.o
    0x080049ac   0x00000280   Code   RO         4378    i.icmp_input        icmp.o
    0x08004c2c   0x000000f8   Code   RO         4379    i.icmp_send_response  icmp.o
    0x08004d24   0x00000008   Code   RO         4380    i.icmp_time_exceeded  icmp.o
    0x08004d2c   0x0000000c   Code   RO         4428    i.inet_chksum       inet_chksum.o
    0x08004d38   0x00000048   Code   RO         4429    i.inet_chksum_pbuf  inet_chksum.o
    0x08004d80   0x0000002e   Code   RO         4517    i.ip4_addr_isbroadcast  ip_addr.o
    0x08004dae   0x00000002   PAD
    0x08004db0   0x000001f8   Code   RO         4571    i.ip_frag           ip_frag.o
    0x08004fa8   0x00000084   Code   RO         4572    i.ip_frag_free_pbuf_custom_ref  ip_frag.o
    0x0800502c   0x00000150   Code   RO         4466    i.ip_input          ip.o
    0x0800517c   0x000000a8   Code   RO         4467    i.ip_output         ip.o
    0x08005224   0x00000164   Code   RO         4468    i.ip_output_if      ip.o
    0x08005388   0x000001a4   Code   RO         4573    i.ip_reass          ip_frag.o
    0x0800552c   0x00000274   Code   RO         4574    i.ip_reass_chain_frag_into_datagram_and_validate  ip_frag.o
    0x080057a0   0x000000ac   Code   RO         4575    i.ip_reass_dequeue_datagram  ip_frag.o
    0x0800584c   0x00000184   Code   RO         4576    i.ip_reass_free_complete_datagram  ip_frag.o
    0x080059d0   0x00000074   Code   RO         4577    i.ip_reass_remove_oldest_datagram  ip_frag.o
    0x08005a44   0x0000001c   Code   RO         5417    i.ip_reass_timer    timers.o
    0x08005a60   0x0000002c   Code   RO         4578    i.ip_reass_tmr      ip_frag.o
    0x08005a8c   0x00000040   Code   RO         4469    i.ip_route          ip.o
    0x08005acc   0x0000008c   Code   RO         4579    i.ipfrag_free_pbuf_custom  ip_frag.o
    0x08005b58   0x0000007c   Code   RO         4313    i.low_level_init    ethernetif.o
    0x08005bd4   0x000000bc   Code   RO         4314    i.low_level_input   ethernetif.o
    0x08005c90   0x000000a8   Code   RO         4315    i.low_level_output  ethernetif.o
    0x08005d38   0x00000050   Code   RO         4023    i.lwip_comm_default_ip_set  lwip_comm.o
    0x08005d88   0x0000009c   Code   RO         4024    i.lwip_comm_init    lwip_comm.o
    0x08005e24   0x0000002c   Code   RO         4026    i.lwip_comm_mem_malloc  lwip_comm.o
    0x08005e50   0x00000004   Code   RO         4627    i.lwip_htonl        def.o
    0x08005e54   0x00000004   Code   RO         4628    i.lwip_htons        def.o
    0x08005e58   0x0000001e   Code   RO         4668    i.lwip_init         init.o
    0x08005e76   0x00000004   Code   RO         4629    i.lwip_ntohl        def.o
    0x08005e7a   0x00000004   Code   RO         4630    i.lwip_ntohs        def.o
    0x08005e7e   0x00000004   Code   RO         4027    i.lwip_periodic_handle  lwip_comm.o
    0x08005e82   0x00000002   PAD
    0x08005e84   0x0000000c   Code   RO         4028    i.lwip_pkt_handle   lwip_comm.o
    0x08005e90   0x00000056   Code   RO         4432    i.lwip_standard_chksum  inet_chksum.o
    0x08005ee6   0x00000082   Code   RO            4    i.main              main.o
    0x08005f68   0x000000dc   Code   RO         4705    i.mem_free          mem.o
    0x08006044   0x0000002c   Code   RO         4706    i.mem_init          mem.o
    0x08006070   0x00000174   Code   RO         4707    i.mem_malloc        mem.o
    0x080061e4   0x00000174   Code   RO         4708    i.mem_trim          mem.o
    0x08006358   0x00000018   Code   RO         4748    i.memp_free         memp.o
    0x08006370   0x00000006   Code   RO         4749    i.memp_get_memorysize  memp.o
    0x08006376   0x00000002   PAD
    0x08006378   0x00000058   Code   RO         4750    i.memp_init         memp.o
    0x080063d0   0x000000a0   Code   RO         4751    i.memp_malloc       memp.o
    0x08006470   0x00000058   Code   RO         3940    i.my_mem_free       malloc.o
    0x080064c8   0x0000002c   Code   RO         3941    i.my_mem_init       malloc.o
    0x080064f4   0x00000088   Code   RO         3942    i.my_mem_malloc     malloc.o
    0x0800657c   0x0000003c   Code   RO         3943    i.my_mem_perused    malloc.o
    0x080065b8   0x00000018   Code   RO         3944    i.myfree            malloc.o
    0x080065d0   0x00000020   Code   RO         3945    i.mymalloc          malloc.o
    0x080065f0   0x0000000c   Code   RO         3947    i.mymemset          malloc.o
    0x080065fc   0x000000cc   Code   RO         4792    i.netif_add         netif.o
    0x080066c8   0x00000002   Code   RO         4794    i.netif_init        netif.o
    0x080066ca   0x00000020   Code   RO         4796    i.netif_set_addr    netif.o
    0x080066ea   0x00000002   PAD
    0x080066ec   0x0000000c   Code   RO         4797    i.netif_set_default  netif.o
    0x080066f8   0x00000008   Code   RO         4799    i.netif_set_gw      netif.o
    0x08006700   0x00000068   Code   RO         4800    i.netif_set_ipaddr  netif.o
    0x08006768   0x00000008   Code   RO         4803    i.netif_set_netmask  netif.o
    0x08006770   0x00000020   Code   RO         4804    i.netif_set_up      netif.o
    0x08006790   0x00000010   Code   RO         4118    i.netmem_free       tcp_server_demo.o
    0x080067a0   0x00000028   Code   RO         4119    i.netmem_malloc     tcp_server_demo.o
    0x080067c8   0x0000027c   Code   RO         4882    i.pbuf_alloc        pbuf.o
    0x08006a44   0x000000d4   Code   RO         4883    i.pbuf_alloced_custom  pbuf.o
    0x08006b18   0x00000128   Code   RO         4884    i.pbuf_cat          pbuf.o
    0x08006c40   0x00000012   Code   RO         4885    i.pbuf_chain        pbuf.o
    0x08006c52   0x00000012   Code   RO         4886    i.pbuf_clen         pbuf.o
    0x08006c64   0x000001e0   Code   RO         4888    i.pbuf_copy         pbuf.o
    0x08006e44   0x00000114   Code   RO         4889    i.pbuf_copy_partial  pbuf.o
    0x08006f58   0x0000015c   Code   RO         4891    i.pbuf_free         pbuf.o
    0x080070b4   0x00000118   Code   RO         4893    i.pbuf_header       pbuf.o
    0x080071cc   0x00000188   Code   RO         4896    i.pbuf_realloc      pbuf.o
    0x08007354   0x0000000c   Code   RO         4897    i.pbuf_ref          pbuf.o
    0x08007360   0x0000013c   Code   RO         4899    i.pbuf_take         pbuf.o
    0x0800749c   0x0000016c   Code   RO         4709    i.plug_holes        mem.o
    0x08007608   0x00000074   Code   RO         4997    i.raw_input         raw.o
    0x0800767c   0x00000050   Code   RO         5418    i.sys_check_timeouts  timers.o
    0x080076cc   0x0000000c   Code   RO         5556    i.sys_now           sys_arch.o
    0x080076d8   0x00000100   Code   RO         5420    i.sys_timeout       timers.o
    0x080077d8   0x00000030   Code   RO         5421    i.sys_timeouts_init  timers.o
    0x08007808   0x00000128   Code   RO         5057    i.tcp_abandon       tcp.o
    0x08007930   0x00000006   Code   RO         5058    i.tcp_abort         tcp.o
    0x08007936   0x00000002   PAD
    0x08007938   0x000000f8   Code   RO         5061    i.tcp_alloc         tcp.o
    0x08007a30   0x00000014   Code   RO         5064    i.tcp_close         tcp.o
    0x08007a44   0x000001a4   Code   RO         5065    i.tcp_close_shutdown  tcp.o
    0x08007be8   0x0000009a   Code   RO         5318    i.tcp_create_segment  tcp_out.o
    0x08007c82   0x00000020   Code   RO         5068    i.tcp_eff_send_mss  tcp.o
    0x08007ca2   0x00000002   PAD
    0x08007ca4   0x000001f4   Code   RO         5319    i.tcp_enqueue_flags  tcp_out.o
    0x08007e98   0x0000005c   Code   RO         5070    i.tcp_fasttmr       tcp.o
    0x08007ef4   0x00000002   Code   RO         5071    i.tcp_init          tcp.o
    0x08007ef6   0x00000002   PAD
    0x08007ef8   0x0000050c   Code   RO         5270    i.tcp_input         tcp_in.o
    0x08008404   0x0000003c   Code   RO         5320    i.tcp_keepalive     tcp_out.o
    0x08008440   0x000000e4   Code   RO         5271    i.tcp_listen_input  tcp_in.o
    0x08008524   0x00000010   Code   RO         5075    i.tcp_next_iss      tcp.o
    0x08008534   0x0000024c   Code   RO         5321    i.tcp_output        tcp_out.o
    0x08008780   0x00000104   Code   RO         5322    i.tcp_output_alloc_header  tcp_out.o
    0x08008884   0x000000b0   Code   RO         5323    i.tcp_output_segment  tcp_out.o
    0x08008934   0x00000080   Code   RO         5272    i.tcp_parseopt      tcp_in.o
    0x080089b4   0x0000003a   Code   RO         5076    i.tcp_pcb_purge     tcp.o
    0x080089ee   0x00000002   PAD
    0x080089f0   0x00000108   Code   RO         5077    i.tcp_pcb_remove    tcp.o
    0x08008af8   0x00000420   Code   RO         5273    i.tcp_process       tcp_in.o
    0x08008f18   0x00000064   Code   RO         5079    i.tcp_process_refused_data  tcp.o
    0x08008f7c   0x0000069c   Code   RO         5274    i.tcp_receive       tcp_in.o
    0x08009618   0x00000024   Code   RO         5081    i.tcp_recv_null     tcp.o
    0x0800963c   0x00000104   Code   RO         5082    i.tcp_recved        tcp.o
    0x08009740   0x00000052   Code   RO         5325    i.tcp_rexmit        tcp_out.o
    0x08009792   0x00000058   Code   RO         5326    i.tcp_rexmit_fast   tcp_out.o
    0x080097ea   0x0000002e   Code   RO         5327    i.tcp_rexmit_rto    tcp_out.o
    0x08009818   0x00000110   Code   RO         5328    i.tcp_rst           tcp_out.o
    0x08009928   0x0000001c   Code   RO         5083    i.tcp_seg_free      tcp.o
    0x08009944   0x00000012   Code   RO         5084    i.tcp_segs_free     tcp.o
    0x08009956   0x00000048   Code   RO         5329    i.tcp_send_empty_ack  tcp_out.o
    0x0800999e   0x00000046   Code   RO         5330    i.tcp_send_fin      tcp_out.o
    0x080099e4   0x000004b4   Code   RO         5088    i.tcp_slowtmr       tcp.o
    0x08009e98   0x00000034   Code   RO         5423    i.tcp_timer_needed  timers.o
    0x08009ecc   0x0000006c   Code   RO         5275    i.tcp_timewait_input  tcp_in.o
    0x08009f38   0x00000020   Code   RO         5089    i.tcp_tmr           tcp.o
    0x08009f58   0x000000b8   Code   RO         5090    i.tcp_update_rcv_ann_wnd  tcp.o
    0x0800a010   0x00000092   Code   RO         5333    i.tcp_zero_window_probe  tcp_out.o
    0x0800a0a2   0x00000002   PAD
    0x0800a0a4   0x00000038   Code   RO         5424    i.tcpip_tcp_timer   timers.o
    0x0800a0dc   0x00000120   Code   RO         5475    i.udp_bind          udp.o
    0x0800a1fc   0x0000004c   Code   RO         5476    i.udp_connect       udp.o
    0x0800a248   0x00000012   Code   RO         4120    i.udp_demo_connection_close  tcp_server_demo.o
    0x0800a25a   0x00000002   PAD
    0x0800a25c   0x00000090   Code   RO         4121    i.udp_demo_recv     tcp_server_demo.o
    0x0800a2ec   0x00000038   Code   RO         4122    i.udp_demo_senddata  tcp_server_demo.o
    0x0800a324   0x000003fc   Code   RO         4123    i.udp_demo_test     tcp_server_demo.o
    0x0800a720   0x00000010   Code   RO         5477    i.udp_disconnect    udp.o
    0x0800a730   0x00000002   Code   RO         5478    i.udp_init          udp.o
    0x0800a732   0x00000002   PAD
    0x0800a734   0x000001cc   Code   RO         5479    i.udp_input         udp.o
    0x0800a900   0x0000001a   Code   RO         5480    i.udp_new           udp.o
    0x0800a91a   0x00000006   Code   RO         5481    i.udp_recv          udp.o
    0x0800a920   0x0000002c   Code   RO         5482    i.udp_remove        udp.o
    0x0800a94c   0x00000008   Code   RO         5483    i.udp_send          udp.o
    0x0800a954   0x00000028   Code   RO         5484    i.udp_sendto        udp.o
    0x0800a97c   0x0000014c   Code   RO         5485    i.udp_sendto_if     udp.o
    0x0800aac8   0x00000010   Data   RO         1132    .constdata          stm32f4xx_hal_rcc.o
    0x0800aad8   0x00000008   Data   RO         1725    .constdata          stm32f4xx_hal_dma.o
    0x0800aae0   0x00000024   Data   RO         3955    .constdata          malloc.o
    0x0800ab04   0x0000000c   Data   RO         4225    .constdata          etharp.o
    0x0800ab10   0x00000004   Data   RO         4524    .constdata          ip_addr.o
    0x0800ab14   0x00000028   Data   RO         4753    .constdata          memp.o
    0x0800ab3c   0x00000054   Data   RO         5091    .constdata          tcp.o
    0x0800ab90   0x00000044   Data   RO         4226    .conststring        etharp.o
    0x0800abd4   0x00000075   Data   RO         5092    .conststring        tcp.o
    0x0800ac49   0x00000003   PAD
    0x0800ac4c   0x00000055   Data   RO         5334    .conststring        tcp_out.o
    0x0800aca1   0x00000003   PAD
    0x0800aca4   0x00000020   Data   RO         5947    Region$$Table       anon$$obj.o


    Execution Region RW_IRAM1 (Base: 0x20000000, Size: 0x0001b538, Max: 0x00020000, ABSOLUTE, COMPRESSED[0x00000088])

    Base Addr    Size         Type   Attr      Idx    E Section Name        Object

    0x20000000   0x00000014   Data   RW          447    .data               system_stm32f4xx.o
    0x20000014   0x00000004   Data   RW          630    .data               stm32f4xx_hal.o
    0x20000018   0x00000004   Data   RW         3241    .data               delay.o
    0x2000001c   0x00000004   Data   RW         3309    .data               usart.o
    0x20000020   0x00000010   Data   RW         3460    .data               lan8720.o
    0x20000030   0x00000040   Data   RW         3628    .data               ads1299.o
    0x20000070   0x00000001   Data   RW         3868    .data               tca6424a.o
    0x20000071   0x00000003   PAD
    0x20000074   0x00000024   Data   RW         3956    .data               malloc.o
    0x20000098   0x00000004   Data   RW         4032    .data               lwip_comm.o
    0x2000009c   0x00000080   Data   RW         4126    .data               tcp_server_demo.o
    0x2000011c   0x00000001   Data   RW         4227    .data               etharp.o
    0x2000011d   0x00000003   PAD
    0x20000120   0x00000014   Data   RW         4470    .data               ip.o
    0x20000134   0x00000008   Data   RW         4580    .data               ip_frag.o
    0x2000013c   0x00000010   Data   RW         4710    .data               mem.o
    0x2000014c   0x00000004   Data   RW         4754    .data               memp.o
    0x20000150   0x0000000c   Data   RW         4805    .data               netif.o
    0x2000015c   0x00000004   Data   RW         5003    .data               raw.o
    0x20000160   0x00000024   Data   RW         5093    .data               tcp.o
    0x20000184   0x0000001c   Data   RW         5277    .data               tcp_in.o
    0x200001a0   0x0000000c   Data   RW         5425    .data               timers.o
    0x200001ac   0x00000008   Data   RW         5486    .data               udp.o
    0x200001b4   0x00000004   Data   RW         5919    .data               mc_w.l(stdout.o)
    0x200001b8   0x00000010   Zero   RW          571    .bss                iwdg.o
    0x200001c8   0x00000108   Zero   RW         3308    .bss                usart.o
    0x200002d0   0x00000048   Zero   RW         3459    .bss                lan8720.o
    0x20000318   0x000000d0   Zero   RW         3542    .bss                timer.o
    0x200003e8   0x00000085   Zero   RW         3627    .bss                ads1299.o
    0x2000046d   0x00000003   PAD
    0x20000470   0x00000160   Zero   RW         3778    .bss                spi.o
    0x200005d0   0x00000010   PAD
    0x200005e0   0x00019000   Zero   RW         3953    .bss                malloc.o
    0x200195e0   0x00001900   Zero   RW         3954    .bss                malloc.o
    0x2001aee0   0x00000048   Zero   RW         4029    .bss                lwip_comm.o
    0x2001af28   0x0000010c   Zero   RW         4124    .bss                tcp_server_demo.o
    0x2001b034   0x000000c8   Zero   RW         4224    .bss                etharp.o
    0x2001b0fc   0x00000028   Zero   RW         4752    .bss                memp.o
    0x2001b124   0x00000010   Zero   RW         5276    .bss                tcp_in.o
    0x2001b134   0x00000004   PAD
    0x2001b138   0x00000400   Zero   RW          599    STACK               startup_stm32f407xx.o



  Load Region LR$$.ARM.__AT_0x10000000 (Base: 0x10000000, Size: 0x00000000, Max: 0x0000f000, ABSOLUTE)

    Execution Region ER$$.ARM.__AT_0x10000000 (Base: 0x10000000, Size: 0x0000f000, Max: 0x0000f000, ABSOLUTE, UNINIT)

    Base Addr    Size         Type   Attr      Idx    E Section Name        Object

    0x10000000   0x0000f000   Zero   RW         3949    .ARM.__AT_0x10000000  malloc.o



  Load Region LR$$.ARM.__AT_0x1000F000 (Base: 0x1000f000, Size: 0x00000000, Max: 0x00000f00, ABSOLUTE)

    Execution Region ER$$.ARM.__AT_0x1000F000 (Base: 0x1000f000, Size: 0x00000f00, Max: 0x00000f00, ABSOLUTE, UNINIT)

    Base Addr    Size         Type   Attr      Idx    E Section Name        Object

    0x1000f000   0x00000f00   Zero   RW         3950    .ARM.__AT_0x1000F000  malloc.o



  Load Region LR$$.ARM.__AT_0xC01F4000 (Base: 0xc01f4000, Size: 0x00000000, Max: 0x0000f000, ABSOLUTE)

    Execution Region ER$$.ARM.__AT_0xC01F4000 (Base: 0xc01f4000, Size: 0x0000f000, Max: 0x0000f000, ABSOLUTE, UNINIT)

    Base Addr    Size         Type   Attr      Idx    E Section Name        Object

    0xc01f4000   0x0000f000   Zero   RW         3951    .ARM.__AT_0xC01F4000  malloc.o



  Load Region LR$$.ARM.__AT_0xC0203000 (Base: 0xc0203000, Size: 0x00000000, Max: 0x00000f00, ABSOLUTE)

    Execution Region ER$$.ARM.__AT_0xC0203000 (Base: 0xc0203000, Size: 0x00000f00, Max: 0x00000f00, ABSOLUTE, UNINIT)

    Base Addr    Size         Type   Attr      Idx    E Section Name        Object

    0xc0203000   0x00000f00   Zero   RW         3952    .ARM.__AT_0xC0203000  malloc.o


==============================================================================

Image component sizes


      Code (inc. data)   RO Data    RW Data    ZI Data      Debug   Object Name

      1278        126          0         64        133      15604   ads1299.o
        16          0          0          0          0       2686   def.o
        98          8          0          4          0       2039   delay.o
      3248       1302         80          1        200      14733   etharp.o
       674        144          0          0          0       7296   ethernetif.o
       904        458          0          0          0       3750   icmp.o
         0          0          0          0          0       3848   inet.o
       170          0          0          0          0       2949   inet_chksum.o
        30          0          0          0          0        564   init.o
       924        264          0         20          0       8305   ip.o
        46          0          4          0          0       7246   ip_addr.o
      2544        932          0          8          0      10756   ip_frag.o
        48         14          0          0         16       1223   iwdg.o
       582         48          0         16         72       4470   lan8720.o
        56          8          0          0          0        903   led.o
       296         32          0          4         72      15411   lwip_comm.o
       130          0          0          0          0     732595   main.o
       396         42         36         36     239360       6781   malloc.o
      1372        648          0         16          0       5461   mem.o
       278        136         40          4         40       4038   memp.o
       384         50          0          0          0       3369   myiic.o
       402        124          0         12          0       8023   netif.o
      3284       1676          0          0          0      11495   pbuf.o
       116         12          0          4          0       1636   raw.o
       478         42          0          0        352       4118   spi.o
        36          8        392          0       1024        840   startup_stm32f407xx.o
       144         16          0          4          0       4928   stm32f4xx_hal.o
       218         14          0          0          0      31053   stm32f4xx_hal_cortex.o
       698         16          8          0          0       4695   stm32f4xx_hal_dma.o
      1778         66          0          0          0      10971   stm32f4xx_hal_eth.o
       470         48          0          0          0       2708   stm32f4xx_hal_gpio.o
       202          0          0          0          0       3247   stm32f4xx_hal_iwdg.o
      1484         56         16          0          0       5317   stm32f4xx_hal_rcc.o
      1690         20          0          0          0      10816   stm32f4xx_hal_spi.o
      1340         88          0          0          0      13262   stm32f4xx_hal_tim.o
         4          0          0          0          0       1734   stm32f4xx_hal_tim_ex.o
       626          0          0          0          0       6127   stm32f4xx_hal_uart.o
        44          8          0          0          0       5154   stm32f4xx_it.o
       140         10          0          0          0       1751   sys.o
        12          6          0          0          0        498   sys_arch.o
        84         18          0         20          0       1109   system_stm32f4xx.o
       222         16          0          1          0       2194   tca6424a.o
      3316       1134        201         36          0      25165   tcp.o
      4504        994          0         28         16      17219   tcp_in.o
      2514        660         85          0          0      11831   tcp_out.o
      2754        110          0        128        268      10601   tcp_server_demo.o
       432         76          0          0        208       6273   timer.o
       548        214          0         12          0       4814   timers.o
      1298        368          0          8          0      11162   udp.o
       156         24          0          4        264       2082   usart.o

    ----------------------------------------------------------------------
     42518      10036        900        436     242048    1074850   Object Totals
         0          0         32          0          0          0   (incl. Generated)
        50          0          6          6         23          0   (incl. Padding)

    ----------------------------------------------------------------------

      Code (inc. data)   RO Data    RW Data    ZI Data      Debug   Library Member Name

        86          0          0          0          0          0   __dczerorl2.o
         0          0          0          0          0          0   entry.o
         0          0          0          0          0          0   entry10a.o
         0          0          0          0          0          0   entry11a.o
         8          4          0          0          0          0   entry2.o
         4          0          0          0          0          0   entry5.o
         0          0          0          0          0          0   entry7b.o
         0          0          0          0          0          0   entry8b.o
         8          4          0          0          0          0   entry9a.o
        18          0          0          0          0         80   fputc.o
        30          0          0          0          0          0   handlers.o
        36          8          0          0          0         68   init.o
         0          0          0          0          0          0   iusesemip.o
        26          0          0          0          0         80   memcmp.o
        36          0          0          0          0         68   memcpya.o
        36          0          0          0          0        108   memseta.o
       472         14          0          0          0        184   printf3.o
         0          0          0          0          0          0   semi.o
         0          0          0          4          0          0   stdout.o
        44          0          0          0          0         80   uidiv.o

    ----------------------------------------------------------------------
       810         30          0          4          0        668   Library Totals
         6          0          0          0          0          0   (incl. Padding)

    ----------------------------------------------------------------------

      Code (inc. data)   RO Data    RW Data    ZI Data      Debug   Library Name

       804         30          0          4          0        668   mc_w.l

    ----------------------------------------------------------------------
       810         30          0          4          0        668   Library Totals

    ----------------------------------------------------------------------

==============================================================================


      Code (inc. data)   RO Data    RW Data    ZI Data      Debug   

     43328      10066        900        440     242048    1047442   Grand Totals
     43328      10066        900        136     242048    1047442   ELF Image Totals (compressed)
     43328      10066        900        136          0          0   ROM Totals

==============================================================================

    Total RO  Size (Code + RO Data)                44228 (  43.19kB)
    Total RW  Size (RW Data + ZI Data)            242488 ( 236.80kB)
    Total ROM Size (Code + RO Data + RW Data)      44364 (  43.32kB)

==============================================================================

