<html>
<body>
<pre>
<h1>µVision Build Log</h1>
<h2>Tool Versions:</h2>
IDE-Version: ¦ÌVision V5.23.0.0
Copyright (C) 2017 ARM Ltd and ARM Germany GmbH. All rights reserved.
License Information: jsh jsh, weihai, LIC=Y2BMM-XHYGT-TJX6H-WUDJQ-7BGKP-DHEZH
 
Tool Versions:
Toolchain:       MDK-ARM Professional  Version: 5.23
Toolchain Path:  C:\Keil_v5\ARM\ARMCC\Bin
C Compiler:      Armcc.exe V5.06 update 4 (build 422)
Assembler:       Armasm.exe V5.06 update 4 (build 422)
Linker/Locator:  ArmLink.exe V5.06 update 4 (build 422)
Library Manager: ArmAr.exe V5.06 update 4 (build 422)
Hex Converter:   FromElf.exe V5.06 update 4 (build 422)
CPU DLL:         SARMCM3.DLL V5.23
Dialog DLL:      DCM.DLL V1.15.0.0
Target DLL:      STLink\ST-LINKIII-KEIL_SWO.dll V2.0.18.0
Dialog DLL:      TCM.DLL V1.27.0.0
 
<h2>Project:</h2>
C:\Users\jsh\Desktop\Soft\OPENBCI\USER\NetCamera.uvprojx
Project File Date:  06/14/2017

<h2>Output:</h2>
*** Using Compiler 'V5.06 update 4 (build 422)', folder: 'C:\Keil_v5\ARM\ARMCC\Bin'
Build target 'NetCamera'
compiling ads1299.c...
..\HARDWARE\ADS1299\ads1299.c(153): warning:  #177-D: variable "inbyte"  was declared but never referenced
  	u8 i,j,inbyte,n=0;
..\HARDWARE\ADS1299\ads1299.c(235): warning:  #177-D: variable "buf"  was declared but never referenced
  	u8 buf[19];
..\HARDWARE\ADS1299\ads1299.c(236): warning:  #177-D: variable "i"  was declared but never referenced
  	u8 i;
..\HARDWARE\ADS1299\ads1299.c(302): warning:  #177-D: variable "status"  was declared but never referenced
  	  u8 status,Byte;	
..\HARDWARE\ADS1299\ads1299.c(334): warning:  #177-D: variable "i"  was declared but never referenced
  	u8 i,j,n=2,k;
..\HARDWARE\ADS1299\ads1299.c(334): warning:  #177-D: variable "j"  was declared but never referenced
  	u8 i,j,n=2,k;
..\HARDWARE\ADS1299\ads1299.c(334): warning:  #177-D: variable "n"  was declared but never referenced
  	u8 i,j,n=2,k;
..\HARDWARE\ADS1299\ads1299.c(335): warning:  #177-D: variable "inbyte"  was declared but never referenced
  	u8 inbyte;
..\HARDWARE\ADS1299\ads1299.c(336): warning:  #177-D: variable "stat1"  was declared but never referenced
  	u32 stat1;
..\HARDWARE\ADS1299\ads1299.c: 9 warnings, 0 errors
linking...
Program Size: Code=99658 RO-data=25418 RW-data=836 ZI-data=33691212  
FromELF: creating hex file...
"..\OBJ\Tempate.axf" - 0 Error(s), 9 Warning(s).

<h2>Collection of Component include folders:</h2>
  .\RTE\_NetCamera
  C:\Keil_v5\ARM\PACK\Keil\STM32F4xx_DFP\2.11.0\Drivers\CMSIS\Device\ST\STM32F4xx\Include

<h2>Collection of Component Files used:</h2>
Build Time Elapsed:  00:00:06
</pre>
</body>
</html>
