Component: ARM Compiler 5.06 update 4 (build 422) Tool: armlink [4d35d2]

==============================================================================

Section Cross References

    main.o(i.main) refers to sys.o(i.Stm32_Clock_Init) for Stm32_Clock_Init
    main.o(i.main) refers to stm32f4xx_hal.o(i.HAL_Init) for HAL_Init
    main.o(i.main) refers to delay.o(i.delay_init) for delay_init
    main.o(i.main) refers to usart.o(i.uart_init) for uart_init
    main.o(i.main) refers to led.o(i.LED_Init) for LED_Init
    main.o(i.main) refers to myiic.o(i.IIC_Init) for IIC_Init
    main.o(i.main) refers to adg731.o(i.Adg731_Init) for Adg731_Init
    main.o(i.main) refers to ads1299.o(i.ADS1299_Init) for ADS1299_Init
    main.o(i.main) refers to tca6424a.o(i.TCA6424A_Init) for TCA6424A_Init
    main.o(i.main) refers to malloc.o(i.my_mem_init) for my_mem_init
    main.o(i.main) refers to os_core.o(i.OSInit) for OSInit
    main.o(i.main) refers to delay.o(i.delay_ms) for delay_ms
    main.o(i.main) refers to lwip_comm.o(i.lwip_comm_init) for lwip_comm_init
    main.o(i.main) refers to openbci.o(i.openbci_init) for openbci_init
    main.o(i.main) refers to os_task.o(i.OSTaskCreate) for OSTaskCreate
    main.o(i.main) refers to os_core.o(i.OSStart) for OSStart
    main.o(i.main) refers to usmart_config.o(.data) for usmart_dev
    main.o(i.main) refers to main.o(.bss) for START_TASK_STK
    main.o(i.main) refers to main.o(i.start_task) for start_task
    main.o(i.start_task) refers to os_core.o(i.OSStatInit) for OSStatInit
    main.o(i.start_task) refers to os_cpu_a.o(.text) for OS_CPU_SR_Save
    main.o(i.start_task) refers to os_task.o(i.OSTaskCreate) for OSTaskCreate
    main.o(i.start_task) refers to os_task.o(i.OSTaskSuspend) for OSTaskSuspend
    main.o(i.start_task) refers to main.o(.bss) for ADS1299_TASK_STK
    main.o(i.start_task) refers to ads1299.o(i.ads1299_task) for ads1299_task
    system_stm32f4xx.o(i.SystemCoreClockUpdate) refers to system_stm32f4xx.o(.data) for SystemCoreClock
    startup_stm32f429xx.o(STACK) refers (Special) to heapauxi.o(.text) for __use_two_region_memory
    startup_stm32f429xx.o(HEAP) refers (Special) to heapauxi.o(.text) for __use_two_region_memory
    startup_stm32f429xx.o(RESET) refers (Special) to heapauxi.o(.text) for __use_two_region_memory
    startup_stm32f429xx.o(RESET) refers to startup_stm32f429xx.o(STACK) for __initial_sp
    startup_stm32f429xx.o(RESET) refers to startup_stm32f429xx.o(.text) for Reset_Handler
    startup_stm32f429xx.o(RESET) refers to stm32f4xx_it.o(i.NMI_Handler) for NMI_Handler
    startup_stm32f429xx.o(RESET) refers to stm32f4xx_it.o(i.HardFault_Handler) for HardFault_Handler
    startup_stm32f429xx.o(RESET) refers to stm32f4xx_it.o(i.MemManage_Handler) for MemManage_Handler
    startup_stm32f429xx.o(RESET) refers to stm32f4xx_it.o(i.BusFault_Handler) for BusFault_Handler
    startup_stm32f429xx.o(RESET) refers to stm32f4xx_it.o(i.UsageFault_Handler) for UsageFault_Handler
    startup_stm32f429xx.o(RESET) refers to stm32f4xx_it.o(i.SVC_Handler) for SVC_Handler
    startup_stm32f429xx.o(RESET) refers to stm32f4xx_it.o(i.DebugMon_Handler) for DebugMon_Handler
    startup_stm32f429xx.o(RESET) refers to os_cpu_a.o(.text) for PendSV_Handler
    startup_stm32f429xx.o(RESET) refers to delay.o(i.SysTick_Handler) for SysTick_Handler
    startup_stm32f429xx.o(RESET) refers to ads1299.o(i.EXTI4_IRQHandler) for EXTI4_IRQHandler
    startup_stm32f429xx.o(RESET) refers to spi.o(i.DMA1_Stream3_IRQHandler) for DMA1_Stream3_IRQHandler
    startup_stm32f429xx.o(RESET) refers to timer.o(i.TIM3_IRQHandler) for TIM3_IRQHandler
    startup_stm32f429xx.o(RESET) refers to usmart.o(i.TIM4_IRQHandler) for TIM4_IRQHandler
    startup_stm32f429xx.o(RESET) refers to usart.o(i.USART1_IRQHandler) for USART1_IRQHandler
    startup_stm32f429xx.o(RESET) refers to lan8720.o(i.ETH_IRQHandler) for ETH_IRQHandler
    startup_stm32f429xx.o(.text) refers (Special) to heapauxi.o(.text) for __use_two_region_memory
    startup_stm32f429xx.o(.text) refers to system_stm32f4xx.o(i.SystemInit) for SystemInit
    startup_stm32f429xx.o(.text) refers to __main.o(!!!main) for __main
    startup_stm32f429xx.o(.text) refers to startup_stm32f429xx.o(HEAP) for Heap_Mem
    startup_stm32f429xx.o(.text) refers to startup_stm32f429xx.o(STACK) for Stack_Mem
    stm32f4xx_hal.o(i.HAL_DeInit) refers to stm32f4xx_hal.o(i.HAL_MspDeInit) for HAL_MspDeInit
    stm32f4xx_hal.o(i.HAL_Delay) refers to stm32f4xx_hal.o(i.HAL_GetTick) for HAL_GetTick
    stm32f4xx_hal.o(i.HAL_GetTick) refers to stm32f4xx_hal.o(.data) for uwTick
    stm32f4xx_hal.o(i.HAL_IncTick) refers to stm32f4xx_hal.o(.data) for uwTick
    stm32f4xx_hal.o(i.HAL_Init) refers to stm32f4xx_hal_cortex.o(i.HAL_NVIC_SetPriorityGrouping) for HAL_NVIC_SetPriorityGrouping
    stm32f4xx_hal.o(i.HAL_Init) refers to stm32f4xx_hal.o(i.HAL_InitTick) for HAL_InitTick
    stm32f4xx_hal.o(i.HAL_Init) refers to stm32f4xx_hal.o(i.HAL_MspInit) for HAL_MspInit
[...]
    pbuf_cat                                 0x0800c425   Thumb Code   126  pbuf.o(i.pbuf_cat)
    pbuf_clen                                0x0800c56d   Thumb Code    18  pbuf.o(i.pbuf_clen)
    pbuf_copy                                0x0800c581   Thumb Code   326  pbuf.o(i.pbuf_copy)
    pbuf_copy_partial                        0x0800c7b9   Thumb Code   182  pbuf.o(i.pbuf_copy_partial)
    pbuf_free                                0x0800c905   Thumb Code   272  pbuf.o(i.pbuf_free)
    pbuf_header                              0x0800cac5   Thumb Code   200  pbuf.o(i.pbuf_header)
    pbuf_realloc                             0x0800cc19   Thumb Code   248  pbuf.o(i.pbuf_realloc)
    pbuf_ref                                 0x0800cddd   Thumb Code    26  pbuf.o(i.pbuf_ref)
    raw_bind                                 0x0800d1bd   Thumb Code    16  raw.o(i.raw_bind)
    raw_input                                0x0800d1cd   Thumb Code   102  raw.o(i.raw_input)
    raw_new                                  0x0800d241   Thumb Code    46  raw.o(i.raw_new)
    raw_recv                                 0x0800d275   Thumb Code     6  raw.o(i.raw_recv)
    raw_remove                               0x0800d27d   Thumb Code    60  raw.o(i.raw_remove)
    read_addr                                0x0800d2bd   Thumb Code     6  usmart.o(i.read_addr)
    start_task                               0x0800d78d   Thumb Code    42  main.o(i.start_task)
    sys_arch_mbox_fetch                      0x0800d7c1   Thumb Code   158  sys_arch.o(i.sys_arch_mbox_fetch)
    sys_arch_mbox_tryfetch                   0x0800d8b5   Thumb Code    18  sys_arch.o(i.sys_arch_mbox_tryfetch)
    sys_arch_sem_wait                        0x0800d8c7   Thumb Code   100  sys_arch.o(i.sys_arch_sem_wait)
    sys_init                                 0x0800d92b   Thumb Code     2  sys_arch.o(i.sys_init)
    sys_mbox_free                            0x0800d92d   Thumb Code    56  sys_arch.o(i.sys_mbox_free)
    sys_mbox_new                             0x0800d9b1   Thumb Code   108  sys_arch.o(i.sys_mbox_new)
    sys_mbox_post                            0x0800da6d   Thumb Code    28  sys_arch.o(i.sys_mbox_post)
    sys_mbox_set_invalid                     0x0800da8d   Thumb Code     6  sys_arch.o(i.sys_mbox_set_invalid)
    sys_mbox_trypost                         0x0800da95   Thumb Code    32  sys_arch.o(i.sys_mbox_trypost)
    sys_mbox_valid                           0x0800dab9   Thumb Code    56  sys_arch.o(i.sys_mbox_valid)
    sys_sem_free                             0x0800daf1   Thumb Code    52  sys_arch.o(i.sys_sem_free)
    sys_sem_new                              0x0800db75   Thumb Code    62  sys_arch.o(i.sys_sem_new)
    sys_sem_set_invalid                      0x0800dc15   Thumb Code     6  sys_arch.o(i.sys_sem_set_invalid)
    sys_sem_signal                           0x0800dc1b   Thumb Code    12  sys_arch.o(i.sys_sem_signal)
    sys_sem_valid                            0x0800dc27   Thumb Code    22  sys_arch.o(i.sys_sem_valid)
    sys_thread_new                           0x0800dc3d   Thumb Code    66  sys_arch.o(i.sys_thread_new)
    sys_timeout                              0x0800dc95   Thumb Code   174  timers.o(i.sys_timeout)
    sys_timeouts_init                        0x0800dddd   Thumb Code    28  timers.o(i.sys_timeouts_init)
    sys_timeouts_mbox_fetch                  0x0800de01   Thumb Code   132  timers.o(i.sys_timeouts_mbox_fetch)
    sys_untimeout                            0x0800de89   Thumb Code    90  timers.o(i.sys_untimeout)
    tcp_abandon                              0x0800dee9   Thumb Code   164  tcp.o(i.tcp_abandon)
    tcp_abort                                0x0800e01d   Thumb Code    14  tcp.o(i.tcp_abort)
    tcp_accept                               0x0800e02b   Thumb Code     4  tcp.o(i.tcp_accept)
    tcp_alloc                                0x0800e039   Thumb Code   180  tcp.o(i.tcp_alloc)
    tcp_arg                                  0x0800e0fd   Thumb Code     4  tcp.o(i.tcp_arg)
    tcp_bind                                 0x0800e101   Thumb Code   166  tcp.o(i.tcp_bind)
    tcp_close                                0x0800e229   Thumb Code    28  tcp.o(i.tcp_close)
    tcp_eff_send_mss                         0x0800e549   Thumb Code    46  tcp.o(i.tcp_eff_send_mss)
    tcp_enqueue_flags                        0x0800e579   Thumb Code   418  tcp_out.o(i.tcp_enqueue_flags)
    tcp_err                                  0x0800e81d   Thumb Code    40  tcp.o(i.tcp_err)
    tcp_fasttmr                              0x0800e8bd   Thumb Code   114  tcp.o(i.tcp_fasttmr)
    tcp_init                                 0x0800e93d   Thumb Code     2  tcp.o(i.tcp_init)
    tcp_input                                0x0800e941   Thumb Code  1680  tcp_in.o(i.tcp_input)
    tcp_keepalive                            0x0800eff9   Thumb Code    84  tcp_out.o(i.tcp_keepalive)
    tcp_listen_with_backlog                  0x0800f221   Thumb Code   218  tcp.o(i.tcp_listen_with_backlog)
    tcp_new                                  0x0800f381   Thumb Code    10  tcp.o(i.tcp_new)
    tcp_next_iss                             0x0800f3f5   Thumb Code    20  tcp.o(i.tcp_next_iss)
    tcp_output                               0x0800f411   Thumb Code   492  tcp_out.o(i.tcp_output)
    tcp_pcb_purge                            0x0800fa4d   Thumb Code    88  tcp.o(i.tcp_pcb_purge)
    tcp_pcb_remove                           0x0800faa5   Thumb Code   184  tcp.o(i.tcp_pcb_remove)
    tcp_poll                                 0x0800fbe5   Thumb Code    46  tcp.o(i.tcp_poll)
    tcp_process_refused_data                 0x0801031d   Thumb Code   148  tcp.o(i.tcp_process_refused_data)
    tcp_recv                                 0x08010cd5   Thumb Code    38  tcp.o(i.tcp_recv)
    tcp_recv_null                            0x08010d75   Thumb Code    46  tcp.o(i.tcp_recv_null)
    tcp_recved                               0x08010da5   Thumb Code   128  tcp.o(i.tcp_recved)
    tcp_rexmit                               0x08010ec1   Thumb Code    90  tcp_out.o(i.tcp_rexmit)
    tcp_rexmit_fast                          0x08010f1b   Thumb Code   120  tcp_out.o(i.tcp_rexmit_fast)
    tcp_rexmit_rto                           0x08010f93   Thumb Code    58  tcp_out.o(i.tcp_rexmit_rto)
    tcp_rst                                  0x08010fcd   Thumb Code   156  tcp_out.o(i.tcp_rst)
    tcp_seg_free                             0x080110ed   Thumb Code    26  tcp.o(i.tcp_seg_free)
    tcp_segs_free                            0x08011107   Thumb Code    24  tcp.o(i.tcp_segs_free)
    tcp_send_empty_ack                       0x0801111f   Thumb Code    86  tcp_out.o(i.tcp_send_empty_ack)
    tcp_send_fin                             0x08011175   Thumb Code    74  tcp_out.o(i.tcp_send_fin)
    tcp_sent                                 0x080111c1   Thumb Code    38  tcp.o(i.tcp_sent)
    tcp_shutdown                             0x08011261   Thumb Code    98  tcp.o(i.tcp_shutdown)
    tcp_slowtmr                              0x080112c5   Thumb Code  1436  tcp.o(i.tcp_slowtmr)
    tcp_timer_needed                         0x080118b5   Thumb Code    38  timers.o(i.tcp_timer_needed)
    tcp_tmr                                  0x08011999   Thumb Code    30  tcp.o(i.tcp_tmr)
    tcp_update_rcv_ann_wnd                   0x080119bd   Thumb Code   102  tcp.o(i.tcp_update_rcv_ann_wnd)
    tcp_write                                0x08011a91   Thumb Code  1688  tcp_out.o(i.tcp_write)
    tcp_zero_window_probe                    0x08012331   Thumb Code   180  tcp_out.o(i.tcp_zero_window_probe)
    tcpip_apimsg                             0x080123e5   Thumb Code    60  tcpip.o(i.tcpip_apimsg)
    tcpip_init                               0x08012425   Thumb Code    72  tcpip.o(i.tcpip_init)
    tcpip_input                              0x08012501   Thumb Code    72  tcpip.o(i.tcpip_input)
    uart_init                                0x080126e9   Thumb Code    44  usart.o(i.uart_init)
    udp_bind                                 0x08012721   Thumb Code   170  udp.o(i.udp_bind)
    udp_init                                 0x0801282d   Thumb Code     2  udp.o(i.udp_init)
    udp_input                                0x08012831   Thumb Code   454  udp.o(i.udp_input)
    udp_new                                  0x08012a7d   Thumb Code    28  udp.o(i.udp_new)
    udp_recv                                 0x08012af1   Thumb Code     6  udp.o(i.udp_recv)
    udp_remove                               0x08012af9   Thumb Code    60  udp.o(i.udp_remove)
    usmart_cmd_rec                           0x08012b39   Thumb Code   170  usmart.o(i.usmart_cmd_rec)
    usmart_exe                               0x08012be9   Thumb Code   632  usmart.o(i.usmart_exe)
    usmart_get_aparm                         0x08012ebd   Thumb Code   200  usmart_str.o(i.usmart_get_aparm)
    usmart_get_cmdname                       0x08012f85   Thumb Code    54  usmart_str.o(i.usmart_get_cmdname)
    usmart_get_fname                         0x08012fbd   Thumb Code   440  usmart_str.o(i.usmart_get_fname)
    usmart_get_fparam                        0x0801317d   Thumb Code   262  usmart_str.o(i.usmart_get_fparam)
    usmart_get_parmpos                       0x08013289   Thumb Code    26  usmart_str.o(i.usmart_get_parmpos)
    usmart_get_runtime                       0x080132a9   Thumb Code    58  usmart.o(i.usmart_get_runtime)
    usmart_init                              0x080132ed   Thumb Code    36  usmart.o(i.usmart_init)
    usmart_pow                               0x08013315   Thumb Code    22  usmart_str.o(i.usmart_pow)
    usmart_reset_runtime                     0x0801332d   Thumb Code    44  usmart.o(i.usmart_reset_runtime)
    usmart_scan                              0x08013361   Thumb Code   120  usmart.o(i.usmart_scan)
    usmart_search_nextc                      0x0801341d   Thumb Code    22  usmart_str.o(i.usmart_search_nextc)
    usmart_str2num                           0x08013433   Thumb Code   202  usmart_str.o(i.usmart_str2num)
    usmart_strcmp                            0x080134fd   Thumb Code    34  usmart_str.o(i.usmart_strcmp)
    usmart_strcopy                           0x0801351f   Thumb Code    22  usmart_str.o(i.usmart_strcopy)
    usmart_strlen                            0x08013535   Thumb Code    24  usmart_str.o(i.usmart_strlen)
    usmart_sys_cmd_exe                       0x0801354d   Thumb Code  1554  usmart.o(i.usmart_sys_cmd_exe)
    write_addr                               0x08013c31   Thumb Code     4  usmart.o(i.write_addr)
    __aeabi_d2uiz                            0x08013c35   Thumb Code     0  dfixu.o(x$fpl$dfixu)
    _dfixu                                   0x08013c35   Thumb Code    90  dfixu.o(x$fpl$dfixu)
    __aeabi_i2d                              0x08013c8f   Thumb Code     0  dflt_clz.o(x$fpl$dflt)
    _dflt                                    0x08013c8f   Thumb Code    46  dflt_clz.o(x$fpl$dflt)
    __fpl_dnaninf                            0x08013cbd   Thumb Code   156  dnaninf.o(x$fpl$dnaninf)
    _dsqrt                                   0x08013d59   Thumb Code   404  dsqrt_umaal.o(x$fpl$dsqrt)
    _fp_init                                 0x08013ef1   Thumb Code    10  fpinit.o(x$fpl$fpinit)
    __fplib_config_fpu_vfp                   0x08013ef9   Thumb Code     0  fpinit.o(x$fpl$fpinit)
    __fplib_config_pureend_doubles           0x08013ef9   Thumb Code     0  fpinit.o(x$fpl$fpinit)
    APBAHBPrescTable                         0x08013efa   Data          16  stm32f4xx_hal_rcc.o(.constdata)
    __I$use$fp                               0x08013efa   Number         0  usenofp.o(x$fpl$usenofp)
    memtblsize                               0x08013f0c   Data          12  malloc.o(.constdata)
    memblksize                               0x08013f18   Data          12  malloc.o(.constdata)
    memsize                                  0x08013f24   Data          12  malloc.o(.constdata)
    ethbroadcast                             0x08013f30   Data           6  etharp.o(.constdata)
    ethzero                                  0x08013f36   Data           6  etharp.o(.constdata)
    ip_addr_any                              0x08013f3c   Data           4  ip_addr.o(.constdata)
    ip_addr_broadcast                        0x08013f40   Data           4  ip_addr.o(.constdata)
    tcp_state_str                            0x08013f7c   Data          44  tcp.o(.constdata)
    tcp_backoff                              0x08013fa8   Data          13  tcp.o(.constdata)
    tcp_persist_backoff                      0x08013fb5   Data           7  tcp.o(.constdata)
    tcp_pcb_lists                            0x08013fbc   Data          16  tcp.o(.constdata)
    pvNullPointer                            0x08013fcc   Data           4  sys_arch.o(.constdata)
    OSUnMapTbl                               0x08013fd0   Data         256  os_core.o(.constdata)
    Region$$Table$$Base                      0x08014360   Number         0  anon$$obj.o(Region$$Table)
    Region$$Table$$Limit                     0x08014380   Number         0  anon$$obj.o(Region$$Table)
    mem3base                                 0x10000000   Data       61440  malloc.o(.ARM.__AT_0x10000000)
    mem3mapbase                              0x1000f000   Data        3840  malloc.o(.ARM.__AT_0x1000F000)
    SystemCoreClock                          0x20000000   Data           4  system_stm32f4xx.o(.data)
    AHBPrescTable                            0x20000004   Data          16  system_stm32f4xx.o(.data)
    __stdout                                 0x20000020   Data           4  usart.o(.data)
    USART_RX_STA                             0x20000024   Data           2  usart.o(.data)
    aRxBuffer                                0x20000026   Data           1  usart.o(.data)
    DMARxDscrTab                             0x20000028   Data           4  lan8720.o(.data)
    DMATxDscrTab                             0x2000002c   Data           4  lan8720.o(.data)
    Rx_Buff                                  0x20000030   Data           4  lan8720.o(.data)
    Tx_Buff                                  0x20000034   Data           4  lan8720.o(.data)
    check                                    0x20000038   Data           1  ads1299.o(.data)
    TxData0                                  0x20000039   Data          28  ads1299.o(.data)
    RxData                                   0x20000055   Data           4  ads1299.o(.data)
    sps                                      0x20000059   Data           1  ads1299.o(.data)
    Flag_adc                                 0x2000005a   Data           1  ads1299.o(.data)
    stat                                     0x2000005c   Data           4  ads1299.o(.data)
    index1                                   0x20000060   Data           1  ads1299.o(.data)
    res3                                     0x20000061   Data           1  ads1299.o(.data)
    Sem_Task_ads1299                         0x20000064   Data           4  ads1299.o(.data)
    err                                      0x20000068   Data           1  ads1299.o(.data)
    spi2_rx_callback                         0x2000006c   Data           4  spi.o(.data)
    reg                                      0x20000070   Data           1  ad5933.o(.data)
    reg1                                     0x20000071   Data           1  ad5933.o(.data)
    status                                   0x20000072   Data           1  ad5933.o(.data)
    Tm1                                      0x20000073   Data           1  ad5933.o(.data)
    Tm2                                      0x20000074   Data           1  ad5933.o(.data)
    Re                                       0x20000078   Data           4  ad5933.o(.data)
    Im                                       0x2000007c   Data           4  ad5933.o(.data)
    valu                                     0x20000080   Data           4  ad5933.o(.data)
    Channelbit                               0x20000084   Data           4  tca6424a.o(.data)
    temp1                                    0x20000088   Data           1  tca6424a.o(.data)
    temp2                                    0x20000089   Data           1  tca6424a.o(.data)
    sys_cmd_tab                              0x2000008c   Data          28  usmart.o(.data)
    usmart_nametab                           0x200000a8   Data          32  usmart_config.o(.data)
    usmart_dev                               0x200000c8   Data         244  usmart_config.o(.data)
    mallco_dev                               0x200001bc   Data          36  malloc.o(.data)
    TCPIP_THREAD_TASK_STK                    0x200001e0   Data           4  lwip_comm.o(.data)
    LWIP_DHCP_TASK_STK                       0x200001e4   Data           4  lwip_comm.o(.data)
    len                                      0x200001e8   Data           4  openbci.o(.data)
    sendsetbuf                               0x200001ec   Data           5  openbci.o(.data)
    setfirbuf                                0x200001f1   Data           5  openbci.o(.data)
    setnorthbuf                              0x200001f6   Data           5  openbci.o(.data)
    tcp_server_sendbuf                       0x200001fc   Data           4  openbci.o(.data)
    tcp_server_flag                          0x20000200   Data           1  openbci.o(.data)
    Num                                      0x20000201   Data           1  openbci.o(.data)
    Index                                    0x20000202   Data           1  openbci.o(.data)
    newconn                                  0x20000204   Data           4  openbci.o(.data)
    netcam_line_buf0                         0x20000208   Data           4  openbci.o(.data)
    netcam_line_buf1                         0x2000020c   Data           4  openbci.o(.data)
    netcamfifordpos                          0x20000210   Data           2  openbci.o(.data)
    netcamfifowrpos                          0x20000212   Data           2  openbci.o(.data)
    netcamfifobuf                            0x20000214   Data           4  openbci.o(.data)
    current_netif                            0x20000220   Data           4  ip.o(.data)
    current_header                           0x20000224   Data           4  ip.o(.data)
    current_iphdr_src                        0x20000228   Data           4  ip.o(.data)
    current_iphdr_dest                       0x2000022c   Data           4  ip.o(.data)
    ram_heap                                 0x2000023c   Data           4  mem.o(.data)
    memp_memory                              0x20000288   Data           4  memp.o(.data)
    netif_list                               0x2000028c   Data           4  netif.o(.data)
    netif_default                            0x20000290   Data           4  netif.o(.data)
    tcp_ticks                                0x200002a0   Data           4  tcp.o(.data)
    tcp_bound_pcbs                           0x200002a4   Data           4  tcp.o(.data)
    tcp_listen_pcbs                          0x200002a8   Data           4  tcp.o(.data)
    tcp_active_pcbs                          0x200002ac   Data           4  tcp.o(.data)
    tcp_tw_pcbs                              0x200002b0   Data           4  tcp.o(.data)
    tcp_tmp_pcb                              0x200002b4   Data           4  tcp.o(.data)
    tcp_active_pcbs_changed                  0x200002b8   Data           1  tcp.o(.data)
    tcp_input_pcb                            0x200002dc   Data           4  tcp_in.o(.data)
    udp_pcbs                                 0x200002ec   Data           4  udp.o(.data)
    OSCtxSwCtr                               0x200002fc   Data           4  os_core.o(.data)
    OSEventFreeList                          0x20000300   Data           4  os_core.o(.data)
    OSFlagFreeList                           0x20000304   Data           4  os_core.o(.data)
    OSCPUUsage                               0x20000308   Data           1  os_core.o(.data)
    OSIdleCtrMax                             0x2000030c   Data           4  os_core.o(.data)
    OSIdleCtrRun                             0x20000310   Data           4  os_core.o(.data)
    OSStatRdy                                0x20000314   Data           1  os_core.o(.data)
    OSIntNesting                             0x20000315   Data           1  os_core.o(.data)
    OSLockNesting                            0x20000316   Data           1  os_core.o(.data)
    OSPrioCur                                0x20000317   Data           1  os_core.o(.data)
    OSPrioHighRdy                            0x20000318   Data           1  os_core.o(.data)
    OSRdyGrp                                 0x20000319   Data           1  os_core.o(.data)
    OSRdyTbl                                 0x2000031a   Data           8  os_core.o(.data)
    OSRunning                                0x20000322   Data           1  os_core.o(.data)
    OSTaskCtr                                0x20000323   Data           1  os_core.o(.data)
    OSIdleCtr                                0x20000324   Data           4  os_core.o(.data)
    OSTCBCur                                 0x20000328   Data           4  os_core.o(.data)
    OSTCBFreeList                            0x2000032c   Data           4  os_core.o(.data)
    OSTCBHighRdy                             0x20000330   Data           4  os_core.o(.data)
    OSTCBList                                0x20000334   Data           4  os_core.o(.data)
    OSTickStepState                          0x20000338   Data           1  os_core.o(.data)
    OSQFreeList                              0x2000033c   Data           4  os_core.o(.data)
    OSTaskRegNextAvailID                     0x20000340   Data           1  os_core.o(.data)
    OSTime                                   0x20000344   Data           4  os_core.o(.data)
    OS_CPU_ExceptStkBase                     0x20000348   Data           4  os_cpu_c.o(.data)
    ADS1299_TASK_STK                         0x2000034c   Data        2000  main.o(.bss)
    START_TASK_STK                           0x20000b1c   Data         512  main.o(.bss)
    USART_RX_BUF                             0x20000d1c   Data         200  usart.o(.bss)
    UART1_Handler                            0x20000de4   Data          64  usart.o(.bss)
    ETH_Handler                              0x20000e24   Data          72  lan8720.o(.bss)
    TIM3_Handler                             0x20000e6c   Data          60  timer.o(.bss)
    parameter                                0x20000ea8   Data          10  ads1299.o(.bss)
    adc_buf2                                 0x20000eb2   Data         101  ads1299.o(.bss)
    Adcres                                   0x20000f18   Data         128  ads1299.o(.bss)
    p                                        0x20000f98   Data          18  ads1299.o(.bss)
    IIRNMID                                  0x20000fac   Data         360  ads1299.o(.bss)
    IIRWDATA                                 0x20001114   Data        1080  ads1299.o(.bss)
    SPI3_Handler                             0x2000154c   Data          88  spi.o(.bss)
    SPI2_Handler                             0x200015a4   Data          88  spi.o(.bss)
    DMASPIRx_Handler                         0x200015fc   Data          88  spi.o(.bss)
    DMASPITx_Handler                         0x20001654   Data          88  spi.o(.bss)
    TIM4_Handler                             0x200016ac   Data          60  usmart.o(.bss)
    mem1base                                 0x20001700   Data       102400  malloc.o(.bss)
    mem1mapbase                              0x2001a700   Data        6400  malloc.o(.bss)
    lwipdev                                  0x2001c000   Data          23  lwip_comm.o(.bss)
    lwip_netif                               0x2001c018   Data          48  lwip_comm.o(.bss)
    restestbuf                               0x2001c048   Data          68  openbci.o(.bss)
    tcp_server_recvbuf                       0x2001c08c   Data        2000  openbci.o(.bss)
    OPENBCI_TASK_STK                         0x2001c85c   Data        3200  openbci.o(.bss)
    OSEventTbl                               0x2001d5f0   Data         480  os_core.o(.bss)
    OSFlagTbl                                0x2001d7d0   Data          80  os_core.o(.bss)
    OSTaskStatStk                            0x2001d820   Data         512  os_core.o(.bss)
    OSTaskIdleStk                            0x2001da20   Data         512  os_core.o(.bss)
    OSTCBPrioTbl                             0x2001dc20   Data         256  os_core.o(.bss)
    OSTCBTbl                                 0x2001dd20   Data        1936  os_core.o(.bss)
    OSQTbl                                   0x2001e4b0   Data         240  os_core.o(.bss)
    OS_CPU_ExceptStk                         0x2001e5a0   Data         512  os_cpu_c.o(.bss)
    __libspace_start                         0x2001e7a0   Data          96  libspace.o(.bss)
    __temporary_stack_top$libspace           0x2001e800   Data           0  libspace.o(.bss)
    mem2base                                 0xc01f4000   Data       29605888  malloc.o(.ARM.__AT_0xC01F4000)
    mem2mapbase                              0xc1e30000   Data       1850368  malloc.o(.ARM.__AT_0xC1E30000)



==============================================================================

Memory Map of the image

  Image Entry point : 0x080001ad

  Load Region LR_IROM1 (Base: 0x08000000, Size: 0x000146cc, Max: 0x00100000, ABSOLUTE, COMPRESSED[0x00014448])

    Execution Region ER_IROM1 (Base: 0x08000000, Size: 0x00014380, Max: 0x00100000, ABSOLUTE)

    Base Addr    Size         Type   Attr      Idx    E Section Name        Object

    0x08000000   0x000001ac   Data   RO          578    RESET               startup_stm32f429xx.o
    0x080001ac   0x00000008   Code   RO         9690  * !!!main             c_w.l(__main.o)
    0x080001b4   0x00000034   Code   RO         9926    !!!scatter          c_w.l(__scatter.o)
    0x080001e8   0x0000005a   Code   RO         9924    !!dczerorl2         c_w.l(__dczerorl2.o)
    0x08000242   0x00000002   PAD
    0x08000244   0x0000001c   Code   RO         9928    !!handler_zi        c_w.l(__scatter_zi.o)
    0x08000260   0x00000000   Code   RO         9673    .ARM.Collect$$_printf_percent$$00000000  c_w.l(_printf_percent.o)
    0x08000260   0x00000006   Code   RO         9671    .ARM.Collect$$_printf_percent$$00000009  c_w.l(_printf_d.o)
    0x08000266   0x00000006   Code   RO         9672    .ARM.Collect$$_printf_percent$$0000000A  c_w.l(_printf_u.o)
    0x0800026c   0x00000006   Code   RO         9670    .ARM.Collect$$_printf_percent$$0000000C  c_w.l(_printf_x.o)
    0x08000272   0x00000006   Code   RO         9668    .ARM.Collect$$_printf_percent$$00000013  c_w.l(_printf_c.o)
    0x08000278   0x00000006   Code   RO         9669    .ARM.Collect$$_printf_percent$$00000014  c_w.l(_printf_s.o)
    0x0800027e   0x00000004   Code   RO         9738    .ARM.Collect$$_printf_percent$$00000017  c_w.l(_printf_percent_end.o)
    0x08000282   0x00000002   Code   RO         9848    .ARM.Collect$$libinit$$00000000  c_w.l(libinit.o)
    0x08000284   0x00000004   Code   RO         9786    .ARM.Collect$$libinit$$00000001  c_w.l(libinit2.o)
    0x08000288   0x00000000   Code   RO         9789    .ARM.Collect$$libinit$$00000004  c_w.l(libinit2.o)
    0x08000288   0x00000000   Code   RO         9792    .ARM.Collect$$libinit$$0000000A  c_w.l(libinit2.o)
    0x08000288   0x00000000   Code   RO         9794    .ARM.Collect$$libinit$$0000000C  c_w.l(libinit2.o)
    0x08000288   0x00000000   Code   RO         9796    .ARM.Collect$$libinit$$0000000E  c_w.l(libinit2.o)
    0x08000288   0x00000000   Code   RO         9799    .ARM.Collect$$libinit$$00000011  c_w.l(libinit2.o)
    0x08000288   0x00000000   Code   RO         9801    .ARM.Collect$$libinit$$00000013  c_w.l(libinit2.o)
    0x08000288   0x00000000   Code   RO         9803    .ARM.Collect$$libinit$$00000015  c_w.l(libinit2.o)
    0x08000288   0x00000000   Code   RO         9805    .ARM.Collect$$libinit$$00000017  c_w.l(libinit2.o)
    0x08000288   0x00000000   Code   RO         9807    .ARM.Collect$$libinit$$00000019  c_w.l(libinit2.o)
    0x08000288   0x00000000   Code   RO         9809    .ARM.Collect$$libinit$$0000001B  c_w.l(libinit2.o)
    0x08000288   0x00000000   Code   RO         9811    .ARM.Collect$$libinit$$0000001D  c_w.l(libinit2.o)
    0x08000288   0x00000000   Code   RO         9813    .ARM.Collect$$libinit$$0000001F  c_w.l(libinit2.o)
    0x08000288   0x00000000   Code   RO         9815    .ARM.Collect$$libinit$$00000021  c_w.l(libinit2.o)
    0x08000288   0x00000000   Code   RO         9817    .ARM.Collect$$libinit$$00000023  c_w.l(libinit2.o)
    0x08000288   0x00000000   Code   RO         9819    .ARM.Collect$$libinit$$00000025  c_w.l(libinit2.o)
    0x08000288   0x00000000   Code   RO         9823    .ARM.Collect$$libinit$$0000002C  c_w.l(libinit2.o)
    0x08000288   0x00000000   Code   RO         9825    .ARM.Collect$$libinit$$0000002E  c_w.l(libinit2.o)
    0x08000288   0x00000000   Code   RO         9827    .ARM.Collect$$libinit$$00000030  c_w.l(libinit2.o)
    0x08000288   0x00000000   Code   RO         9829    .ARM.Collect$$libinit$$00000032  c_w.l(libinit2.o)
    0x08000288   0x00000002   Code   RO         9830    .ARM.Collect$$libinit$$00000033  c_w.l(libinit2.o)
    0x0800028a   0x00000002   Code   RO         9891    .ARM.Collect$$libshutdown$$00000000  c_w.l(libshutdown.o)
    0x0800028c   0x00000000   Code   RO         9907    .ARM.Collect$$libshutdown$$00000002  c_w.l(libshutdown2.o)
    0x0800028c   0x00000000   Code   RO         9909    .ARM.Collect$$libshutdown$$00000004  c_w.l(libshutdown2.o)
    0x0800028c   0x00000000   Code   RO         9912    .ARM.Collect$$libshutdown$$00000007  c_w.l(libshutdown2.o)
    0x0800028c   0x00000000   Code   RO         9915    .ARM.Collect$$libshutdown$$0000000A  c_w.l(libshutdown2.o)
    0x0800028c   0x00000000   Code   RO         9917    .ARM.Collect$$libshutdown$$0000000C  c_w.l(libshutdown2.o)
    0x0800028c   0x00000000   Code   RO         9920    .ARM.Collect$$libshutdown$$0000000F  c_w.l(libshutdown2.o)
    0x0800028c   0x00000002   Code   RO         9921    .ARM.Collect$$libshutdown$$00000010  c_w.l(libshutdown2.o)
    0x0800028e   0x00000000   Code   RO         9720    .ARM.Collect$$rtentry$$00000000  c_w.l(__rtentry.o)
    0x0800028e   0x00000000   Code   RO         9759    .ARM.Collect$$rtentry$$00000002  c_w.l(__rtentry2.o)
    0x0800028e   0x00000006   Code   RO         9771    .ARM.Collect$$rtentry$$00000004  c_w.l(__rtentry4.o)
    0x08000294   0x00000000   Code   RO         9761    .ARM.Collect$$rtentry$$00000009  c_w.l(__rtentry2.o)
    0x08000294   0x00000004   Code   RO         9762    .ARM.Collect$$rtentry$$0000000A  c_w.l(__rtentry2.o)
    0x08000298   0x00000000   Code   RO         9764    .ARM.Collect$$rtentry$$0000000C  c_w.l(__rtentry2.o)
    0x08000298   0x00000008   Code   RO         9765    .ARM.Collect$$rtentry$$0000000D  c_w.l(__rtentry2.o)
    0x080002a0   0x00000002   Code   RO         9851    .ARM.Collect$$rtexit$$00000000  c_w.l(rtexit.o)
    0x080002a2   0x00000000   Code   RO         9866    .ARM.Collect$$rtexit$$00000002  c_w.l(rtexit2.o)
    0x080002a2   0x00000004   Code   RO         9867    .ARM.Collect$$rtexit$$00000003  c_w.l(rtexit2.o)
    0x080002a6   0x00000006   Code   RO         9868    .ARM.Collect$$rtexit$$00000004  c_w.l(rtexit2.o)
    0x080002ac   0x00000010   Code   RO         4177    .emb_text           sys.o
    0x080002bc   0x00000068   Code   RO          579    .text               startup_stm32f429xx.o
    0x08000324   0x000000dc   Code   RO         9538    .text               os_cpu_a.o
    0x08000400   0x00000002   Code   RO         9609    .text               c_w.l(use_no_semi_2.o)
    0x08000402   0x00000002   PAD
    0x08000404   0x00000018   Code   RO         9617    .text               c_w.l(noretval__2printf.o)
    0x0800041c   0x0000004e   Code   RO         9621    .text               c_w.l(_printf_pad.o)
    0x0800046a   0x00000052   Code   RO         9623    .text               c_w.l(_printf_str.o)
    0x080004bc   0x00000078   Code   RO         9625    .text               c_w.l(_printf_dec.o)
    0x08000534   0x00000058   Code   RO         9630    .text               c_w.l(_printf_hex_int.o)
    0x0800058c   0x00000188   Code   RO         9665    .text               c_w.l(__printf_flags_ss_wp.o)
    0x08000714   0x00000058   Code   RO         9674    .text               c_w.l(memcmp.o)
    0x0800076c   0x0000008a   Code   RO         9678    .text               c_w.l(rt_memcpy_v6.o)
    0x080007f6   0x00000064   Code   RO         9680    .text               c_w.l(rt_memcpy_w.o)
    0x0800085a   0x0000004e   Code   RO         9684    .text               c_w.l(rt_memclr_w.o)
    0x080008a8   0x00000080   Code   RO         9686    .text               c_w.l(strcmpv7m.o)
    0x08000928   0x00000006   Code   RO         9688    .text               c_w.l(heapauxi.o)
    0x0800092e   0x00000002   Code   RO         9718    .text               c_w.l(use_no_semi.o)
    0x08000930   0x00000016   Code   RO         9730    .text               c_w.l(_rserrno.o)
    0x08000946   0x000000b2   Code   RO         9732    .text               c_w.l(_printf_intcommon.o)
    0x080009f8   0x0000002c   Code   RO         9734    .text               c_w.l(_printf_char.o)
    0x08000a24   0x00000024   Code   RO         9736    .text               c_w.l(_printf_char_file.o)
    0x08000a48   0x00000008   Code   RO         9755    .text               c_w.l(libspace.o)
    0x08000a50   0x00000008   Code   RO         9778    .text               c_w.l(rt_errno_addr_intlibspace.o)
    0x08000a58   0x00000030   Code   RO         9780    .text               c_w.l(_printf_char_common.o)
    0x08000a88   0x00000008   Code   RO         9782    .text               c_w.l(ferror.o)
    0x08000a90   0x0000004a   Code   RO         9831    .text               c_w.l(sys_stackheap_outer.o)
    0x08000ada   0x00000012   Code   RO         9835    .text               c_w.l(exit.o)
    0x08000aec   0x00000110   Code   RO         4826    i.AD5933_RES        ad5933.o
    0x08000bfc   0x00000028   Code   RO         4827    i.AD5933_Read_Byte  ad5933.o
    0x08000c24   0x0000002c   Code   RO         4829    i.AD5933_Set_Point  ad5933.o
    0x08000c50   0x000000d4   Code   RO         4830    i.AD5933_Start      ad5933.o
    0x08000d24   0x0000005a   Code   RO         4831    i.AD5933_WRITE_COMMAND  ad5933.o
    0x08000d7e   0x00000002   PAD
    0x08000d80   0x00000038   Code   RO         4574    i.ADS1299_CHANGE_CHANEL  ads1299.o
    0x08000db8   0x00000070   Code   RO         4575    i.ADS1299_Check     ads1299.o
    0x08000e28   0x00000028   Code   RO         4576    i.ADS1299_Command   ads1299.o
    0x08000e50   0x00000068   Code   RO         4577    i.ADS1299_IT        ads1299.o
    0x08000eb8   0x000001d8   Code   RO         4578    i.ADS1299_Init      ads1299.o
    0x08001090   0x00000034   Code   RO         4579    i.ADS1299_PREG      ads1299.o
    0x080010c4   0x0000002c   Code   RO         4582    i.ADS1299_SDATAC    ads1299.o
    0x080010f0   0x00000038   Code   RO         4583    i.ADS1299_WREG      ads1299.o
    0x08001128   0x00000060   Code   RO         4795    i.Adg731_Init       adg731.o
    0x08001188   0x00000070   Code   RO         4796    i.Adg731_Write_Rg   adg731.o
    0x080011f8   0x00000002   Code   RO         9544    i.App_TCBInitHook   app_hooks.o
    0x080011fa   0x00000002   Code   RO         9545    i.App_TaskCreateHook  app_hooks.o
    0x080011fc   0x00000002   Code   RO         9546    i.App_TaskDelHook   app_hooks.o
    0x080011fe   0x00000002   Code   RO         9547    i.App_TaskIdleHook  app_hooks.o
    0x08001200   0x00000002   Code   RO         9548    i.App_TaskReturnHook  app_hooks.o
    0x08001202   0x00000002   Code   RO         9549    i.App_TaskStatHook  app_hooks.o
    0x08001204   0x00000002   Code   RO         9550    i.App_TaskSwHook    app_hooks.o
    0x08001206   0x00000002   Code   RO         9551    i.App_TimeTickHook  app_hooks.o
    0x08001208   0x00000004   Code   RO          373    i.BusFault_Handler  stm32f4xx_it.o
    0x0800120c   0x000000c4   Code   RO         4707    i.DMA1_Stream3_IRQHandler  spi.o
    0x080012d0   0x000001ec   Code   RO         5351    i.Data_Process      openbci.o
    0x080014bc   0x00000002   Code   RO          374    i.DebugMon_Handler  stm32f4xx_it.o
    0x080014be   0x00000016   Code   RO         3531    i.ETH_DMAReceptionEnable  stm32f4xx_hal_eth.o
    0x080014d4   0x00000016   Code   RO         3533    i.ETH_DMATransmissionEnable  stm32f4xx_hal_eth.o
    0x080014ea   0x00000038   Code   RO         3534    i.ETH_FlushTransmitFIFO  stm32f4xx_hal_eth.o
    0x08001522   0x00000024   Code   RO         4445    i.ETH_GetRxPktSize  lan8720.o
    0x08001546   0x00000002   PAD
    0x08001548   0x00000034   Code   RO         4446    i.ETH_IRQHandler    lan8720.o
    0x0800157c   0x00000034   Code   RO         3535    i.ETH_MACAddressConfig  stm32f4xx_hal_eth.o
    0x080015b0   0x00000244   Code   RO         3536    i.ETH_MACDMAConfig  stm32f4xx_hal_eth.o
    0x080017f4   0x00000028   Code   RO         3538    i.ETH_MACReceptionEnable  stm32f4xx_hal_eth.o
    0x0800181c   0x00000028   Code   RO         3540    i.ETH_MACTransmissionEnable  stm32f4xx_hal_eth.o
    0x08001844   0x00000054   Code   RO         4448    i.ETH_Mem_Malloc    lan8720.o
    0x08001898   0x00000024   Code   RO         4584    i.EXTI4_IRQHandler  ads1299.o
    0x080018bc   0x0000005e   Code   RO         1738    i.HAL_DMA_Abort     stm32f4xx_hal_dma.o
    0x0800191a   0x0000001a   Code   RO          593    i.HAL_Delay         stm32f4xx_hal.o
    0x08001934   0x0000008c   Code   RO         3543    i.HAL_ETH_DMARxDescListInit  stm32f4xx_hal_eth.o
    0x080019c0   0x00000084   Code   RO         3544    i.HAL_ETH_DMATxDescListInit  stm32f4xx_hal_eth.o
    0x08001a44   0x000000b2   Code   RO         3547    i.HAL_ETH_GetReceivedFrame  stm32f4xx_hal_eth.o
    0x08001af6   0x00000002   PAD
    0x08001af8   0x00000244   Code   RO         3551    i.HAL_ETH_Init      stm32f4xx_hal_eth.o
    0x08001d3c   0x0000014c   Code   RO         4449    i.HAL_ETH_MspInit   lan8720.o
    0x08001e88   0x00000090   Code   RO         3554    i.HAL_ETH_ReadPHYRegister  stm32f4xx_hal_eth.o
    0x08001f18   0x00000052   Code   RO         3556    i.HAL_ETH_Start     stm32f4xx_hal_eth.o
    0x08001f6a   0x0000013e   Code   RO         3558    i.HAL_ETH_TransmitFrame  stm32f4xx_hal_eth.o
    0x080020a8   0x00000090   Code   RO         3560    i.HAL_ETH_WritePHYRegister  stm32f4xx_hal_eth.o
    0x08002138   0x0000021c   Code   RO          875    i.HAL_GPIO_Init     stm32f4xx_hal_gpio.o
    0x08002354   0x0000000c   Code   RO          879    i.HAL_GPIO_WritePin  stm32f4xx_hal_gpio.o
    0x08002360   0x0000000c   Code   RO          601    i.HAL_GetTick       stm32f4xx_hal.o
    0x0800236c   0x00000010   Code   RO          602    i.HAL_IncTick       stm32f4xx_hal.o
    0x0800237c   0x0000003c   Code   RO          603    i.HAL_Init          stm32f4xx_hal.o
    0x080023b8   0x00000024   Code   RO          604    i.HAL_InitTick      stm32f4xx_hal.o
    0x080023dc   0x0000000a   Code   RO          606    i.HAL_MspInit       stm32f4xx_hal.o
    0x080023e6   0x0000001a   Code   RO          747    i.HAL_NVIC_EnableIRQ  stm32f4xx_hal_cortex.o
    0x08002400   0x0000007c   Code   RO          753    i.HAL_NVIC_SetPriority  stm32f4xx_hal_cortex.o
    0x0800247c   0x00000028   Code   RO          754    i.HAL_NVIC_SetPriorityGrouping  stm32f4xx_hal_cortex.o
    0x080024a4   0x000000a4   Code   RO         1064    i.HAL_PWREx_EnableOverDrive  stm32f4xx_hal_pwr_ex.o
    0x08002548   0x000002b0   Code   RO         1131    i.HAL_RCC_ClockConfig  stm32f4xx_hal_rcc.o
    0x080027f8   0x00000038   Code   RO         1136    i.HAL_RCC_GetHCLKFreq  stm32f4xx_hal_rcc.o
    0x08002830   0x0000002c   Code   RO         1138    i.HAL_RCC_GetPCLK1Freq  stm32f4xx_hal_rcc.o
    0x0800285c   0x0000002c   Code   RO         1139    i.HAL_RCC_GetPCLK2Freq  stm32f4xx_hal_rcc.o
    0x08002888   0x000000b4   Code   RO         1140    i.HAL_RCC_GetSysClockFreq  stm32f4xx_hal_rcc.o
    0x0800293c   0x00000408   Code   RO         1143    i.HAL_RCC_OscConfig  stm32f4xx_hal_rcc.o
    0x08002d44   0x0000003a   Code   RO         3873    i.HAL_SPI_DMAStop   stm32f4xx_hal_spi.o
    0x08002d7e   0x00000088   Code   RO         3879    i.HAL_SPI_Init      stm32f4xx_hal_spi.o
    0x08002e06   0x00000002   PAD
    0x08002e08   0x000000cc   Code   RO         4708    i.HAL_SPI_MspInit   spi.o
    0x08002ed4   0x00000352   Code   RO         3888    i.HAL_SPI_TransmitReceive  stm32f4xx_hal_spi.o
    0x08003226   0x00000028   Code   RO          756    i.HAL_SYSTICK_CLKSourceConfig  stm32f4xx_hal_cortex.o
    0x0800324e   0x00000034   Code   RO          758    i.HAL_SYSTICK_Config  stm32f4xx_hal_cortex.o
    0x08003282   0x00000002   Code   RO         2501    i.HAL_TIMEx_BreakCallback  stm32f4xx_hal_tim_ex.o
    0x08003284   0x00000002   Code   RO         2502    i.HAL_TIMEx_CommutationCallback  stm32f4xx_hal_tim_ex.o
    0x08003286   0x00000034   Code   RO         1862    i.HAL_TIM_Base_Init  stm32f4xx_hal_tim.o
    0x080032ba   0x00000002   PAD
    0x080032bc   0x0000003c   Code   RO         4529    i.HAL_TIM_Base_MspInit  timer.o
    0x080032f8   0x0000001e   Code   RO         1867    i.HAL_TIM_Base_Start_IT  stm32f4xx_hal_tim.o
    0x08003316   0x00000002   Code   RO         1891    i.HAL_TIM_IC_CaptureCallback  stm32f4xx_hal_tim.o
    0x08003318   0x00000196   Code   RO         1904    i.HAL_TIM_IRQHandler  stm32f4xx_hal_tim.o
    0x080034ae   0x00000002   Code   RO         1907    i.HAL_TIM_OC_DelayElapsedCallback  stm32f4xx_hal_tim.o
    0x080034b0   0x00000002   Code   RO         1934    i.HAL_TIM_PWM_PulseFinishedCallback  stm32f4xx_hal_tim.o
    0x080034b2   0x00000002   Code   RO         4530    i.HAL_TIM_PeriodElapsedCallback  timer.o
    0x080034b4   0x00000002   Code   RO         1945    i.HAL_TIM_TriggerCallback  stm32f4xx_hal_tim.o
    0x080034b6   0x00000002   Code   RO         1283    i.HAL_UART_ErrorCallback  stm32f4xx_hal_uart.o
    0x080034b8   0x00000008   Code   RO         1285    i.HAL_UART_GetState  stm32f4xx_hal_uart.o
    0x080034c0   0x00000130   Code   RO         1286    i.HAL_UART_IRQHandler  stm32f4xx_hal_uart.o
    0x080035f0   0x0000006e   Code   RO         1287    i.HAL_UART_Init     stm32f4xx_hal_uart.o
    0x0800365e   0x00000002   PAD
    0x08003660   0x0000009c   Code   RO         4205    i.HAL_UART_MspInit  usart.o
    0x080036fc   0x00000086   Code   RO         1292    i.HAL_UART_Receive_IT  stm32f4xx_hal_uart.o
    0x08003782   0x00000002   PAD
    0x08003784   0x00000088   Code   RO         4206    i.HAL_UART_RxCpltCallback  usart.o
    0x0800380c   0x00000002   Code   RO         1298    i.HAL_UART_TxCpltCallback  stm32f4xx_hal_uart.o
    0x0800380e   0x00000004   Code   RO          375    i.HardFault_Handler  stm32f4xx_it.o
    0x08003812   0x00000002   PAD
    0x08003814   0x00000050   Code   RO         4379    i.IIC_Ack           myiic.o
    0x08003864   0x0000005c   Code   RO         4380    i.IIC_Init          myiic.o
    0x080038c0   0x00000050   Code   RO         4381    i.IIC_NAck          myiic.o
    0x08003910   0x0000006c   Code   RO         4382    i.IIC_Read_Byte     myiic.o
    0x0800397c   0x00000068   Code   RO         4383    i.IIC_Send_Byte     myiic.o
    0x080039e4   0x0000004c   Code   RO         4384    i.IIC_Start         myiic.o
    0x08003a30   0x0000004c   Code   RO         4385    i.IIC_Stop          myiic.o
    0x08003a7c   0x00000064   Code   RO         4386    i.IIC_Wait_Ack      myiic.o
    0x08003ae0   0x000000e4   Code   RO         4451    i.LAN8720_Init      lan8720.o
    0x08003bc4   0x0000005c   Code   RO         4270    i.LED_Init          led.o
    0x08003c20   0x00000004   Code   RO          376    i.MemManage_Handler  stm32f4xx_it.o
    0x08003c24   0x00000002   Code   RO          377    i.NMI_Handler       stm32f4xx_it.o
    0x08003c26   0x00000002   PAD
    0x08003c28   0x00000010   Code   RO          760    i.NVIC_GetPriorityGrouping  stm32f4xx_hal_cortex.o
    0x08003c38   0x00000028   Code   RO          761    i.NVIC_SetPriority  stm32f4xx_hal_cortex.o
    0x08003c60   0x00000058   Code   RO         8762    i.OSEventNameSet    os_core.o
    0x08003cb8   0x0000002c   Code   RO         8764    i.OSInit            os_core.o
    0x08003ce4   0x00000030   Code   RO         9434    i.OSInitHookBegin   os_cpu_c.o
    0x08003d14   0x00000002   Code   RO         9435    i.OSInitHookEnd     os_cpu_c.o
    0x08003d16   0x00000002   PAD
    0x08003d18   0x00000024   Code   RO         8765    i.OSIntEnter        os_core.o
    0x08003d3c   0x00000090   Code   RO         8766    i.OSIntExit         os_core.o
    0x08003dcc   0x000000a0   Code   RO         9162    i.OSQCreate         os_q.o
    0x08003e6c   0x00000104   Code   RO         9163    i.OSQDel            os_q.o
    0x08003f70   0x00000124   Code   RO         9165    i.OSQPend           os_q.o
    0x08004094   0x00000072   Code   RO         9167    i.OSQPost           os_q.o
    0x08004106   0x00000062   Code   RO         9170    i.OSQQuery          os_q.o
    0x08004168   0x00000040   Code   RO         8767    i.OSSchedLock       os_core.o
    0x080041a8   0x00000060   Code   RO         8768    i.OSSchedUnlock     os_core.o
    0x08004208   0x00000054   Code   RO         9234    i.OSSemCreate       os_sem.o
    0x0800425c   0x000000e0   Code   RO         9235    i.OSSemDel          os_sem.o
    0x0800433c   0x000000f0   Code   RO         9236    i.OSSemPend         os_sem.o
    0x0800442c   0x00000058   Code   RO         9238    i.OSSemPost         os_sem.o
    0x08004484   0x0000004c   Code   RO         9239    i.OSSemQuery        os_sem.o
    0x080044d0   0x00000048   Code   RO         8769    i.OSStart           os_core.o
    0x08004518   0x0000004c   Code   RO         8770    i.OSStatInit        os_core.o
    0x08004564   0x0000000c   Code   RO         9436    i.OSTCBInitHook     os_cpu_c.o
    0x08004570   0x000000a0   Code   RO         9288    i.OSTaskCreate      os_task.o
    0x08004610   0x000000b8   Code   RO         9289    i.OSTaskCreateExt   os_task.o
    0x080046c8   0x0000000c   Code   RO         9437    i.OSTaskCreateHook  os_cpu_c.o
    0x080046d4   0x00000160   Code   RO         9290    i.OSTaskDel         os_task.o
    0x08004834   0x0000000c   Code   RO         9438    i.OSTaskDelHook     os_cpu_c.o
    0x08004840   0x00000008   Code   RO         9439    i.OSTaskIdleHook    os_cpu_c.o
    0x08004848   0x00000070   Code   RO         9293    i.OSTaskNameSet     os_task.o
    0x080048b8   0x0000000c   Code   RO         9440    i.OSTaskReturnHook  os_cpu_c.o
    0x080048c4   0x00000008   Code   RO         9441    i.OSTaskStatHook    os_cpu_c.o
    0x080048cc   0x00000088   Code   RO         9299    i.OSTaskStkChk      os_task.o
    0x08004954   0x00000228   Code   RO         9442    i.OSTaskStkInit     os_cpu_c.o
    0x08004b7c   0x000000a8   Code   RO         9300    i.OSTaskSuspend     os_task.o
    0x08004c24   0x0000003c   Code   RO         9443    i.OSTaskSwHook      os_cpu_c.o
    0x08004c60   0x00000078   Code   RO         9389    i.OSTimeDly         os_time.o
    0x08004cd8   0x00000060   Code   RO         9390    i.OSTimeDlyHMSM     os_time.o
    0x08004d38   0x0000001c   Code   RO         9392    i.OSTimeGet         os_time.o
    0x08004d54   0x000000ec   Code   RO         8771    i.OSTimeTick        os_core.o
    0x08004e40   0x00000008   Code   RO         9444    i.OSTimeTickHook    os_cpu_c.o
    0x08004e48   0x00000002   Code   RO         8773    i.OS_Dummy          os_core.o
    0x08004e4a   0x00000002   PAD
    0x08004e4c   0x00000090   Code   RO         8774    i.OS_EventTaskRdy   os_core.o
    0x08004edc   0x0000002e   Code   RO         8775    i.OS_EventTaskRemove  os_core.o
    0x08004f0a   0x0000003a   Code   RO         8776    i.OS_EventTaskRemoveMulti  os_core.o
    0x08004f44   0x0000007c   Code   RO         8777    i.OS_EventTaskWait  os_core.o
    0x08004fc0   0x0000001c   Code   RO         8779    i.OS_EventWaitListInit  os_core.o
    0x08004fdc   0x00000058   Code   RO         8982    i.OS_FlagInit       os_flag.o
    0x08005034   0x00000024   Code   RO         8984    i.OS_FlagUnlink     os_flag.o
    0x08005058   0x00000060   Code   RO         8780    i.OS_InitEventList  os_core.o
    0x080050b8   0x0000005c   Code   RO         8781    i.OS_InitMisc       os_core.o
    0x08005114   0x00000044   Code   RO         8782    i.OS_InitRdyList    os_core.o
    0x08005158   0x00000080   Code   RO         8783    i.OS_InitTCBList    os_core.o
    0x080051d8   0x00000050   Code   RO         8784    i.OS_InitTaskIdle   os_core.o
    0x08005228   0x00000050   Code   RO         8785    i.OS_InitTaskStat   os_core.o
    0x08005278   0x00000012   Code   RO         8786    i.OS_MemClr         os_core.o
    0x0800528a   0x00000002   PAD
    0x0800528c   0x00000050   Code   RO         9171    i.OS_QInit          os_q.o
    0x080052dc   0x00000074   Code   RO         8788    i.OS_Sched          os_core.o
    0x08005350   0x0000002c   Code   RO         8789    i.OS_SchedNew       os_core.o
    0x0800537c   0x00000140   Code   RO         8791    i.OS_TCBInit        os_core.o
    0x080054bc   0x00000028   Code   RO         8792    i.OS_TaskIdle       os_core.o
    0x080054e4   0x00000018   Code   RO         9301    i.OS_TaskReturn     os_task.o
    0x080054fc   0x000000a4   Code   RO         8793    i.OS_TaskStat       os_core.o
    0x080055a0   0x0000003c   Code   RO         8794    i.OS_TaskStatStkChk  os_core.o
    0x080055dc   0x0000001a   Code   RO         9302    i.OS_TaskStkClr     os_task.o
    0x080055f6   0x00000002   PAD
    0x080055f8   0x000000bc   Code   RO         4587    i.Recev_Data        ads1299.o
    0x080056b4   0x00000054   Code   RO         4709    i.SPI2_Init         spi.o
    0x08005708   0x00000020   Code   RO         4710    i.SPI2_ReadWriteByte  spi.o
    0x08005728   0x00000048   Code   RO         4711    i.SPI2_SetSpeed     spi.o
    0x08005770   0x00000114   Code   RO         3910    i.SPI_WaitOnFlagUntilTimeout  stm32f4xx_hal_spi.o
    0x08005884   0x00000002   Code   RO          378    i.SVC_Handler       stm32f4xx_it.o
    0x08005886   0x00000002   PAD
    0x08005888   0x0000002c   Code   RO         4588    i.Set_Sps           ads1299.o
    0x080058b4   0x000000b8   Code   RO         4178    i.Stm32_Clock_Init  sys.o
    0x0800596c   0x00000020   Code   RO         4115    i.SysTick_Handler   delay.o
    0x0800598c   0x00000064   Code   RO          444    i.SystemInit        system_stm32f4xx.o
    0x080059f0   0x00000094   Code   RO         4895    i.TCA6424A_Init     tca6424a.o
    0x08005a84   0x0000004e   Code   RO         4897    i.TCA6424A_W        tca6424a.o
    0x08005ad2   0x00000002   PAD
    0x08005ad4   0x00000010   Code   RO         4531    i.TIM3_IRQHandler   timer.o
    0x08005ae4   0x00000044   Code   RO         4940    i.TIM4_IRQHandler   usmart.o
    0x08005b28   0x000000e4   Code   RO         1946    i.TIM_Base_SetConfig  stm32f4xx_hal_tim.o
    0x08005c0c   0x00000060   Code   RO         4941    i.Timer4_Init       usmart.o
    0x08005c6c   0x00000030   Code   RO         1305    i.UART_EndTransmit_IT  stm32f4xx_hal_uart.o
    0x08005c9c   0x000000bc   Code   RO         1306    i.UART_Receive_IT   stm32f4xx_hal_uart.o
    0x08005d58   0x00000224   Code   RO         1307    i.UART_SetConfig    stm32f4xx_hal_uart.o
    0x08005f7c   0x00000070   Code   RO         1308    i.UART_Transmit_IT  stm32f4xx_hal_uart.o
    0x08005fec   0x00000058   Code   RO         4207    i.USART1_IRQHandler  usart.o
    0x08006044   0x00000004   Code   RO          379    i.UsageFault_Handler  stm32f4xx_it.o
    0x08006048   0x0000007a   Code   RO         9706    i.__hardfp_sqrt     m_wm.l(sqrt.o)
    0x080060c2   0x0000000e   Code   RO         9658    i._is_digit         c_w.l(__printf_wp.o)
    0x080060d0   0x00000004   Code   RO         4208    i._sys_exit         usart.o
    0x080060d4   0x000000b0   Code   RO         7368    i.accept_function   api_msg.o
    0x08006184   0x00000034   Code   RO         4589    i.ads1299_task      ads1299.o
    0x080061b8   0x00000020   Code   RO         6926    i.arp_timer         timers.o
    0x080061d8   0x00000044   Code   RO         4116    i.delay_init        delay.o
    0x0800621c   0x00000050   Code   RO         4117    i.delay_ms          delay.o
    0x0800626c   0x00000008   Code   RO         4118    i.delay_osschedlock  delay.o
    0x08006274   0x00000008   Code   RO         4119    i.delay_osschedunlock  delay.o
    0x0800627c   0x0000000c   Code   RO         4120    i.delay_ostimedly   delay.o
    0x08006288   0x00000058   Code   RO         4121    i.delay_us          delay.o
    0x080062e0   0x00000074   Code   RO         7369    i.do_bind           api_msg.o
    0x08006354   0x00000140   Code   RO         7370    i.do_close          api_msg.o
    0x08006494   0x000002b4   Code   RO         7371    i.do_close_internal  api_msg.o
    0x08006748   0x000001d4   Code   RO         7374    i.do_delconn        api_msg.o
    0x0800691c   0x00000130   Code   RO         7376    i.do_getaddr        api_msg.o
    0x08006a4c   0x000000cc   Code   RO         7377    i.do_listen         api_msg.o
    0x08006b18   0x00000020   Code   RO         7378    i.do_newconn        api_msg.o
    0x08006b38   0x00000048   Code   RO         7379    i.do_recv           api_msg.o
    0x08006b80   0x00000124   Code   RO         7381    i.do_write          api_msg.o
    0x08006ca4   0x000002e4   Code   RO         7382    i.do_writemore      api_msg.o
    0x08006f88   0x0000019c   Code   RO         7383    i.err_tcp           api_msg.o
    0x08007124   0x000001c0   Code   RO         5427    i.etharp_arp_input  etharp.o
    0x080072e4   0x000002f0   Code   RO         5430    i.etharp_find_entry  etharp.o
    0x080075d4   0x00000078   Code   RO         5431    i.etharp_free_entry  etharp.o
    0x0800764c   0x00000208   Code   RO         5432    i.etharp_output     etharp.o
    0x08007854   0x00000114   Code   RO         5433    i.etharp_output_to_arp_index  etharp.o
    0x08007968   0x00000278   Code   RO         5434    i.etharp_query      etharp.o
    0x08007be0   0x0000019c   Code   RO         5435    i.etharp_raw        etharp.o
    0x08007d7c   0x00000030   Code   RO         5436    i.etharp_request    etharp.o
    0x08007dac   0x000000b0   Code   RO         5437    i.etharp_send_ip    etharp.o
    0x08007e5c   0x00000094   Code   RO         5438    i.etharp_tmr        etharp.o
    0x08007ef0   0x00000158   Code   RO         5439    i.etharp_update_arp_entry  etharp.o
    0x08008048   0x00000144   Code   RO         5440    i.ethernet_input    etharp.o
    0x0800818c   0x000000a4   Code   RO         5540    i.ethernetif_init   ethernetif.o
    0x08008230   0x00000030   Code   RO         5541    i.ethernetif_input  ethernetif.o
    0x08008260   0x0000001c   Code   RO         4209    i.fputc             usart.o
    0x0800827c   0x00000012   Code   RO         5621    i.icmp_dest_unreach  icmp.o
    0x0800828e   0x00000002   PAD
    0x08008290   0x00000334   Code   RO         5622    i.icmp_input        icmp.o
    0x080085c4   0x00000120   Code   RO         5623    i.icmp_send_response  icmp.o
    0x080086e4   0x00000012   Code   RO         5624    i.icmp_time_exceeded  icmp.o
    0x080086f6   0x00000014   Code   RO         5704    i.inet_chksum       inet_chksum.o
    0x0800870a   0x00000056   Code   RO         5705    i.inet_chksum_pbuf  inet_chksum.o
    0x08008760   0x0000004e   Code   RO         5815    i.ip4_addr_isbroadcast  ip_addr.o
    0x080087ae   0x00000002   PAD
    0x080087b0   0x0000023c   Code   RO         5883    i.ip_frag           ip_frag.o
    0x080089ec   0x0000000a   Code   RO         5884    i.ip_frag_alloc_pbuf_custom_ref  ip_frag.o
    0x080089f6   0x00000002   PAD
    0x080089f8   0x0000008c   Code   RO         5885    i.ip_frag_free_pbuf_custom_ref  ip_frag.o
    0x08008a84   0x000001c8   Code   RO         5751    i.ip_input          ip.o
    0x08008c4c   0x000000b4   Code   RO         5752    i.ip_output         ip.o
    0x08008d00   0x00000190   Code   RO         5753    i.ip_output_if      ip.o
    0x08008e90   0x000001a4   Code   RO         5886    i.ip_reass          ip_frag.o
    0x08009034   0x00000310   Code   RO         5887    i.ip_reass_chain_frag_into_datagram_and_validate  ip_frag.o
    0x08009344   0x000000b8   Code   RO         5888    i.ip_reass_dequeue_datagram  ip_frag.o
    0x080093fc   0x00000058   Code   RO         5889    i.ip_reass_enqueue_new_datagram  ip_frag.o
    0x08009454   0x000001cc   Code   RO         5890    i.ip_reass_free_complete_datagram  ip_frag.o
    0x08009620   0x0000007c   Code   RO         5891    i.ip_reass_remove_oldest_datagram  ip_frag.o
    0x0800969c   0x00000020   Code   RO         6927    i.ip_reass_timer    timers.o
    0x080096bc   0x0000003c   Code   RO         5892    i.ip_reass_tmr      ip_frag.o
    0x080096f8   0x00000058   Code   RO         5754    i.ip_route          ip.o
    0x08009750   0x000000bc   Code   RO         5893    i.ipfrag_free_pbuf_custom  ip_frag.o
    0x0800980c   0x00000088   Code   RO         5542    i.low_level_init    ethernetif.o
    0x08009894   0x00000108   Code   RO         5543    i.low_level_input   ethernetif.o
    0x0800999c   0x000000f0   Code   RO         5544    i.low_level_output  ethernetif.o
    0x08009a8c   0x00000060   Code   RO         5222    i.lwip_comm_default_ip_set  lwip_comm.o
    0x08009aec   0x00000200   Code   RO         5223    i.lwip_comm_init    lwip_comm.o
    0x08009cec   0x0000003c   Code   RO         5224    i.lwip_comm_mem_free  lwip_comm.o
    0x08009d28   0x00000074   Code   RO         5225    i.lwip_comm_mem_malloc  lwip_comm.o
    0x08009d9c   0x0000001a   Code   RO         5961    i.lwip_htonl        def.o
    0x08009db6   0x0000000c   Code   RO         5962    i.lwip_htons        def.o
    0x08009dc2   0x00000024   Code   RO         6039    i.lwip_init         init.o
    0x08009de6   0x0000000c   Code   RO         5963    i.lwip_ntohl        def.o
    0x08009df2   0x0000000c   Code   RO         5964    i.lwip_ntohs        def.o
    0x08009dfe   0x00000002   PAD
    0x08009e00   0x00000010   Code   RO         5226    i.lwip_pkt_handle   lwip_comm.o
    0x08009e10   0x00000002   Code   RO         7694    i.lwip_socket_init  sockets.o
    0x08009e12   0x0000005e   Code   RO         5708    i.lwip_standard_chksum  inet_chksum.o
    0x08009e70   0x00000084   Code   RO            4    i.main              main.o
    0x08009ef4   0x00000168   Code   RO         6079    i.mem_free          mem.o
    0x0800a05c   0x000000f4   Code   RO         6080    i.mem_init          mem.o
    0x0800a150   0x00000288   Code   RO         6081    i.mem_malloc        mem.o
    0x0800a3d8   0x000001ec   Code   RO         6082    i.mem_trim          mem.o
    0x0800a5c4   0x000000c0   Code   RO         6134    i.memp_free         memp.o
    0x0800a684   0x00000008   Code   RO         6135    i.memp_get_memorysize  memp.o
    0x0800a68c   0x00000068   Code   RO         6136    i.memp_init         memp.o
    0x0800a6f4   0x00000100   Code   RO         6137    i.memp_malloc       memp.o
    0x0800a7f4   0x0000006c   Code   RO         5138    i.my_mem_free       malloc.o
    0x0800a860   0x0000002c   Code   RO         5139    i.my_mem_init       malloc.o
    0x0800a88c   0x000000a8   Code   RO         5140    i.my_mem_malloc     malloc.o
    0x0800a934   0x00000040   Code   RO         5141    i.my_mem_perused    malloc.o
    0x0800a974   0x00000024   Code   RO         5142    i.myfree            malloc.o
    0x0800a998   0x00000028   Code   RO         5143    i.mymalloc          malloc.o
    0x0800a9c0   0x00000014   Code   RO         5145    i.mymemset          malloc.o
    0x0800a9d4   0x00000020   Code   RO         7559    i.netbuf_delete     netbuf.o
    0x0800a9f4   0x00000010   Code   RO         5352    i.netcam_fifo_read  openbci.o
    0x0800aa04   0x00000060   Code   RO         5353    i.netcam_fifo_write  openbci.o
    0x0800aa64   0x000001ac   Code   RO         7225    i.netconn_accept    api_lib.o
    0x0800ac10   0x00000128   Code   RO         7384    i.netconn_alloc     api_msg.o
    0x0800ad38   0x000000d8   Code   RO         7226    i.netconn_bind      api_lib.o
    0x0800ae10   0x0000000e   Code   RO         7227    i.netconn_close     api_lib.o
    0x0800ae1e   0x00000002   PAD
    0x0800ae20   0x000000d0   Code   RO         7228    i.netconn_close_shutdown  api_lib.o
    0x0800aef0   0x00000028   Code   RO         7230    i.netconn_delete    api_lib.o
    0x0800af18   0x0000014c   Code   RO         7385    i.netconn_drain     api_msg.o
    0x0800b064   0x0000017c   Code   RO         7386    i.netconn_free      api_msg.o
    0x0800b1e0   0x00000158   Code   RO         7232    i.netconn_getaddr   api_lib.o
    0x0800b338   0x000000d0   Code   RO         7233    i.netconn_listen_with_backlog  api_lib.o
    0x0800b408   0x00000198   Code   RO         7234    i.netconn_new_with_proto_and_callback  api_lib.o
    0x0800b5a0   0x000001c0   Code   RO         7235    i.netconn_recv      api_lib.o
    0x0800b760   0x0000022c   Code   RO         7236    i.netconn_recv_data  api_lib.o
    0x0800b98c   0x00000164   Code   RO         7242    i.netconn_write_partly  api_lib.o
    0x0800baf0   0x00000104   Code   RO         6197    i.netif_add         netif.o
    0x0800bbf4   0x00000002   Code   RO         6199    i.netif_init        netif.o
    0x0800bbf6   0x00000028   Code   RO         6201    i.netif_set_addr    netif.o
    0x0800bc1e   0x00000002   PAD
    0x0800bc20   0x00000010   Code   RO         6202    i.netif_set_default  netif.o
    0x0800bc30   0x00000010   Code   RO         6204    i.netif_set_gw      netif.o
    0x0800bc40   0x00000084   Code   RO         6205    i.netif_set_ipaddr  netif.o
    0x0800bcc4   0x00000010   Code   RO         6208    i.netif_set_netmask  netif.o
    0x0800bcd4   0x00000036   Code   RO         6209    i.netif_set_up      netif.o
    0x0800bd0a   0x00000002   PAD
    0x0800bd0c   0x00000014   Code   RO         5354    i.netmem_free       openbci.o
    0x0800bd20   0x0000002c   Code   RO         5355    i.netmem_malloc     openbci.o
    0x0800bd4c   0x00000028   Code   RO         5356    i.openbci_init      openbci.o
    0x0800bd74   0x0000018c   Code   RO         5357    i.openbci_task      openbci.o
    0x0800bf00   0x0000041c   Code   RO         6303    i.pbuf_alloc        pbuf.o
    0x0800c31c   0x00000108   Code   RO         6304    i.pbuf_alloced_custom  pbuf.o
    0x0800c424   0x00000148   Code   RO         6305    i.pbuf_cat          pbuf.o
    0x0800c56c   0x00000012   Code   RO         6307    i.pbuf_clen         pbuf.o
    0x0800c57e   0x00000002   PAD
    0x0800c580   0x00000238   Code   RO         6309    i.pbuf_copy         pbuf.o
    0x0800c7b8   0x0000014c   Code   RO         6310    i.pbuf_copy_partial  pbuf.o
    0x0800c904   0x000001c0   Code   RO         6312    i.pbuf_free         pbuf.o
    0x0800cac4   0x00000154   Code   RO         6314    i.pbuf_header       pbuf.o
    0x0800cc18   0x000001c4   Code   RO         6317    i.pbuf_realloc      pbuf.o
    0x0800cddc   0x0000001a   Code   RO         6318    i.pbuf_ref          pbuf.o
    0x0800cdf6   0x00000002   PAD
    0x0800cdf8   0x0000012c   Code   RO         7387    i.pcb_new           api_msg.o
    0x0800cf24   0x000001b4   Code   RO         6083    i.plug_holes        mem.o
    0x0800d0d8   0x000000e4   Code   RO         7388    i.poll_tcp          api_msg.o
    0x0800d1bc   0x00000010   Code   RO         6429    i.raw_bind          raw.o
    0x0800d1cc   0x00000074   Code   RO         6431    i.raw_input         raw.o
    0x0800d240   0x00000034   Code   RO         6432    i.raw_new           raw.o
    0x0800d274   0x00000006   Code   RO         6433    i.raw_recv          raw.o
    0x0800d27a   0x00000002   PAD
    0x0800d27c   0x00000040   Code   RO         6434    i.raw_remove        raw.o
    0x0800d2bc   0x00000006   Code   RO         4942    i.read_addr         usmart.o
    0x0800d2c2   0x00000002   PAD
    0x0800d2c4   0x0000009c   Code   RO         7389    i.recv_raw          api_msg.o
    0x0800d360   0x00000188   Code   RO         7390    i.recv_tcp          api_msg.o
    0x0800d4e8   0x00000180   Code   RO         7391    i.recv_udp          api_msg.o
    0x0800d668   0x000000e0   Code   RO         7392    i.sent_tcp          api_msg.o
    0x0800d748   0x00000044   Code   RO         7393    i.setup_tcp         api_msg.o
    0x0800d78c   0x00000034   Code   RO            5    i.start_task        main.o
    0x0800d7c0   0x000000f4   Code   RO         7086    i.sys_arch_mbox_fetch  sys_arch.o
    0x0800d8b4   0x00000012   Code   RO         7087    i.sys_arch_mbox_tryfetch  sys_arch.o
    0x0800d8c6   0x00000064   Code   RO         7088    i.sys_arch_sem_wait  sys_arch.o
    0x0800d92a   0x00000002   Code   RO         7089    i.sys_init          sys_arch.o
    0x0800d92c   0x00000084   Code   RO         7090    i.sys_mbox_free     sys_arch.o
    0x0800d9b0   0x000000bc   Code   RO         7091    i.sys_mbox_new      sys_arch.o
    0x0800da6c   0x00000020   Code   RO         7092    i.sys_mbox_post     sys_arch.o
    0x0800da8c   0x00000006   Code   RO         7093    i.sys_mbox_set_invalid  sys_arch.o
    0x0800da92   0x00000002   PAD
    0x0800da94   0x00000024   Code   RO         7094    i.sys_mbox_trypost  sys_arch.o
    0x0800dab8   0x00000038   Code   RO         7095    i.sys_mbox_valid    sys_arch.o
    0x0800daf0   0x00000084   Code   RO         7098    i.sys_sem_free      sys_arch.o
    0x0800db74   0x000000a0   Code   RO         7099    i.sys_sem_new       sys_arch.o
    0x0800dc14   0x00000006   Code   RO         7100    i.sys_sem_set_invalid  sys_arch.o
    0x0800dc1a   0x0000000c   Code   RO         7101    i.sys_sem_signal    sys_arch.o
    0x0800dc26   0x00000016   Code   RO         7102    i.sys_sem_valid     sys_arch.o
    0x0800dc3c   0x00000058   Code   RO         7103    i.sys_thread_new    sys_arch.o
    0x0800dc94   0x00000148   Code   RO         6928    i.sys_timeout       timers.o
    0x0800dddc   0x00000024   Code   RO         6929    i.sys_timeouts_init  timers.o
    0x0800de00   0x00000088   Code   RO         6930    i.sys_timeouts_mbox_fetch  timers.o
    0x0800de88   0x00000060   Code   RO         6931    i.sys_untimeout     timers.o
    0x0800dee8   0x00000134   Code   RO         6515    i.tcp_abandon       tcp.o
    0x0800e01c   0x0000000e   Code   RO         6516    i.tcp_abort         tcp.o
    0x0800e02a   0x00000004   Code   RO         6517    i.tcp_accept        tcp.o
    0x0800e02e   0x00000008   Code   RO         6518    i.tcp_accept_null   tcp.o
    0x0800e036   0x00000002   PAD
    0x0800e038   0x000000c4   Code   RO         6519    i.tcp_alloc         tcp.o
    0x0800e0fc   0x00000004   Code   RO         6520    i.tcp_arg           tcp.o
    0x0800e100   0x00000128   Code   RO         6521    i.tcp_bind          tcp.o
    0x0800e228   0x0000001c   Code   RO         6522    i.tcp_close         tcp.o
    0x0800e244   0x0000024c   Code   RO         6523    i.tcp_close_shutdown  tcp.o
    0x0800e490   0x000000b8   Code   RO         6816    i.tcp_create_segment  tcp_out.o
    0x0800e548   0x0000002e   Code   RO         6526    i.tcp_eff_send_mss  tcp.o
    0x0800e576   0x00000002   PAD
    0x0800e578   0x000002a4   Code   RO         6817    i.tcp_enqueue_flags  tcp_out.o
    0x0800e81c   0x000000a0   Code   RO         6527    i.tcp_err           tcp.o
    0x0800e8bc   0x00000080   Code   RO         6528    i.tcp_fasttmr       tcp.o
    0x0800e93c   0x00000002   Code   RO         6529    i.tcp_init          tcp.o
    0x0800e93e   0x00000002   PAD
    0x0800e940   0x000006b8   Code   RO         6756    i.tcp_input         tcp_in.o
    0x0800eff8   0x00000054   Code   RO         6818    i.tcp_keepalive     tcp_out.o
    0x0800f04c   0x00000058   Code   RO         6530    i.tcp_kill_prio     tcp.o
    0x0800f0a4   0x00000040   Code   RO         6531    i.tcp_kill_timewait  tcp.o
    0x0800f0e4   0x0000013c   Code   RO         6757    i.tcp_listen_input  tcp_in.o
    0x0800f220   0x00000160   Code   RO         6532    i.tcp_listen_with_backlog  tcp.o
    0x0800f380   0x0000000a   Code   RO         6533    i.tcp_new           tcp.o
    0x0800f38a   0x00000002   PAD
    0x0800f38c   0x00000068   Code   RO         6534    i.tcp_new_port      tcp.o
    0x0800f3f4   0x0000001c   Code   RO         6535    i.tcp_next_iss      tcp.o
    0x0800f410   0x00000284   Code   RO         6819    i.tcp_output        tcp_out.o
    0x0800f694   0x00000118   Code   RO         6820    i.tcp_output_alloc_header  tcp_out.o
    0x0800f7ac   0x000000d8   Code   RO         6821    i.tcp_output_segment  tcp_out.o
    0x0800f884   0x000000d0   Code   RO         6758    i.tcp_parseopt      tcp_in.o
    0x0800f954   0x000000f8   Code   RO         6822    i.tcp_pbuf_prealloc  tcp_out.o
    0x0800fa4c   0x00000058   Code   RO         6536    i.tcp_pcb_purge     tcp.o
    0x0800faa4   0x00000140   Code   RO         6537    i.tcp_pcb_remove    tcp.o
    0x0800fbe4   0x000000a0   Code   RO         6538    i.tcp_poll          tcp.o
    0x0800fc84   0x00000698   Code   RO         6759    i.tcp_process       tcp_in.o
    0x0801031c   0x00000094   Code   RO         6539    i.tcp_process_refused_data  tcp.o
    0x080103b0   0x00000924   Code   RO         6760    i.tcp_receive       tcp_in.o
    0x08010cd4   0x000000a0   Code   RO         6540    i.tcp_recv          tcp.o
    0x08010d74   0x0000002e   Code   RO         6541    i.tcp_recv_null     tcp.o
    0x08010da2   0x00000002   PAD
    0x08010da4   0x0000011c   Code   RO         6542    i.tcp_recved        tcp.o
    0x08010ec0   0x0000005a   Code   RO         6823    i.tcp_rexmit        tcp_out.o
    0x08010f1a   0x00000078   Code   RO         6824    i.tcp_rexmit_fast   tcp_out.o
    0x08010f92   0x0000003a   Code   RO         6825    i.tcp_rexmit_rto    tcp_out.o
    0x08010fcc   0x00000120   Code   RO         6826    i.tcp_rst           tcp_out.o
    0x080110ec   0x0000001a   Code   RO         6543    i.tcp_seg_free      tcp.o
    0x08011106   0x00000018   Code   RO         6544    i.tcp_segs_free     tcp.o
    0x0801111e   0x00000056   Code   RO         6827    i.tcp_send_empty_ack  tcp_out.o
    0x08011174   0x0000004a   Code   RO         6828    i.tcp_send_fin      tcp_out.o
    0x080111be   0x00000002   PAD
    0x080111c0   0x000000a0   Code   RO         6545    i.tcp_sent          tcp.o
    0x08011260   0x00000062   Code   RO         6547    i.tcp_shutdown      tcp.o
    0x080112c2   0x00000002   PAD
    0x080112c4   0x000005f0   Code   RO         6548    i.tcp_slowtmr       tcp.o
    0x080118b4   0x00000038   Code   RO         6932    i.tcp_timer_needed  timers.o
    0x080118ec   0x000000ac   Code   RO         6761    i.tcp_timewait_input  tcp_in.o
    0x08011998   0x00000024   Code   RO         6549    i.tcp_tmr           tcp.o
    0x080119bc   0x000000d4   Code   RO         6550    i.tcp_update_rcv_ann_wnd  tcp.o
    0x08011a90   0x0000071c   Code   RO         6829    i.tcp_write         tcp_out.o
    0x080121ac   0x00000184   Code   RO         6830    i.tcp_write_checks  tcp_out.o
    0x08012330   0x000000b4   Code   RO         6831    i.tcp_zero_window_probe  tcp_out.o
    0x080123e4   0x00000040   Code   RO         7863    i.tcpip_apimsg      tcpip.o
    0x08012424   0x000000dc   Code   RO         7867    i.tcpip_init        tcpip.o
    0x08012500   0x0000004c   Code   RO         7868    i.tcpip_input       tcpip.o
    0x0801254c   0x00000038   Code   RO         6933    i.tcpip_tcp_timer   timers.o
    0x08012584   0x00000164   Code   RO         7869    i.tcpip_thread      tcpip.o
    0x080126e8   0x00000038   Code   RO         4210    i.uart_init         usart.o
    0x08012720   0x0000010c   Code   RO         6991    i.udp_bind          udp.o
    0x0801282c   0x00000002   Code   RO         6994    i.udp_init          udp.o
    0x0801282e   0x00000002   PAD
    0x08012830   0x0000024c   Code   RO         6995    i.udp_input         udp.o
    0x08012a7c   0x0000001c   Code   RO         6996    i.udp_new           udp.o
    0x08012a98   0x00000058   Code   RO         6997    i.udp_new_port      udp.o
    0x08012af0   0x00000006   Code   RO         6998    i.udp_recv          udp.o
    0x08012af6   0x00000002   PAD
    0x08012af8   0x00000040   Code   RO         6999    i.udp_remove        udp.o
    0x08012b38   0x000000b0   Code   RO         4943    i.usmart_cmd_rec    usmart.o
    0x08012be8   0x000002d4   Code   RO         4944    i.usmart_exe        usmart.o
    0x08012ebc   0x000000c8   Code   RO         5029    i.usmart_get_aparm  usmart_str.o
    0x08012f84   0x00000036   Code   RO         5030    i.usmart_get_cmdname  usmart_str.o
    0x08012fba   0x00000002   PAD
    0x08012fbc   0x000001c0   Code   RO         5031    i.usmart_get_fname  usmart_str.o
    0x0801317c   0x0000010c   Code   RO         5032    i.usmart_get_fparam  usmart_str.o
    0x08013288   0x00000020   Code   RO         5033    i.usmart_get_parmpos  usmart_str.o
    0x080132a8   0x00000044   Code   RO         4945    i.usmart_get_runtime  usmart.o
    0x080132ec   0x00000028   Code   RO         4946    i.usmart_init       usmart.o
    0x08013314   0x00000016   Code   RO         5034    i.usmart_pow        usmart_str.o
    0x0801332a   0x00000002   PAD
    0x0801332c   0x00000034   Code   RO         4947    i.usmart_reset_runtime  usmart.o
    0x08013360   0x000000bc   Code   RO         4948    i.usmart_scan       usmart.o
    0x0801341c   0x00000016   Code   RO         5035    i.usmart_search_nextc  usmart_str.o
    0x08013432   0x000000ca   Code   RO         5036    i.usmart_str2num    usmart_str.o
    0x080134fc   0x00000022   Code   RO         5037    i.usmart_strcmp     usmart_str.o
    0x0801351e   0x00000016   Code   RO         5038    i.usmart_strcopy    usmart_str.o
    0x08013534   0x00000018   Code   RO         5039    i.usmart_strlen     usmart_str.o
    0x0801354c   0x000006e4   Code   RO         4949    i.usmart_sys_cmd_exe  usmart.o
    0x08013c30   0x00000004   Code   RO         4950    i.write_addr        usmart.o
    0x08013c34   0x0000005a   Code   RO         9694    x$fpl$dfixu         fz_wm.l(dfixu.o)
    0x08013c8e   0x0000002e   Code   RO         9699    x$fpl$dflt          fz_wm.l(dflt_clz.o)
    0x08013cbc   0x0000009c   Code   RO         9746    x$fpl$dnaninf       fz_wm.l(dnaninf.o)
    0x08013d58   0x00000198   Code   RO         9750    x$fpl$dsqrt         fz_wm.l(dsqrt_umaal.o)
    0x08013ef0   0x0000000a   Code   RO         9849    x$fpl$fpinit        fz_wm.l(fpinit.o)
    0x08013efa   0x00000000   Code   RO         9754    x$fpl$usenofp       fz_wm.l(usenofp.o)
    0x08013efa   0x00000010   Data   RO         1144    .constdata          stm32f4xx_hal_rcc.o
    0x08013f0a   0x00000002   PAD
    0x08013f0c   0x00000024   Data   RO         5152    .constdata          malloc.o
    0x08013f30   0x0000000c   Data   RO         5442    .constdata          etharp.o
    0x08013f3c   0x00000008   Data   RO         5822    .constdata          ip_addr.o
    0x08013f44   0x00000038   Data   RO         6139    .constdata          memp.o
    0x08013f7c   0x00000050   Data   RO         6551    .constdata          tcp.o
    0x08013fcc   0x00000004   Data   RO         7104    .constdata          sys_arch.o
    0x08013fd0   0x00000100   Data   RO         8796    .constdata          os_core.o
    0x080140d0   0x00000028   Data   RO         9631    .constdata          c_w.l(_printf_hex_int.o)
    0x080140f8   0x00000011   Data   RO         9666    .constdata          c_w.l(__printf_flags_ss_wp.o)
    0x08014109   0x00000003   PAD
    0x0801410c   0x00000028   Data   RO         4952    .conststring        usmart.o
    0x08014134   0x0000007f   Data   RO         5113    .conststring        usmart_config.o
    0x080141b3   0x00000001   PAD
    0x080141b4   0x00000044   Data   RO         5443    .conststring        etharp.o
    0x080141f8   0x000000a0   Data   RO         6140    .conststring        memp.o
    0x08014298   0x0000006d   Data   RO         6552    .conststring        tcp.o
    0x08014305   0x00000003   PAD
    0x08014308   0x00000055   Data   RO         6832    .conststring        tcp_out.o
    0x0801435d   0x00000003   PAD
    0x08014360   0x00000020   Data   RO         9922    Region$$Table       anon$$obj.o


    Execution Region RW_IRAM1 (Base: 0x20000000, Size: 0x0001ee00, Max: 0x00030000, ABSOLUTE, COMPRESSED[0x000000c8])

    Base Addr    Size         Type   Attr      Idx    E Section Name        Object

    0x20000000   0x00000014   Data   RW          445    .data               system_stm32f4xx.o
    0x20000014   0x00000004   Data   RW          609    .data               stm32f4xx_hal.o
    0x20000018   0x00000006   Data   RW         4122    .data               delay.o
    0x2000001e   0x00000002   PAD
    0x20000020   0x00000007   Data   RW         4212    .data               usart.o
    0x20000027   0x00000001   PAD
    0x20000028   0x00000010   Data   RW         4455    .data               lan8720.o
    0x20000038   0x00000031   Data   RW         4592    .data               ads1299.o
    0x20000069   0x00000003   PAD
    0x2000006c   0x00000004   Data   RW         4716    .data               spi.o
    0x20000070   0x00000014   Data   RW         4834    .data               ad5933.o
    0x20000084   0x00000006   Data   RW         4899    .data               tca6424a.o
    0x2000008a   0x00000002   PAD
    0x2000008c   0x0000001c   Data   RW         4953    .data               usmart.o
    0x200000a8   0x00000114   Data   RW         5114    .data               usmart_config.o
    0x200001bc   0x00000024   Data   RW         5153    .data               malloc.o
    0x200001e0   0x00000008   Data   RW         5228    .data               lwip_comm.o
    0x200001e8   0x00000036   Data   RW         5359    .data               openbci.o
    0x2000021e   0x00000001   Data   RW         5444    .data               etharp.o
    0x2000021f   0x00000001   PAD
    0x20000220   0x00000012   Data   RW         5755    .data               ip.o
    0x20000232   0x00000002   PAD
    0x20000234   0x00000006   Data   RW         5894    .data               ip_frag.o
    0x2000023a   0x00000002   PAD
    0x2000023c   0x00000014   Data   RW         6084    .data               mem.o
    0x20000250   0x0000003c   Data   RW         6141    .data               memp.o
    0x2000028c   0x00000009   Data   RW         6210    .data               netif.o
    0x20000295   0x00000003   PAD
    0x20000298   0x00000004   Data   RW         6437    .data               raw.o
    0x2000029c   0x00000024   Data   RW         6553    .data               tcp.o
    0x200002c0   0x00000020   Data   RW         6763    .data               tcp_in.o
    0x200002e0   0x00000008   Data   RW         6934    .data               timers.o
    0x200002e8   0x00000008   Data   RW         7003    .data               udp.o
    0x200002f0   0x0000000c   Data   RW         7873    .data               tcpip.o
    0x200002fc   0x0000004c   Data   RW         8797    .data               os_core.o
    0x20000348   0x00000004   Data   RW         9448    .data               os_cpu_c.o
    0x2000034c   0x000009d0   Zero   RW            6    .bss                main.o
    0x20000d1c   0x00000108   Zero   RW         4211    .bss                usart.o
    0x20000e24   0x00000048   Zero   RW         4454    .bss                lan8720.o
    0x20000e6c   0x0000003c   Zero   RW         4533    .bss                timer.o
    0x20000ea8   0x000006a4   Zero   RW         4590    .bss                ads1299.o
    0x2000154c   0x00000160   Zero   RW         4715    .bss                spi.o
    0x200016ac   0x0000003c   Zero   RW         4951    .bss                usmart.o
    0x200016e8   0x00000018   PAD
    0x20001700   0x0001a900   Zero   RW         5151    .bss                malloc.o
    0x2001c000   0x00000048   Zero   RW         5227    .bss                lwip_comm.o
    0x2001c048   0x00001494   Zero   RW         5358    .bss                openbci.o
    0x2001d4dc   0x000000c8   Zero   RW         5441    .bss                etharp.o
    0x2001d5a4   0x00000038   Zero   RW         6138    .bss                memp.o
    0x2001d5dc   0x00000014   Zero   RW         6762    .bss                tcp_in.o
    0x2001d5f0   0x00000fb0   Zero   RW         8795    .bss                os_core.o
    0x2001e5a0   0x00000200   Zero   RW         9447    .bss                os_cpu_c.o
    0x2001e7a0   0x00000060   Zero   RW         9756    .bss                c_w.l(libspace.o)
    0x2001e800   0x00000200   Zero   RW          577    HEAP                startup_stm32f429xx.o
    0x2001ea00   0x00000400   Zero   RW          576    STACK               startup_stm32f429xx.o



  Load Region LR$$.ARM.__AT_0x10000000 (Base: 0x10000000, Size: 0x00000000, Max: 0x0000f000, ABSOLUTE)

    Execution Region ER$$.ARM.__AT_0x10000000 (Base: 0x10000000, Size: 0x0000f000, Max: 0x0000f000, ABSOLUTE, UNINIT)

    Base Addr    Size         Type   Attr      Idx    E Section Name        Object

    0x10000000   0x0000f000   Zero   RW         5147    .ARM.__AT_0x10000000  malloc.o



  Load Region LR$$.ARM.__AT_0x1000F000 (Base: 0x1000f000, Size: 0x00000000, Max: 0x00000f00, ABSOLUTE)

    Execution Region ER$$.ARM.__AT_0x1000F000 (Base: 0x1000f000, Size: 0x00000f00, Max: 0x00000f00, ABSOLUTE, UNINIT)

    Base Addr    Size         Type   Attr      Idx    E Section Name        Object

    0x1000f000   0x00000f00   Zero   RW         5148    .ARM.__AT_0x1000F000  malloc.o



  Load Region LR$$.ARM.__AT_0xC01F4000 (Base: 0xc01f4000, Size: 0x00000000, Max: 0x01c3c000, ABSOLUTE)

    Execution Region ER$$.ARM.__AT_0xC01F4000 (Base: 0xc01f4000, Size: 0x01c3c000, Max: 0x01c3c000, ABSOLUTE, UNINIT)

    Base Addr    Size         Type   Attr      Idx    E Section Name        Object

    0xc01f4000   0x01c3c000   Zero   RW         5149    .ARM.__AT_0xC01F4000  malloc.o



  Load Region LR$$.ARM.__AT_0xC1E30000 (Base: 0xc1e30000, Size: 0x00000000, Max: 0x001c3c00, ABSOLUTE)

    Execution Region ER$$.ARM.__AT_0xC1E30000 (Base: 0xc1e30000, Size: 0x001c3c00, Max: 0x001c3c00, ABSOLUTE, UNINIT)

    Base Addr    Size         Type   Attr      Idx    E Section Name        Object

    0xc1e30000   0x001c3c00   Zero   RW         5150    .ARM.__AT_0xC1E30000  malloc.o


==============================================================================

Image component sizes


      Code (inc. data)   RO Data    RW Data    ZI Data      Debug   Object Name

       658         18          0         20          0       4067   ad5933.o
       208         22          0          0          0       1752   adg731.o
      1256        128          0         49       1700       9279   ads1299.o
      3226       1488          0          0          0      19204   api_lib.o
      6588       2490          0          0          0      17316   api_msg.o
        16          0          0          0          0       3964   app_hooks.o
        62          0          0          0          0       2212   def.o
       296         32          0          6          0       4013   delay.o
      4200       1318         80          1        200      13541   etharp.o
       852        144          0          0          0       6824   ethernetif.o
      1144        456          0          0          0       3898   icmp.o
       200          0          0          0          0       2713   inet_chksum.o
        36          0          0          0          0        524   init.o
      1124        274          0         18          0       8057   ip.o
        78          0          8          0          0       6826   ip_addr.o
      3030        954          0          6          0      10680   ip_frag.o
       732         64          0         16         72       4154   lan8720.o
        92         10          0          0          0        843   led.o
       800        258          0          8         72      24683   lwip_comm.o
       184         22          0          0       2512     468755   main.o
       480         54         36         36   31630336       6374   malloc.o
      2180        938          0         20          0       5433   mem.o
       560        288        216         60         56       4102   memp.o
       716        112          0          0          0       4814   myiic.o
        32          0          0          0          0       1004   netbuf.o
       536        128          0          9          0       7586   netif.o
      1104        134          0         54       5268      14362   openbci.o
      2564        434        256         76       4016      25652   os_core.o
       220         36          0          0          0        412   os_cpu_a.o
       734        130          0          4        512      15955   os_cpu_c.o
       124         14          0          0          0       1290   os_flag.o
      1004         54          0          0          0       5607   os_q.o
       712         38          0          0          0       4470   os_sem.o
      1162        116          0          0          0       7144   os_task.o
       244         34          0          0          0       2052   os_time.o
      3828       1630          0          0          0       9546   pbuf.o
       254         24          0          4          0       3905   raw.o
         2          0          0          0          0        487   sockets.o
       588         50          0          4        352       3724   spi.o
       104         34        428          0       1536        836   startup_stm32f429xx.o
       160         16          0          4          0       4712   stm32f4xx_hal.o
       338         22          0          0          0      31345   stm32f4xx_hal_cortex.o
        94          0          0          0          0       1220   stm32f4xx_hal_dma.o
      2530         46          0          0          0      12495   stm32f4xx_hal_eth.o
       552         54          0          0          0       2396   stm32f4xx_hal_gpio.o
       164         12          0          0          0       1264   stm32f4xx_hal_pwr_ex.o
      2044         66         16          0          0       5955   stm32f4xx_hal_rcc.o
      1320          0          0          0          0       4251   stm32f4xx_hal_spi.o
       724         44          0          0          0       5651   stm32f4xx_hal_tim.o
         4          0          0          0          0       1562   stm32f4xx_hal_tim_ex.o
      1456         10          0          0          0       7575   stm32f4xx_hal_uart.o
        22          0          0          0          0       3075   stm32f4xx_it.o
       200          8          0          0          0       1703   sys.o
      1234        450          4          0          0      11537   sys_arch.o
       100         18          0         20          0       1017   system_stm32f4xx.o
       226         12          0          6          0       2042   tca6424a.o
      5710       1968        189         36          0      32897   tcp.o
      6444       1182          0         32         20      16955   tcp_in.o
      5436       1514         85          0          0      15755   tcp_out.o
       716        288          0         12          0       8754   tcpip.o
        78         12          0          0         60       2136   timer.o
       772        218          0          8          0       6039   timers.o
      1044        244          0          8          0       7047   udp.o
       468         60          0          7        264       5421   usart.o
      3186       1338         40         28         60       7779   usmart.o
         0          0        127        276          0       1476   usmart_config.o
      1328         20          0          0          0       8721   usmart_str.o

    ----------------------------------------------------------------------
     78356      19528       1526        844   31647060     948840   Object Totals
         0          0         32          0          0          0   (incl. Generated)
        76          0          9         16         24          0   (incl. Padding)

    ----------------------------------------------------------------------

      Code (inc. data)   RO Data    RW Data    ZI Data      Debug   Library Member Name

        90          0          0          0          0          0   __dczerorl2.o
         8          0          0          0          0         68   __main.o
       392          4         17          0          0         92   __printf_flags_ss_wp.o
        14          0          0          0          0         68   __printf_wp.o
         0          0          0          0          0          0   __rtentry.o
        12          0          0          0          0          0   __rtentry2.o
         6          0          0          0          0          0   __rtentry4.o
        52          8          0          0          0          0   __scatter.o
        28          0          0          0          0          0   __scatter_zi.o
         6          0          0          0          0          0   _printf_c.o
        44          0          0          0          0        108   _printf_char.o
        48          6          0          0          0         96   _printf_char_common.o
        36          4          0          0          0         80   _printf_char_file.o
         6          0          0          0          0          0   _printf_d.o
       120         16          0          0          0         92   _printf_dec.o
        88          4         40          0          0         88   _printf_hex_int.o
       178          0          0          0          0         88   _printf_intcommon.o
        78          0          0          0          0        108   _printf_pad.o
         0          0          0          0          0          0   _printf_percent.o
         4          0          0          0          0          0   _printf_percent_end.o
         6          0          0          0          0          0   _printf_s.o
        82          0          0          0          0         80   _printf_str.o
         6          0          0          0          0          0   _printf_u.o
         6          0          0          0          0          0   _printf_x.o
        22          0          0          0          0        100   _rserrno.o
        18          0          0          0          0         80   exit.o
         8          0          0          0          0         68   ferror.o
         6          0          0          0          0        152   heapauxi.o
         2          0          0          0          0          0   libinit.o
         6          0          0          0          0          0   libinit2.o
         2          0          0          0          0          0   libshutdown.o
         2          0          0          0          0          0   libshutdown2.o
         8          4          0          0         96         68   libspace.o
        88          0          0          0          0         76   memcmp.o
        24          4          0          0          0         84   noretval__2printf.o
         8          4          0          0          0         68   rt_errno_addr_intlibspace.o
        78          0          0          0          0         80   rt_memclr_w.o
       138          0          0          0          0         68   rt_memcpy_v6.o
       100          0          0          0          0         80   rt_memcpy_w.o
         2          0          0          0          0          0   rtexit.o
        10          0          0          0          0          0   rtexit2.o
       128          0          0          0          0         68   strcmpv7m.o
        74          0          0          0          0         80   sys_stackheap_outer.o
         2          0          0          0          0         68   use_no_semi.o
         2          0          0          0          0         68   use_no_semi_2.o
        90          4          0          0          0        140   dfixu.o
        46          0          0          0          0        116   dflt_clz.o
       156          4          0          0          0        140   dnaninf.o
       408         56          0          0          0        168   dsqrt_umaal.o
        10          0          0          0          0        116   fpinit.o
         0          0          0          0          0          0   usenofp.o
       122          0          0          0          0        148   sqrt.o

    ----------------------------------------------------------------------
      2874        118         60          0         96       3004   Library Totals
         4          0          3          0          0          0   (incl. Padding)

    ----------------------------------------------------------------------

      Code (inc. data)   RO Data    RW Data    ZI Data      Debug   Library Name

      2038         54         57          0         96       2176   c_w.l
       710         64          0          0          0        680   fz_wm.l
       122          0          0          0          0        148   m_wm.l

    ----------------------------------------------------------------------
      2874        118         60          0         96       3004   Library Totals

    ----------------------------------------------------------------------

==============================================================================


      Code (inc. data)   RO Data    RW Data    ZI Data      Debug   

     81230      19646       1586        844   31647156     906400   Grand Totals
     81230      19646       1586        200   31647156     906400   ELF Image Totals (compressed)
     81230      19646       1586        200          0          0   ROM Totals

==============================================================================

    Total RO  Size (Code + RO Data)                82816 (  80.88kB)
    Total RW  Size (RW Data + ZI Data)          31648000 (30906.25kB)
    Total ROM Size (Code + RO Data + RW Data)      83016 (  81.07kB)

==============================================================================

