Component: ARM Compiler 5.06 update 4 (build 422) Tool: armlink [4d35d2]

==============================================================================

Section Cross References

    main.o(i.lwip_test_ui) refers to _printf_percent.o(.ARM.Collect$$_printf_percent$$00000000) for _printf_percent
    main.o(i.lwip_test_ui) refers to _printf_d.o(.ARM.Collect$$_printf_percent$$00000009) for _printf_d
    main.o(i.lwip_test_ui) refers to _printf_dec.o(.text) for _printf_int_dec
    main.o(i.lwip_test_ui) refers to lcd.o(i.LCD_Fill) for LCD_Fill
    main.o(i.lwip_test_ui) refers to lcd.o(i.LCD_ShowString) for LCD_ShowString
    main.o(i.lwip_test_ui) refers to noretval__2sprintf.o(.text) for __2sprintf
    main.o(i.lwip_test_ui) refers to lan8720.o(i.LAN8720_Get_Speed) for LAN8720_Get_Speed
    main.o(i.lwip_test_ui) refers to lcd.o(.data) for POINT_COLOR
    main.o(i.lwip_test_ui) refers to lcd.o(.bss) for lcddev
    main.o(i.lwip_test_ui) refers to lwip_comm.o(.bss) for lwipdev
    main.o(i.main) refers to sys.o(i.Stm32_Clock_Init) for Stm32_Clock_Init
    main.o(i.main) refers to stm32f4xx_hal.o(i.HAL_Init) for HAL_Init
    main.o(i.main) refers to delay.o(i.delay_init) for delay_init
    main.o(i.main) refers to usart.o(i.uart_init) for uart_init
    main.o(i.main) refers to sdram.o(i.SDRAM_Init) for SDRAM_Init
    main.o(i.main) refers to malloc.o(i.my_mem_init) for my_mem_init
    main.o(i.main) refers to timer.o(i.TIM3_Init) for TIM3_Init
    main.o(i.main) refers to delay.o(i.delay_ms) for delay_ms
    main.o(i.main) refers to lwip_comm.o(i.lwip_comm_init) for lwip_comm_init
    main.o(i.main) refers to lwip_comm.o(i.lwip_periodic_handle) for lwip_periodic_handle
    main.o(i.main) refers to tcp_server_demo.o(i.tcp_server_test) for tcp_server_test
    main.o(i.main) refers to usmart_config.o(.data) for usmart_dev
    main.o(i.main) refers to lcd.o(.data) for POINT_COLOR
    stm32f4xx_it.o(i.SysTick_Handler) refers to stm32f4xx_hal.o(i.HAL_IncTick) for HAL_IncTick
    system_stm32f4xx.o(i.SystemCoreClockUpdate) refers to system_stm32f4xx.o(.data) for .data
    startup_stm32f429xx.o(STACK) refers (Special) to heapauxi.o(.text) for __use_two_region_memory
    startup_stm32f429xx.o(HEAP) refers (Special) to heapauxi.o(.text) for __use_two_region_memory
    startup_stm32f429xx.o(RESET) refers (Special) to heapauxi.o(.text) for __use_two_region_memory
    startup_stm32f429xx.o(RESET) refers to startup_stm32f429xx.o(STACK) for __initial_sp
    startup_stm32f429xx.o(RESET) refers to startup_stm32f429xx.o(.text) for Reset_Handler
    startup_stm32f429xx.o(RESET) refers to stm32f4xx_it.o(i.NMI_Handler) for NMI_Handler
    startup_stm32f429xx.o(RESET) refers to stm32f4xx_it.o(i.HardFault_Handler) for HardFault_Handler
    startup_stm32f429xx.o(RESET) refers to stm32f4xx_it.o(i.MemManage_Handler) for MemManage_Handler
    startup_stm32f429xx.o(RESET) refers to stm32f4xx_it.o(i.BusFault_Handler) for BusFault_Handler
    startup_stm32f429xx.o(RESET) refers to stm32f4xx_it.o(i.UsageFault_Handler) for UsageFault_Handler
    startup_stm32f429xx.o(RESET) refers to stm32f4xx_it.o(i.SVC_Handler) for SVC_Handler
    startup_stm32f429xx.o(RESET) refers to stm32f4xx_it.o(i.DebugMon_Handler) for DebugMon_Handler
    startup_stm32f429xx.o(RESET) refers to stm32f4xx_it.o(i.PendSV_Handler) for PendSV_Handler
    startup_stm32f429xx.o(RESET) refers to stm32f4xx_it.o(i.SysTick_Handler) for SysTick_Handler
    startup_stm32f429xx.o(RESET) refers to ads1299.o(i.EXTI4_IRQHandler) for EXTI4_IRQHandler
    startup_stm32f429xx.o(RESET) refers to spi.o(i.DMA1_Stream3_IRQHandler) for DMA1_Stream3_IRQHandler
    startup_stm32f429xx.o(RESET) refers to timer.o(i.TIM3_IRQHandler) for TIM3_IRQHandler
    startup_stm32f429xx.o(RESET) refers to usmart.o(i.TIM4_IRQHandler) for TIM4_IRQHandler
    startup_stm32f429xx.o(RESET) refers to usart.o(i.USART1_IRQHandler) for USART1_IRQHandler
    startup_stm32f429xx.o(RESET) refers to lan8720.o(i.ETH_IRQHandler) for ETH_IRQHandler
    startup_stm32f429xx.o(.text) refers (Special) to heapauxi.o(.text) for __use_two_region_memory
    startup_stm32f429xx.o(.text) refers to system_stm32f4xx.o(i.SystemInit) for SystemInit
    startup_stm32f429xx.o(.text) refers to __main.o(!!!main) for __main
    startup_stm32f429xx.o(.text) refers to startup_stm32f429xx.o(HEAP) for Heap_Mem
    startup_stm32f429xx.o(.text) refers to startup_stm32f429xx.o(STACK) for Stack_Mem
    stm32f4xx_hal.o(i.HAL_DeInit) refers to stm32f4xx_hal.o(i.HAL_MspDeInit) for HAL_MspDeInit
    stm32f4xx_hal.o(i.HAL_Delay) refers to stm32f4xx_hal.o(i.HAL_GetTick) for HAL_GetTick
    stm32f4xx_hal.o(i.HAL_GetTick) refers to stm32f4xx_hal.o(.data) for .data
    stm32f4xx_hal.o(i.HAL_IncTick) refers to stm32f4xx_hal.o(.data) for .data
    stm32f4xx_hal.o(i.HAL_Init) refers to stm32f4xx_hal_cortex.o(i.HAL_NVIC_SetPriorityGrouping) for HAL_NVIC_SetPriorityGrouping
    stm32f4xx_hal.o(i.HAL_Init) refers to stm32f4xx_hal.o(i.HAL_InitTick) for HAL_InitTick
[...]
    TIM1_BRK_TIM9_IRQHandler                 0x080002d7   Thumb Code     0  startup_stm32f429xx.o(.text)
    TIM1_CC_IRQHandler                       0x080002d7   Thumb Code     0  startup_stm32f429xx.o(.text)
    TIM1_TRG_COM_TIM11_IRQHandler            0x080002d7   Thumb Code     0  startup_stm32f429xx.o(.text)
    TIM1_UP_TIM10_IRQHandler                 0x080002d7   Thumb Code     0  startup_stm32f429xx.o(.text)
    TIM2_IRQHandler                          0x080002d7   Thumb Code     0  startup_stm32f429xx.o(.text)
    TIM5_IRQHandler                          0x080002d7   Thumb Code     0  startup_stm32f429xx.o(.text)
    TIM6_DAC_IRQHandler                      0x080002d7   Thumb Code     0  startup_stm32f429xx.o(.text)
    TIM7_IRQHandler                          0x080002d7   Thumb Code     0  startup_stm32f429xx.o(.text)
    TIM8_BRK_TIM12_IRQHandler                0x080002d7   Thumb Code     0  startup_stm32f429xx.o(.text)
    TIM8_CC_IRQHandler                       0x080002d7   Thumb Code     0  startup_stm32f429xx.o(.text)
    TIM8_TRG_COM_TIM14_IRQHandler            0x080002d7   Thumb Code     0  startup_stm32f429xx.o(.text)
    TIM8_UP_TIM13_IRQHandler                 0x080002d7   Thumb Code     0  startup_stm32f429xx.o(.text)
    UART4_IRQHandler                         0x080002d7   Thumb Code     0  startup_stm32f429xx.o(.text)
    UART5_IRQHandler                         0x080002d7   Thumb Code     0  startup_stm32f429xx.o(.text)
    UART7_IRQHandler                         0x080002d7   Thumb Code     0  startup_stm32f429xx.o(.text)
    UART8_IRQHandler                         0x080002d7   Thumb Code     0  startup_stm32f429xx.o(.text)
    USART2_IRQHandler                        0x080002d7   Thumb Code     0  startup_stm32f429xx.o(.text)
    USART3_IRQHandler                        0x080002d7   Thumb Code     0  startup_stm32f429xx.o(.text)
    USART6_IRQHandler                        0x080002d7   Thumb Code     0  startup_stm32f429xx.o(.text)
    WWDG_IRQHandler                          0x080002d7   Thumb Code     0  startup_stm32f429xx.o(.text)
    __user_initial_stackheap                 0x080002d9   Thumb Code     0  startup_stm32f429xx.o(.text)
    __use_no_semihosting                     0x080002fd   Thumb Code     2  use_no_semi_2.o(.text)
    __2printf                                0x08000301   Thumb Code    20  noretval__2printf.o(.text)
    __2sprintf                               0x08000319   Thumb Code    34  noretval__2sprintf.o(.text)
    _printf_pre_padding                      0x08000341   Thumb Code    44  _printf_pad.o(.text)
    _printf_post_padding                     0x0800036d   Thumb Code    34  _printf_pad.o(.text)
    _printf_str                              0x0800038f   Thumb Code    82  _printf_str.o(.text)
    _printf_int_dec                          0x080003e1   Thumb Code   104  _printf_dec.o(.text)
    _printf_int_hex                          0x08000459   Thumb Code    84  _printf_hex_int.o(.text)
    _printf_longlong_hex                     0x08000459   Thumb Code     0  _printf_hex_int.o(.text)
    __printf                                 0x080004b1   Thumb Code   388  __printf_flags_ss_wp.o(.text)
    memcmp                                   0x08000639   Thumb Code    88  memcmp.o(.text)
    __aeabi_memcpy                           0x08000691   Thumb Code     0  rt_memcpy_v6.o(.text)
    __rt_memcpy                              0x08000691   Thumb Code   138  rt_memcpy_v6.o(.text)
    _memcpy_lastbytes                        0x080006f7   Thumb Code     0  rt_memcpy_v6.o(.text)
    __aeabi_memcpy4                          0x0800071b   Thumb Code     0  rt_memcpy_w.o(.text)
    __aeabi_memcpy8                          0x0800071b   Thumb Code     0  rt_memcpy_w.o(.text)
    __rt_memcpy_w                            0x0800071b   Thumb Code   100  rt_memcpy_w.o(.text)
    _memcpy_lastbytes_aligned                0x08000763   Thumb Code     0  rt_memcpy_w.o(.text)
    __aeabi_memclr                           0x0800077f   Thumb Code     0  rt_memclr.o(.text)
    __rt_memclr                              0x0800077f   Thumb Code    68  rt_memclr.o(.text)
    _memset                                  0x08000783   Thumb Code     0  rt_memclr.o(.text)
    __aeabi_memclr4                          0x080007c3   Thumb Code     0  rt_memclr_w.o(.text)
    __aeabi_memclr8                          0x080007c3   Thumb Code     0  rt_memclr_w.o(.text)
    __rt_memclr_w                            0x080007c3   Thumb Code    78  rt_memclr_w.o(.text)
    _memset_w                                0x080007c7   Thumb Code     0  rt_memclr_w.o(.text)
    __use_two_region_memory                  0x08000811   Thumb Code     2  heapauxi.o(.text)
    __rt_heap_escrow$2region                 0x08000813   Thumb Code     2  heapauxi.o(.text)
    __rt_heap_expand$2region                 0x08000815   Thumb Code     2  heapauxi.o(.text)
    __I$use$semihosting                      0x08000817   Thumb Code     0  use_no_semi.o(.text)
    __use_no_semihosting_swi                 0x08000817   Thumb Code     2  use_no_semi.o(.text)
    _printf_int_common                       0x08000819   Thumb Code   178  _printf_intcommon.o(.text)
    _printf_char_common                      0x080008d7   Thumb Code    32  _printf_char_common.o(.text)
    _sputc                                   0x080008fd   Thumb Code    10  _sputc.o(.text)
    _printf_cs_common                        0x08000907   Thumb Code    20  _printf_char.o(.text)
    _printf_char                             0x0800091b   Thumb Code    16  _printf_char.o(.text)
    _printf_string                           0x0800092b   Thumb Code     8  _printf_char.o(.text)
    _printf_char_file                        0x08000935   Thumb Code    32  _printf_char_file.o(.text)
    ferror                                   0x08000959   Thumb Code     8  ferror.o(.text)
    __user_setup_stackheap                   0x08000961   Thumb Code    74  sys_stackheap_outer.o(.text)
    exit                                     0x080009ab   Thumb Code    18  exit.o(.text)
    __user_libspace                          0x080009bd   Thumb Code     8  libspace.o(.text)
    __user_perproc_libspace                  0x080009bd   Thumb Code     0  libspace.o(.text)
    __user_perthread_libspace                0x080009bd   Thumb Code     0  libspace.o(.text)
    ADS1299_CHANGE_CHANEL                    0x080009c5   Thumb Code    40  ads1299.o(i.ADS1299_CHANGE_CHANEL)
    ADS1299_Check                            0x080009f1   Thumb Code   126  ads1299.o(i.ADS1299_Check)
    ADS1299_Command                          0x08000a75   Thumb Code    38  ads1299.o(i.ADS1299_Command)
    ADS1299_IT                               0x08000a9d   Thumb Code    74  ads1299.o(i.ADS1299_IT)
    ADS1299_Init                             0x08000af9   Thumb Code   272  ads1299.o(i.ADS1299_Init)
    ADS1299_PREGS                            0x08000c25   Thumb Code    52  ads1299.o(i.ADS1299_PREGS)
    ADS1299_SDATAC                           0x08000c61   Thumb Code    42  ads1299.o(i.ADS1299_SDATAC)
    ADS1299_WREG                             0x08000c8b   Thumb Code    54  ads1299.o(i.ADS1299_WREG)
    BusFault_Handler                         0x08000cc1   Thumb Code     2  stm32f4xx_it.o(i.BusFault_Handler)
    DMA1_Stream3_IRQHandler                  0x08000cc5   Thumb Code   112  spi.o(i.DMA1_Stream3_IRQHandler)
    DebugMon_Handler                         0x08000d45   Thumb Code     2  stm32f4xx_it.o(i.DebugMon_Handler)
    ETH_GetRxPktSize                         0x08000d75   Thumb Code    30  lan8720.o(i.ETH_GetRxPktSize)
    ETH_IRQHandler                           0x08000d95   Thumb Code    38  lan8720.o(i.ETH_IRQHandler)
    ETH_Mem_Malloc                           0x08000ee5   Thumb Code    54  lan8720.o(i.ETH_Mem_Malloc)
    EXTI4_IRQHandler                         0x08000f21   Thumb Code    14  ads1299.o(i.EXTI4_IRQHandler)
    FMC_SDRAM_Init                           0x08000f35   Thumb Code    76  stm32f4xx_ll_fmc.o(i.FMC_SDRAM_Init)
    FMC_SDRAM_ProgramRefreshRate             0x08000f81   Thumb Code    12  stm32f4xx_ll_fmc.o(i.FMC_SDRAM_ProgramRefreshRate)
    FMC_SDRAM_SendCommand                    0x08000f8d   Thumb Code    72  stm32f4xx_ll_fmc.o(i.FMC_SDRAM_SendCommand)
    FMC_SDRAM_Timing_Init                    0x08000fd5   Thumb Code   124  stm32f4xx_ll_fmc.o(i.FMC_SDRAM_Timing_Init)
    HAL_DMA_Abort                            0x08001051   Thumb Code    82  stm32f4xx_hal_dma.o(i.HAL_DMA_Abort)
    HAL_Delay                                0x080010a3   Thumb Code    22  stm32f4xx_hal.o(i.HAL_Delay)
    HAL_ETH_DMARxDescListInit                0x080010b9   Thumb Code   114  stm32f4xx_hal_eth.o(i.HAL_ETH_DMARxDescListInit)
    HAL_ETH_DMATxDescListInit                0x0800112b   Thumb Code   120  stm32f4xx_hal_eth.o(i.HAL_ETH_DMATxDescListInit)
    HAL_ETH_GetReceivedFrame                 0x080011a3   Thumb Code   122  stm32f4xx_hal_eth.o(i.HAL_ETH_GetReceivedFrame)
    HAL_ETH_Init                             0x0800121d   Thumb Code   396  stm32f4xx_hal_eth.o(i.HAL_ETH_Init)
    HAL_ETH_MspInit                          0x080013d1   Thumb Code   206  lan8720.o(i.HAL_ETH_MspInit)
    HAL_ETH_ReadPHYRegister                  0x080014b5   Thumb Code   134  stm32f4xx_hal_eth.o(i.HAL_ETH_ReadPHYRegister)
    HAL_ETH_Start                            0x0800153b   Thumb Code   132  stm32f4xx_hal_eth.o(i.HAL_ETH_Start)
    HAL_ETH_TransmitFrame                    0x080015bf   Thumb Code   264  stm32f4xx_hal_eth.o(i.HAL_ETH_TransmitFrame)
    HAL_ETH_WritePHYRegister                 0x080016c7   Thumb Code   118  stm32f4xx_hal_eth.o(i.HAL_ETH_WritePHYRegister)
    HAL_GPIO_Init                            0x0800173d   Thumb Code   422  stm32f4xx_hal_gpio.o(i.HAL_GPIO_Init)
    HAL_GPIO_WritePin                        0x08001919   Thumb Code    10  stm32f4xx_hal_gpio.o(i.HAL_GPIO_WritePin)
    HAL_GetTick                              0x08001925   Thumb Code     6  stm32f4xx_hal.o(i.HAL_GetTick)
    HAL_IncTick                              0x08001931   Thumb Code    10  stm32f4xx_hal.o(i.HAL_IncTick)
    HAL_Init                                 0x08001941   Thumb Code    48  stm32f4xx_hal.o(i.HAL_Init)
    HAL_InitTick                             0x08001975   Thumb Code    34  stm32f4xx_hal.o(i.HAL_InitTick)
    HAL_MspInit                              0x08001997   Thumb Code     8  stm32f4xx_hal.o(i.HAL_MspInit)
    HAL_NVIC_EnableIRQ                       0x0800199f   Thumb Code    22  stm32f4xx_hal_cortex.o(i.HAL_NVIC_EnableIRQ)
    HAL_NVIC_SetPriority                     0x080019b5   Thumb Code    60  stm32f4xx_hal_cortex.o(i.HAL_NVIC_SetPriority)
    HAL_NVIC_SetPriorityGrouping             0x080019f5   Thumb Code    26  stm32f4xx_hal_cortex.o(i.HAL_NVIC_SetPriorityGrouping)
    HAL_PWREx_EnableOverDrive                0x08001a19   Thumb Code   122  stm32f4xx_hal_pwr_ex.o(i.HAL_PWREx_EnableOverDrive)
    HAL_RCC_ClockConfig                      0x08001aa1   Thumb Code   512  stm32f4xx_hal_rcc.o(i.HAL_RCC_ClockConfig)
    HAL_RCC_GetHCLKFreq                      0x08001ca9   Thumb Code    38  stm32f4xx_hal_rcc.o(i.HAL_RCC_GetHCLKFreq)
    HAL_RCC_GetPCLK1Freq                     0x08001cdd   Thumb Code    36  stm32f4xx_hal_rcc.o(i.HAL_RCC_GetPCLK1Freq)
    HAL_RCC_GetPCLK2Freq                     0x08001d09   Thumb Code    36  stm32f4xx_hal_rcc.o(i.HAL_RCC_GetPCLK2Freq)
    HAL_RCC_GetSysClockFreq                  0x08001d35   Thumb Code   104  stm32f4xx_hal_rcc.o(i.HAL_RCC_GetSysClockFreq)
    HAL_RCC_OscConfig                        0x08001da9   Thumb Code   774  stm32f4xx_hal_rcc.o(i.HAL_RCC_OscConfig)
    HAL_SDRAM_Init                           0x080020c5   Thumb Code    66  stm32f4xx_hal_sdram.o(i.HAL_SDRAM_Init)
    HAL_SDRAM_MspInit                        0x08002109   Thumb Code   194  sdram.o(i.HAL_SDRAM_MspInit)
    HAL_SDRAM_ProgramRefreshRate             0x080021e5   Thumb Code    34  stm32f4xx_hal_sdram.o(i.HAL_SDRAM_ProgramRefreshRate)
    HAL_SDRAM_SendCommand                    0x08002207   Thumb Code    46  stm32f4xx_hal_sdram.o(i.HAL_SDRAM_SendCommand)
    HAL_SPI_DMAStop                          0x08002235   Thumb Code    50  stm32f4xx_hal_spi.o(i.HAL_SPI_DMAStop)
    HAL_SPI_Init                             0x08002267   Thumb Code   132  stm32f4xx_hal_spi.o(i.HAL_SPI_Init)
    HAL_SPI_MspInit                          0x080022ed   Thumb Code   128  spi.o(i.HAL_SPI_MspInit)
    HAL_SPI_TransmitReceive                  0x08002379   Thumb Code   682  stm32f4xx_hal_spi.o(i.HAL_SPI_TransmitReceive)
    HAL_SYSTICK_CLKSourceConfig              0x08002623   Thumb Code    24  stm32f4xx_hal_cortex.o(i.HAL_SYSTICK_CLKSourceConfig)
    HAL_SYSTICK_Config                       0x0800263b   Thumb Code    40  stm32f4xx_hal_cortex.o(i.HAL_SYSTICK_Config)
    HAL_TIMEx_BreakCallback                  0x08002663   Thumb Code     2  stm32f4xx_hal_tim_ex.o(i.HAL_TIMEx_BreakCallback)
    HAL_TIMEx_CommutationCallback            0x08002665   Thumb Code     2  stm32f4xx_hal_tim_ex.o(i.HAL_TIMEx_CommutationCallback)
    HAL_TIM_Base_Init                        0x08002667   Thumb Code    54  stm32f4xx_hal_tim.o(i.HAL_TIM_Base_Init)
    HAL_TIM_Base_MspInit                     0x0800269d   Thumb Code    50  timer.o(i.HAL_TIM_Base_MspInit)
    HAL_TIM_Base_Start_IT                    0x080026d9   Thumb Code    24  stm32f4xx_hal_tim.o(i.HAL_TIM_Base_Start_IT)
    HAL_TIM_IC_CaptureCallback               0x080026f1   Thumb Code     2  stm32f4xx_hal_tim.o(i.HAL_TIM_IC_CaptureCallback)
    HAL_TIM_IRQHandler                       0x080026f3   Thumb Code   358  stm32f4xx_hal_tim.o(i.HAL_TIM_IRQHandler)
    HAL_TIM_OC_DelayElapsedCallback          0x08002859   Thumb Code     2  stm32f4xx_hal_tim.o(i.HAL_TIM_OC_DelayElapsedCallback)
    HAL_TIM_PWM_PulseFinishedCallback        0x0800285b   Thumb Code     2  stm32f4xx_hal_tim.o(i.HAL_TIM_PWM_PulseFinishedCallback)
    HAL_TIM_PeriodElapsedCallback            0x0800285d   Thumb Code    16  timer.o(i.HAL_TIM_PeriodElapsedCallback)
    HAL_TIM_TriggerCallback                  0x08002875   Thumb Code     2  stm32f4xx_hal_tim.o(i.HAL_TIM_TriggerCallback)
    HAL_UART_ErrorCallback                   0x08002877   Thumb Code     2  stm32f4xx_hal_uart.o(i.HAL_UART_ErrorCallback)
    HAL_UART_GetState                        0x08002879   Thumb Code     6  stm32f4xx_hal_uart.o(i.HAL_UART_GetState)
    HAL_UART_IRQHandler                      0x0800287f   Thumb Code   244  stm32f4xx_hal_uart.o(i.HAL_UART_IRQHandler)
    HAL_UART_Init                            0x08002973   Thumb Code    94  stm32f4xx_hal_uart.o(i.HAL_UART_Init)
    HAL_UART_MspInit                         0x080029d1   Thumb Code   112  usart.o(i.HAL_UART_MspInit)
    HAL_UART_Receive_IT                      0x08002a4d   Thumb Code   104  stm32f4xx_hal_uart.o(i.HAL_UART_Receive_IT)
    HAL_UART_RxCpltCallback                  0x08002ab5   Thumb Code    76  usart.o(i.HAL_UART_RxCpltCallback)
    HAL_UART_TxCpltCallback                  0x08002b0d   Thumb Code     2  stm32f4xx_hal_uart.o(i.HAL_UART_TxCpltCallback)
    HardFault_Handler                        0x08002b0f   Thumb Code     2  stm32f4xx_it.o(i.HardFault_Handler)
    LAN8720_Init                             0x08002b11   Thumb Code   172  lan8720.o(i.LAN8720_Init)
    MemManage_Handler                        0x08002bd1   Thumb Code     2  stm32f4xx_it.o(i.MemManage_Handler)
    NMI_Handler                              0x08002bd3   Thumb Code     2  stm32f4xx_it.o(i.NMI_Handler)
    PendSV_Handler                           0x08002bf5   Thumb Code     2  stm32f4xx_it.o(i.PendSV_Handler)
    Recev_Data                               0x08002bf9   Thumb Code   130  ads1299.o(i.Recev_Data)
    SDRAM_Init                               0x08002c91   Thumb Code   148  sdram.o(i.SDRAM_Init)
    SDRAM_Send_Cmd                           0x08002d2d   Thumb Code    48  sdram.o(i.SDRAM_Send_Cmd)
    SPI2_Init                                0x08002d61   Thumb Code    70  spi.o(i.SPI2_Init)
    SPI2_ReadWriteByte                       0x08002db1   Thumb Code    28  spi.o(i.SPI2_ReadWriteByte)
    SPI2_SetSpeed                            0x08002dd1   Thumb Code    46  spi.o(i.SPI2_SetSpeed)
    SVC_Handler                              0x08002ea3   Thumb Code     2  stm32f4xx_it.o(i.SVC_Handler)
    Stm32_Clock_Init                         0x08002ea5   Thumb Code   122  sys.o(i.Stm32_Clock_Init)
    SysTick_Handler                          0x08002f29   Thumb Code     4  stm32f4xx_it.o(i.SysTick_Handler)
    SystemInit                               0x08002f2d   Thumb Code    66  system_stm32f4xx.o(i.SystemInit)
    TIM3_IRQHandler                          0x08002f81   Thumb Code     6  timer.o(i.TIM3_IRQHandler)
    TIM3_Init                                0x08002f8d   Thumb Code    34  timer.o(i.TIM3_Init)
    TIM4_IRQHandler                          0x08002fb9   Thumb Code    44  usmart.o(i.TIM4_IRQHandler)
    TIM_Base_SetConfig                       0x08002fed   Thumb Code   148  stm32f4xx_hal_tim.o(i.TIM_Base_SetConfig)
    Timer4_Init                              0x080030ad   Thumb Code    72  usmart.o(i.Timer4_Init)
    USART1_IRQHandler                        0x08003385   Thumb Code    56  usart.o(i.USART1_IRQHandler)
    UsageFault_Handler                       0x080033c9   Thumb Code     2  stm32f4xx_it.o(i.UsageFault_Handler)
    _is_digit                                0x080033cb   Thumb Code    14  __printf_wp.o(i._is_digit)
    _sys_exit                                0x080033d9   Thumb Code     2  usart.o(i._sys_exit)
    delay_init                               0x080033f9   Thumb Code    16  delay.o(i.delay_init)
    delay_ms                                 0x0800340d   Thumb Code    26  delay.o(i.delay_ms)
    delay_us                                 0x08003429   Thumb Code    48  delay.o(i.delay_us)
    etharp_output                            0x08003811   Thumb Code   290  etharp.o(i.etharp_output)
    etharp_query                             0x08003a9d   Thumb Code   292  etharp.o(i.etharp_query)
    etharp_request                           0x08003dd9   Thumb Code    32  etharp.o(i.etharp_request)
    etharp_tmr                               0x08003e9d   Thumb Code    66  etharp.o(i.etharp_tmr)
    ethernet_input                           0x08003ff5   Thumb Code   154  etharp.o(i.ethernet_input)
    ethernetif_init                          0x0800410d   Thumb Code    48  ethernetif.o(i.ethernetif_init)
    ethernetif_input                         0x080041a9   Thumb Code    38  ethernetif.o(i.ethernetif_input)
    fputc                                    0x080041d1   Thumb Code    14  usart.o(i.fputc)
    hardware_init                            0x080041e5   Thumb Code    32  tcp_server_demo.o(i.hardware_init)
    icmp_dest_unreach                        0x08004205   Thumb Code     8  icmp.o(i.icmp_dest_unreach)
    icmp_input                               0x0800420d   Thumb Code   310  icmp.o(i.icmp_input)
    icmp_time_exceeded                       0x08004585   Thumb Code     8  icmp.o(i.icmp_time_exceeded)
    inet_chksum                              0x0800458d   Thumb Code    12  inet_chksum.o(i.inet_chksum)
    inet_chksum_pbuf                         0x08004599   Thumb Code    72  inet_chksum.o(i.inet_chksum_pbuf)
    ip4_addr_isbroadcast                     0x080045e1   Thumb Code    46  ip_addr.o(i.ip4_addr_isbroadcast)
    ip_frag                                  0x08004611   Thumb Code   378  ip_frag.o(i.ip_frag)
    ip_input                                 0x0800488d   Thumb Code   326  ip.o(i.ip_input)
    ip_output                                0x080049dd   Thumb Code    72  ip.o(i.ip_output)
    ip_output_if                             0x08004a85   Thumb Code   208  ip.o(i.ip_output_if)
    ip_reass                                 0x08004be9   Thumb Code   414  ip_frag.o(i.ip_reass)
    ip_reass_tmr                             0x080052c1   Thumb Code    40  ip_frag.o(i.ip_reass_tmr)
    ip_route                                 0x080052ed   Thumb Code    54  ip.o(i.ip_route)
    lwip_comm_default_ip_set                 0x08005599   Thumb Code    74  lwip_comm.o(i.lwip_comm_default_ip_set)
    lwip_comm_init                           0x080055e9   Thumb Code   218  lwip_comm.o(i.lwip_comm_init)
    lwip_comm_mem_malloc                     0x08005799   Thumb Code    36  lwip_comm.o(i.lwip_comm_mem_malloc)
    lwip_htonl                               0x080057c5   Thumb Code     4  def.o(i.lwip_htonl)
    lwip_htons                               0x080057c9   Thumb Code     4  def.o(i.lwip_htons)
    lwip_init                                0x080057cd   Thumb Code    30  init.o(i.lwip_init)
    lwip_ntohl                               0x080057eb   Thumb Code     4  def.o(i.lwip_ntohl)
    lwip_ntohs                               0x080057ef   Thumb Code     4  def.o(i.lwip_ntohs)
    lwip_periodic_handle                     0x080057f3   Thumb Code     4  lwip_comm.o(i.lwip_periodic_handle)
    lwip_pkt_handle                          0x080057f9   Thumb Code     6  lwip_comm.o(i.lwip_pkt_handle)
    main                                     0x0800585d   Thumb Code   122  main.o(i.main)
    mem_free                                 0x080058e1   Thumb Code   110  mem.o(i.mem_free)
    mem_init                                 0x080059f5   Thumb Code    44  mem.o(i.mem_init)
    mem_malloc                               0x08005a25   Thumb Code   258  mem.o(i.mem_malloc)
    mem_trim                                 0x08005c1d   Thumb Code   240  mem.o(i.mem_trim)
    memp_free                                0x08005d99   Thumb Code    40  memp.o(i.memp_free)
    memp_get_memorysize                      0x08005e35   Thumb Code     6  memp.o(i.memp_get_memorysize)
    memp_init                                0x08005e3d   Thumb Code    80  memp.o(i.memp_init)
    memp_malloc                              0x08005e99   Thumb Code    62  memp.o(i.memp_malloc)
    my_mem_free                              0x08005f71   Thumb Code    80  malloc.o(i.my_mem_free)
    my_mem_init                              0x08005fc9   Thumb Code    36  malloc.o(i.my_mem_init)
    my_mem_malloc                            0x08005ff5   Thumb Code   128  malloc.o(i.my_mem_malloc)
    my_mem_perused                           0x0800607d   Thumb Code    50  malloc.o(i.my_mem_perused)
    myfree                                   0x080060b9   Thumb Code    20  malloc.o(i.myfree)
    mymalloc                                 0x080060d1   Thumb Code    28  malloc.o(i.mymalloc)
    mymemset                                 0x080060f1   Thumb Code    12  malloc.o(i.mymemset)
    netcam_fifo_write                        0x080060fd   Thumb Code    58  tcp_server_demo.o(i.netcam_fifo_write)
    netif_add                                0x0800613d   Thumb Code    94  netif.o(i.netif_add)
    netif_init                               0x08006209   Thumb Code     2  netif.o(i.netif_init)
    netif_set_addr                           0x0800620b   Thumb Code    32  netif.o(i.netif_set_addr)
    netif_set_default                        0x0800622d   Thumb Code     6  netif.o(i.netif_set_default)
    netif_set_gw                             0x08006239   Thumb Code     8  netif.o(i.netif_set_gw)
    netif_set_ipaddr                         0x08006241   Thumb Code    96  netif.o(i.netif_set_ipaddr)
    netif_set_netmask                        0x080062a9   Thumb Code     8  netif.o(i.netif_set_netmask)
    netif_set_up                             0x080062b1   Thumb Code    32  netif.o(i.netif_set_up)
    netmem_malloc                            0x080062d1   Thumb Code    54  tcp_server_demo.o(i.netmem_malloc)
    pbuf_alloc                               0x0800630d   Thumb Code   460  pbuf.o(i.pbuf_alloc)
    pbuf_alloced_custom                      0x08006669   Thumb Code   100  pbuf.o(i.pbuf_alloced_custom)
    pbuf_cat                                 0x08006741   Thumb Code    96  pbuf.o(i.pbuf_cat)
    pbuf_clen                                0x08006869   Thumb Code    18  pbuf.o(i.pbuf_clen)
    pbuf_copy                                0x0800687d   Thumb Code   240  pbuf.o(i.pbuf_copy)
    pbuf_copy_partial                        0x08006a5d   Thumb Code   126  pbuf.o(i.pbuf_copy_partial)
    pbuf_free                                0x08006b71   Thumb Code   170  pbuf.o(i.pbuf_free)
    pbuf_header                              0x08006ccd   Thumb Code   138  pbuf.o(i.pbuf_header)
    pbuf_realloc                             0x08006de5   Thumb Code   186  pbuf.o(i.pbuf_realloc)
    pbuf_ref                                 0x08006f6d   Thumb Code    12  pbuf.o(i.pbuf_ref)
    pbuf_take                                0x08006f79   Thumb Code   136  pbuf.o(i.pbuf_take)
    raw_input                                0x08007221   Thumb Code   104  raw.o(i.raw_input)
    read_addr                                0x08007295   Thumb Code     4  usmart.o(i.read_addr)
    sys_check_timeouts                       0x08007299   Thumb Code    74  timers.o(i.sys_check_timeouts)
    sys_now                                  0x080072e9   Thumb Code     6  sys_arch.o(i.sys_now)
    sys_timeout                              0x080072f5   Thumb Code   104  timers.o(i.sys_timeout)
    sys_timeouts_init                        0x080073f5   Thumb Code    36  timers.o(i.sys_timeouts_init)
    tcp_abandon                              0x08007425   Thumb Code   158  tcp.o(i.tcp_abandon)
    tcp_abort                                0x0800754d   Thumb Code     6  tcp.o(i.tcp_abort)
    tcp_accept                               0x08007553   Thumb Code     4  tcp.o(i.tcp_accept)
    tcp_alloc                                0x0800755d   Thumb Code   236  tcp.o(i.tcp_alloc)
    tcp_arg                                  0x08007655   Thumb Code     4  tcp.o(i.tcp_arg)
    tcp_bind                                 0x08007659   Thumb Code   134  tcp.o(i.tcp_bind)
    tcp_close                                0x08007761   Thumb Code    20  tcp.o(i.tcp_close)
    tcp_eff_send_mss                         0x080079b3   Thumb Code    32  tcp.o(i.tcp_eff_send_mss)
    tcp_enqueue_flags                        0x080079d5   Thumb Code   286  tcp_out.o(i.tcp_enqueue_flags)
    tcp_err                                  0x08007bf5   Thumb Code    32  tcp.o(i.tcp_err)
    tcp_fasttmr                              0x08007c8d   Thumb Code    88  tcp.o(i.tcp_fasttmr)
    tcp_init                                 0x08007ce9   Thumb Code     2  tcp.o(i.tcp_init)
    tcp_input                                0x08007ced   Thumb Code   890  tcp_in.o(i.tcp_input)
    tcp_keepalive                            0x080081f9   Thumb Code    60  tcp_out.o(i.tcp_keepalive)
    tcp_listen_with_backlog                  0x08008319   Thumb Code   142  tcp.o(i.tcp_listen_with_backlog)
    tcp_new                                  0x08008425   Thumb Code     6  tcp.o(i.tcp_new)
    tcp_next_iss                             0x08008489   Thumb Code    12  tcp.o(i.tcp_next_iss)
    tcp_output                               0x08008499   Thumb Code   434  tcp_out.o(i.tcp_output)
    tcp_pcb_purge                            0x080089e9   Thumb Code    58  tcp.o(i.tcp_pcb_purge)
    tcp_pcb_remove                           0x08008a25   Thumb Code   126  tcp.o(i.tcp_pcb_remove)
    tcp_poll                                 0x08008b2d   Thumb Code    38  tcp.o(i.tcp_poll)
    tcp_process_refused_data                 0x08008fe5   Thumb Code   100  tcp.o(i.tcp_process_refused_data)
    tcp_recv                                 0x080096e5   Thumb Code    30  tcp.o(i.tcp_recv)
    tcp_recv_null                            0x0800977d   Thumb Code    36  tcp.o(i.tcp_recv_null)
    tcp_recved                               0x080097a1   Thumb Code   104  tcp.o(i.tcp_recved)
    tcp_rexmit                               0x080098a5   Thumb Code    82  tcp_out.o(i.tcp_rexmit)
    tcp_rexmit_fast                          0x080098f7   Thumb Code    88  tcp_out.o(i.tcp_rexmit_fast)
    tcp_rexmit_rto                           0x0800994f   Thumb Code    46  tcp_out.o(i.tcp_rexmit_rto)
    tcp_rst                                  0x0800997d   Thumb Code   138  tcp_out.o(i.tcp_rst)
    tcp_seg_free                             0x08009a8d   Thumb Code    28  tcp.o(i.tcp_seg_free)
    tcp_segs_free                            0x08009aa9   Thumb Code    18  tcp.o(i.tcp_segs_free)
    tcp_send_empty_ack                       0x08009abb   Thumb Code    72  tcp_out.o(i.tcp_send_empty_ack)
    tcp_send_fin                             0x08009b03   Thumb Code    70  tcp_out.o(i.tcp_send_fin)
    tcp_sent                                 0x08009b49   Thumb Code    30  tcp.o(i.tcp_sent)
    tcp_server_accept                        0x08009be1   Thumb Code   116  tcp_server_demo.o(i.tcp_server_accept)
    tcp_server_connection_close              0x08009c6d   Thumb Code    72  tcp_server_demo.o(i.tcp_server_connection_close)
    tcp_server_error                         0x08009cb9   Thumb Code    28  tcp_server_demo.o(i.tcp_server_error)
    tcp_server_poll                          0x08009ce5   Thumb Code    22  tcp_server_demo.o(i.tcp_server_poll)
    tcp_server_recv                          0x08009cfd   Thumb Code   194  tcp_server_demo.o(i.tcp_server_recv)
    tcp_server_remove_timewait               0x08009e39   Thumb Code    62  tcp_server_demo.o(i.tcp_server_remove_timewait)
    tcp_server_senddata                      0x08009e81   Thumb Code    90  tcp_server_demo.o(i.tcp_server_senddata)
    tcp_server_sent                          0x08009edb   Thumb Code    20  tcp_server_demo.o(i.tcp_server_sent)
    tcp_server_test                          0x08009ef1   Thumb Code   258  tcp_server_demo.o(i.tcp_server_test)
    tcp_server_usersent                      0x0800a035   Thumb Code    84  tcp_server_demo.o(i.tcp_server_usersent)
    tcp_setprio                              0x0800a08d   Thumb Code     4  tcp.o(i.tcp_setprio)
    tcp_slowtmr                              0x0800a091   Thumb Code   754  tcp.o(i.tcp_slowtmr)
    tcp_timer_needed                         0x0800a545   Thumb Code    36  timers.o(i.tcp_timer_needed)
    tcp_tmr                                  0x0800a5e5   Thumb Code    28  tcp.o(i.tcp_tmr)
    tcp_update_rcv_ann_wnd                   0x0800a605   Thumb Code    76  tcp.o(i.tcp_update_rcv_ann_wnd)
    tcp_write                                0x0800a6bd   Thumb Code   928  tcp_out.o(i.tcp_write)
    tcp_zero_window_probe                    0x0800ad45   Thumb Code   146  tcp_out.o(i.tcp_zero_window_probe)
    uart_init                                0x0800ae11   Thumb Code    44  usart.o(i.uart_init)
    udp_init                                 0x0800ae49   Thumb Code     2  udp.o(i.udp_init)
    udp_input                                0x0800ae4d   Thumb Code   328  udp.o(i.udp_input)
    usmart_cmd_rec                           0x0800b019   Thumb Code   144  usmart.o(i.usmart_cmd_rec)
    usmart_exe                               0x0800b0ad   Thumb Code   510  usmart.o(i.usmart_exe)
    usmart_get_aparm                         0x0800b30d   Thumb Code   156  usmart_str.o(i.usmart_get_aparm)
    usmart_get_cmdname                       0x0800b3a9   Thumb Code    46  usmart_str.o(i.usmart_get_cmdname)
    usmart_get_fname                         0x0800b3d9   Thumb Code   352  usmart_str.o(i.usmart_get_fname)
    usmart_get_fparam                        0x0800b541   Thumb Code   202  usmart_str.o(i.usmart_get_fparam)
    usmart_get_parmpos                       0x0800b611   Thumb Code    30  usmart_str.o(i.usmart_get_parmpos)
    usmart_get_runtime                       0x0800b635   Thumb Code    38  usmart.o(i.usmart_get_runtime)
    usmart_init                              0x0800b665   Thumb Code    36  usmart.o(i.usmart_init)
    usmart_pow                               0x0800b68d   Thumb Code    16  usmart_str.o(i.usmart_pow)
    usmart_reset_runtime                     0x0800b69d   Thumb Code    32  usmart.o(i.usmart_reset_runtime)
    usmart_scan                              0x0800b6c5   Thumb Code    94  usmart.o(i.usmart_scan)
    usmart_search_nextc                      0x0800b769   Thumb Code    16  usmart_str.o(i.usmart_search_nextc)
    usmart_str2num                           0x0800b779   Thumb Code   160  usmart_str.o(i.usmart_str2num)
    usmart_strcmp                            0x0800b819   Thumb Code    24  usmart_str.o(i.usmart_strcmp)
    usmart_strcopy                           0x0800b831   Thumb Code    18  usmart_str.o(i.usmart_strcopy)
    usmart_strlen                            0x0800b843   Thumb Code    18  usmart_str.o(i.usmart_strlen)
    usmart_sys_cmd_exe                       0x0800b855   Thumb Code  1442  usmart.o(i.usmart_sys_cmd_exe)
    write_addr                               0x0800bec5   Thumb Code     4  usmart.o(i.write_addr)
    _fp_init                                 0x0800bec9   Thumb Code    10  fpinit.o(x$fpl$fpinit)
    __fplib_config_fpu_vfp                   0x0800bed1   Thumb Code     0  fpinit.o(x$fpl$fpinit)
    __fplib_config_pureend_doubles           0x0800bed1   Thumb Code     0  fpinit.o(x$fpl$fpinit)
    APBAHBPrescTable                         0x0800bed2   Data          16  stm32f4xx_hal_rcc.o(.constdata)
    memtblsize                               0x0800bee4   Data          12  malloc.o(.constdata)
    memblksize                               0x0800bef0   Data          12  malloc.o(.constdata)
    memsize                                  0x0800befc   Data          12  malloc.o(.constdata)
    ethbroadcast                             0x0800bf08   Data           6  etharp.o(.constdata)
    ethzero                                  0x0800bf0e   Data           6  etharp.o(.constdata)
    ip_addr_any                              0x0800bf14   Data           4  ip_addr.o(.constdata)
    tcp_persist_backoff                      0x0800bf40   Data           7  tcp.o(.constdata)
    tcp_state_str                            0x0800bf48   Data          44  tcp.o(.constdata)
    tcp_backoff                              0x0800bf74   Data          13  tcp.o(.constdata)
    tcp_pcb_lists                            0x0800bf84   Data          16  tcp.o(.constdata)
    Region$$Table$$Base                      0x0800c18c   Number         0  anon$$obj.o(Region$$Table)
    Region$$Table$$Limit                     0x0800c1ac   Number         0  anon$$obj.o(Region$$Table)
    mem3base                                 0x10000000   Data       61440  malloc.o(.ARM.__AT_0x10000000)
    mem3mapbase                              0x1000f000   Data        3840  malloc.o(.ARM.__AT_0x1000F000)
    SystemCoreClock                          0x20000000   Data           4  system_stm32f4xx.o(.data)
    AHBPrescTable                            0x20000004   Data          16  system_stm32f4xx.o(.data)
    aRxBuffer                                0x2000001c   Data           1  usart.o(.data)
    USART_RX_STA                             0x2000001e   Data           2  usart.o(.data)
    __stdout                                 0x20000020   Data           4  usart.o(.data)
    POINT_COLOR                              0x20000024   Data           4  lcd.o(.data)
    BACK_COLOR                               0x20000028   Data           4  lcd.o(.data)
    DMARxDscrTab                             0x2000002c   Data           4  lan8720.o(.data)
    DMATxDscrTab                             0x20000030   Data           4  lan8720.o(.data)
    Rx_Buff                                  0x20000034   Data           4  lan8720.o(.data)
    Tx_Buff                                  0x20000038   Data           4  lan8720.o(.data)
    check                                    0x2000003c   Data           1  ads1299.o(.data)
    res3                                     0x2000003d   Data           1  ads1299.o(.data)
    TxData0                                  0x2000003e   Data          28  ads1299.o(.data)
    spi2_rx_callback                         0x2000005c   Data           4  spi.o(.data)
    sys_cmd_tab                              0x20000060   Data          28  usmart.o(.data)
    usmart_nametab                           0x2000007c   Data          32  usmart_config.o(.data)
    usmart_dev                               0x2000009c   Data         244  usmart_config.o(.data)
    mallco_dev                               0x20000190   Data          36  malloc.o(.data)
    lwip_localtime                           0x200001b4   Data           4  lwip_comm.o(.data)
    tcp_server_flag                          0x200001b8   Data           1  tcp_server_demo.o(.data)
    Num                                      0x200001b9   Data           1  tcp_server_demo.o(.data)
    netcamfifowrpos                          0x200001ba   Data           2  tcp_server_demo.o(.data)
    tcp_server_sendbuf                       0x200001bc   Data           4  tcp_server_demo.o(.data)
    netcam_line_buf0                         0x200001c0   Data           4  tcp_server_demo.o(.data)
    netcam_line_buf1                         0x200001c4   Data           4  tcp_server_demo.o(.data)
    netcamfifobuf                            0x200001c8   Data           4  tcp_server_demo.o(.data)
    current_netif                            0x200001d4   Data           4  ip.o(.data)
    current_header                           0x200001d8   Data           4  ip.o(.data)
    current_iphdr_src                        0x200001dc   Data           4  ip.o(.data)
    current_iphdr_dest                       0x200001e0   Data           4  ip.o(.data)
    ram_heap                                 0x200001ec   Data           4  mem.o(.data)
    memp_memory                              0x200001fc   Data           4  memp.o(.data)
    netif_list                               0x20000204   Data           4  netif.o(.data)
    netif_default                            0x20000208   Data           4  netif.o(.data)
    tcp_active_pcbs_changed                  0x20000210   Data           1  tcp.o(.data)
    tcp_ticks                                0x2000021c   Data           4  tcp.o(.data)
    tcp_bound_pcbs                           0x20000220   Data           4  tcp.o(.data)
    tcp_listen_pcbs                          0x20000224   Data           4  tcp.o(.data)
    tcp_active_pcbs                          0x20000228   Data           4  tcp.o(.data)
    tcp_tw_pcbs                              0x2000022c   Data           4  tcp.o(.data)
    tcp_tmp_pcb                              0x20000230   Data           4  tcp.o(.data)
    tcp_input_pcb                            0x2000024c   Data           4  tcp_in.o(.data)
    udp_pcbs                                 0x20000260   Data           4  udp.o(.data)
    USART_RX_BUF                             0x20000264   Data         200  usart.o(.bss)
    UART1_Handler                            0x2000032c   Data          64  usart.o(.bss)
    SDRAM_Handler                            0x2000036c   Data          52  sdram.o(.bss)
    ETH_Handler                              0x200003a0   Data          72  lan8720.o(.bss)
    TIM3_Handler                             0x200003e8   Data          60  timer.o(.bss)
    adc_buf2                                 0x20000424   Data          29  ads1299.o(.bss)
    p                                        0x20000441   Data          18  ads1299.o(.bss)
    SPI5_Handler                             0x20000454   Data          88  spi.o(.bss)
    SPI2_Handler                             0x200004ac   Data          88  spi.o(.bss)
    DMASPIRx_Handler                         0x20000504   Data          88  spi.o(.bss)
    DMASPITx_Handler                         0x2000055c   Data          88  spi.o(.bss)
    TIM4_Handler                             0x200005b4   Data          60  usmart.o(.bss)
    mem1base                                 0x20000600   Data       102400  malloc.o(.bss)
    mem1mapbase                              0x20019600   Data        6400  malloc.o(.bss)
    lwipdev                                  0x2001af00   Data          23  lwip_comm.o(.bss)
    lwip_netif                               0x2001af18   Data          48  lwip_comm.o(.bss)
    tcp_server_recvbuf                       0x2001af48   Data        2000  tcp_server_demo.o(.bss)
    __libspace_start                         0x2001b818   Data          96  libspace.o(.bss)
    __temporary_stack_top$libspace           0x2001b878   Data           0  libspace.o(.bss)
    ltdc_lcd_framebuf                        0xc0000000   Data       2048000  ltdc.o(.ARM.__AT_0xC0000000)
    mem2base                                 0xc01f4000   Data       29605888  malloc.o(.ARM.__AT_0xC01F4000)
    mem2mapbase                              0xc1e30000   Data       1850368  malloc.o(.ARM.__AT_0xC1E30000)



==============================================================================

Memory Map of the image

  Image Entry point : 0x080001ad

  Load Region LR_IROM1 (Base: 0x08000000, Size: 0x0000c410, Max: 0x00100000, ABSOLUTE, COMPRESSED[0x0000c234])

    Execution Region ER_IROM1 (Base: 0x08000000, Size: 0x0000c1ac, Max: 0x00100000, ABSOLUTE)

    Base Addr    Size         Type   Attr      Idx    E Section Name        Object

    0x08000000   0x000001ac   Data   RO          580    RESET               startup_stm32f429xx.o
    0x080001ac   0x00000008   Code   RO         6935  * !!!main             c_w.l(__main.o)
    0x080001b4   0x00000034   Code   RO         7126    !!!scatter          c_w.l(__scatter.o)
    0x080001e8   0x0000005a   Code   RO         7124    !!dczerorl2         c_w.l(__dczerorl2.o)
    0x08000242   0x00000002   PAD
    0x08000244   0x0000001c   Code   RO         7128    !!handler_zi        c_w.l(__scatter_zi.o)
    0x08000260   0x00000000   Code   RO         6920    .ARM.Collect$$_printf_percent$$00000000  c_w.l(_printf_percent.o)
    0x08000260   0x00000006   Code   RO         6918    .ARM.Collect$$_printf_percent$$00000009  c_w.l(_printf_d.o)
    0x08000266   0x00000006   Code   RO         6919    .ARM.Collect$$_printf_percent$$0000000A  c_w.l(_printf_u.o)
    0x0800026c   0x00000006   Code   RO         6917    .ARM.Collect$$_printf_percent$$0000000C  c_w.l(_printf_x.o)
    0x08000272   0x00000006   Code   RO         6915    .ARM.Collect$$_printf_percent$$00000013  c_w.l(_printf_c.o)
    0x08000278   0x00000006   Code   RO         6916    .ARM.Collect$$_printf_percent$$00000014  c_w.l(_printf_s.o)
    0x0800027e   0x00000004   Code   RO         6962    .ARM.Collect$$_printf_percent$$00000017  c_w.l(_printf_percent_end.o)
    0x08000282   0x00000002   Code   RO         6998    .ARM.Collect$$libinit$$00000000  c_w.l(libinit.o)
    0x08000284   0x00000004   Code   RO         7004    .ARM.Collect$$libinit$$00000001  c_w.l(libinit2.o)
    0x08000288   0x00000000   Code   RO         7007    .ARM.Collect$$libinit$$00000004  c_w.l(libinit2.o)
    0x08000288   0x00000000   Code   RO         7010    .ARM.Collect$$libinit$$0000000A  c_w.l(libinit2.o)
    0x08000288   0x00000000   Code   RO         7012    .ARM.Collect$$libinit$$0000000C  c_w.l(libinit2.o)
    0x08000288   0x00000000   Code   RO         7014    .ARM.Collect$$libinit$$0000000E  c_w.l(libinit2.o)
    0x08000288   0x00000000   Code   RO         7017    .ARM.Collect$$libinit$$00000011  c_w.l(libinit2.o)
    0x08000288   0x00000000   Code   RO         7019    .ARM.Collect$$libinit$$00000013  c_w.l(libinit2.o)
    0x08000288   0x00000000   Code   RO         7021    .ARM.Collect$$libinit$$00000015  c_w.l(libinit2.o)
    0x08000288   0x00000000   Code   RO         7023    .ARM.Collect$$libinit$$00000017  c_w.l(libinit2.o)
    0x08000288   0x00000000   Code   RO         7025    .ARM.Collect$$libinit$$00000019  c_w.l(libinit2.o)
    0x08000288   0x00000000   Code   RO         7027    .ARM.Collect$$libinit$$0000001B  c_w.l(libinit2.o)
    0x08000288   0x00000000   Code   RO         7029    .ARM.Collect$$libinit$$0000001D  c_w.l(libinit2.o)
    0x08000288   0x00000000   Code   RO         7031    .ARM.Collect$$libinit$$0000001F  c_w.l(libinit2.o)
    0x08000288   0x00000000   Code   RO         7033    .ARM.Collect$$libinit$$00000021  c_w.l(libinit2.o)
    0x08000288   0x00000000   Code   RO         7035    .ARM.Collect$$libinit$$00000023  c_w.l(libinit2.o)
    0x08000288   0x00000000   Code   RO         7037    .ARM.Collect$$libinit$$00000025  c_w.l(libinit2.o)
    0x08000288   0x00000000   Code   RO         7041    .ARM.Collect$$libinit$$0000002C  c_w.l(libinit2.o)
    0x08000288   0x00000000   Code   RO         7043    .ARM.Collect$$libinit$$0000002E  c_w.l(libinit2.o)
    0x08000288   0x00000000   Code   RO         7045    .ARM.Collect$$libinit$$00000030  c_w.l(libinit2.o)
    0x08000288   0x00000000   Code   RO         7047    .ARM.Collect$$libinit$$00000032  c_w.l(libinit2.o)
    0x08000288   0x00000002   Code   RO         7048    .ARM.Collect$$libinit$$00000033  c_w.l(libinit2.o)
    0x0800028a   0x00000002   Code   RO         7066    .ARM.Collect$$libshutdown$$00000000  c_w.l(libshutdown.o)
    0x0800028c   0x00000000   Code   RO         7076    .ARM.Collect$$libshutdown$$00000002  c_w.l(libshutdown2.o)
    0x0800028c   0x00000000   Code   RO         7078    .ARM.Collect$$libshutdown$$00000004  c_w.l(libshutdown2.o)
    0x0800028c   0x00000000   Code   RO         7081    .ARM.Collect$$libshutdown$$00000007  c_w.l(libshutdown2.o)
    0x0800028c   0x00000000   Code   RO         7084    .ARM.Collect$$libshutdown$$0000000A  c_w.l(libshutdown2.o)
    0x0800028c   0x00000000   Code   RO         7086    .ARM.Collect$$libshutdown$$0000000C  c_w.l(libshutdown2.o)
    0x0800028c   0x00000000   Code   RO         7089    .ARM.Collect$$libshutdown$$0000000F  c_w.l(libshutdown2.o)
    0x0800028c   0x00000002   Code   RO         7090    .ARM.Collect$$libshutdown$$00000010  c_w.l(libshutdown2.o)
    0x0800028e   0x00000000   Code   RO         6951    .ARM.Collect$$rtentry$$00000000  c_w.l(__rtentry.o)
    0x0800028e   0x00000000   Code   RO         6969    .ARM.Collect$$rtentry$$00000002  c_w.l(__rtentry2.o)
    0x0800028e   0x00000006   Code   RO         6981    .ARM.Collect$$rtentry$$00000004  c_w.l(__rtentry4.o)
    0x08000294   0x00000000   Code   RO         6971    .ARM.Collect$$rtentry$$00000009  c_w.l(__rtentry2.o)
    0x08000294   0x00000004   Code   RO         6972    .ARM.Collect$$rtentry$$0000000A  c_w.l(__rtentry2.o)
    0x08000298   0x00000000   Code   RO         6974    .ARM.Collect$$rtentry$$0000000C  c_w.l(__rtentry2.o)
    0x08000298   0x00000008   Code   RO         6975    .ARM.Collect$$rtentry$$0000000D  c_w.l(__rtentry2.o)
    0x080002a0   0x00000002   Code   RO         7002    .ARM.Collect$$rtexit$$00000000  c_w.l(rtexit.o)
    0x080002a2   0x00000000   Code   RO         7050    .ARM.Collect$$rtexit$$00000002  c_w.l(rtexit2.o)
    0x080002a2   0x00000004   Code   RO         7051    .ARM.Collect$$rtexit$$00000003  c_w.l(rtexit2.o)
    0x080002a6   0x00000006   Code   RO         7052    .ARM.Collect$$rtexit$$00000004  c_w.l(rtexit2.o)
    0x080002ac   0x00000010   Code   RO         3937    .emb_text           sys.o
    0x080002bc   0x00000040   Code   RO          581    .text               startup_stm32f429xx.o
    0x080002fc   0x00000002   Code   RO         6856    .text               c_w.l(use_no_semi_2.o)
    0x080002fe   0x00000002   PAD
    0x08000300   0x00000018   Code   RO         6862    .text               c_w.l(noretval__2printf.o)
    0x08000318   0x00000028   Code   RO         6864    .text               c_w.l(noretval__2sprintf.o)
    0x08000340   0x0000004e   Code   RO         6868    .text               c_w.l(_printf_pad.o)
    0x0800038e   0x00000052   Code   RO         6870    .text               c_w.l(_printf_str.o)
    0x080003e0   0x00000078   Code   RO         6872    .text               c_w.l(_printf_dec.o)
    0x08000458   0x00000058   Code   RO         6877    .text               c_w.l(_printf_hex_int.o)
    0x080004b0   0x00000188   Code   RO         6912    .text               c_w.l(__printf_flags_ss_wp.o)
    0x08000638   0x00000058   Code   RO         6921    .text               c_w.l(memcmp.o)
    0x08000690   0x0000008a   Code   RO         6925    .text               c_w.l(rt_memcpy_v6.o)
    0x0800071a   0x00000064   Code   RO         6927    .text               c_w.l(rt_memcpy_w.o)
    0x0800077e   0x00000044   Code   RO         6929    .text               c_w.l(rt_memclr.o)
    0x080007c2   0x0000004e   Code   RO         6931    .text               c_w.l(rt_memclr_w.o)
    0x08000810   0x00000006   Code   RO         6933    .text               c_w.l(heapauxi.o)
    0x08000816   0x00000002   Code   RO         6949    .text               c_w.l(use_no_semi.o)
    0x08000818   0x000000b2   Code   RO         6952    .text               c_w.l(_printf_intcommon.o)
    0x080008ca   0x00000002   PAD
    0x080008cc   0x00000030   Code   RO         6954    .text               c_w.l(_printf_char_common.o)
    0x080008fc   0x0000000a   Code   RO         6956    .text               c_w.l(_sputc.o)
    0x08000906   0x0000002c   Code   RO         6958    .text               c_w.l(_printf_char.o)
    0x08000932   0x00000002   PAD
    0x08000934   0x00000024   Code   RO         6960    .text               c_w.l(_printf_char_file.o)
    0x08000958   0x00000008   Code   RO         6985    .text               c_w.l(ferror.o)
    0x08000960   0x0000004a   Code   RO         6989    .text               c_w.l(sys_stackheap_outer.o)
    0x080009aa   0x00000012   Code   RO         6991    .text               c_w.l(exit.o)
    0x080009bc   0x00000008   Code   RO         6999    .text               c_w.l(libspace.o)
    0x080009c4   0x0000002c   Code   RO         4715    i.ADS1299_CHANGE_CHANEL  ads1299.o
    0x080009f0   0x00000084   Code   RO         4716    i.ADS1299_Check     ads1299.o
    0x08000a74   0x00000026   Code   RO         4717    i.ADS1299_Command   ads1299.o
    0x08000a9a   0x00000002   PAD
    0x08000a9c   0x0000005c   Code   RO         4718    i.ADS1299_IT        ads1299.o
    0x08000af8   0x0000012c   Code   RO         4719    i.ADS1299_Init      ads1299.o
    0x08000c24   0x0000003c   Code   RO         4721    i.ADS1299_PREGS     ads1299.o
    0x08000c60   0x0000002a   Code   RO         4723    i.ADS1299_SDATAC    ads1299.o
    0x08000c8a   0x00000036   Code   RO         4724    i.ADS1299_WREG      ads1299.o
    0x08000cc0   0x00000002   Code   RO          367    i.BusFault_Handler  stm32f4xx_it.o
    0x08000cc2   0x00000002   PAD
    0x08000cc4   0x00000080   Code   RO         4863    i.DMA1_Stream3_IRQHandler  spi.o
    0x08000d44   0x00000002   Code   RO          368    i.DebugMon_Handler  stm32f4xx_it.o
    0x08000d46   0x0000002e   Code   RO         3507    i.ETH_FlushTransmitFIFO  stm32f4xx_hal_eth.o
    0x08000d74   0x0000001e   Code   RO         4586    i.ETH_GetRxPktSize  lan8720.o
    0x08000d92   0x00000002   PAD
    0x08000d94   0x0000002c   Code   RO         4587    i.ETH_IRQHandler    lan8720.o
    0x08000dc0   0x00000124   Code   RO         3508    i.ETH_MACDMAConfig  stm32f4xx_hal_eth.o
    0x08000ee4   0x0000003c   Code   RO         4589    i.ETH_Mem_Malloc    lan8720.o
    0x08000f20   0x00000014   Code   RO         4725    i.EXTI4_IRQHandler  ads1299.o
    0x08000f34   0x0000004c   Code   RO         2737    i.FMC_SDRAM_Init    stm32f4xx_ll_fmc.o
    0x08000f80   0x0000000c   Code   RO         2738    i.FMC_SDRAM_ProgramRefreshRate  stm32f4xx_ll_fmc.o
    0x08000f8c   0x00000048   Code   RO         2739    i.FMC_SDRAM_SendCommand  stm32f4xx_ll_fmc.o
    0x08000fd4   0x0000007c   Code   RO         2741    i.FMC_SDRAM_Timing_Init  stm32f4xx_ll_fmc.o
    0x08001050   0x00000052   Code   RO         1725    i.HAL_DMA_Abort     stm32f4xx_hal_dma.o
    0x080010a2   0x00000016   Code   RO          595    i.HAL_Delay         stm32f4xx_hal.o
    0x080010b8   0x00000072   Code   RO         3511    i.HAL_ETH_DMARxDescListInit  stm32f4xx_hal_eth.o
    0x0800112a   0x00000078   Code   RO         3512    i.HAL_ETH_DMATxDescListInit  stm32f4xx_hal_eth.o
    0x080011a2   0x0000007a   Code   RO         3515    i.HAL_ETH_GetReceivedFrame  stm32f4xx_hal_eth.o
    0x0800121c   0x000001b4   Code   RO         3519    i.HAL_ETH_Init      stm32f4xx_hal_eth.o
    0x080013d0   0x000000e4   Code   RO         4590    i.HAL_ETH_MspInit   lan8720.o
    0x080014b4   0x00000086   Code   RO         3522    i.HAL_ETH_ReadPHYRegister  stm32f4xx_hal_eth.o
    0x0800153a   0x00000084   Code   RO         3524    i.HAL_ETH_Start     stm32f4xx_hal_eth.o
    0x080015be   0x00000108   Code   RO         3526    i.HAL_ETH_TransmitFrame  stm32f4xx_hal_eth.o
    0x080016c6   0x00000076   Code   RO         3528    i.HAL_ETH_WritePHYRegister  stm32f4xx_hal_eth.o
    0x0800173c   0x000001dc   Code   RO          872    i.HAL_GPIO_Init     stm32f4xx_hal_gpio.o
    0x08001918   0x0000000a   Code   RO          876    i.HAL_GPIO_WritePin  stm32f4xx_hal_gpio.o
    0x08001922   0x00000002   PAD
    0x08001924   0x0000000c   Code   RO          603    i.HAL_GetTick       stm32f4xx_hal.o
    0x08001930   0x00000010   Code   RO          604    i.HAL_IncTick       stm32f4xx_hal.o
    0x08001940   0x00000034   Code   RO          605    i.HAL_Init          stm32f4xx_hal.o
    0x08001974   0x00000022   Code   RO          606    i.HAL_InitTick      stm32f4xx_hal.o
    0x08001996   0x00000008   Code   RO          608    i.HAL_MspInit       stm32f4xx_hal.o
    0x0800199e   0x00000016   Code   RO          749    i.HAL_NVIC_EnableIRQ  stm32f4xx_hal_cortex.o
    0x080019b4   0x00000040   Code   RO          755    i.HAL_NVIC_SetPriority  stm32f4xx_hal_cortex.o
    0x080019f4   0x00000024   Code   RO          756    i.HAL_NVIC_SetPriorityGrouping  stm32f4xx_hal_cortex.o
    0x08001a18   0x00000088   Code   RO         1061    i.HAL_PWREx_EnableOverDrive  stm32f4xx_hal_pwr_ex.o
    0x08001aa0   0x00000208   Code   RO         1128    i.HAL_RCC_ClockConfig  stm32f4xx_hal_rcc.o
    0x08001ca8   0x00000034   Code   RO         1133    i.HAL_RCC_GetHCLKFreq  stm32f4xx_hal_rcc.o
    0x08001cdc   0x0000002c   Code   RO         1135    i.HAL_RCC_GetPCLK1Freq  stm32f4xx_hal_rcc.o
    0x08001d08   0x0000002c   Code   RO         1136    i.HAL_RCC_GetPCLK2Freq  stm32f4xx_hal_rcc.o
    0x08001d34   0x00000074   Code   RO         1137    i.HAL_RCC_GetSysClockFreq  stm32f4xx_hal_rcc.o
    0x08001da8   0x0000031c   Code   RO         1140    i.HAL_RCC_OscConfig  stm32f4xx_hal_rcc.o
    0x080020c4   0x00000042   Code   RO         3023    i.HAL_SDRAM_Init    stm32f4xx_hal_sdram.o
    0x08002106   0x00000002   PAD
    0x08002108   0x000000dc   Code   RO         4307    i.HAL_SDRAM_MspInit  sdram.o
    0x080021e4   0x00000022   Code   RO         3026    i.HAL_SDRAM_ProgramRefreshRate  stm32f4xx_hal_sdram.o
    0x08002206   0x0000002e   Code   RO         3032    i.HAL_SDRAM_SendCommand  stm32f4xx_hal_sdram.o
    0x08002234   0x00000032   Code   RO         3657    i.HAL_SPI_DMAStop   stm32f4xx_hal_spi.o
    0x08002266   0x00000084   Code   RO         3663    i.HAL_SPI_Init      stm32f4xx_hal_spi.o
    0x080022ea   0x00000002   PAD
    0x080022ec   0x0000008c   Code   RO         4864    i.HAL_SPI_MspInit   spi.o
    0x08002378   0x000002aa   Code   RO         3672    i.HAL_SPI_TransmitReceive  stm32f4xx_hal_spi.o
    0x08002622   0x00000018   Code   RO          758    i.HAL_SYSTICK_CLKSourceConfig  stm32f4xx_hal_cortex.o
    0x0800263a   0x00000028   Code   RO          760    i.HAL_SYSTICK_Config  stm32f4xx_hal_cortex.o
    0x08002662   0x00000002   Code   RO         2478    i.HAL_TIMEx_BreakCallback  stm32f4xx_hal_tim_ex.o
    0x08002664   0x00000002   Code   RO         2479    i.HAL_TIMEx_CommutationCallback  stm32f4xx_hal_tim_ex.o
    0x08002666   0x00000036   Code   RO         1849    i.HAL_TIM_Base_Init  stm32f4xx_hal_tim.o
    0x0800269c   0x0000003c   Code   RO         4669    i.HAL_TIM_Base_MspInit  timer.o
    0x080026d8   0x00000018   Code   RO         1854    i.HAL_TIM_Base_Start_IT  stm32f4xx_hal_tim.o
    0x080026f0   0x00000002   Code   RO         1878    i.HAL_TIM_IC_CaptureCallback  stm32f4xx_hal_tim.o
    0x080026f2   0x00000166   Code   RO         1891    i.HAL_TIM_IRQHandler  stm32f4xx_hal_tim.o
    0x08002858   0x00000002   Code   RO         1894    i.HAL_TIM_OC_DelayElapsedCallback  stm32f4xx_hal_tim.o
    0x0800285a   0x00000002   Code   RO         1921    i.HAL_TIM_PWM_PulseFinishedCallback  stm32f4xx_hal_tim.o
    0x0800285c   0x00000018   Code   RO         4670    i.HAL_TIM_PeriodElapsedCallback  timer.o
    0x08002874   0x00000002   Code   RO         1932    i.HAL_TIM_TriggerCallback  stm32f4xx_hal_tim.o
    0x08002876   0x00000002   Code   RO         1280    i.HAL_UART_ErrorCallback  stm32f4xx_hal_uart.o
    0x08002878   0x00000006   Code   RO         1282    i.HAL_UART_GetState  stm32f4xx_hal_uart.o
    0x0800287e   0x000000f4   Code   RO         1283    i.HAL_UART_IRQHandler  stm32f4xx_hal_uart.o
    0x08002972   0x0000005e   Code   RO         1284    i.HAL_UART_Init     stm32f4xx_hal_uart.o
    0x080029d0   0x0000007c   Code   RO         3965    i.HAL_UART_MspInit  usart.o
    0x08002a4c   0x00000068   Code   RO         1289    i.HAL_UART_Receive_IT  stm32f4xx_hal_uart.o
    0x08002ab4   0x00000058   Code   RO         3966    i.HAL_UART_RxCpltCallback  usart.o
    0x08002b0c   0x00000002   Code   RO         1295    i.HAL_UART_TxCpltCallback  stm32f4xx_hal_uart.o
    0x08002b0e   0x00000002   Code   RO          369    i.HardFault_Handler  stm32f4xx_it.o
    0x08002b10   0x000000c0   Code   RO         4592    i.LAN8720_Init      lan8720.o
    0x08002bd0   0x00000002   Code   RO          370    i.MemManage_Handler  stm32f4xx_it.o
    0x08002bd2   0x00000002   Code   RO          371    i.NMI_Handler       stm32f4xx_it.o
    0x08002bd4   0x00000020   Code   RO          762    i.NVIC_SetPriority  stm32f4xx_hal_cortex.o
    0x08002bf4   0x00000002   Code   RO          372    i.PendSV_Handler    stm32f4xx_it.o
    0x08002bf6   0x00000002   PAD
    0x08002bf8   0x00000098   Code   RO         4727    i.Recev_Data        ads1299.o
    0x08002c90   0x0000009c   Code   RO         4308    i.SDRAM_Init        sdram.o
    0x08002d2c   0x00000034   Code   RO         4309    i.SDRAM_Send_Cmd    sdram.o
    0x08002d60   0x00000050   Code   RO         4865    i.SPI2_Init         spi.o
    0x08002db0   0x00000020   Code   RO         4866    i.SPI2_ReadWriteByte  spi.o
    0x08002dd0   0x00000034   Code   RO         4867    i.SPI2_SetSpeed     spi.o
    0x08002e04   0x0000009e   Code   RO         3694    i.SPI_WaitOnFlagUntilTimeout  stm32f4xx_hal_spi.o
    0x08002ea2   0x00000002   Code   RO          373    i.SVC_Handler       stm32f4xx_it.o
    0x08002ea4   0x00000084   Code   RO         3938    i.Stm32_Clock_Init  sys.o
    0x08002f28   0x00000004   Code   RO          374    i.SysTick_Handler   stm32f4xx_it.o
    0x08002f2c   0x00000054   Code   RO          446    i.SystemInit        system_stm32f4xx.o
    0x08002f80   0x0000000c   Code   RO         4671    i.TIM3_IRQHandler   timer.o
    0x08002f8c   0x0000002c   Code   RO         4672    i.TIM3_Init         timer.o
    0x08002fb8   0x00000034   Code   RO         4950    i.TIM4_IRQHandler   usmart.o
    0x08002fec   0x000000c0   Code   RO         1933    i.TIM_Base_SetConfig  stm32f4xx_hal_tim.o
    0x080030ac   0x00000054   Code   RO         4951    i.Timer4_Init       usmart.o
    0x08003100   0x000000a6   Code   RO         1302    i.UART_Receive_IT   stm32f4xx_hal_uart.o
    0x080031a6   0x00000002   PAD
    0x080031a8   0x00000174   Code   RO         1303    i.UART_SetConfig    stm32f4xx_hal_uart.o
    0x0800331c   0x00000066   Code   RO         1304    i.UART_Transmit_IT  stm32f4xx_hal_uart.o
    0x08003382   0x00000002   PAD
    0x08003384   0x00000044   Code   RO         3967    i.USART1_IRQHandler  usart.o
    0x080033c8   0x00000002   Code   RO          375    i.UsageFault_Handler  stm32f4xx_it.o
    0x080033ca   0x0000000e   Code   RO         6905    i._is_digit         c_w.l(__printf_wp.o)
    0x080033d8   0x00000002   Code   RO         3968    i._sys_exit         usart.o
    0x080033da   0x00000002   PAD
    0x080033dc   0x0000001c   Code   RO         6641    i.arp_timer         timers.o
    0x080033f8   0x00000014   Code   RO         3899    i.delay_init        delay.o
    0x0800340c   0x0000001a   Code   RO         3900    i.delay_ms          delay.o
    0x08003426   0x00000002   PAD
    0x08003428   0x00000034   Code   RO         3901    i.delay_us          delay.o
    0x0800345c   0x00000154   Code   RO         5431    i.etharp_arp_input  etharp.o
    0x080035b0   0x0000023c   Code   RO         5434    i.etharp_find_entry  etharp.o
    0x080037ec   0x00000024   Code   RO         5435    i.etharp_free_entry  etharp.o
    0x08003810   0x000001b0   Code   RO         5436    i.etharp_output     etharp.o
    0x080039c0   0x000000dc   Code   RO         5437    i.etharp_output_to_arp_index  etharp.o
    0x08003a9c   0x000001c4   Code   RO         5438    i.etharp_query      etharp.o
    0x08003c60   0x00000178   Code   RO         5439    i.etharp_raw        etharp.o
    0x08003dd8   0x00000024   Code   RO         5440    i.etharp_request    etharp.o
    0x08003dfc   0x000000a0   Code   RO         5441    i.etharp_send_ip    etharp.o
    0x08003e9c   0x00000048   Code   RO         5442    i.etharp_tmr        etharp.o
    0x08003ee4   0x00000110   Code   RO         5443    i.etharp_update_arp_entry  etharp.o
    0x08003ff4   0x00000118   Code   RO         5444    i.ethernet_input    etharp.o
    0x0800410c   0x0000009c   Code   RO         5532    i.ethernetif_init   ethernetif.o
    0x080041a8   0x00000026   Code   RO         5533    i.ethernetif_input  ethernetif.o
    0x080041ce   0x00000002   PAD
    0x080041d0   0x00000014   Code   RO         3969    i.fputc             usart.o
    0x080041e4   0x00000020   Code   RO         5318    i.hardware_init     tcp_server_demo.o
    0x08004204   0x00000008   Code   RO         5598    i.icmp_dest_unreach  icmp.o
    0x0800420c   0x00000280   Code   RO         5599    i.icmp_input        icmp.o
    0x0800448c   0x000000f8   Code   RO         5600    i.icmp_send_response  icmp.o
    0x08004584   0x00000008   Code   RO         5601    i.icmp_time_exceeded  icmp.o
    0x0800458c   0x0000000c   Code   RO         5649    i.inet_chksum       inet_chksum.o
    0x08004598   0x00000048   Code   RO         5650    i.inet_chksum_pbuf  inet_chksum.o
    0x080045e0   0x0000002e   Code   RO         5742    i.ip4_addr_isbroadcast  ip_addr.o
    0x0800460e   0x00000002   PAD
    0x08004610   0x000001f8   Code   RO         5796    i.ip_frag           ip_frag.o
    0x08004808   0x00000084   Code   RO         5797    i.ip_frag_free_pbuf_custom_ref  ip_frag.o
    0x0800488c   0x00000150   Code   RO         5687    i.ip_input          ip.o
    0x080049dc   0x000000a8   Code   RO         5688    i.ip_output         ip.o
    0x08004a84   0x00000164   Code   RO         5689    i.ip_output_if      ip.o
    0x08004be8   0x000001a4   Code   RO         5798    i.ip_reass          ip_frag.o
    0x08004d8c   0x00000274   Code   RO         5799    i.ip_reass_chain_frag_into_datagram_and_validate  ip_frag.o
    0x08005000   0x000000ac   Code   RO         5800    i.ip_reass_dequeue_datagram  ip_frag.o
    0x080050ac   0x00000184   Code   RO         5801    i.ip_reass_free_complete_datagram  ip_frag.o
    0x08005230   0x00000074   Code   RO         5802    i.ip_reass_remove_oldest_datagram  ip_frag.o
    0x080052a4   0x0000001c   Code   RO         6642    i.ip_reass_timer    timers.o
    0x080052c0   0x0000002c   Code   RO         5803    i.ip_reass_tmr      ip_frag.o
    0x080052ec   0x00000040   Code   RO         5690    i.ip_route          ip.o
    0x0800532c   0x0000008c   Code   RO         5804    i.ipfrag_free_pbuf_custom  ip_frag.o
    0x080053b8   0x0000007c   Code   RO         5534    i.low_level_init    ethernetif.o
    0x08005434   0x000000bc   Code   RO         5535    i.low_level_input   ethernetif.o
    0x080054f0   0x000000a8   Code   RO         5536    i.low_level_output  ethernetif.o
    0x08005598   0x00000050   Code   RO         5227    i.lwip_comm_default_ip_set  lwip_comm.o
    0x080055e8   0x000001b0   Code   RO         5228    i.lwip_comm_init    lwip_comm.o
    0x08005798   0x0000002c   Code   RO         5230    i.lwip_comm_mem_malloc  lwip_comm.o
    0x080057c4   0x00000004   Code   RO         5852    i.lwip_htonl        def.o
    0x080057c8   0x00000004   Code   RO         5853    i.lwip_htons        def.o
    0x080057cc   0x0000001e   Code   RO         5893    i.lwip_init         init.o
    0x080057ea   0x00000004   Code   RO         5854    i.lwip_ntohl        def.o
    0x080057ee   0x00000004   Code   RO         5855    i.lwip_ntohs        def.o
    0x080057f2   0x00000004   Code   RO         5231    i.lwip_periodic_handle  lwip_comm.o
    0x080057f6   0x00000002   PAD
    0x080057f8   0x0000000c   Code   RO         5232    i.lwip_pkt_handle   lwip_comm.o
    0x08005804   0x00000056   Code   RO         5653    i.lwip_standard_chksum  inet_chksum.o
    0x0800585a   0x00000002   PAD
    0x0800585c   0x00000084   Code   RO            5    i.main              main.o
    0x080058e0   0x00000114   Code   RO         5930    i.mem_free          mem.o
    0x080059f4   0x00000030   Code   RO         5931    i.mem_init          mem.o
    0x08005a24   0x000001f8   Code   RO         5932    i.mem_malloc        mem.o
    0x08005c1c   0x0000017c   Code   RO         5933    i.mem_trim          mem.o
    0x08005d98   0x0000009c   Code   RO         5973    i.memp_free         memp.o
    0x08005e34   0x00000006   Code   RO         5974    i.memp_get_memorysize  memp.o
    0x08005e3a   0x00000002   PAD
    0x08005e3c   0x0000005c   Code   RO         5975    i.memp_init         memp.o
    0x08005e98   0x000000d8   Code   RO         5976    i.memp_malloc       memp.o
    0x08005f70   0x00000058   Code   RO         5144    i.my_mem_free       malloc.o
    0x08005fc8   0x0000002c   Code   RO         5145    i.my_mem_init       malloc.o
    0x08005ff4   0x00000088   Code   RO         5146    i.my_mem_malloc     malloc.o
    0x0800607c   0x0000003c   Code   RO         5147    i.my_mem_perused    malloc.o
    0x080060b8   0x00000018   Code   RO         5148    i.myfree            malloc.o
    0x080060d0   0x00000020   Code   RO         5149    i.mymalloc          malloc.o
    0x080060f0   0x0000000c   Code   RO         5151    i.mymemset          malloc.o
    0x080060fc   0x00000040   Code   RO         5320    i.netcam_fifo_write  tcp_server_demo.o
    0x0800613c   0x000000cc   Code   RO         6017    i.netif_add         netif.o
    0x08006208   0x00000002   Code   RO         6019    i.netif_init        netif.o
    0x0800620a   0x00000020   Code   RO         6021    i.netif_set_addr    netif.o
    0x0800622a   0x00000002   PAD
    0x0800622c   0x0000000c   Code   RO         6022    i.netif_set_default  netif.o
    0x08006238   0x00000008   Code   RO         6024    i.netif_set_gw      netif.o
    0x08006240   0x00000068   Code   RO         6025    i.netif_set_ipaddr  netif.o
    0x080062a8   0x00000008   Code   RO         6028    i.netif_set_netmask  netif.o
    0x080062b0   0x00000020   Code   RO         6029    i.netif_set_up      netif.o
    0x080062d0   0x0000003c   Code   RO         5322    i.netmem_malloc     tcp_server_demo.o
    0x0800630c   0x0000035c   Code   RO         6107    i.pbuf_alloc        pbuf.o
    0x08006668   0x000000d8   Code   RO         6108    i.pbuf_alloced_custom  pbuf.o
    0x08006740   0x00000128   Code   RO         6109    i.pbuf_cat          pbuf.o
    0x08006868   0x00000012   Code   RO         6111    i.pbuf_clen         pbuf.o
    0x0800687a   0x00000002   PAD
    0x0800687c   0x000001e0   Code   RO         6113    i.pbuf_copy         pbuf.o
    0x08006a5c   0x00000114   Code   RO         6114    i.pbuf_copy_partial  pbuf.o
    0x08006b70   0x0000015c   Code   RO         6116    i.pbuf_free         pbuf.o
    0x08006ccc   0x00000118   Code   RO         6118    i.pbuf_header       pbuf.o
    0x08006de4   0x00000188   Code   RO         6121    i.pbuf_realloc      pbuf.o
    0x08006f6c   0x0000000c   Code   RO         6122    i.pbuf_ref          pbuf.o
    0x08006f78   0x0000013c   Code   RO         6124    i.pbuf_take         pbuf.o
    0x080070b4   0x0000016c   Code   RO         5934    i.plug_holes        mem.o
    0x08007220   0x00000074   Code   RO         6222    i.raw_input         raw.o
    0x08007294   0x00000004   Code   RO         4952    i.read_addr         usmart.o
    0x08007298   0x00000050   Code   RO         6643    i.sys_check_timeouts  timers.o
    0x080072e8   0x0000000c   Code   RO         6781    i.sys_now           sys_arch.o
    0x080072f4   0x00000100   Code   RO         6645    i.sys_timeout       timers.o
    0x080073f4   0x00000030   Code   RO         6646    i.sys_timeouts_init  timers.o
    0x08007424   0x00000128   Code   RO         6282    i.tcp_abandon       tcp.o
    0x0800754c   0x00000006   Code   RO         6283    i.tcp_abort         tcp.o
    0x08007552   0x00000004   Code   RO         6284    i.tcp_accept        tcp.o
    0x08007556   0x00000006   Code   RO         6285    i.tcp_accept_null   tcp.o
    0x0800755c   0x000000f8   Code   RO         6286    i.tcp_alloc         tcp.o
    0x08007654   0x00000004   Code   RO         6287    i.tcp_arg           tcp.o
    0x08007658   0x00000108   Code   RO         6288    i.tcp_bind          tcp.o
    0x08007760   0x00000014   Code   RO         6289    i.tcp_close         tcp.o
    0x08007774   0x000001a4   Code   RO         6290    i.tcp_close_shutdown  tcp.o
    0x08007918   0x0000009a   Code   RO         6543    i.tcp_create_segment  tcp_out.o
    0x080079b2   0x00000020   Code   RO         6293    i.tcp_eff_send_mss  tcp.o
    0x080079d2   0x00000002   PAD
    0x080079d4   0x00000220   Code   RO         6544    i.tcp_enqueue_flags  tcp_out.o
    0x08007bf4   0x00000098   Code   RO         6294    i.tcp_err           tcp.o
    0x08007c8c   0x0000005c   Code   RO         6295    i.tcp_fasttmr       tcp.o
    0x08007ce8   0x00000002   Code   RO         6296    i.tcp_init          tcp.o
    0x08007cea   0x00000002   PAD
    0x08007cec   0x0000050c   Code   RO         6495    i.tcp_input         tcp_in.o
    0x080081f8   0x0000003c   Code   RO         6545    i.tcp_keepalive     tcp_out.o
    0x08008234   0x000000e4   Code   RO         6496    i.tcp_listen_input  tcp_in.o
    0x08008318   0x0000010c   Code   RO         6297    i.tcp_listen_with_backlog  tcp.o
    0x08008424   0x00000006   Code   RO         6298    i.tcp_new           tcp.o
    0x0800842a   0x00000002   PAD
    0x0800842c   0x0000005c   Code   RO         6299    i.tcp_new_port      tcp.o
    0x08008488   0x00000010   Code   RO         6300    i.tcp_next_iss      tcp.o
    0x08008498   0x0000024c   Code   RO         6546    i.tcp_output        tcp_out.o
    0x080086e4   0x00000104   Code   RO         6547    i.tcp_output_alloc_header  tcp_out.o
    0x080087e8   0x000000b0   Code   RO         6548    i.tcp_output_segment  tcp_out.o
    0x08008898   0x00000080   Code   RO         6497    i.tcp_parseopt      tcp_in.o
    0x08008918   0x000000d0   Code   RO         6549    i.tcp_pbuf_prealloc  tcp_out.o
    0x080089e8   0x0000003a   Code   RO         6301    i.tcp_pcb_purge     tcp.o
    0x08008a22   0x00000002   PAD
    0x08008a24   0x00000108   Code   RO         6302    i.tcp_pcb_remove    tcp.o
    0x08008b2c   0x00000098   Code   RO         6303    i.tcp_poll          tcp.o
    0x08008bc4   0x00000420   Code   RO         6498    i.tcp_process       tcp_in.o
    0x08008fe4   0x00000064   Code   RO         6304    i.tcp_process_refused_data  tcp.o
    0x08009048   0x0000069c   Code   RO         6499    i.tcp_receive       tcp_in.o
    0x080096e4   0x00000098   Code   RO         6305    i.tcp_recv          tcp.o
    0x0800977c   0x00000024   Code   RO         6306    i.tcp_recv_null     tcp.o
    0x080097a0   0x00000104   Code   RO         6307    i.tcp_recved        tcp.o
    0x080098a4   0x00000052   Code   RO         6550    i.tcp_rexmit        tcp_out.o
    0x080098f6   0x00000058   Code   RO         6551    i.tcp_rexmit_fast   tcp_out.o
    0x0800994e   0x0000002e   Code   RO         6552    i.tcp_rexmit_rto    tcp_out.o
    0x0800997c   0x00000110   Code   RO         6553    i.tcp_rst           tcp_out.o
    0x08009a8c   0x0000001c   Code   RO         6308    i.tcp_seg_free      tcp.o
    0x08009aa8   0x00000012   Code   RO         6309    i.tcp_segs_free     tcp.o
    0x08009aba   0x00000048   Code   RO         6554    i.tcp_send_empty_ack  tcp_out.o
    0x08009b02   0x00000046   Code   RO         6555    i.tcp_send_fin      tcp_out.o
    0x08009b48   0x00000098   Code   RO         6310    i.tcp_sent          tcp.o
    0x08009be0   0x0000008c   Code   RO         5323    i.tcp_server_accept  tcp_server_demo.o
    0x08009c6c   0x0000004c   Code   RO         5324    i.tcp_server_connection_close  tcp_server_demo.o
    0x08009cb8   0x0000002c   Code   RO         5325    i.tcp_server_error  tcp_server_demo.o
    0x08009ce4   0x00000016   Code   RO         5326    i.tcp_server_poll   tcp_server_demo.o
    0x08009cfa   0x00000002   PAD
    0x08009cfc   0x0000013c   Code   RO         5327    i.tcp_server_recv   tcp_server_demo.o
    0x08009e38   0x00000048   Code   RO         5328    i.tcp_server_remove_timewait  tcp_server_demo.o
    0x08009e80   0x0000005a   Code   RO         5329    i.tcp_server_senddata  tcp_server_demo.o
    0x08009eda   0x00000014   Code   RO         5330    i.tcp_server_sent   tcp_server_demo.o
    0x08009eee   0x00000002   PAD
    0x08009ef0   0x00000144   Code   RO         5331    i.tcp_server_test   tcp_server_demo.o
    0x0800a034   0x00000058   Code   RO         5332    i.tcp_server_usersent  tcp_server_demo.o
    0x0800a08c   0x00000004   Code   RO         6311    i.tcp_setprio       tcp.o
    0x0800a090   0x000004b4   Code   RO         6313    i.tcp_slowtmr       tcp.o
    0x0800a544   0x00000034   Code   RO         6648    i.tcp_timer_needed  timers.o
    0x0800a578   0x0000006c   Code   RO         6500    i.tcp_timewait_input  tcp_in.o
    0x0800a5e4   0x00000020   Code   RO         6314    i.tcp_tmr           tcp.o
    0x0800a604   0x000000b8   Code   RO         6315    i.tcp_update_rcv_ann_wnd  tcp.o
    0x0800a6bc   0x00000554   Code   RO         6556    i.tcp_write         tcp_out.o
    0x0800ac10   0x00000134   Code   RO         6557    i.tcp_write_checks  tcp_out.o
    0x0800ad44   0x00000092   Code   RO         6558    i.tcp_zero_window_probe  tcp_out.o
    0x0800add6   0x00000002   PAD
    0x0800add8   0x00000038   Code   RO         6649    i.tcpip_tcp_timer   timers.o
    0x0800ae10   0x00000038   Code   RO         3970    i.uart_init         usart.o
    0x0800ae48   0x00000002   Code   RO         6703    i.udp_init          udp.o
    0x0800ae4a   0x00000002   PAD
    0x0800ae4c   0x000001cc   Code   RO         6704    i.udp_input         udp.o
    0x0800b018   0x00000094   Code   RO         4953    i.usmart_cmd_rec    usmart.o
    0x0800b0ac   0x00000260   Code   RO         4954    i.usmart_exe        usmart.o
    0x0800b30c   0x0000009c   Code   RO         5039    i.usmart_get_aparm  usmart_str.o
    0x0800b3a8   0x0000002e   Code   RO         5040    i.usmart_get_cmdname  usmart_str.o
    0x0800b3d6   0x00000002   PAD
    0x0800b3d8   0x00000168   Code   RO         5041    i.usmart_get_fname  usmart_str.o
    0x0800b540   0x000000d0   Code   RO         5042    i.usmart_get_fparam  usmart_str.o
    0x0800b610   0x00000024   Code   RO         5043    i.usmart_get_parmpos  usmart_str.o
    0x0800b634   0x00000030   Code   RO         4955    i.usmart_get_runtime  usmart.o
    0x0800b664   0x00000028   Code   RO         4956    i.usmart_init       usmart.o
    0x0800b68c   0x00000010   Code   RO         5044    i.usmart_pow        usmart_str.o
    0x0800b69c   0x00000028   Code   RO         4957    i.usmart_reset_runtime  usmart.o
    0x0800b6c4   0x000000a4   Code   RO         4958    i.usmart_scan       usmart.o
    0x0800b768   0x00000010   Code   RO         5045    i.usmart_search_nextc  usmart_str.o
    0x0800b778   0x000000a0   Code   RO         5046    i.usmart_str2num    usmart_str.o
    0x0800b818   0x00000018   Code   RO         5047    i.usmart_strcmp     usmart_str.o
    0x0800b830   0x00000012   Code   RO         5048    i.usmart_strcopy    usmart_str.o
    0x0800b842   0x00000012   Code   RO         5049    i.usmart_strlen     usmart_str.o
    0x0800b854   0x00000670   Code   RO         4959    i.usmart_sys_cmd_exe  usmart.o
    0x0800bec4   0x00000004   Code   RO         4960    i.write_addr        usmart.o
    0x0800bec8   0x0000000a   Code   RO         7058    x$fpl$fpinit        fz_wm.l(fpinit.o)
    0x0800bed2   0x00000010   Data   RO         1141    .constdata          stm32f4xx_hal_rcc.o
    0x0800bee2   0x00000002   PAD
    0x0800bee4   0x00000024   Data   RO         5159    .constdata          malloc.o
    0x0800bf08   0x0000000c   Data   RO         5446    .constdata          etharp.o
    0x0800bf14   0x00000004   Data   RO         5749    .constdata          ip_addr.o
    0x0800bf18   0x00000028   Data   RO         5978    .constdata          memp.o
    0x0800bf40   0x00000054   Data   RO         6316    .constdata          tcp.o
    0x0800bf94   0x00000028   Data   RO         6878    .constdata          c_w.l(_printf_hex_int.o)
    0x0800bfbc   0x00000011   Data   RO         6913    .constdata          c_w.l(__printf_flags_ss_wp.o)
    0x0800bfcd   0x00000003   PAD
    0x0800bfd0   0x00000028   Data   RO         4962    .conststring        usmart.o
    0x0800bff8   0x0000007f   Data   RO         5118    .conststring        usmart_config.o
    0x0800c077   0x00000001   PAD
    0x0800c078   0x00000044   Data   RO         5447    .conststring        etharp.o
    0x0800c0bc   0x00000075   Data   RO         6317    .conststring        tcp.o
    0x0800c131   0x00000003   PAD
    0x0800c134   0x00000055   Data   RO         6559    .conststring        tcp_out.o
    0x0800c189   0x00000003   PAD
    0x0800c18c   0x00000020   Data   RO         7122    Region$$Table       anon$$obj.o


    Execution Region RW_IRAM1 (Base: 0x20000000, Size: 0x0001be78, Max: 0x00030000, ABSOLUTE, COMPRESSED[0x00000088])

    Base Addr    Size         Type   Attr      Idx    E Section Name        Object

    0x20000000   0x00000014   Data   RW          447    .data               system_stm32f4xx.o
    0x20000014   0x00000004   Data   RW          611    .data               stm32f4xx_hal.o
    0x20000018   0x00000004   Data   RW         3902    .data               delay.o
    0x2000001c   0x00000004   Data   RW         3972    .data               usart.o
    0x20000020   0x00000004   Data   RW         3973    .data               usart.o
    0x20000024   0x00000008   Data   RW         4120    .data               lcd.o
    0x2000002c   0x00000010   Data   RW         4596    .data               lan8720.o
    0x2000003c   0x0000001e   Data   RW         4740    .data               ads1299.o
    0x2000005a   0x00000002   PAD
    0x2000005c   0x00000004   Data   RW         4872    .data               spi.o
    0x20000060   0x0000001c   Data   RW         4963    .data               usmart.o
    0x2000007c   0x00000020   Data   RW         5119    .data               usmart_config.o
    0x2000009c   0x000000f4   Data   RW         5120    .data               usmart_config.o
    0x20000190   0x00000024   Data   RW         5160    .data               malloc.o
    0x200001b4   0x00000004   Data   RW         5236    .data               lwip_comm.o
    0x200001b8   0x00000014   Data   RW         5336    .data               tcp_server_demo.o
    0x200001cc   0x00000001   Data   RW         5448    .data               etharp.o
    0x200001cd   0x00000003   PAD
    0x200001d0   0x00000014   Data   RW         5691    .data               ip.o
    0x200001e4   0x00000008   Data   RW         5805    .data               ip_frag.o
    0x200001ec   0x00000010   Data   RW         5935    .data               mem.o
    0x200001fc   0x00000004   Data   RW         5979    .data               memp.o
    0x20000200   0x0000000c   Data   RW         6030    .data               netif.o
    0x2000020c   0x00000004   Data   RW         6228    .data               raw.o
    0x20000210   0x00000024   Data   RW         6318    .data               tcp.o
    0x20000234   0x0000001c   Data   RW         6502    .data               tcp_in.o
    0x20000250   0x0000000c   Data   RW         6650    .data               timers.o
    0x2000025c   0x00000008   Data   RW         6711    .data               udp.o
    0x20000264   0x00000108   Zero   RW         3971    .bss                usart.o
    0x2000036c   0x00000034   Zero   RW         4310    .bss                sdram.o
    0x200003a0   0x00000048   Zero   RW         4595    .bss                lan8720.o
    0x200003e8   0x0000003c   Zero   RW         4673    .bss                timer.o
    0x20000424   0x0000002f   Zero   RW         4728    .bss                ads1299.o
    0x20000453   0x00000001   PAD
    0x20000454   0x00000160   Zero   RW         4871    .bss                spi.o
    0x200005b4   0x0000003c   Zero   RW         4961    .bss                usmart.o
    0x200005f0   0x00000010   PAD
    0x20000600   0x00019000   Zero   RW         5157    .bss                malloc.o
    0x20019600   0x00001900   Zero   RW         5158    .bss                malloc.o
    0x2001af00   0x00000048   Zero   RW         5233    .bss                lwip_comm.o
    0x2001af48   0x000007d0   Zero   RW         5333    .bss                tcp_server_demo.o
    0x2001b718   0x000000c8   Zero   RW         5445    .bss                etharp.o
    0x2001b7e0   0x00000028   Zero   RW         5977    .bss                memp.o
    0x2001b808   0x00000010   Zero   RW         6501    .bss                tcp_in.o
    0x2001b818   0x00000060   Zero   RW         7000    .bss                c_w.l(libspace.o)
    0x2001b878   0x00000200   Zero   RW          579    HEAP                startup_stm32f429xx.o
    0x2001ba78   0x00000400   Zero   RW          578    STACK               startup_stm32f429xx.o



  Load Region LR$$.ARM.__AT_0x10000000 (Base: 0x10000000, Size: 0x00000000, Max: 0x0000f000, ABSOLUTE)

    Execution Region ER$$.ARM.__AT_0x10000000 (Base: 0x10000000, Size: 0x0000f000, Max: 0x0000f000, ABSOLUTE, UNINIT)

    Base Addr    Size         Type   Attr      Idx    E Section Name        Object

    0x10000000   0x0000f000   Zero   RW         5153    .ARM.__AT_0x10000000  malloc.o



  Load Region LR$$.ARM.__AT_0x1000F000 (Base: 0x1000f000, Size: 0x00000000, Max: 0x00000f00, ABSOLUTE)

    Execution Region ER$$.ARM.__AT_0x1000F000 (Base: 0x1000f000, Size: 0x00000f00, Max: 0x00000f00, ABSOLUTE, UNINIT)

    Base Addr    Size         Type   Attr      Idx    E Section Name        Object

    0x1000f000   0x00000f00   Zero   RW         5154    .ARM.__AT_0x1000F000  malloc.o



  Load Region LR$$.ARM.__AT_0xC0000000 (Base: 0xc0000000, Size: 0x00000000, Max: 0x001f4000, ABSOLUTE)

    Execution Region ER$$.ARM.__AT_0xC0000000 (Base: 0xc0000000, Size: 0x001f4000, Max: 0x001f4000, ABSOLUTE, UNINIT)

    Base Addr    Size         Type   Attr      Idx    E Section Name        Object

    0xc0000000   0x001f4000   Zero   RW         4374    .ARM.__AT_0xC0000000  ltdc.o



  Load Region LR$$.ARM.__AT_0xC01F4000 (Base: 0xc01f4000, Size: 0x00000000, Max: 0x01c3c000, ABSOLUTE)

    Execution Region ER$$.ARM.__AT_0xC01F4000 (Base: 0xc01f4000, Size: 0x01c3c000, Max: 0x01c3c000, ABSOLUTE, UNINIT)

    Base Addr    Size         Type   Attr      Idx    E Section Name        Object

    0xc01f4000   0x01c3c000   Zero   RW         5155    .ARM.__AT_0xC01F4000  malloc.o



  Load Region LR$$.ARM.__AT_0xC1E30000 (Base: 0xc1e30000, Size: 0x00000000, Max: 0x001c3c00, ABSOLUTE)

    Execution Region ER$$.ARM.__AT_0xC1E30000 (Base: 0xc1e30000, Size: 0x001c3c00, Max: 0x001c3c00, ABSOLUTE, UNINIT)

    Base Addr    Size         Type   Attr      Idx    E Section Name        Object

    0xc1e30000   0x001c3c00   Zero   RW         5156    .ARM.__AT_0xC1E30000  malloc.o


==============================================================================

Image component sizes


      Code (inc. data)   RO Data    RW Data    ZI Data      Debug   Object Name

       934         92          0         30         47      12419   ads1299.o
        16          0          0          0          0       2646   def.o
        98          8          0          4          0       2003   delay.o
      3248       1302         80          1        200      14605   etharp.o
       674        144          0          0          0       7232   ethernetif.o
       904        458          0          0          0       3710   icmp.o
         0          0          0          0          0       3840   inet.o
       170          0          0          0          0       2913   inet_chksum.o
        30          0          0          0          0        552   init.o
       924        264          0         20          0       8229   ip.o
        46          0          4          0          0       7202   ip_addr.o
      2544        932          0          8          0      10660   ip_frag.o
       554         54          0         16         72       4366   lan8720.o
         0          0          0          8          0       2325   lcd.o
         0          0          0          0    2048000       1998   ltdc.o
       572        234          0          4         72      15339   lwip_comm.o
       132         10          0          0          0     491971   main.o
       396         42         36         36   31630336       6697   malloc.o
      1572        766          0         16          0       5337   mem.o
       470        282         40          4         40       4074   memp.o
       402        124          0         12          0       7915   netif.o
      3494       1812          0          0          0      10838   pbuf.o
       116         12          0          4          0       1612   raw.o
       428         38          0          0         52       2906   sdram.o
       432         48          0          4        352       4027   spi.o
        64         26        428          0       1536        836   startup_stm32f429xx.o
       144         16          0          4          0       4860   stm32f4xx_hal.o
       218         14          0          0          0      30989   stm32f4xx_hal_cortex.o
        82          0          0          0          0       1284   stm32f4xx_hal_dma.o
      1778         66          0          0          0      10883   stm32f4xx_hal_eth.o
       486         54          0          0          0       2684   stm32f4xx_hal_gpio.o
       136         14          0          0          0       1328   stm32f4xx_hal_pwr_ex.o
      1572         72         16          0          0       6467   stm32f4xx_hal_rcc.o
       146          0          0          0          0       2776   stm32f4xx_hal_sdram.o
      1022          0          0          0          0       4507   stm32f4xx_hal_spi.o
       636         44          0          0          0       6807   stm32f4xx_hal_tim.o
         4          0          0          0          0       1702   stm32f4xx_hal_tim_ex.o
      1092          8          0          0          0       7519   stm32f4xx_hal_uart.o
        20          0          0          0          0       4114   stm32f4xx_it.o
       284          0          0          0          0       3700   stm32f4xx_ll_fmc.o
       148         10          0          0          0       1663   sys.o
        12          6          0          0          0        490   sys_arch.o
        84         18          0         20          0       1081   system_stm32f4xx.o
      4572       1878        201         36          0      32908   tcp.o
      4504        994          0         28         16      17127   tcp_in.o
      4438       1422         85          0          0      17003   tcp_out.o
      1348        258          0         20       2000      12695   tcp_server_demo.o
       140         34          0          0         60       2893   timer.o
       548        214          0         12          0       4734   timers.o
       462        132          0          8          0       4227   udp.o
       358         54          0          8        264       5653   usart.o
      2840       1338         40         28         60       8159   usmart.o
         0          0        127        276          0       1536   usmart_config.o
      1058         20          0          0          0       9539   usmart_str.o

    ----------------------------------------------------------------------
     46406      13314       1098        612   33683124     845580   Object Totals
         0          0         32          0          0          0   (incl. Generated)
        54          0          9          5         17          0   (incl. Padding)

    ----------------------------------------------------------------------

      Code (inc. data)   RO Data    RW Data    ZI Data      Debug   Library Member Name

        90          0          0          0          0          0   __dczerorl2.o
         8          0          0          0          0         68   __main.o
       392          4         17          0          0         92   __printf_flags_ss_wp.o
        14          0          0          0          0         68   __printf_wp.o
         0          0          0          0          0          0   __rtentry.o
        12          0          0          0          0          0   __rtentry2.o
         6          0          0          0          0          0   __rtentry4.o
        52          8          0          0          0          0   __scatter.o
        28          0          0          0          0          0   __scatter_zi.o
         6          0          0          0          0          0   _printf_c.o
        44          0          0          0          0        108   _printf_char.o
        48          6          0          0          0         96   _printf_char_common.o
        36          4          0          0          0         80   _printf_char_file.o
         6          0          0          0          0          0   _printf_d.o
       120         16          0          0          0         92   _printf_dec.o
        88          4         40          0          0         88   _printf_hex_int.o
       178          0          0          0          0         88   _printf_intcommon.o
        78          0          0          0          0        108   _printf_pad.o
         0          0          0          0          0          0   _printf_percent.o
         4          0          0          0          0          0   _printf_percent_end.o
         6          0          0          0          0          0   _printf_s.o
        82          0          0          0          0         80   _printf_str.o
         6          0          0          0          0          0   _printf_u.o
         6          0          0          0          0          0   _printf_x.o
        10          0          0          0          0         68   _sputc.o
        18          0          0          0          0         80   exit.o
         8          0          0          0          0         68   ferror.o
         6          0          0          0          0        152   heapauxi.o
         2          0          0          0          0          0   libinit.o
         6          0          0          0          0          0   libinit2.o
         2          0          0          0          0          0   libshutdown.o
         2          0          0          0          0          0   libshutdown2.o
         8          4          0          0         96         68   libspace.o
        88          0          0          0          0         76   memcmp.o
        24          4          0          0          0         84   noretval__2printf.o
        40          6          0          0          0         84   noretval__2sprintf.o
        68          0          0          0          0         68   rt_memclr.o
        78          0          0          0          0         80   rt_memclr_w.o
       138          0          0          0          0         68   rt_memcpy_v6.o
       100          0          0          0          0         80   rt_memcpy_w.o
         2          0          0          0          0          0   rtexit.o
        10          0          0          0          0          0   rtexit2.o
        74          0          0          0          0         80   sys_stackheap_outer.o
         2          0          0          0          0         68   use_no_semi.o
         2          0          0          0          0         68   use_no_semi_2.o
        10          0          0          0          0        116   fpinit.o

    ----------------------------------------------------------------------
      2016         56         60          0         96       2276   Library Totals
         8          0          3          0          0          0   (incl. Padding)

    ----------------------------------------------------------------------

      Code (inc. data)   RO Data    RW Data    ZI Data      Debug   Library Name

      1998         56         57          0         96       2160   c_w.l
        10          0          0          0          0        116   fz_wm.l

    ----------------------------------------------------------------------
      2016         56         60          0         96       2276   Library Totals

    ----------------------------------------------------------------------

==============================================================================


      Code (inc. data)   RO Data    RW Data    ZI Data      Debug   

     48422      13370       1158        612   33683220     818112   Grand Totals
     48422      13370       1158        136   33683220     818112   ELF Image Totals (compressed)
     48422      13370       1158        136          0          0   ROM Totals

==============================================================================

    Total RO  Size (Code + RO Data)                49580 (  48.42kB)
    Total RW  Size (RW Data + ZI Data)          33683832 (32894.37kB)
    Total ROM Size (Code + RO Data + RW Data)      49716 (  48.55kB)

==============================================================================

