Component: ARM Compiler 5.06 update 4 (build 422) Tool: armlink [4d35d2]

==============================================================================

Section Cross References

    main.o(i.main) refers to sys.o(i.Stm32_Clock_Init) for Stm32_Clock_Init
    main.o(i.main) refers to stm32f4xx_hal.o(i.HAL_Init) for HAL_Init
    main.o(i.main) refers to delay.o(i.delay_init) for delay_init
    main.o(i.main) refers to led.o(i.LED_Init) for LED_Init
    main.o(i.main) refers to timer.o(i.TIM4_Init) for TIM4_Init
    main.o(i.main) refers to timer.o(i.TIM2_PWM_Init) for TIM2_PWM_Init
    main.o(i.main) refers to timer.o(i.TIM_SetTIM2) for TIM_SetTIM2
    main.o(i.main) refers to myiic.o(i.IIC_Init) for IIC_Init
    main.o(i.main) refers to ads1299.o(i.ADS1299_Init) for ADS1299_Init
    main.o(i.main) refers to tca6424a.o(i.TCA6424A_Init) for TCA6424A_Init
    main.o(i.main) refers to malloc.o(i.my_mem_init) for my_mem_init
    main.o(i.main) refers to timer.o(i.TIM3_Init) for TIM3_Init
    main.o(i.main) refers to delay.o(i.delay_ms) for delay_ms
    main.o(i.main) refers to lwip_comm.o(i.lwip_comm_init) for lwip_comm_init
    main.o(i.main) refers to tcp_server_demo.o(i.hardware_init) for hardware_init
    main.o(i.main) refers to iwdg.o(i.IWDG_Init) for IWDG_Init
    main.o(i.main) refers to tcp_server_demo.o(i.udp_demo_test) for udp_demo_test
    stm32f4xx_it.o(i.DMA1_Stream3_IRQHandler) refers to stm32f4xx_hal_dma.o(i.HAL_DMA_IRQHandler) for HAL_DMA_IRQHandler
    stm32f4xx_it.o(i.DMA1_Stream3_IRQHandler) refers to spi.o(.bss) for SPI2_Handler
    stm32f4xx_it.o(i.DMA1_Stream4_IRQHandler) refers to stm32f4xx_hal_dma.o(i.HAL_DMA_IRQHandler) for HAL_DMA_IRQHandler
    stm32f4xx_it.o(i.DMA1_Stream4_IRQHandler) refers to spi.o(.bss) for SPI2_Handler
    stm32f4xx_it.o(i.SysTick_Handler) refers to stm32f4xx_hal.o(i.HAL_IncTick) for HAL_IncTick
    system_stm32f4xx.o(i.SystemCoreClockUpdate) refers to system_stm32f4xx.o(.data) for .data
    iwdg.o(i.IWDG_Feed) refers to stm32f4xx_hal_iwdg.o(i.HAL_IWDG_Refresh) for HAL_IWDG_Refresh
    iwdg.o(i.IWDG_Feed) refers to iwdg.o(.bss) for .bss
    iwdg.o(i.IWDG_Init) refers to stm32f4xx_hal_iwdg.o(i.HAL_IWDG_Init) for HAL_IWDG_Init
    iwdg.o(i.IWDG_Init) refers to stm32f4xx_hal_iwdg.o(i.HAL_IWDG_Start) for HAL_IWDG_Start
    iwdg.o(i.IWDG_Init) refers to iwdg.o(.bss) for .bss
    startup_stm32f407xx.o(RESET) refers to startup_stm32f407xx.o(STACK) for __initial_sp
    startup_stm32f407xx.o(RESET) refers to startup_stm32f407xx.o(.text) for Reset_Handler
    startup_stm32f407xx.o(RESET) refers to stm32f4xx_it.o(i.NMI_Handler) for NMI_Handler
    startup_stm32f407xx.o(RESET) refers to stm32f4xx_it.o(i.HardFault_Handler) for HardFault_Handler
    startup_stm32f407xx.o(RESET) refers to stm32f4xx_it.o(i.MemManage_Handler) for MemManage_Handler
    startup_stm32f407xx.o(RESET) refers to stm32f4xx_it.o(i.BusFault_Handler) for BusFault_Handler
    startup_stm32f407xx.o(RESET) refers to stm32f4xx_it.o(i.UsageFault_Handler) for UsageFault_Handler
    startup_stm32f407xx.o(RESET) refers to stm32f4xx_it.o(i.SVC_Handler) for SVC_Handler
    startup_stm32f407xx.o(RESET) refers to stm32f4xx_it.o(i.DebugMon_Handler) for DebugMon_Handler
    startup_stm32f407xx.o(RESET) refers to stm32f4xx_it.o(i.PendSV_Handler) for PendSV_Handler
    startup_stm32f407xx.o(RESET) refers to stm32f4xx_it.o(i.SysTick_Handler) for SysTick_Handler
    startup_stm32f407xx.o(RESET) refers to stm32f4xx_it.o(i.DMA1_Stream3_IRQHandler) for DMA1_Stream3_IRQHandler
    startup_stm32f407xx.o(RESET) refers to stm32f4xx_it.o(i.DMA1_Stream4_IRQHandler) for DMA1_Stream4_IRQHandler
    startup_stm32f407xx.o(RESET) refers to timer.o(i.TIM3_IRQHandler) for TIM3_IRQHandler
    startup_stm32f407xx.o(RESET) refers to timer.o(i.TIM4_IRQHandler) for TIM4_IRQHandler
    startup_stm32f407xx.o(RESET) refers to usart.o(i.USART1_IRQHandler) for USART1_IRQHandler
    startup_stm32f407xx.o(RESET) refers to ads1299.o(i.EXTI15_10_IRQHandler) for EXTI15_10_IRQHandler
    startup_stm32f407xx.o(RESET) refers to lan8720.o(i.ETH_IRQHandler) for ETH_IRQHandler
    startup_stm32f407xx.o(.text) refers to system_stm32f4xx.o(i.SystemInit) for SystemInit
    startup_stm32f407xx.o(.text) refers to entry.o(.ARM.Collect$$$$00000000) for __main
    stm32f4xx_hal.o(i.HAL_DeInit) refers to stm32f4xx_hal.o(i.HAL_MspDeInit) for HAL_MspDeInit
    stm32f4xx_hal.o(i.HAL_Delay) refers to stm32f4xx_hal.o(i.HAL_GetTick) for HAL_GetTick
    stm32f4xx_hal.o(i.HAL_GetTick) refers to stm32f4xx_hal.o(.data) for .data
    stm32f4xx_hal.o(i.HAL_IncTick) refers to stm32f4xx_hal.o(.data) for .data
    stm32f4xx_hal.o(i.HAL_Init) refers to stm32f4xx_hal_cortex.o(i.HAL_NVIC_SetPriorityGrouping) for HAL_NVIC_SetPriorityGrouping
    stm32f4xx_hal.o(i.HAL_Init) refers to stm32f4xx_hal.o(i.HAL_InitTick) for HAL_InitTick
    stm32f4xx_hal.o(i.HAL_Init) refers to stm32f4xx_hal.o(i.HAL_MspInit) for HAL_MspInit
[...]
    tcphdr                                   0x20000184   Data           4  tcp_in.o(.data)
    iphdr                                    0x20000188   Data           4  tcp_in.o(.data)
    seqno                                    0x2000018c   Data           4  tcp_in.o(.data)
    ackno                                    0x20000190   Data           4  tcp_in.o(.data)
    recv_data                                0x20000194   Data           4  tcp_in.o(.data)
    .data                                    0x2000019c   Section       12  timers.o(.data)
    next_timeout                             0x2000019c   Data           4  timers.o(.data)
    timeouts_last_time                       0x200001a0   Data           4  timers.o(.data)
    tcpip_tcp_timer_active                   0x200001a4   Data           4  timers.o(.data)
    .data                                    0x200001a8   Section        8  udp.o(.data)
    udp_port                                 0x200001a8   Data           2  udp.o(.data)
    .data                                    0x200001b0   Section        4  stdout.o(.data)
    .bss                                     0x200001b4   Section       16  iwdg.o(.bss)
    .bss                                     0x200001c4   Section      264  usart.o(.bss)
    .bss                                     0x200002cc   Section       72  lan8720.o(.bss)
    .bss                                     0x20000314   Section      208  timer.o(.bss)
    .bss                                     0x200003e4   Section      133  ads1299.o(.bss)
    .bss                                     0x2000046c   Section      352  spi.o(.bss)
    .bss                                     0x200005e0   Section    102400  malloc.o(.bss)
    .bss                                     0x200195e0   Section     6400  malloc.o(.bss)
    .bss                                     0x2001aee0   Section       72  lwip_comm.o(.bss)
    .bss                                     0x2001af28   Section      268  tcp_server_demo.o(.bss)
    .bss                                     0x2001b034   Section      200  etharp.o(.bss)
    arp_table                                0x2001b034   Data         200  etharp.o(.bss)
    .bss                                     0x2001b0fc   Section       40  memp.o(.bss)
    memp_tab                                 0x2001b0fc   Data          40  memp.o(.bss)
    .bss                                     0x2001b124   Section       16  tcp_in.o(.bss)
    inseg                                    0x2001b124   Data          16  tcp_in.o(.bss)
    STACK                                    0x2001b138   Section     1024  startup_stm32f407xx.o(STACK)
    .ARM.__AT_0xC01F4000                     0xc01f4000   Section    61440  malloc.o(.ARM.__AT_0xC01F4000)
    .ARM.__AT_0xC0203000                     0xc0203000   Section     3840  malloc.o(.ARM.__AT_0xC0203000)

    Global Symbols

    Symbol Name                              Value     Ov Type        Size  Object(Section)

    BuildAttributes$$THM_ISAv4$E$P$D$K$B$S$7EM$VFPi3$EXTD16$VFPS$VFMA$PE$A:L22UL41UL21$X:L11$S22US41US21$IEEE1$IW$USESV6$~STKCKD$USESV7$~SHL$OSPACE$ROPI$EBA8$MICROLIB$REQ8$PRES8$EABIv2 0x00000000   Number         0  anon$$obj.o ABSOLUTE
    __ARM_use_no_argv                        0x00000000   Number         0  main.o ABSOLUTE
    _printf_a                                0x00000000   Number         0  stubs.o ABSOLUTE
    _printf_c                                0x00000000   Number         0  stubs.o ABSOLUTE
    _printf_charcount                        0x00000000   Number         0  stubs.o ABSOLUTE
    _printf_d                                0x00000000   Number         0  stubs.o ABSOLUTE
    _printf_e                                0x00000000   Number         0  stubs.o ABSOLUTE
    _printf_f                                0x00000000   Number         0  stubs.o ABSOLUTE
    _printf_flags                            0x00000000   Number         0  stubs.o ABSOLUTE
    _printf_fp_dec                           0x00000000   Number         0  stubs.o ABSOLUTE
    _printf_fp_hex                           0x00000000   Number         0  stubs.o ABSOLUTE
    _printf_g                                0x00000000   Number         0  stubs.o ABSOLUTE
    _printf_i                                0x00000000   Number         0  stubs.o ABSOLUTE
    _printf_int_dec                          0x00000000   Number         0  stubs.o ABSOLUTE
    _printf_l                                0x00000000   Number         0  stubs.o ABSOLUTE
    _printf_lc                               0x00000000   Number         0  stubs.o ABSOLUTE
    _printf_ll                               0x00000000   Number         0  stubs.o ABSOLUTE
    _printf_lld                              0x00000000   Number         0  stubs.o ABSOLUTE
    _printf_lli                              0x00000000   Number         0  stubs.o ABSOLUTE
    _printf_llo                              0x00000000   Number         0  stubs.o ABSOLUTE
    _printf_llu                              0x00000000   Number         0  stubs.o ABSOLUTE
    _printf_llx                              0x00000000   Number         0  stubs.o ABSOLUTE
    _printf_longlong_dec                     0x00000000   Number         0  stubs.o ABSOLUTE
    _printf_longlong_hex                     0x00000000   Number         0  stubs.o ABSOLUTE
    _printf_longlong_oct                     0x00000000   Number         0  stubs.o ABSOLUTE
    _printf_ls                               0x00000000   Number         0  stubs.o ABSOLUTE
    _printf_mbtowc                           0x00000000   Number         0  stubs.o ABSOLUTE
    _printf_n                                0x00000000   Number         0  stubs.o ABSOLUTE
    _printf_o                                0x00000000   Number         0  stubs.o ABSOLUTE
    _printf_p                                0x00000000   Number         0  stubs.o ABSOLUTE
    _printf_percent                          0x00000000   Number         0  stubs.o ABSOLUTE
    _printf_pre_padding                      0x00000000   Number         0  stubs.o ABSOLUTE
    _printf_return_value                     0x00000000   Number         0  stubs.o ABSOLUTE
    _printf_s                                0x00000000   Number         0  stubs.o ABSOLUTE
    _printf_sizespec                         0x00000000   Number         0  stubs.o ABSOLUTE
    _printf_str                              0x00000000   Number         0  stubs.o ABSOLUTE
    _printf_truncate_signed                  0x00000000   Number         0  stubs.o ABSOLUTE
    _printf_truncate_unsigned                0x00000000   Number         0  stubs.o ABSOLUTE
    _printf_u                                0x00000000   Number         0  stubs.o ABSOLUTE
    _printf_wc                               0x00000000   Number         0  stubs.o ABSOLUTE
    _printf_wctomb                           0x00000000   Number         0  stubs.o ABSOLUTE
    _printf_widthprec                        0x00000000   Number         0  stubs.o ABSOLUTE
    _printf_x                                0x00000000   Number         0  stubs.o ABSOLUTE
    __cpp_initialize__aeabi_                  - Undefined Weak Reference
    __cxa_finalize                            - Undefined Weak Reference
    _clock_init                               - Undefined Weak Reference
    _microlib_exit                            - Undefined Weak Reference
    __Vectors_Size                           0x00000188   Number         0  startup_stm32f407xx.o ABSOLUTE
    __Vectors                                0x08000000   Data           4  startup_stm32f407xx.o(RESET)
    __Vectors_End                            0x08000188   Data           0  startup_stm32f407xx.o(RESET)
    __main                                   0x08000189   Thumb Code     0  entry.o(.ARM.Collect$$$$00000000)
    _main_stk                                0x08000189   Thumb Code     0  entry2.o(.ARM.Collect$$$$00000001)
    _main_scatterload                        0x0800018d   Thumb Code     0  entry5.o(.ARM.Collect$$$$00000004)
    __main_after_scatterload                 0x08000191   Thumb Code     0  entry5.o(.ARM.Collect$$$$00000004)
    _main_clock                              0x08000191   Thumb Code     0  entry7b.o(.ARM.Collect$$$$00000008)
    _main_cpp_init                           0x08000191   Thumb Code     0  entry8b.o(.ARM.Collect$$$$0000000A)
    _main_init                               0x08000191   Thumb Code     0  entry9a.o(.ARM.Collect$$$$0000000B)
    __rt_final_cpp                           0x08000199   Thumb Code     0  entry10a.o(.ARM.Collect$$$$0000000D)
    __rt_final_exit                          0x08000199   Thumb Code     0  entry11a.o(.ARM.Collect$$$$0000000F)
    WFI_SET                                  0x0800019d   Thumb Code     2  sys.o(.emb_text)
    INTX_DISABLE                             0x0800019f   Thumb Code     4  sys.o(.emb_text)
    INTX_ENABLE                              0x080001a3   Thumb Code     4  sys.o(.emb_text)
    MSR_MSP                                  0x080001a7   Thumb Code     6  sys.o(.emb_text)
    Reset_Handler                            0x080001ad   Thumb Code     8  startup_stm32f407xx.o(.text)
    ADC_IRQHandler                           0x080001c7   Thumb Code     0  startup_stm32f407xx.o(.text)
    CAN1_RX0_IRQHandler                      0x080001c7   Thumb Code     0  startup_stm32f407xx.o(.text)
    CAN1_RX1_IRQHandler                      0x080001c7   Thumb Code     0  startup_stm32f407xx.o(.text)
    CAN1_SCE_IRQHandler                      0x080001c7   Thumb Code     0  startup_stm32f407xx.o(.text)
    CAN1_TX_IRQHandler                       0x080001c7   Thumb Code     0  startup_stm32f407xx.o(.text)
    CAN2_RX0_IRQHandler                      0x080001c7   Thumb Code     0  startup_stm32f407xx.o(.text)
    CAN2_RX1_IRQHandler                      0x080001c7   Thumb Code     0  startup_stm32f407xx.o(.text)
    CAN2_SCE_IRQHandler                      0x080001c7   Thumb Code     0  startup_stm32f407xx.o(.text)
    CAN2_TX_IRQHandler                       0x080001c7   Thumb Code     0  startup_stm32f407xx.o(.text)
    DCMI_IRQHandler                          0x080001c7   Thumb Code     0  startup_stm32f407xx.o(.text)
    DMA1_Stream0_IRQHandler                  0x080001c7   Thumb Code     0  startup_stm32f407xx.o(.text)
    DMA1_Stream1_IRQHandler                  0x080001c7   Thumb Code     0  startup_stm32f407xx.o(.text)
    DMA1_Stream2_IRQHandler                  0x080001c7   Thumb Code     0  startup_stm32f407xx.o(.text)
    DMA1_Stream5_IRQHandler                  0x080001c7   Thumb Code     0  startup_stm32f407xx.o(.text)
    DMA1_Stream6_IRQHandler                  0x080001c7   Thumb Code     0  startup_stm32f407xx.o(.text)
    DMA1_Stream7_IRQHandler                  0x080001c7   Thumb Code     0  startup_stm32f407xx.o(.text)
    DMA2_Stream0_IRQHandler                  0x080001c7   Thumb Code     0  startup_stm32f407xx.o(.text)
    DMA2_Stream1_IRQHandler                  0x080001c7   Thumb Code     0  startup_stm32f407xx.o(.text)
    DMA2_Stream2_IRQHandler                  0x080001c7   Thumb Code     0  startup_stm32f407xx.o(.text)
    DMA2_Stream3_IRQHandler                  0x080001c7   Thumb Code     0  startup_stm32f407xx.o(.text)
    DMA2_Stream4_IRQHandler                  0x080001c7   Thumb Code     0  startup_stm32f407xx.o(.text)
    DMA2_Stream5_IRQHandler                  0x080001c7   Thumb Code     0  startup_stm32f407xx.o(.text)
    DMA2_Stream6_IRQHandler                  0x080001c7   Thumb Code     0  startup_stm32f407xx.o(.text)
    DMA2_Stream7_IRQHandler                  0x080001c7   Thumb Code     0  startup_stm32f407xx.o(.text)
    ETH_WKUP_IRQHandler                      0x080001c7   Thumb Code     0  startup_stm32f407xx.o(.text)
    EXTI0_IRQHandler                         0x080001c7   Thumb Code     0  startup_stm32f407xx.o(.text)
    EXTI1_IRQHandler                         0x080001c7   Thumb Code     0  startup_stm32f407xx.o(.text)
    EXTI2_IRQHandler                         0x080001c7   Thumb Code     0  startup_stm32f407xx.o(.text)
    EXTI3_IRQHandler                         0x080001c7   Thumb Code     0  startup_stm32f407xx.o(.text)
    EXTI4_IRQHandler                         0x080001c7   Thumb Code     0  startup_stm32f407xx.o(.text)
    EXTI9_5_IRQHandler                       0x080001c7   Thumb Code     0  startup_stm32f407xx.o(.text)
    FLASH_IRQHandler                         0x080001c7   Thumb Code     0  startup_stm32f407xx.o(.text)
    FMC_IRQHandler                           0x080001c7   Thumb Code     0  startup_stm32f407xx.o(.text)
    FPU_IRQHandler                           0x080001c7   Thumb Code     0  startup_stm32f407xx.o(.text)
    HASH_RNG_IRQHandler                      0x080001c7   Thumb Code     0  startup_stm32f407xx.o(.text)
    I2C1_ER_IRQHandler                       0x080001c7   Thumb Code     0  startup_stm32f407xx.o(.text)
    I2C1_EV_IRQHandler                       0x080001c7   Thumb Code     0  startup_stm32f407xx.o(.text)
    I2C2_ER_IRQHandler                       0x080001c7   Thumb Code     0  startup_stm32f407xx.o(.text)
    I2C2_EV_IRQHandler                       0x080001c7   Thumb Code     0  startup_stm32f407xx.o(.text)
    I2C3_ER_IRQHandler                       0x080001c7   Thumb Code     0  startup_stm32f407xx.o(.text)
    I2C3_EV_IRQHandler                       0x080001c7   Thumb Code     0  startup_stm32f407xx.o(.text)
    OTG_FS_IRQHandler                        0x080001c7   Thumb Code     0  startup_stm32f407xx.o(.text)
    OTG_FS_WKUP_IRQHandler                   0x080001c7   Thumb Code     0  startup_stm32f407xx.o(.text)
    OTG_HS_EP1_IN_IRQHandler                 0x080001c7   Thumb Code     0  startup_stm32f407xx.o(.text)
    OTG_HS_EP1_OUT_IRQHandler                0x080001c7   Thumb Code     0  startup_stm32f407xx.o(.text)
    OTG_HS_IRQHandler                        0x080001c7   Thumb Code     0  startup_stm32f407xx.o(.text)
    OTG_HS_WKUP_IRQHandler                   0x080001c7   Thumb Code     0  startup_stm32f407xx.o(.text)
    PVD_IRQHandler                           0x080001c7   Thumb Code     0  startup_stm32f407xx.o(.text)
    RCC_IRQHandler                           0x080001c7   Thumb Code     0  startup_stm32f407xx.o(.text)
    RTC_Alarm_IRQHandler                     0x080001c7   Thumb Code     0  startup_stm32f407xx.o(.text)
    RTC_WKUP_IRQHandler                      0x080001c7   Thumb Code     0  startup_stm32f407xx.o(.text)
    SDIO_IRQHandler                          0x080001c7   Thumb Code     0  startup_stm32f407xx.o(.text)
    SPI1_IRQHandler                          0x080001c7   Thumb Code     0  startup_stm32f407xx.o(.text)
    SPI2_IRQHandler                          0x080001c7   Thumb Code     0  startup_stm32f407xx.o(.text)
    SPI3_IRQHandler                          0x080001c7   Thumb Code     0  startup_stm32f407xx.o(.text)
    TAMP_STAMP_IRQHandler                    0x080001c7   Thumb Code     0  startup_stm32f407xx.o(.text)
    TIM1_BRK_TIM9_IRQHandler                 0x080001c7   Thumb Code     0  startup_stm32f407xx.o(.text)
    TIM1_CC_IRQHandler                       0x080001c7   Thumb Code     0  startup_stm32f407xx.o(.text)
    TIM1_TRG_COM_TIM11_IRQHandler            0x080001c7   Thumb Code     0  startup_stm32f407xx.o(.text)
    TIM1_UP_TIM10_IRQHandler                 0x080001c7   Thumb Code     0  startup_stm32f407xx.o(.text)
    TIM2_IRQHandler                          0x080001c7   Thumb Code     0  startup_stm32f407xx.o(.text)
    TIM5_IRQHandler                          0x080001c7   Thumb Code     0  startup_stm32f407xx.o(.text)
    TIM6_DAC_IRQHandler                      0x080001c7   Thumb Code     0  startup_stm32f407xx.o(.text)
    TIM7_IRQHandler                          0x080001c7   Thumb Code     0  startup_stm32f407xx.o(.text)
    TIM8_BRK_TIM12_IRQHandler                0x080001c7   Thumb Code     0  startup_stm32f407xx.o(.text)
    TIM8_CC_IRQHandler                       0x080001c7   Thumb Code     0  startup_stm32f407xx.o(.text)
    TIM8_TRG_COM_TIM14_IRQHandler            0x080001c7   Thumb Code     0  startup_stm32f407xx.o(.text)
    TIM8_UP_TIM13_IRQHandler                 0x080001c7   Thumb Code     0  startup_stm32f407xx.o(.text)
    UART4_IRQHandler                         0x080001c7   Thumb Code     0  startup_stm32f407xx.o(.text)
    UART5_IRQHandler                         0x080001c7   Thumb Code     0  startup_stm32f407xx.o(.text)
    USART2_IRQHandler                        0x080001c7   Thumb Code     0  startup_stm32f407xx.o(.text)
    USART3_IRQHandler                        0x080001c7   Thumb Code     0  startup_stm32f407xx.o(.text)
    USART6_IRQHandler                        0x080001c7   Thumb Code     0  startup_stm32f407xx.o(.text)
    WWDG_IRQHandler                          0x080001c7   Thumb Code     0  startup_stm32f407xx.o(.text)
    __aeabi_memcpy                           0x080001d1   Thumb Code    36  memcpya.o(.text)
    __aeabi_memcpy4                          0x080001d1   Thumb Code     0  memcpya.o(.text)
    __aeabi_memcpy8                          0x080001d1   Thumb Code     0  memcpya.o(.text)
    __aeabi_memset                           0x080001f5   Thumb Code    14  memseta.o(.text)
    __aeabi_memset4                          0x080001f5   Thumb Code     0  memseta.o(.text)
    __aeabi_memset8                          0x080001f5   Thumb Code     0  memseta.o(.text)
    __aeabi_memclr                           0x08000203   Thumb Code     4  memseta.o(.text)
    __aeabi_memclr4                          0x08000203   Thumb Code     0  memseta.o(.text)
    __aeabi_memclr8                          0x08000203   Thumb Code     0  memseta.o(.text)
    _memset$wrapper                          0x08000207   Thumb Code    18  memseta.o(.text)
    memcmp                                   0x08000219   Thumb Code    26  memcmp.o(.text)
    __aeabi_uidiv                            0x08000233   Thumb Code     0  uidiv.o(.text)
    __aeabi_uidivmod                         0x08000233   Thumb Code    44  uidiv.o(.text)
    __scatterload                            0x08000261   Thumb Code    28  init.o(.text)
    __scatterload_rt2                        0x08000261   Thumb Code     0  init.o(.text)
    __I$use$semihosting$fputc                0x08000285   Thumb Code     0  iusesemip.o(.text)
    __decompress                             0x08000285   Thumb Code     0  __dczerorl2.o(.text)
    __decompress1                            0x08000285   Thumb Code    86  __dczerorl2.o(.text)
    __semihosting_library_function           0x08000285   Thumb Code     0  semi.o(.text)
    ADS1299_CHANGE_CHANEL                    0x080002dd   Thumb Code    40  ads1299.o(i.ADS1299_CHANGE_CHANEL)
    ADS1299_Check                            0x08000309   Thumb Code   214  ads1299.o(i.ADS1299_Check)
    ADS1299_Command                          0x080003e5   Thumb Code    38  ads1299.o(i.ADS1299_Command)
    ADS1299_IT                               0x0800040d   Thumb Code    76  ads1299.o(i.ADS1299_IT)
    ADS1299_Init                             0x08000465   Thumb Code   248  ads1299.o(i.ADS1299_Init)
    ADS1299_PREG                             0x08000579   Thumb Code    38  ads1299.o(i.ADS1299_PREG)
    ADS1299_SDATAC                           0x080005a5   Thumb Code    42  ads1299.o(i.ADS1299_SDATAC)
    ADS1299_WREG                             0x080005cf   Thumb Code    54  ads1299.o(i.ADS1299_WREG)
    ADS1299_WREG_Single                      0x08000605   Thumb Code    46  ads1299.o(i.ADS1299_WREG_Single)
    BusFault_Handler                         0x08000633   Thumb Code     2  stm32f4xx_it.o(i.BusFault_Handler)
    DMA1_Stream3_IRQHandler                  0x08000635   Thumb Code     8  stm32f4xx_it.o(i.DMA1_Stream3_IRQHandler)
    DMA1_Stream4_IRQHandler                  0x08000641   Thumb Code     8  stm32f4xx_it.o(i.DMA1_Stream4_IRQHandler)
    Data_Process                             0x0800064d   Thumb Code  1454  tcp_server_demo.o(i.Data_Process)
    DebugMon_Handler                         0x08000c09   Thumb Code     2  stm32f4xx_it.o(i.DebugMon_Handler)
    ETH_GetRxPktSize                         0x08000c39   Thumb Code    30  lan8720.o(i.ETH_GetRxPktSize)
    ETH_IRQHandler                           0x08000c59   Thumb Code    38  lan8720.o(i.ETH_IRQHandler)
    ETH_Mem_Malloc                           0x08000da9   Thumb Code    54  lan8720.o(i.ETH_Mem_Malloc)
    EXTI15_10_IRQHandler                     0x08000de5   Thumb Code    16  ads1299.o(i.EXTI15_10_IRQHandler)
    HAL_DMA_IRQHandler                       0x08000df9   Thumb Code   414  stm32f4xx_hal_dma.o(i.HAL_DMA_IRQHandler)
    HAL_Delay                                0x08000f9d   Thumb Code    22  stm32f4xx_hal.o(i.HAL_Delay)
    HAL_ETH_DMARxDescListInit                0x08000fb3   Thumb Code   114  stm32f4xx_hal_eth.o(i.HAL_ETH_DMARxDescListInit)
    HAL_ETH_DMATxDescListInit                0x08001025   Thumb Code   120  stm32f4xx_hal_eth.o(i.HAL_ETH_DMATxDescListInit)
    HAL_ETH_GetReceivedFrame                 0x0800109d   Thumb Code   122  stm32f4xx_hal_eth.o(i.HAL_ETH_GetReceivedFrame)
    HAL_ETH_Init                             0x08001119   Thumb Code   396  stm32f4xx_hal_eth.o(i.HAL_ETH_Init)
    HAL_ETH_MspInit                          0x080012cd   Thumb Code   192  lan8720.o(i.HAL_ETH_MspInit)
    HAL_ETH_ReadPHYRegister                  0x0800139d   Thumb Code   134  stm32f4xx_hal_eth.o(i.HAL_ETH_ReadPHYRegister)
    HAL_ETH_Start                            0x08001423   Thumb Code   132  stm32f4xx_hal_eth.o(i.HAL_ETH_Start)
    HAL_ETH_TransmitFrame                    0x080014a7   Thumb Code   264  stm32f4xx_hal_eth.o(i.HAL_ETH_TransmitFrame)
    HAL_ETH_WritePHYRegister                 0x080015af   Thumb Code   118  stm32f4xx_hal_eth.o(i.HAL_ETH_WritePHYRegister)
    HAL_GPIO_Init                            0x08001625   Thumb Code   412  stm32f4xx_hal_gpio.o(i.HAL_GPIO_Init)
    HAL_GPIO_WritePin                        0x080017f1   Thumb Code    10  stm32f4xx_hal_gpio.o(i.HAL_GPIO_WritePin)
    HAL_GetTick                              0x080017fd   Thumb Code     6  stm32f4xx_hal.o(i.HAL_GetTick)
    HAL_IWDG_Init                            0x08001809   Thumb Code    74  stm32f4xx_hal_iwdg.o(i.HAL_IWDG_Init)
    HAL_IWDG_MspInit                         0x08001853   Thumb Code     2  stm32f4xx_hal_iwdg.o(i.HAL_IWDG_MspInit)
    HAL_IWDG_Refresh                         0x08001855   Thumb Code    84  stm32f4xx_hal_iwdg.o(i.HAL_IWDG_Refresh)
    HAL_IWDG_Start                           0x080018a9   Thumb Code    42  stm32f4xx_hal_iwdg.o(i.HAL_IWDG_Start)
    HAL_IncTick                              0x080018d5   Thumb Code    10  stm32f4xx_hal.o(i.HAL_IncTick)
    HAL_Init                                 0x080018e5   Thumb Code    48  stm32f4xx_hal.o(i.HAL_Init)
    HAL_InitTick                             0x08001919   Thumb Code    34  stm32f4xx_hal.o(i.HAL_InitTick)
    HAL_MspInit                              0x0800193b   Thumb Code     8  stm32f4xx_hal.o(i.HAL_MspInit)
    HAL_NVIC_EnableIRQ                       0x08001943   Thumb Code    22  stm32f4xx_hal_cortex.o(i.HAL_NVIC_EnableIRQ)
    HAL_NVIC_SetPriority                     0x08001959   Thumb Code    60  stm32f4xx_hal_cortex.o(i.HAL_NVIC_SetPriority)
    HAL_NVIC_SetPriorityGrouping             0x08001999   Thumb Code    26  stm32f4xx_hal_cortex.o(i.HAL_NVIC_SetPriorityGrouping)
    HAL_RCC_ClockConfig                      0x080019bd   Thumb Code   512  stm32f4xx_hal_rcc.o(i.HAL_RCC_ClockConfig)
    HAL_RCC_GetHCLKFreq                      0x08001bc5   Thumb Code    38  stm32f4xx_hal_rcc.o(i.HAL_RCC_GetHCLKFreq)
    HAL_RCC_GetSysClockFreq                  0x08001bf9   Thumb Code   104  stm32f4xx_hal_rcc.o(i.HAL_RCC_GetSysClockFreq)
    HAL_RCC_OscConfig                        0x08001c6d   Thumb Code   774  stm32f4xx_hal_rcc.o(i.HAL_RCC_OscConfig)
    HAL_SPI_Init                             0x08001f89   Thumb Code   132  stm32f4xx_hal_spi.o(i.HAL_SPI_Init)
    HAL_SPI_MspInit                          0x0800200d   Thumb Code   152  spi.o(i.HAL_SPI_MspInit)
    HAL_SPI_TransmitReceive                  0x080020b1   Thumb Code   682  stm32f4xx_hal_spi.o(i.HAL_SPI_TransmitReceive)
    HAL_SYSTICK_CLKSourceConfig              0x0800235b   Thumb Code    24  stm32f4xx_hal_cortex.o(i.HAL_SYSTICK_CLKSourceConfig)
    HAL_SYSTICK_Config                       0x08002373   Thumb Code    40  stm32f4xx_hal_cortex.o(i.HAL_SYSTICK_Config)
    HAL_TIMEx_BreakCallback                  0x0800239b   Thumb Code     2  stm32f4xx_hal_tim_ex.o(i.HAL_TIMEx_BreakCallback)
    HAL_TIMEx_CommutationCallback            0x0800239d   Thumb Code     2  stm32f4xx_hal_tim_ex.o(i.HAL_TIMEx_CommutationCallback)
    HAL_TIM_Base_Init                        0x0800239f   Thumb Code    54  stm32f4xx_hal_tim.o(i.HAL_TIM_Base_Init)
    HAL_TIM_Base_MspInit                     0x080023d5   Thumb Code    92  timer.o(i.HAL_TIM_Base_MspInit)
    HAL_TIM_Base_Start_IT                    0x0800243d   Thumb Code    24  stm32f4xx_hal_tim.o(i.HAL_TIM_Base_Start_IT)
    HAL_TIM_IC_CaptureCallback               0x08002455   Thumb Code     2  stm32f4xx_hal_tim.o(i.HAL_TIM_IC_CaptureCallback)
    HAL_TIM_IRQHandler                       0x08002457   Thumb Code   358  stm32f4xx_hal_tim.o(i.HAL_TIM_IRQHandler)
    HAL_TIM_OC_DelayElapsedCallback          0x080025bd   Thumb Code     2  stm32f4xx_hal_tim.o(i.HAL_TIM_OC_DelayElapsedCallback)
    HAL_TIM_PWM_ConfigChannel                0x080025bf   Thumb Code   208  stm32f4xx_hal_tim.o(i.HAL_TIM_PWM_ConfigChannel)
    HAL_TIM_PWM_Init                         0x0800268f   Thumb Code    54  stm32f4xx_hal_tim.o(i.HAL_TIM_PWM_Init)
    HAL_TIM_PWM_MspInit                      0x080026c5   Thumb Code    70  timer.o(i.HAL_TIM_PWM_MspInit)
    HAL_TIM_PWM_PulseFinishedCallback        0x08002715   Thumb Code     2  stm32f4xx_hal_tim.o(i.HAL_TIM_PWM_PulseFinishedCallback)
    HAL_TIM_PWM_Start                        0x08002719   Thumb Code    48  stm32f4xx_hal_tim.o(i.HAL_TIM_PWM_Start)
    HAL_TIM_PeriodElapsedCallback            0x08002751   Thumb Code    40  timer.o(i.HAL_TIM_PeriodElapsedCallback)
    HAL_TIM_TriggerCallback                  0x08002789   Thumb Code     2  stm32f4xx_hal_tim.o(i.HAL_TIM_TriggerCallback)
    HAL_UART_ErrorCallback                   0x0800278b   Thumb Code     2  stm32f4xx_hal_uart.o(i.HAL_UART_ErrorCallback)
    HAL_UART_GetState                        0x0800278d   Thumb Code     6  stm32f4xx_hal_uart.o(i.HAL_UART_GetState)
    HAL_UART_IRQHandler                      0x08002793   Thumb Code   244  stm32f4xx_hal_uart.o(i.HAL_UART_IRQHandler)
    HAL_UART_Receive_IT                      0x08002887   Thumb Code   104  stm32f4xx_hal_uart.o(i.HAL_UART_Receive_IT)
    HAL_UART_RxCpltCallback                  0x080028f1   Thumb Code    76  usart.o(i.HAL_UART_RxCpltCallback)
    HAL_UART_TxCpltCallback                  0x08002949   Thumb Code     2  stm32f4xx_hal_uart.o(i.HAL_UART_TxCpltCallback)
    HardFault_Handler                        0x0800294b   Thumb Code     2  stm32f4xx_it.o(i.HardFault_Handler)
    IIC_Init                                 0x0800294d   Thumb Code    60  myiic.o(i.IIC_Init)
    IIC_Send_Byte                            0x08002995   Thumb Code    86  myiic.o(i.IIC_Send_Byte)
    IIC_Start                                0x080029f5   Thumb Code    56  myiic.o(i.IIC_Start)
    IIC_Stop                                 0x08002a35   Thumb Code    58  myiic.o(i.IIC_Stop)
    IIC_Wait_Ack                             0x08002a79   Thumb Code    74  myiic.o(i.IIC_Wait_Ack)
    IWDG_Feed                                0x08002acd   Thumb Code     6  iwdg.o(i.IWDG_Feed)
    IWDG_Init                                0x08002ad9   Thumb Code    28  iwdg.o(i.IWDG_Init)
    ImpTest_Start                            0x08002afd   Thumb Code    26  ads1299.o(i.ImpTest_Start)
    ImpTest_Stop                             0x08002b21   Thumb Code    26  ads1299.o(i.ImpTest_Stop)
    LAN8720_Init                             0x08002b45   Thumb Code   220  lan8720.o(i.LAN8720_Init)
    LED_Init                                 0x08002c35   Thumb Code    48  led.o(i.LED_Init)
    MemManage_Handler                        0x08002c6d   Thumb Code     2  stm32f4xx_it.o(i.MemManage_Handler)
    NMI_Handler                              0x08002c6f   Thumb Code     2  stm32f4xx_it.o(i.NMI_Handler)
    PendSV_Handler                           0x08002c91   Thumb Code     2  stm32f4xx_it.o(i.PendSV_Handler)
    Recev_Data                               0x08002c95   Thumb Code   190  ads1299.o(i.Recev_Data)
    SPI2_Init                                0x08002d69   Thumb Code    62  spi.o(i.SPI2_Init)
    SPI2_ReadWriteByte                       0x08002db1   Thumb Code    28  spi.o(i.SPI2_ReadWriteByte)
    SPI2_SetSpeed                            0x08002dd1   Thumb Code    46  spi.o(i.SPI2_SetSpeed)
    SVC_Handler                              0x08002ea3   Thumb Code     2  stm32f4xx_it.o(i.SVC_Handler)
    Set_Sps                                  0x08002ea5   Thumb Code    54  ads1299.o(i.Set_Sps)
    Stm32_Clock_Init                         0x08002edd   Thumb Code   114  sys.o(i.Stm32_Clock_Init)
    SysTick_Handler                          0x08002f59   Thumb Code     4  stm32f4xx_it.o(i.SysTick_Handler)
    SystemInit                               0x08002f5d   Thumb Code    66  system_stm32f4xx.o(i.SystemInit)
    TCA6424A_Init                            0x08002fb1   Thumb Code   124  tca6424a.o(i.TCA6424A_Init)
    TCA6424A_W                               0x0800303d   Thumb Code    82  tca6424a.o(i.TCA6424A_W)
    TIM2_PWM_Init                            0x08003091   Thumb Code    62  timer.o(i.TIM2_PWM_Init)
    TIM3_IRQHandler                          0x080030d5   Thumb Code     6  timer.o(i.TIM3_IRQHandler)
    TIM3_Init                                0x080030e1   Thumb Code    34  timer.o(i.TIM3_Init)
    TIM4_IRQHandler                          0x0800310d   Thumb Code     6  timer.o(i.TIM4_IRQHandler)
    TIM4_Init                                0x08003119   Thumb Code    34  timer.o(i.TIM4_Init)
    TIM_Base_SetConfig                       0x08003145   Thumb Code   148  stm32f4xx_hal_tim.o(i.TIM_Base_SetConfig)
    TIM_CCxChannelCmd                        0x08003205   Thumb Code    22  stm32f4xx_hal_tim.o(i.TIM_CCxChannelCmd)
    TIM_OC2_SetConfig                        0x08003275   Thumb Code    90  stm32f4xx_hal_tim.o(i.TIM_OC2_SetConfig)
    TIM_SetTIM2                              0x08003389   Thumb Code    12  timer.o(i.TIM_SetTIM2)
    USART1_IRQHandler                        0x080034a1   Thumb Code    56  usart.o(i.USART1_IRQHandler)
    UsageFault_Handler                       0x080034e5   Thumb Code     2  stm32f4xx_it.o(i.UsageFault_Handler)
    __0printf$3                              0x080034e9   Thumb Code    22  printf3.o(i.__0printf$3)
    __1printf$3                              0x080034e9   Thumb Code     0  printf3.o(i.__0printf$3)
    __2printf                                0x080034e9   Thumb Code     0  printf3.o(i.__0printf$3)
    __scatterload_copy                       0x08003509   Thumb Code    14  handlers.o(i.__scatterload_copy)
    __scatterload_null                       0x08003517   Thumb Code     2  handlers.o(i.__scatterload_null)
    __scatterload_zeroinit                   0x08003519   Thumb Code    14  handlers.o(i.__scatterload_zeroinit)
    delay_init                               0x080036fd   Thumb Code    16  delay.o(i.delay_init)
    delay_ms                                 0x08003711   Thumb Code    26  delay.o(i.delay_ms)
    delay_us                                 0x0800372d   Thumb Code    48  delay.o(i.delay_us)
    etharp_output                            0x08003b15   Thumb Code   290  etharp.o(i.etharp_output)
    etharp_query                             0x08003da1   Thumb Code   292  etharp.o(i.etharp_query)
    etharp_request                           0x080040dd   Thumb Code    32  etharp.o(i.etharp_request)
    etharp_tmr                               0x080041a1   Thumb Code    66  etharp.o(i.etharp_tmr)
    ethernet_input                           0x080042f9   Thumb Code   154  etharp.o(i.ethernet_input)
    ethernetif_init                          0x08004411   Thumb Code    48  ethernetif.o(i.ethernetif_init)
    ethernetif_input                         0x080044ad   Thumb Code    38  ethernetif.o(i.ethernetif_input)
    fputc                                    0x080044d3   Thumb Code    18  fputc.o(i.fputc)
    hardware_init                            0x080044e5   Thumb Code    24  tcp_server_demo.o(i.hardware_init)
    icmp_dest_unreach                        0x080044fd   Thumb Code     8  icmp.o(i.icmp_dest_unreach)
    icmp_input                               0x08004505   Thumb Code   310  icmp.o(i.icmp_input)
    icmp_time_exceeded                       0x0800487d   Thumb Code     8  icmp.o(i.icmp_time_exceeded)
    inet_chksum                              0x08004885   Thumb Code    12  inet_chksum.o(i.inet_chksum)
    inet_chksum_pbuf                         0x08004891   Thumb Code    72  inet_chksum.o(i.inet_chksum_pbuf)
    ip4_addr_isbroadcast                     0x080048d9   Thumb Code    46  ip_addr.o(i.ip4_addr_isbroadcast)
    ip_frag                                  0x08004909   Thumb Code   378  ip_frag.o(i.ip_frag)
    ip_input                                 0x08004b85   Thumb Code   326  ip.o(i.ip_input)
    ip_output                                0x08004cd5   Thumb Code    72  ip.o(i.ip_output)
    ip_output_if                             0x08004d7d   Thumb Code   208  ip.o(i.ip_output_if)
    ip_reass                                 0x08004ee1   Thumb Code   414  ip_frag.o(i.ip_reass)
    ip_reass_tmr                             0x080055b9   Thumb Code    40  ip_frag.o(i.ip_reass_tmr)
    ip_route                                 0x080055e5   Thumb Code    54  ip.o(i.ip_route)
    lwip_comm_default_ip_set                 0x08005891   Thumb Code    74  lwip_comm.o(i.lwip_comm_default_ip_set)
    lwip_comm_init                           0x080058e1   Thumb Code   144  lwip_comm.o(i.lwip_comm_init)
    lwip_comm_mem_malloc                     0x0800597d   Thumb Code    36  lwip_comm.o(i.lwip_comm_mem_malloc)
    lwip_htonl                               0x080059a9   Thumb Code     4  def.o(i.lwip_htonl)
    lwip_htons                               0x080059ad   Thumb Code     4  def.o(i.lwip_htons)
    lwip_init                                0x080059b1   Thumb Code    30  init.o(i.lwip_init)
    lwip_ntohl                               0x080059cf   Thumb Code     4  def.o(i.lwip_ntohl)
    lwip_ntohs                               0x080059d3   Thumb Code     4  def.o(i.lwip_ntohs)
    lwip_periodic_handle                     0x080059d7   Thumb Code     4  lwip_comm.o(i.lwip_periodic_handle)
    lwip_pkt_handle                          0x080059dd   Thumb Code     6  lwip_comm.o(i.lwip_pkt_handle)
    main                                     0x08005a3f   Thumb Code   130  main.o(i.main)
    mem_free                                 0x08005ac1   Thumb Code    92  mem.o(i.mem_free)
    mem_init                                 0x08005b9d   Thumb Code    38  mem.o(i.mem_init)
    mem_malloc                               0x08005bc9   Thumb Code   210  mem.o(i.mem_malloc)
    mem_trim                                 0x08005d3d   Thumb Code   230  mem.o(i.mem_trim)
    memp_free                                0x08005eb1   Thumb Code    18  memp.o(i.memp_free)
    memp_get_memorysize                      0x08005ec9   Thumb Code     6  memp.o(i.memp_get_memorysize)
    memp_init                                0x08005ed1   Thumb Code    74  memp.o(i.memp_init)
    memp_malloc                              0x08005f29   Thumb Code    44  memp.o(i.memp_malloc)
    my_mem_free                              0x08005fc9   Thumb Code    80  malloc.o(i.my_mem_free)
    my_mem_init                              0x08006021   Thumb Code    36  malloc.o(i.my_mem_init)
    my_mem_malloc                            0x0800604d   Thumb Code   128  malloc.o(i.my_mem_malloc)
    my_mem_perused                           0x080060d5   Thumb Code    50  malloc.o(i.my_mem_perused)
    myfree                                   0x08006111   Thumb Code    20  malloc.o(i.myfree)
    mymalloc                                 0x08006129   Thumb Code    28  malloc.o(i.mymalloc)
    mymemset                                 0x08006149   Thumb Code    12  malloc.o(i.mymemset)
    netcam_fifo_write                        0x08006155   Thumb Code    64  tcp_server_demo.o(i.netcam_fifo_write)
    netif_add                                0x08006199   Thumb Code    94  netif.o(i.netif_add)
    netif_init                               0x08006265   Thumb Code     2  netif.o(i.netif_init)
    netif_set_addr                           0x08006267   Thumb Code    32  netif.o(i.netif_set_addr)
    netif_set_default                        0x08006289   Thumb Code     6  netif.o(i.netif_set_default)
    netif_set_gw                             0x08006295   Thumb Code     8  netif.o(i.netif_set_gw)
    netif_set_ipaddr                         0x0800629d   Thumb Code    96  netif.o(i.netif_set_ipaddr)
    netif_set_netmask                        0x08006305   Thumb Code     8  netif.o(i.netif_set_netmask)
    netif_set_up                             0x0800630d   Thumb Code    32  netif.o(i.netif_set_up)
    netmem_free                              0x0800632d   Thumb Code    10  tcp_server_demo.o(i.netmem_free)
    netmem_malloc                            0x0800633d   Thumb Code    34  tcp_server_demo.o(i.netmem_malloc)
    pbuf_alloc                               0x08006365   Thumb Code   374  pbuf.o(i.pbuf_alloc)
    pbuf_alloced_custom                      0x080065e1   Thumb Code    94  pbuf.o(i.pbuf_alloced_custom)
    pbuf_cat                                 0x080066b5   Thumb Code    96  pbuf.o(i.pbuf_cat)
    pbuf_chain                               0x080067dd   Thumb Code    18  pbuf.o(i.pbuf_chain)
    pbuf_clen                                0x080067ef   Thumb Code    18  pbuf.o(i.pbuf_clen)
    pbuf_copy                                0x08006801   Thumb Code   240  pbuf.o(i.pbuf_copy)
    pbuf_copy_partial                        0x080069e1   Thumb Code   126  pbuf.o(i.pbuf_copy_partial)
    pbuf_free                                0x08006af5   Thumb Code   170  pbuf.o(i.pbuf_free)
    pbuf_header                              0x08006c51   Thumb Code   138  pbuf.o(i.pbuf_header)
    pbuf_realloc                             0x08006d69   Thumb Code   186  pbuf.o(i.pbuf_realloc)
    pbuf_ref                                 0x08006ef1   Thumb Code    12  pbuf.o(i.pbuf_ref)
    pbuf_take                                0x08006efd   Thumb Code   136  pbuf.o(i.pbuf_take)
    raw_input                                0x080071a5   Thumb Code   104  raw.o(i.raw_input)
    sys_check_timeouts                       0x08007219   Thumb Code    74  timers.o(i.sys_check_timeouts)
    sys_now                                  0x08007269   Thumb Code     6  sys_arch.o(i.sys_now)
    sys_timeout                              0x08007275   Thumb Code   104  timers.o(i.sys_timeout)
    sys_timeouts_init                        0x08007375   Thumb Code    36  timers.o(i.sys_timeouts_init)
    tcp_abandon                              0x080073a5   Thumb Code   158  tcp.o(i.tcp_abandon)
    tcp_abort                                0x080074cd   Thumb Code     6  tcp.o(i.tcp_abort)
    tcp_alloc                                0x080074d5   Thumb Code   236  tcp.o(i.tcp_alloc)
    tcp_close                                0x080075cd   Thumb Code    20  tcp.o(i.tcp_close)
    tcp_eff_send_mss                         0x0800781f   Thumb Code    32  tcp.o(i.tcp_eff_send_mss)
    tcp_enqueue_flags                        0x08007841   Thumb Code   266  tcp_out.o(i.tcp_enqueue_flags)
    tcp_fasttmr                              0x08007a35   Thumb Code    88  tcp.o(i.tcp_fasttmr)
    tcp_init                                 0x08007a91   Thumb Code     2  tcp.o(i.tcp_init)
    tcp_input                                0x08007a95   Thumb Code   890  tcp_in.o(i.tcp_input)
    tcp_keepalive                            0x08007fa1   Thumb Code    60  tcp_out.o(i.tcp_keepalive)
    tcp_next_iss                             0x080080c1   Thumb Code    12  tcp.o(i.tcp_next_iss)
    tcp_output                               0x080080d1   Thumb Code   434  tcp_out.o(i.tcp_output)
    tcp_pcb_purge                            0x08008551   Thumb Code    58  tcp.o(i.tcp_pcb_purge)
    tcp_pcb_remove                           0x0800858d   Thumb Code   126  tcp.o(i.tcp_pcb_remove)
    tcp_process_refused_data                 0x08008ab5   Thumb Code   100  tcp.o(i.tcp_process_refused_data)
    tcp_recv_null                            0x080091b5   Thumb Code    36  tcp.o(i.tcp_recv_null)
    tcp_recved                               0x080091d9   Thumb Code   104  tcp.o(i.tcp_recved)
    tcp_rexmit                               0x080092dd   Thumb Code    82  tcp_out.o(i.tcp_rexmit)
    tcp_rexmit_fast                          0x0800932f   Thumb Code    88  tcp_out.o(i.tcp_rexmit_fast)
    tcp_rexmit_rto                           0x08009387   Thumb Code    46  tcp_out.o(i.tcp_rexmit_rto)
    tcp_rst                                  0x080093b5   Thumb Code   138  tcp_out.o(i.tcp_rst)
    tcp_seg_free                             0x080094c5   Thumb Code    28  tcp.o(i.tcp_seg_free)
    tcp_segs_free                            0x080094e1   Thumb Code    18  tcp.o(i.tcp_segs_free)
    tcp_send_empty_ack                       0x080094f3   Thumb Code    72  tcp_out.o(i.tcp_send_empty_ack)
    tcp_send_fin                             0x0800953b   Thumb Code    70  tcp_out.o(i.tcp_send_fin)
    tcp_slowtmr                              0x08009581   Thumb Code   754  tcp.o(i.tcp_slowtmr)
    tcp_timer_needed                         0x08009a35   Thumb Code    36  timers.o(i.tcp_timer_needed)
    tcp_tmr                                  0x08009ad5   Thumb Code    28  tcp.o(i.tcp_tmr)
    tcp_update_rcv_ann_wnd                   0x08009af5   Thumb Code    76  tcp.o(i.tcp_update_rcv_ann_wnd)
    tcp_zero_window_probe                    0x08009bad   Thumb Code   146  tcp_out.o(i.tcp_zero_window_probe)
    udp_bind                                 0x08009c79   Thumb Code   192  udp.o(i.udp_bind)
    udp_connect                              0x08009d99   Thumb Code    70  udp.o(i.udp_connect)
    udp_demo_connection_close                0x08009de5   Thumb Code    18  tcp_server_demo.o(i.udp_demo_connection_close)
    udp_demo_recv                            0x08009df9   Thumb Code   130  tcp_server_demo.o(i.udp_demo_recv)
    udp_demo_senddata                        0x08009e89   Thumb Code    52  tcp_server_demo.o(i.udp_demo_senddata)
    udp_demo_test                            0x08009ec1   Thumb Code   994  tcp_server_demo.o(i.udp_demo_test)
    udp_disconnect                           0x0800a2bd   Thumb Code    16  udp.o(i.udp_disconnect)
    udp_init                                 0x0800a2cd   Thumb Code     2  udp.o(i.udp_init)
    udp_input                                0x0800a2d1   Thumb Code   328  udp.o(i.udp_input)
    udp_new                                  0x0800a49d   Thumb Code    26  udp.o(i.udp_new)
    udp_recv                                 0x0800a4b7   Thumb Code     6  udp.o(i.udp_recv)
    udp_remove                               0x0800a4bd   Thumb Code    40  udp.o(i.udp_remove)
    udp_send                                 0x0800a4e9   Thumb Code     8  udp.o(i.udp_send)
    udp_sendto                               0x0800a4f1   Thumb Code    40  udp.o(i.udp_sendto)
    udp_sendto_if                            0x0800a519   Thumb Code   202  udp.o(i.udp_sendto_if)
    APBAHBPrescTable                         0x0800a664   Data          16  stm32f4xx_hal_rcc.o(.constdata)
    memtblsize                               0x0800a674   Data          12  malloc.o(.constdata)
    memblksize                               0x0800a680   Data          12  malloc.o(.constdata)
    memsize                                  0x0800a68c   Data          12  malloc.o(.constdata)
    ethbroadcast                             0x0800a698   Data           6  etharp.o(.constdata)
    ethzero                                  0x0800a69e   Data           6  etharp.o(.constdata)
    ip_addr_any                              0x0800a6a4   Data           4  ip_addr.o(.constdata)
    tcp_persist_backoff                      0x0800a6d0   Data           7  tcp.o(.constdata)
    tcp_state_str                            0x0800a6d8   Data          44  tcp.o(.constdata)
    tcp_backoff                              0x0800a704   Data          13  tcp.o(.constdata)
    tcp_pcb_lists                            0x0800a714   Data          16  tcp.o(.constdata)
    Region$$Table$$Base                      0x0800a838   Number         0  anon$$obj.o(Region$$Table)
    Region$$Table$$Limit                     0x0800a858   Number         0  anon$$obj.o(Region$$Table)
    mem3base                                 0x10000000   Data       61440  malloc.o(.ARM.__AT_0x10000000)
    mem3mapbase                              0x1000f000   Data        3840  malloc.o(.ARM.__AT_0x1000F000)
    SystemCoreClock                          0x20000000   Data           4  system_stm32f4xx.o(.data)
    AHBPrescTable                            0x20000004   Data          16  system_stm32f4xx.o(.data)
    aRxBuffer                                0x2000001c   Data           1  usart.o(.data)
    USART_RX_STA                             0x2000001e   Data           2  usart.o(.data)
    DMARxDscrTab                             0x20000020   Data           4  lan8720.o(.data)
    DMATxDscrTab                             0x20000024   Data           4  lan8720.o(.data)
    Rx_Buff                                  0x20000028   Data           4  lan8720.o(.data)
    Tx_Buff                                  0x2000002c   Data           4  lan8720.o(.data)
    check                                    0x20000030   Data           1  ads1299.o(.data)
    sps                                      0x20000031   Data           1  ads1299.o(.data)
    gain                                     0x20000032   Data           1  ads1299.o(.data)
    res3                                     0x20000033   Data           1  ads1299.o(.data)
    stat                                     0x20000034   Data           4  ads1299.o(.data)
    TxData0                                  0x20000038   Data          55  ads1299.o(.data)
    temp1                                    0x2000006f   Data           1  tca6424a.o(.data)
    mallco_dev                               0x20000070   Data          36  malloc.o(.data)
    lwip_localtime                           0x20000094   Data           4  lwip_comm.o(.data)
    tcp_server_flag                          0x20000098   Data           1  tcp_server_demo.o(.data)
    ResTest_Flag                             0x20000099   Data           1  tcp_server_demo.o(.data)
    Imline_Flag                              0x2000009d   Data           1  tcp_server_demo.o(.data)
    netcamfifowrpos                          0x2000009e   Data           2  tcp_server_demo.o(.data)
    len                                      0x200000a2   Data           2  tcp_server_demo.o(.data)
    led_shtime                               0x200000a4   Data           2  tcp_server_demo.o(.data)
    Pwmledduty                               0x200000a6   Data           2  tcp_server_demo.o(.data)
    Pwmledtimer1                             0x200000aa   Data           2  tcp_server_demo.o(.data)
    Pwmledfre                                0x200000ac   Data           2  tcp_server_demo.o(.data)
    led_pwmtime                              0x200000b0   Data           2  tcp_server_demo.o(.data)
    tcp_server_sendbuf                       0x200000b4   Data           4  tcp_server_demo.o(.data)
    netcamfifobuf                            0x200000b8   Data           4  tcp_server_demo.o(.data)
    sendsetbuf                               0x200000bc   Data           5  tcp_server_demo.o(.data)
    setledbuf                                0x200000c1   Data           5  tcp_server_demo.o(.data)
    selftesthbuf                             0x200000c6   Data           5  tcp_server_demo.o(.data)
    ledbuf2                                  0x200000cc   Data          32  tcp_server_demo.o(.data)
    ledbuf3                                  0x200000ec   Data          18  tcp_server_demo.o(.data)
    Res1                                     0x20000100   Data          24  tcp_server_demo.o(.data)
    Num                                      0x20000118   Data           1  tcp_server_demo.o(.data)
    current_netif                            0x20000120   Data           4  ip.o(.data)
    current_header                           0x20000124   Data           4  ip.o(.data)
    current_iphdr_src                        0x20000128   Data           4  ip.o(.data)
    current_iphdr_dest                       0x2000012c   Data           4  ip.o(.data)
    ram_heap                                 0x20000138   Data           4  mem.o(.data)
    memp_memory                              0x20000148   Data           4  memp.o(.data)
    netif_list                               0x20000150   Data           4  netif.o(.data)
    netif_default                            0x20000154   Data           4  netif.o(.data)
    tcp_active_pcbs_changed                  0x2000015c   Data           1  tcp.o(.data)
    tcp_ticks                                0x20000168   Data           4  tcp.o(.data)
    tcp_bound_pcbs                           0x2000016c   Data           4  tcp.o(.data)
    tcp_listen_pcbs                          0x20000170   Data           4  tcp.o(.data)
    tcp_active_pcbs                          0x20000174   Data           4  tcp.o(.data)
    tcp_tw_pcbs                              0x20000178   Data           4  tcp.o(.data)
    tcp_tmp_pcb                              0x2000017c   Data           4  tcp.o(.data)
    tcp_input_pcb                            0x20000198   Data           4  tcp_in.o(.data)
    udp_pcbs                                 0x200001ac   Data           4  udp.o(.data)
    __stdout                                 0x200001b0   Data           4  stdout.o(.data)
    IWDG_Handler                             0x200001b4   Data          16  iwdg.o(.bss)
    USART_RX_BUF                             0x200001c4   Data         200  usart.o(.bss)
    UART1_Handler                            0x2000028c   Data          64  usart.o(.bss)
    ETH_Handler                              0x200002cc   Data          72  lan8720.o(.bss)
    TIM3_Handler                             0x20000314   Data          60  timer.o(.bss)
    TIM4_Handler                             0x20000350   Data          60  timer.o(.bss)
    TIM2_Handler                             0x2000038c   Data          60  timer.o(.bss)
    TIM2_CH1Handler                          0x200003c8   Data          28  timer.o(.bss)
    parameter                                0x200003e4   Data          10  ads1299.o(.bss)
    adc_buf2                                 0x200003ee   Data         105  ads1299.o(.bss)
    p                                        0x20000457   Data          18  ads1299.o(.bss)
    SPI3_Handler                             0x2000046c   Data          88  spi.o(.bss)
    SPI2_Handler                             0x200004c4   Data          88  spi.o(.bss)
    DMASPIRx_Handler                         0x2000051c   Data          88  spi.o(.bss)
    DMASPITx_Handler                         0x20000574   Data          88  spi.o(.bss)
    mem1base                                 0x200005e0   Data       102400  malloc.o(.bss)
    mem1mapbase                              0x200195e0   Data        6400  malloc.o(.bss)
    lwipdev                                  0x2001aee0   Data          23  lwip_comm.o(.bss)
    lwip_netif                               0x2001aef8   Data          48  lwip_comm.o(.bss)
    tcp_server_recvbuf                       0x2001af28   Data         200  tcp_server_demo.o(.bss)
    restestbuf                               0x2001aff0   Data          68  tcp_server_demo.o(.bss)
    __initial_sp                             0x2001b538   Data           0  startup_stm32f407xx.o(STACK)
    mem2base                                 0xc01f4000   Data       61440  malloc.o(.ARM.__AT_0xC01F4000)
    mem2mapbase                              0xc0203000   Data        3840  malloc.o(.ARM.__AT_0xC0203000)



==============================================================================

Memory Map of the image

  Image Entry point : 0x08000189

  Load Region LR_IROM1 (Base: 0x08000000, Size: 0x0000aa0c, Max: 0x00100000, ABSOLUTE, COMPRESSED[0x0000a8e0])

    Execution Region ER_IROM1 (Base: 0x08000000, Size: 0x0000a858, Max: 0x00100000, ABSOLUTE)

    Base Addr    Size         Type   Attr      Idx    E Section Name        Object

    0x08000000   0x00000188   Data   RO          601    RESET               startup_stm32f407xx.o
    0x08000188   0x00000000   Code   RO         5624  * .ARM.Collect$$$$00000000  mc_w.l(entry.o)
    0x08000188   0x00000004   Code   RO         5898    .ARM.Collect$$$$00000001  mc_w.l(entry2.o)
    0x0800018c   0x00000004   Code   RO         5901    .ARM.Collect$$$$00000004  mc_w.l(entry5.o)
    0x08000190   0x00000000   Code   RO         5903    .ARM.Collect$$$$00000008  mc_w.l(entry7b.o)
    0x08000190   0x00000000   Code   RO         5905    .ARM.Collect$$$$0000000A  mc_w.l(entry8b.o)
    0x08000190   0x00000008   Code   RO         5906    .ARM.Collect$$$$0000000B  mc_w.l(entry9a.o)
    0x08000198   0x00000000   Code   RO         5908    .ARM.Collect$$$$0000000D  mc_w.l(entry10a.o)
    0x08000198   0x00000000   Code   RO         5910    .ARM.Collect$$$$0000000F  mc_w.l(entry11a.o)
    0x08000198   0x00000004   Code   RO         5899    .ARM.Collect$$$$00002712  mc_w.l(entry2.o)
    0x0800019c   0x00000010   Code   RO         3276    .emb_text           sys.o
    0x080001ac   0x00000024   Code   RO          602    .text               startup_stm32f407xx.o
    0x080001d0   0x00000024   Code   RO         5627    .text               mc_w.l(memcpya.o)
    0x080001f4   0x00000024   Code   RO         5629    .text               mc_w.l(memseta.o)
    0x08000218   0x0000001a   Code   RO         5633    .text               mc_w.l(memcmp.o)
    0x08000232   0x0000002c   Code   RO         5915    .text               mc_w.l(uidiv.o)
    0x0800025e   0x00000002   PAD
    0x08000260   0x00000024   Code   RO         5930    .text               mc_w.l(init.o)
    0x08000284   0x00000000   Code   RO         5932    .text               mc_w.l(semi.o)
    0x08000284   0x00000000   Code   RO         5939    .text               mc_w.l(iusesemip.o)
    0x08000284   0x00000056   Code   RO         5950    .text               mc_w.l(__dczerorl2.o)
    0x080002da   0x00000002   PAD
    0x080002dc   0x0000002c   Code   RO         3610    i.ADS1299_CHANGE_CHANEL  ads1299.o
    0x08000308   0x000000dc   Code   RO         3611    i.ADS1299_Check     ads1299.o
    0x080003e4   0x00000026   Code   RO         3612    i.ADS1299_Command   ads1299.o
    0x0800040a   0x00000002   PAD
    0x0800040c   0x00000058   Code   RO         3613    i.ADS1299_IT        ads1299.o
    0x08000464   0x00000114   Code   RO         3614    i.ADS1299_Init      ads1299.o
    0x08000578   0x0000002c   Code   RO         3615    i.ADS1299_PREG      ads1299.o
    0x080005a4   0x0000002a   Code   RO         3618    i.ADS1299_SDATAC    ads1299.o
    0x080005ce   0x00000036   Code   RO         3619    i.ADS1299_WREG      ads1299.o
    0x08000604   0x0000002e   Code   RO         3620    i.ADS1299_WREG_Single  ads1299.o
    0x08000632   0x00000002   Code   RO          355    i.BusFault_Handler  stm32f4xx_it.o
    0x08000634   0x0000000c   Code   RO          356    i.DMA1_Stream3_IRQHandler  stm32f4xx_it.o
    0x08000640   0x0000000c   Code   RO          357    i.DMA1_Stream4_IRQHandler  stm32f4xx_it.o
    0x0800064c   0x000005bc   Code   RO         4109    i.Data_Process      tcp_server_demo.o
    0x08000c08   0x00000002   Code   RO          358    i.DebugMon_Handler  stm32f4xx_it.o
    0x08000c0a   0x0000002e   Code   RO         2798    i.ETH_FlushTransmitFIFO  stm32f4xx_hal_eth.o
    0x08000c38   0x0000001e   Code   RO         3450    i.ETH_GetRxPktSize  lan8720.o
    0x08000c56   0x00000002   PAD
    0x08000c58   0x0000002c   Code   RO         3451    i.ETH_IRQHandler    lan8720.o
    0x08000c84   0x00000124   Code   RO         2799    i.ETH_MACDMAConfig  stm32f4xx_hal_eth.o
    0x08000da8   0x0000003c   Code   RO         3453    i.ETH_Mem_Malloc    lan8720.o
    0x08000de4   0x00000014   Code   RO         3621    i.EXTI15_10_IRQHandler  ads1299.o
    0x08000df8   0x000001a4   Code   RO         1720    i.HAL_DMA_IRQHandler  stm32f4xx_hal_dma.o
    0x08000f9c   0x00000016   Code   RO          616    i.HAL_Delay         stm32f4xx_hal.o
    0x08000fb2   0x00000072   Code   RO         2802    i.HAL_ETH_DMARxDescListInit  stm32f4xx_hal_eth.o
    0x08001024   0x00000078   Code   RO         2803    i.HAL_ETH_DMATxDescListInit  stm32f4xx_hal_eth.o
    0x0800109c   0x0000007a   Code   RO         2806    i.HAL_ETH_GetReceivedFrame  stm32f4xx_hal_eth.o
    0x08001116   0x00000002   PAD
    0x08001118   0x000001b4   Code   RO         2810    i.HAL_ETH_Init      stm32f4xx_hal_eth.o
    0x080012cc   0x000000d0   Code   RO         3454    i.HAL_ETH_MspInit   lan8720.o
    0x0800139c   0x00000086   Code   RO         2813    i.HAL_ETH_ReadPHYRegister  stm32f4xx_hal_eth.o
    0x08001422   0x00000084   Code   RO         2815    i.HAL_ETH_Start     stm32f4xx_hal_eth.o
    0x080014a6   0x00000108   Code   RO         2817    i.HAL_ETH_TransmitFrame  stm32f4xx_hal_eth.o
    0x080015ae   0x00000076   Code   RO         2819    i.HAL_ETH_WritePHYRegister  stm32f4xx_hal_eth.o
    0x08001624   0x000001cc   Code   RO          881    i.HAL_GPIO_Init     stm32f4xx_hal_gpio.o
    0x080017f0   0x0000000a   Code   RO          885    i.HAL_GPIO_WritePin  stm32f4xx_hal_gpio.o
    0x080017fa   0x00000002   PAD
    0x080017fc   0x0000000c   Code   RO          622    i.HAL_GetTick       stm32f4xx_hal.o
    0x08001808   0x0000004a   Code   RO         3191    i.HAL_IWDG_Init     stm32f4xx_hal_iwdg.o
    0x08001852   0x00000002   Code   RO         3192    i.HAL_IWDG_MspInit  stm32f4xx_hal_iwdg.o
    0x08001854   0x00000054   Code   RO         3193    i.HAL_IWDG_Refresh  stm32f4xx_hal_iwdg.o
    0x080018a8   0x0000002a   Code   RO         3194    i.HAL_IWDG_Start    stm32f4xx_hal_iwdg.o
    0x080018d2   0x00000002   PAD
    0x080018d4   0x00000010   Code   RO          623    i.HAL_IncTick       stm32f4xx_hal.o
    0x080018e4   0x00000034   Code   RO          624    i.HAL_Init          stm32f4xx_hal.o
    0x08001918   0x00000022   Code   RO          625    i.HAL_InitTick      stm32f4xx_hal.o
    0x0800193a   0x00000008   Code   RO          627    i.HAL_MspInit       stm32f4xx_hal.o
    0x08001942   0x00000016   Code   RO          758    i.HAL_NVIC_EnableIRQ  stm32f4xx_hal_cortex.o
    0x08001958   0x00000040   Code   RO          764    i.HAL_NVIC_SetPriority  stm32f4xx_hal_cortex.o
    0x08001998   0x00000024   Code   RO          765    i.HAL_NVIC_SetPriorityGrouping  stm32f4xx_hal_cortex.o
    0x080019bc   0x00000208   Code   RO         1119    i.HAL_RCC_ClockConfig  stm32f4xx_hal_rcc.o
    0x08001bc4   0x00000034   Code   RO         1124    i.HAL_RCC_GetHCLKFreq  stm32f4xx_hal_rcc.o
    0x08001bf8   0x00000074   Code   RO         1128    i.HAL_RCC_GetSysClockFreq  stm32f4xx_hal_rcc.o
    0x08001c6c   0x0000031c   Code   RO         1131    i.HAL_RCC_OscConfig  stm32f4xx_hal_rcc.o
    0x08001f88   0x00000084   Code   RO         2954    i.HAL_SPI_Init      stm32f4xx_hal_spi.o
    0x0800200c   0x000000a4   Code   RO         3766    i.HAL_SPI_MspInit   spi.o
    0x080020b0   0x000002aa   Code   RO         2963    i.HAL_SPI_TransmitReceive  stm32f4xx_hal_spi.o
    0x0800235a   0x00000018   Code   RO          767    i.HAL_SYSTICK_CLKSourceConfig  stm32f4xx_hal_cortex.o
    0x08002372   0x00000028   Code   RO          769    i.HAL_SYSTICK_Config  stm32f4xx_hal_cortex.o
    0x0800239a   0x00000002   Code   RO         2469    i.HAL_TIMEx_BreakCallback  stm32f4xx_hal_tim_ex.o
    0x0800239c   0x00000002   Code   RO         2470    i.HAL_TIMEx_CommutationCallback  stm32f4xx_hal_tim_ex.o
    0x0800239e   0x00000036   Code   RO         1840    i.HAL_TIM_Base_Init  stm32f4xx_hal_tim.o
    0x080023d4   0x00000068   Code   RO         3533    i.HAL_TIM_Base_MspInit  timer.o
    0x0800243c   0x00000018   Code   RO         1845    i.HAL_TIM_Base_Start_IT  stm32f4xx_hal_tim.o
    0x08002454   0x00000002   Code   RO         1869    i.HAL_TIM_IC_CaptureCallback  stm32f4xx_hal_tim.o
    0x08002456   0x00000166   Code   RO         1882    i.HAL_TIM_IRQHandler  stm32f4xx_hal_tim.o
    0x080025bc   0x00000002   Code   RO         1885    i.HAL_TIM_OC_DelayElapsedCallback  stm32f4xx_hal_tim.o
    0x080025be   0x000000d0   Code   RO         1906    i.HAL_TIM_PWM_ConfigChannel  stm32f4xx_hal_tim.o
    0x0800268e   0x00000036   Code   RO         1909    i.HAL_TIM_PWM_Init  stm32f4xx_hal_tim.o
    0x080026c4   0x00000050   Code   RO         3534    i.HAL_TIM_PWM_MspInit  timer.o
    0x08002714   0x00000002   Code   RO         1912    i.HAL_TIM_PWM_PulseFinishedCallback  stm32f4xx_hal_tim.o
    0x08002716   0x00000002   PAD
    0x08002718   0x00000038   Code   RO         1913    i.HAL_TIM_PWM_Start  stm32f4xx_hal_tim.o
    0x08002750   0x00000038   Code   RO         3535    i.HAL_TIM_PeriodElapsedCallback  timer.o
    0x08002788   0x00000002   Code   RO         1923    i.HAL_TIM_TriggerCallback  stm32f4xx_hal_tim.o
    0x0800278a   0x00000002   Code   RO         1271    i.HAL_UART_ErrorCallback  stm32f4xx_hal_uart.o
    0x0800278c   0x00000006   Code   RO         1273    i.HAL_UART_GetState  stm32f4xx_hal_uart.o
    0x08002792   0x000000f4   Code   RO         1274    i.HAL_UART_IRQHandler  stm32f4xx_hal_uart.o
    0x08002886   0x00000068   Code   RO         1280    i.HAL_UART_Receive_IT  stm32f4xx_hal_uart.o
    0x080028ee   0x00000002   PAD
    0x080028f0   0x00000058   Code   RO         3305    i.HAL_UART_RxCpltCallback  usart.o
    0x08002948   0x00000002   Code   RO         1286    i.HAL_UART_TxCpltCallback  stm32f4xx_hal_uart.o
    0x0800294a   0x00000002   Code   RO          359    i.HardFault_Handler  stm32f4xx_it.o
    0x0800294c   0x00000048   Code   RO         3385    i.IIC_Init          myiic.o
    0x08002994   0x00000060   Code   RO         3388    i.IIC_Send_Byte     myiic.o
    0x080029f4   0x00000040   Code   RO         3389    i.IIC_Start         myiic.o
    0x08002a34   0x00000044   Code   RO         3390    i.IIC_Stop          myiic.o
    0x08002a78   0x00000054   Code   RO         3391    i.IIC_Wait_Ack      myiic.o
    0x08002acc   0x0000000c   Code   RO          569    i.IWDG_Feed         iwdg.o
    0x08002ad8   0x00000024   Code   RO          570    i.IWDG_Init         iwdg.o
    0x08002afc   0x00000024   Code   RO         3622    i.ImpTest_Start     ads1299.o
    0x08002b20   0x00000024   Code   RO         3623    i.ImpTest_Stop      ads1299.o
    0x08002b44   0x000000f0   Code   RO         3456    i.LAN8720_Init      lan8720.o
    0x08002c34   0x00000038   Code   RO         3911    i.LED_Init          led.o
    0x08002c6c   0x00000002   Code   RO          360    i.MemManage_Handler  stm32f4xx_it.o
    0x08002c6e   0x00000002   Code   RO          361    i.NMI_Handler       stm32f4xx_it.o
    0x08002c70   0x00000020   Code   RO          771    i.NVIC_SetPriority  stm32f4xx_hal_cortex.o
    0x08002c90   0x00000002   Code   RO          362    i.PendSV_Handler    stm32f4xx_it.o
    0x08002c92   0x00000002   PAD
    0x08002c94   0x000000d4   Code   RO         3624    i.Recev_Data        ads1299.o
    0x08002d68   0x00000048   Code   RO         3767    i.SPI2_Init         spi.o
    0x08002db0   0x00000020   Code   RO         3768    i.SPI2_ReadWriteByte  spi.o
    0x08002dd0   0x00000034   Code   RO         3769    i.SPI2_SetSpeed     spi.o
    0x08002e04   0x0000009e   Code   RO         2985    i.SPI_WaitOnFlagUntilTimeout  stm32f4xx_hal_spi.o
    0x08002ea2   0x00000002   Code   RO          363    i.SVC_Handler       stm32f4xx_it.o
    0x08002ea4   0x00000036   Code   RO         3625    i.Set_Sps           ads1299.o
    0x08002eda   0x00000002   PAD
    0x08002edc   0x0000007c   Code   RO         3277    i.Stm32_Clock_Init  sys.o
    0x08002f58   0x00000004   Code   RO          364    i.SysTick_Handler   stm32f4xx_it.o
    0x08002f5c   0x00000054   Code   RO          446    i.SystemInit        system_stm32f4xx.o
    0x08002fb0   0x0000008c   Code   RO         3858    i.TCA6424A_Init     tca6424a.o
    0x0800303c   0x00000052   Code   RO         3860    i.TCA6424A_W        tca6424a.o
    0x0800308e   0x00000002   PAD
    0x08003090   0x00000044   Code   RO         3536    i.TIM2_PWM_Init     timer.o
    0x080030d4   0x0000000c   Code   RO         3537    i.TIM3_IRQHandler   timer.o
    0x080030e0   0x0000002c   Code   RO         3538    i.TIM3_Init         timer.o
    0x0800310c   0x0000000c   Code   RO         3539    i.TIM4_IRQHandler   timer.o
    0x08003118   0x0000002c   Code   RO         3540    i.TIM4_Init         timer.o
    0x08003144   0x000000c0   Code   RO         1924    i.TIM_Base_SetConfig  stm32f4xx_hal_tim.o
    0x08003204   0x00000016   Code   RO         1925    i.TIM_CCxChannelCmd  stm32f4xx_hal_tim.o
    0x0800321a   0x00000002   PAD
    0x0800321c   0x00000058   Code   RO         1933    i.TIM_OC1_SetConfig  stm32f4xx_hal_tim.o
    0x08003274   0x00000064   Code   RO         1934    i.TIM_OC2_SetConfig  stm32f4xx_hal_tim.o
    0x080032d8   0x00000060   Code   RO         1935    i.TIM_OC3_SetConfig  stm32f4xx_hal_tim.o
    0x08003338   0x00000050   Code   RO         1936    i.TIM_OC4_SetConfig  stm32f4xx_hal_tim.o
    0x08003388   0x0000000c   Code   RO         3541    i.TIM_SetTIM2       timer.o
    0x08003394   0x000000a6   Code   RO         1293    i.UART_Receive_IT   stm32f4xx_hal_uart.o
    0x0800343a   0x00000066   Code   RO         1295    i.UART_Transmit_IT  stm32f4xx_hal_uart.o
    0x080034a0   0x00000044   Code   RO         3306    i.USART1_IRQHandler  usart.o
    0x080034e4   0x00000002   Code   RO          365    i.UsageFault_Handler  stm32f4xx_it.o
    0x080034e6   0x00000002   PAD
    0x080034e8   0x00000020   Code   RO         5726    i.__0printf$3       mc_w.l(printf3.o)
    0x08003508   0x0000000e   Code   RO         5944    i.__scatterload_copy  mc_w.l(handlers.o)
    0x08003516   0x00000002   Code   RO         5945    i.__scatterload_null  mc_w.l(handlers.o)
    0x08003518   0x0000000e   Code   RO         5946    i.__scatterload_zeroinit  mc_w.l(handlers.o)
    0x08003526   0x00000002   PAD
    0x08003528   0x000001b8   Code   RO         5733    i._printf_core      mc_w.l(printf3.o)
    0x080036e0   0x0000001c   Code   RO         5411    i.arp_timer         timers.o
    0x080036fc   0x00000014   Code   RO         3238    i.delay_init        delay.o
    0x08003710   0x0000001a   Code   RO         3239    i.delay_ms          delay.o
    0x0800372a   0x00000002   PAD
    0x0800372c   0x00000034   Code   RO         3240    i.delay_us          delay.o
    0x08003760   0x00000154   Code   RO         4205    i.etharp_arp_input  etharp.o
    0x080038b4   0x0000023c   Code   RO         4208    i.etharp_find_entry  etharp.o
    0x08003af0   0x00000024   Code   RO         4209    i.etharp_free_entry  etharp.o
    0x08003b14   0x000001b0   Code   RO         4210    i.etharp_output     etharp.o
    0x08003cc4   0x000000dc   Code   RO         4211    i.etharp_output_to_arp_index  etharp.o
    0x08003da0   0x000001c4   Code   RO         4212    i.etharp_query      etharp.o
    0x08003f64   0x00000178   Code   RO         4213    i.etharp_raw        etharp.o
    0x080040dc   0x00000024   Code   RO         4214    i.etharp_request    etharp.o
    0x08004100   0x000000a0   Code   RO         4215    i.etharp_send_ip    etharp.o
    0x080041a0   0x00000048   Code   RO         4216    i.etharp_tmr        etharp.o
    0x080041e8   0x00000110   Code   RO         4217    i.etharp_update_arp_entry  etharp.o
    0x080042f8   0x00000118   Code   RO         4218    i.ethernet_input    etharp.o
    0x08004410   0x0000009c   Code   RO         4306    i.ethernetif_init   ethernetif.o
    0x080044ac   0x00000026   Code   RO         4307    i.ethernetif_input  ethernetif.o
    0x080044d2   0x00000012   Code   RO         5912    i.fputc             mc_w.l(fputc.o)
    0x080044e4   0x00000018   Code   RO         4110    i.hardware_init     tcp_server_demo.o
    0x080044fc   0x00000008   Code   RO         4372    i.icmp_dest_unreach  icmp.o
    0x08004504   0x00000280   Code   RO         4373    i.icmp_input        icmp.o
    0x08004784   0x000000f8   Code   RO         4374    i.icmp_send_response  icmp.o
    0x0800487c   0x00000008   Code   RO         4375    i.icmp_time_exceeded  icmp.o
    0x08004884   0x0000000c   Code   RO         4423    i.inet_chksum       inet_chksum.o
    0x08004890   0x00000048   Code   RO         4424    i.inet_chksum_pbuf  inet_chksum.o
    0x080048d8   0x0000002e   Code   RO         4512    i.ip4_addr_isbroadcast  ip_addr.o
    0x08004906   0x00000002   PAD
    0x08004908   0x000001f8   Code   RO         4566    i.ip_frag           ip_frag.o
    0x08004b00   0x00000084   Code   RO         4567    i.ip_frag_free_pbuf_custom_ref  ip_frag.o
    0x08004b84   0x00000150   Code   RO         4461    i.ip_input          ip.o
    0x08004cd4   0x000000a8   Code   RO         4462    i.ip_output         ip.o
    0x08004d7c   0x00000164   Code   RO         4463    i.ip_output_if      ip.o
    0x08004ee0   0x000001a4   Code   RO         4568    i.ip_reass          ip_frag.o
    0x08005084   0x00000274   Code   RO         4569    i.ip_reass_chain_frag_into_datagram_and_validate  ip_frag.o
    0x080052f8   0x000000ac   Code   RO         4570    i.ip_reass_dequeue_datagram  ip_frag.o
    0x080053a4   0x00000184   Code   RO         4571    i.ip_reass_free_complete_datagram  ip_frag.o
    0x08005528   0x00000074   Code   RO         4572    i.ip_reass_remove_oldest_datagram  ip_frag.o
    0x0800559c   0x0000001c   Code   RO         5412    i.ip_reass_timer    timers.o
    0x080055b8   0x0000002c   Code   RO         4573    i.ip_reass_tmr      ip_frag.o
    0x080055e4   0x00000040   Code   RO         4464    i.ip_route          ip.o
    0x08005624   0x0000008c   Code   RO         4574    i.ipfrag_free_pbuf_custom  ip_frag.o
    0x080056b0   0x0000007c   Code   RO         4308    i.low_level_init    ethernetif.o
    0x0800572c   0x000000bc   Code   RO         4309    i.low_level_input   ethernetif.o
    0x080057e8   0x000000a8   Code   RO         4310    i.low_level_output  ethernetif.o
    0x08005890   0x00000050   Code   RO         4018    i.lwip_comm_default_ip_set  lwip_comm.o
    0x080058e0   0x0000009c   Code   RO         4019    i.lwip_comm_init    lwip_comm.o
    0x0800597c   0x0000002c   Code   RO         4021    i.lwip_comm_mem_malloc  lwip_comm.o
    0x080059a8   0x00000004   Code   RO         4622    i.lwip_htonl        def.o
    0x080059ac   0x00000004   Code   RO         4623    i.lwip_htons        def.o
    0x080059b0   0x0000001e   Code   RO         4663    i.lwip_init         init.o
    0x080059ce   0x00000004   Code   RO         4624    i.lwip_ntohl        def.o
    0x080059d2   0x00000004   Code   RO         4625    i.lwip_ntohs        def.o
    0x080059d6   0x00000004   Code   RO         4022    i.lwip_periodic_handle  lwip_comm.o
    0x080059da   0x00000002   PAD
    0x080059dc   0x0000000c   Code   RO         4023    i.lwip_pkt_handle   lwip_comm.o
    0x080059e8   0x00000056   Code   RO         4427    i.lwip_standard_chksum  inet_chksum.o
    0x08005a3e   0x00000082   Code   RO            4    i.main              main.o
    0x08005ac0   0x000000dc   Code   RO         4700    i.mem_free          mem.o
    0x08005b9c   0x0000002c   Code   RO         4701    i.mem_init          mem.o
    0x08005bc8   0x00000174   Code   RO         4702    i.mem_malloc        mem.o
    0x08005d3c   0x00000174   Code   RO         4703    i.mem_trim          mem.o
    0x08005eb0   0x00000018   Code   RO         4743    i.memp_free         memp.o
    0x08005ec8   0x00000006   Code   RO         4744    i.memp_get_memorysize  memp.o
    0x08005ece   0x00000002   PAD
    0x08005ed0   0x00000058   Code   RO         4745    i.memp_init         memp.o
    0x08005f28   0x000000a0   Code   RO         4746    i.memp_malloc       memp.o
    0x08005fc8   0x00000058   Code   RO         3935    i.my_mem_free       malloc.o
    0x08006020   0x0000002c   Code   RO         3936    i.my_mem_init       malloc.o
    0x0800604c   0x00000088   Code   RO         3937    i.my_mem_malloc     malloc.o
    0x080060d4   0x0000003c   Code   RO         3938    i.my_mem_perused    malloc.o
    0x08006110   0x00000018   Code   RO         3939    i.myfree            malloc.o
    0x08006128   0x00000020   Code   RO         3940    i.mymalloc          malloc.o
    0x08006148   0x0000000c   Code   RO         3942    i.mymemset          malloc.o
    0x08006154   0x00000044   Code   RO         4112    i.netcam_fifo_write  tcp_server_demo.o
    0x08006198   0x000000cc   Code   RO         4787    i.netif_add         netif.o
    0x08006264   0x00000002   Code   RO         4789    i.netif_init        netif.o
    0x08006266   0x00000020   Code   RO         4791    i.netif_set_addr    netif.o
    0x08006286   0x00000002   PAD
    0x08006288   0x0000000c   Code   RO         4792    i.netif_set_default  netif.o
    0x08006294   0x00000008   Code   RO         4794    i.netif_set_gw      netif.o
    0x0800629c   0x00000068   Code   RO         4795    i.netif_set_ipaddr  netif.o
    0x08006304   0x00000008   Code   RO         4798    i.netif_set_netmask  netif.o
    0x0800630c   0x00000020   Code   RO         4799    i.netif_set_up      netif.o
    0x0800632c   0x00000010   Code   RO         4113    i.netmem_free       tcp_server_demo.o
    0x0800633c   0x00000028   Code   RO         4114    i.netmem_malloc     tcp_server_demo.o
    0x08006364   0x0000027c   Code   RO         4877    i.pbuf_alloc        pbuf.o
    0x080065e0   0x000000d4   Code   RO         4878    i.pbuf_alloced_custom  pbuf.o
    0x080066b4   0x00000128   Code   RO         4879    i.pbuf_cat          pbuf.o
    0x080067dc   0x00000012   Code   RO         4880    i.pbuf_chain        pbuf.o
    0x080067ee   0x00000012   Code   RO         4881    i.pbuf_clen         pbuf.o
    0x08006800   0x000001e0   Code   RO         4883    i.pbuf_copy         pbuf.o
    0x080069e0   0x00000114   Code   RO         4884    i.pbuf_copy_partial  pbuf.o
    0x08006af4   0x0000015c   Code   RO         4886    i.pbuf_free         pbuf.o
    0x08006c50   0x00000118   Code   RO         4888    i.pbuf_header       pbuf.o
    0x08006d68   0x00000188   Code   RO         4891    i.pbuf_realloc      pbuf.o
    0x08006ef0   0x0000000c   Code   RO         4892    i.pbuf_ref          pbuf.o
    0x08006efc   0x0000013c   Code   RO         4894    i.pbuf_take         pbuf.o
    0x08007038   0x0000016c   Code   RO         4704    i.plug_holes        mem.o
    0x080071a4   0x00000074   Code   RO         4992    i.raw_input         raw.o
    0x08007218   0x00000050   Code   RO         5413    i.sys_check_timeouts  timers.o
    0x08007268   0x0000000c   Code   RO         5551    i.sys_now           sys_arch.o
    0x08007274   0x00000100   Code   RO         5415    i.sys_timeout       timers.o
    0x08007374   0x00000030   Code   RO         5416    i.sys_timeouts_init  timers.o
    0x080073a4   0x00000128   Code   RO         5052    i.tcp_abandon       tcp.o
    0x080074cc   0x00000006   Code   RO         5053    i.tcp_abort         tcp.o
    0x080074d2   0x00000002   PAD
    0x080074d4   0x000000f8   Code   RO         5056    i.tcp_alloc         tcp.o
    0x080075cc   0x00000014   Code   RO         5059    i.tcp_close         tcp.o
    0x080075e0   0x000001a4   Code   RO         5060    i.tcp_close_shutdown  tcp.o
    0x08007784   0x0000009a   Code   RO         5313    i.tcp_create_segment  tcp_out.o
    0x0800781e   0x00000020   Code   RO         5063    i.tcp_eff_send_mss  tcp.o
    0x0800783e   0x00000002   PAD
    0x08007840   0x000001f4   Code   RO         5314    i.tcp_enqueue_flags  tcp_out.o
    0x08007a34   0x0000005c   Code   RO         5065    i.tcp_fasttmr       tcp.o
    0x08007a90   0x00000002   Code   RO         5066    i.tcp_init          tcp.o
    0x08007a92   0x00000002   PAD
    0x08007a94   0x0000050c   Code   RO         5265    i.tcp_input         tcp_in.o
    0x08007fa0   0x0000003c   Code   RO         5315    i.tcp_keepalive     tcp_out.o
    0x08007fdc   0x000000e4   Code   RO         5266    i.tcp_listen_input  tcp_in.o
    0x080080c0   0x00000010   Code   RO         5070    i.tcp_next_iss      tcp.o
    0x080080d0   0x0000024c   Code   RO         5316    i.tcp_output        tcp_out.o
    0x0800831c   0x00000104   Code   RO         5317    i.tcp_output_alloc_header  tcp_out.o
    0x08008420   0x000000b0   Code   RO         5318    i.tcp_output_segment  tcp_out.o
    0x080084d0   0x00000080   Code   RO         5267    i.tcp_parseopt      tcp_in.o
    0x08008550   0x0000003a   Code   RO         5071    i.tcp_pcb_purge     tcp.o
    0x0800858a   0x00000002   PAD
    0x0800858c   0x00000108   Code   RO         5072    i.tcp_pcb_remove    tcp.o
    0x08008694   0x00000420   Code   RO         5268    i.tcp_process       tcp_in.o
    0x08008ab4   0x00000064   Code   RO         5074    i.tcp_process_refused_data  tcp.o
    0x08008b18   0x0000069c   Code   RO         5269    i.tcp_receive       tcp_in.o
    0x080091b4   0x00000024   Code   RO         5076    i.tcp_recv_null     tcp.o
    0x080091d8   0x00000104   Code   RO         5077    i.tcp_recved        tcp.o
    0x080092dc   0x00000052   Code   RO         5320    i.tcp_rexmit        tcp_out.o
    0x0800932e   0x00000058   Code   RO         5321    i.tcp_rexmit_fast   tcp_out.o
    0x08009386   0x0000002e   Code   RO         5322    i.tcp_rexmit_rto    tcp_out.o
    0x080093b4   0x00000110   Code   RO         5323    i.tcp_rst           tcp_out.o
    0x080094c4   0x0000001c   Code   RO         5078    i.tcp_seg_free      tcp.o
    0x080094e0   0x00000012   Code   RO         5079    i.tcp_segs_free     tcp.o
    0x080094f2   0x00000048   Code   RO         5324    i.tcp_send_empty_ack  tcp_out.o
    0x0800953a   0x00000046   Code   RO         5325    i.tcp_send_fin      tcp_out.o
    0x08009580   0x000004b4   Code   RO         5083    i.tcp_slowtmr       tcp.o
    0x08009a34   0x00000034   Code   RO         5418    i.tcp_timer_needed  timers.o
    0x08009a68   0x0000006c   Code   RO         5270    i.tcp_timewait_input  tcp_in.o
    0x08009ad4   0x00000020   Code   RO         5084    i.tcp_tmr           tcp.o
    0x08009af4   0x000000b8   Code   RO         5085    i.tcp_update_rcv_ann_wnd  tcp.o
    0x08009bac   0x00000092   Code   RO         5328    i.tcp_zero_window_probe  tcp_out.o
    0x08009c3e   0x00000002   PAD
    0x08009c40   0x00000038   Code   RO         5419    i.tcpip_tcp_timer   timers.o
    0x08009c78   0x00000120   Code   RO         5470    i.udp_bind          udp.o
    0x08009d98   0x0000004c   Code   RO         5471    i.udp_connect       udp.o
    0x08009de4   0x00000012   Code   RO         4115    i.udp_demo_connection_close  tcp_server_demo.o
    0x08009df6   0x00000002   PAD
    0x08009df8   0x00000090   Code   RO         4116    i.udp_demo_recv     tcp_server_demo.o
    0x08009e88   0x00000038   Code   RO         4117    i.udp_demo_senddata  tcp_server_demo.o
    0x08009ec0   0x000003fc   Code   RO         4118    i.udp_demo_test     tcp_server_demo.o
    0x0800a2bc   0x00000010   Code   RO         5472    i.udp_disconnect    udp.o
    0x0800a2cc   0x00000002   Code   RO         5473    i.udp_init          udp.o
    0x0800a2ce   0x00000002   PAD
    0x0800a2d0   0x000001cc   Code   RO         5474    i.udp_input         udp.o
    0x0800a49c   0x0000001a   Code   RO         5475    i.udp_new           udp.o
    0x0800a4b6   0x00000006   Code   RO         5476    i.udp_recv          udp.o
    0x0800a4bc   0x0000002c   Code   RO         5477    i.udp_remove        udp.o
    0x0800a4e8   0x00000008   Code   RO         5478    i.udp_send          udp.o
    0x0800a4f0   0x00000028   Code   RO         5479    i.udp_sendto        udp.o
    0x0800a518   0x0000014c   Code   RO         5480    i.udp_sendto_if     udp.o
    0x0800a664   0x00000010   Data   RO         1132    .constdata          stm32f4xx_hal_rcc.o
    0x0800a674   0x00000024   Data   RO         3950    .constdata          malloc.o
    0x0800a698   0x0000000c   Data   RO         4220    .constdata          etharp.o
    0x0800a6a4   0x00000004   Data   RO         4519    .constdata          ip_addr.o
    0x0800a6a8   0x00000028   Data   RO         4748    .constdata          memp.o
    0x0800a6d0   0x00000054   Data   RO         5086    .constdata          tcp.o
    0x0800a724   0x00000044   Data   RO         4221    .conststring        etharp.o
    0x0800a768   0x00000075   Data   RO         5087    .conststring        tcp.o
    0x0800a7dd   0x00000003   PAD
    0x0800a7e0   0x00000055   Data   RO         5329    .conststring        tcp_out.o
    0x0800a835   0x00000003   PAD
    0x0800a838   0x00000020   Data   RO         5942    Region$$Table       anon$$obj.o


    Execution Region RW_IRAM1 (Base: 0x20000000, Size: 0x0001b538, Max: 0x00020000, ABSOLUTE, COMPRESSED[0x00000088])

    Base Addr    Size         Type   Attr      Idx    E Section Name        Object

    0x20000000   0x00000014   Data   RW          447    .data               system_stm32f4xx.o
    0x20000014   0x00000004   Data   RW          630    .data               stm32f4xx_hal.o
    0x20000018   0x00000004   Data   RW         3241    .data               delay.o
    0x2000001c   0x00000004   Data   RW         3309    .data               usart.o
    0x20000020   0x00000010   Data   RW         3460    .data               lan8720.o
    0x20000030   0x0000003f   Data   RW         3627    .data               ads1299.o
    0x2000006f   0x00000001   Data   RW         3863    .data               tca6424a.o
    0x20000070   0x00000024   Data   RW         3951    .data               malloc.o
    0x20000094   0x00000004   Data   RW         4027    .data               lwip_comm.o
    0x20000098   0x00000080   Data   RW         4121    .data               tcp_server_demo.o
    0x20000118   0x00000001   Data   RW         4124    .data               tcp_server_demo.o
    0x20000119   0x00000001   Data   RW         4222    .data               etharp.o
    0x2000011a   0x00000002   PAD
    0x2000011c   0x00000014   Data   RW         4465    .data               ip.o
    0x20000130   0x00000008   Data   RW         4575    .data               ip_frag.o
    0x20000138   0x00000010   Data   RW         4705    .data               mem.o
    0x20000148   0x00000004   Data   RW         4749    .data               memp.o
    0x2000014c   0x0000000c   Data   RW         4800    .data               netif.o
    0x20000158   0x00000004   Data   RW         4998    .data               raw.o
    0x2000015c   0x00000024   Data   RW         5088    .data               tcp.o
    0x20000180   0x0000001c   Data   RW         5272    .data               tcp_in.o
    0x2000019c   0x0000000c   Data   RW         5420    .data               timers.o
    0x200001a8   0x00000008   Data   RW         5481    .data               udp.o
    0x200001b0   0x00000004   Data   RW         5914    .data               mc_w.l(stdout.o)
    0x200001b4   0x00000010   Zero   RW          571    .bss                iwdg.o
    0x200001c4   0x00000108   Zero   RW         3308    .bss                usart.o
    0x200002cc   0x00000048   Zero   RW         3459    .bss                lan8720.o
    0x20000314   0x000000d0   Zero   RW         3542    .bss                timer.o
    0x200003e4   0x00000085   Zero   RW         3626    .bss                ads1299.o
    0x20000469   0x00000003   PAD
    0x2000046c   0x00000160   Zero   RW         3773    .bss                spi.o
    0x200005cc   0x00000014   PAD
    0x200005e0   0x00019000   Zero   RW         3948    .bss                malloc.o
    0x200195e0   0x00001900   Zero   RW         3949    .bss                malloc.o
    0x2001aee0   0x00000048   Zero   RW         4024    .bss                lwip_comm.o
    0x2001af28   0x0000010c   Zero   RW         4119    .bss                tcp_server_demo.o
    0x2001b034   0x000000c8   Zero   RW         4219    .bss                etharp.o
    0x2001b0fc   0x00000028   Zero   RW         4747    .bss                memp.o
    0x2001b124   0x00000010   Zero   RW         5271    .bss                tcp_in.o
    0x2001b134   0x00000004   PAD
    0x2001b138   0x00000400   Zero   RW          599    STACK               startup_stm32f407xx.o



  Load Region LR$$.ARM.__AT_0x10000000 (Base: 0x10000000, Size: 0x00000000, Max: 0x0000f000, ABSOLUTE)

    Execution Region ER$$.ARM.__AT_0x10000000 (Base: 0x10000000, Size: 0x0000f000, Max: 0x0000f000, ABSOLUTE, UNINIT)

    Base Addr    Size         Type   Attr      Idx    E Section Name        Object

    0x10000000   0x0000f000   Zero   RW         3944    .ARM.__AT_0x10000000  malloc.o



  Load Region LR$$.ARM.__AT_0x1000F000 (Base: 0x1000f000, Size: 0x00000000, Max: 0x00000f00, ABSOLUTE)

    Execution Region ER$$.ARM.__AT_0x1000F000 (Base: 0x1000f000, Size: 0x00000f00, Max: 0x00000f00, ABSOLUTE, UNINIT)

    Base Addr    Size         Type   Attr      Idx    E Section Name        Object

    0x1000f000   0x00000f00   Zero   RW         3945    .ARM.__AT_0x1000F000  malloc.o



  Load Region LR$$.ARM.__AT_0xC01F4000 (Base: 0xc01f4000, Size: 0x00000000, Max: 0x0000f000, ABSOLUTE)

    Execution Region ER$$.ARM.__AT_0xC01F4000 (Base: 0xc01f4000, Size: 0x0000f000, Max: 0x0000f000, ABSOLUTE, UNINIT)

    Base Addr    Size         Type   Attr      Idx    E Section Name        Object

    0xc01f4000   0x0000f000   Zero   RW         3946    .ARM.__AT_0xC01F4000  malloc.o



  Load Region LR$$.ARM.__AT_0xC0203000 (Base: 0xc0203000, Size: 0x00000000, Max: 0x00000f00, ABSOLUTE)

    Execution Region ER$$.ARM.__AT_0xC0203000 (Base: 0xc0203000, Size: 0x00000f00, Max: 0x00000f00, ABSOLUTE, UNINIT)

    Base Addr    Size         Type   Attr      Idx    E Section Name        Object

    0xc0203000   0x00000f00   Zero   RW         3947    .ARM.__AT_0xC0203000  malloc.o


==============================================================================

Image component sizes


      Code (inc. data)   RO Data    RW Data    ZI Data      Debug   Object Name

      1210        102          0         63        133      15526   ads1299.o
        16          0          0          0          0       2686   def.o
        98          8          0          4          0       2039   delay.o
      3248       1302         80          1        200      14733   etharp.o
       674        144          0          0          0       7296   ethernetif.o
       904        458          0          0          0       3750   icmp.o
         0          0          0          0          0       3848   inet.o
       170          0          0          0          0       2949   inet_chksum.o
        30          0          0          0          0        564   init.o
       924        264          0         20          0       8305   ip.o
        46          0          4          0          0       7246   ip_addr.o
      2544        932          0          8          0      10756   ip_frag.o
        48         14          0          0         16       1223   iwdg.o
       582         48          0         16         72       4470   lan8720.o
        56          8          0          0          0        903   led.o
       296         32          0          4         72      15411   lwip_comm.o
       130          0          0          0          0     732595   main.o
       396         42         36         36     239360       6781   malloc.o
      1372        648          0         16          0       5461   mem.o
       278        136         40          4         40       4038   memp.o
       384         50          0          0          0       3369   myiic.o
       402        124          0         12          0       8023   netif.o
      3284       1676          0          0          0      11495   pbuf.o
       116         12          0          4          0       1636   raw.o
       320         32          0          0        352       3490   spi.o
        36          8        392          0       1024        840   startup_stm32f407xx.o
       144         16          0          4          0       4928   stm32f4xx_hal.o
       218         14          0          0          0      31053   stm32f4xx_hal_cortex.o
       420          6          0          0          0       1565   stm32f4xx_hal_dma.o
      1778         66          0          0          0      10971   stm32f4xx_hal_eth.o
       470         48          0          0          0       2708   stm32f4xx_hal_gpio.o
       202          0          0          0          0       3247   stm32f4xx_hal_iwdg.o
      1484         56         16          0          0       5317   stm32f4xx_hal_rcc.o
       972          0          0          0          0       3857   stm32f4xx_hal_spi.o
      1340         88          0          0          0      13262   stm32f4xx_hal_tim.o
         4          0          0          0          0       1734   stm32f4xx_hal_tim_ex.o
       626          0          0          0          0       6127   stm32f4xx_hal_uart.o
        44          8          0          0          0       5154   stm32f4xx_it.o
       140         10          0          0          0       1751   sys.o
        12          6          0          0          0        498   sys_arch.o
        84         18          0         20          0       1109   system_stm32f4xx.o
       222         16          0          1          0       2194   tca6424a.o
      3316       1134        201         36          0      25165   tcp.o
      4504        994          0         28         16      17219   tcp_in.o
      2514        660         85          0          0      11831   tcp_out.o
      2854        118          0        129        268      11457   tcp_server_demo.o
       432         76          0          0        208       6273   timer.o
       548        214          0         12          0       4814   timers.o
      1298        368          0          8          0      11162   udp.o
       156         24          0          4        264       2082   usart.o

    ----------------------------------------------------------------------
     41394       9980        892        432     242052    1064911   Object Totals
         0          0         32          0          0          0   (incl. Generated)
        48          0          6          2         27          0   (incl. Padding)

    ----------------------------------------------------------------------

      Code (inc. data)   RO Data    RW Data    ZI Data      Debug   Library Member Name

        86          0          0          0          0          0   __dczerorl2.o
         0          0          0          0          0          0   entry.o
         0          0          0          0          0          0   entry10a.o
         0          0          0          0          0          0   entry11a.o
         8          4          0          0          0          0   entry2.o
         4          0          0          0          0          0   entry5.o
         0          0          0          0          0          0   entry7b.o
         0          0          0          0          0          0   entry8b.o
         8          4          0          0          0          0   entry9a.o
        18          0          0          0          0         80   fputc.o
        30          0          0          0          0          0   handlers.o
        36          8          0          0          0         68   init.o
         0          0          0          0          0          0   iusesemip.o
        26          0          0          0          0         80   memcmp.o
        36          0          0          0          0         68   memcpya.o
        36          0          0          0          0        108   memseta.o
       472         14          0          0          0        184   printf3.o
         0          0          0          0          0          0   semi.o
         0          0          0          4          0          0   stdout.o
        44          0          0          0          0         80   uidiv.o

    ----------------------------------------------------------------------
       810         30          0          4          0        668   Library Totals
         6          0          0          0          0          0   (incl. Padding)

    ----------------------------------------------------------------------

      Code (inc. data)   RO Data    RW Data    ZI Data      Debug   Library Name

       804         30          0          4          0        668   mc_w.l

    ----------------------------------------------------------------------
       810         30          0          4          0        668   Library Totals

    ----------------------------------------------------------------------

==============================================================================


      Code (inc. data)   RO Data    RW Data    ZI Data      Debug   

     42204      10010        892        436     242052    1038903   Grand Totals
     42204      10010        892        136     242052    1038903   ELF Image Totals (compressed)
     42204      10010        892        136          0          0   ROM Totals

==============================================================================

    Total RO  Size (Code + RO Data)                43096 (  42.09kB)
    Total RW  Size (RW Data + ZI Data)            242488 ( 236.80kB)
    Total ROM Size (Code + RO Data + RW Data)      43232 (  42.22kB)

==============================================================================

